[iter 0] λ=0.5000 → flips=43
[iter 1] λ=0.7500 → flips=678
[iter 2] λ=0.8750 → flips=2571
[iter 3] λ=0.8125 → flips=1358
[iter 4] λ=0.8438 → flips=2364
[iter 5] λ=0.8281 → flips=1880
[iter 6] λ=0.8359 → flips=2007
[iter 7] λ=0.8320 → flips=1880
[iter 8] λ=0.8340 → flips=2007
[iter 9] λ=0.8330 → flips=1880
[iter 10] λ=0.8335 → flips=1880
[iter 11] λ=0.8337 → flips=1880
[iter 12] λ=0.8339 → flips=1884
[iter 13] λ=0.8339 → flips=2007
[iter 14] λ=0.8339 → flips=2007
[iter 15] λ=0.8339 → flips=2007
[iter 16] λ=0.8339 → flips=1884
[iter 17] λ=0.8339 → flips=2007
[iter 18] λ=0.8339 → flips=2007
[iter 19] λ=0.8339 → flips=2007

Best λ=0.8359 → flips=2007, correct=1153/2000
Number of flips performed: 2007
Metrics: {'precision': 0.5744892874937718, 'recall': 0.5765, 'f1': 0.5754928874469678, 'TP': 1153, 'FP': 854, 'FN': 847}
[Elbow detection] flip ≈ 3346, λ ≈ 0.9387755102040816
Number of flips performed (elbow): 3346
Elbow Metrics: {'precision': 0.4596533173939032, 'recall': 0.769, 'f1': 0.5753834642723532, 'TP': 1538, 'FP': 1808, 'FN': 462}
