[iter 0] λ=0.5000 → flips=631
[iter 1] λ=0.2500 → flips=0
[iter 2] λ=0.3750 → flips=207
[iter 3] λ=0.4375 → flips=535
[iter 4] λ=0.4062 → flips=411
[iter 5] λ=0.4219 → flips=493
[iter 6] λ=0.4297 → flips=510
[iter 7] λ=0.4258 → flips=503
[iter 8] λ=0.4238 → flips=502
[iter 9] λ=0.4229 → flips=495
[iter 10] λ=0.4233 → flips=499
[iter 11] λ=0.4236 → flips=502
[iter 12] λ=0.4235 → flips=502
[iter 13] λ=0.4234 → flips=501
[iter 14] λ=0.4234 → flips=500

Best λ=0.4234 → flips=500, correct=407/500
Number of flips performed: 500
Metrics: {'precision': 0.814, 'recall': 0.814, 'f1': 0.8140000000000001, 'TP': 407, 'FP': 93, 'FN': 93}
[Elbow detection] flip ≈ 1418, λ ≈ 0.673469387755102
Number of flips performed (elbow): 1418
Elbow Metrics: {'precision': 0.3455571227080395, 'recall': 0.98, 'f1': 0.510948905109489, 'TP': 490, 'FP': 928, 'FN': 10}
