Matrix saved as ml_parsimony_matrices/seed97_ratio1.4559.png
Matrix saved as results/97/corrupt10/r010.7_r100.6/original_matrix.png
Matrix saved as results/97/corrupt10/r010.7_r100.6/corrupted.png
[iter 0] λ=0.5000 → flips=20
[iter 1] λ=0.2500 → flips=0
[iter 2] λ=0.3750 → flips=5
[iter 3] λ=0.4375 → flips=15
[iter 4] λ=0.4062 → flips=12
[iter 5] λ=0.3906 → flips=11
[iter 6] λ=0.3828 → flips=8
[iter 7] λ=0.3867 → flips=10

Best λ=0.3867 → flips=10, correct=4/10
Number of flips performed: 10
Cell (Nymphalis_l_album,Urticaceae): 0 -> 1
Cell (Nymphalis_californica,Typhaceae): 0 -> 1
Cell (Nymphalis_californica,Ceratophyllaceae): 0 -> 1
Cell (Nymphalis_californica,Rhamnaceae): 0 -> 1
Cell (Nymphalis_californica,Urticaceae): 0 -> 1
Cell (Nymphalis_xanthomelas,Amborellaceae): 0 -> 1
Cell (Nymphalis_xanthomelas,Rhamnaceae): 0 -> 1
Cell (Nymphalis_xanthomelas,Ericaceae): 0 -> 1
Cell (Nymphalis_antiopa,Salicaceae): 0 -> 1
Cell (Nymphalis_antiopa,Plantaginaceae): 0 -> 1
Matrix saved as results/97/corrupt10/r010.7_r100.6/flipped_matrix.png
Metrics: {'precision': 0.4, 'recall': 0.4, 'f1': 0.4000000000000001, 'TP': 4, 'FP': 6, 'FN': 6}
[Elbow detection] λ ≈ 0.392 (cutoff=0.370)
Elbow Metrics: {'precision': 0.36363636363636365, 'recall': 0.4, 'f1': 0.380952380952381, 'TP': 4, 'FP': 7, 'FN': 6}
