[iter 0] λ=0.5000 → flips=383
[iter 1] λ=0.7500 → flips=1941
[iter 2] λ=0.6250 → flips=810
[iter 3] λ=0.6875 → flips=1206
[iter 4] λ=0.6562 → flips=1095
[iter 5] λ=0.6406 → flips=954
[iter 6] λ=0.6484 → flips=1009
[iter 7] λ=0.6445 → flips=992
[iter 8] λ=0.6465 → flips=1003
[iter 9] λ=0.6455 → flips=998
[iter 10] λ=0.6460 → flips=1003
[iter 11] λ=0.6458 → flips=1003
[iter 12] λ=0.6456 → flips=1003
[iter 13] λ=0.6456 → flips=1003
[iter 14] λ=0.6455 → flips=1003
[iter 15] λ=0.6455 → flips=998
[iter 16] λ=0.6455 → flips=1003
[iter 17] λ=0.6455 → flips=998
[iter 18] λ=0.6455 → flips=998
[iter 19] λ=0.6455 → flips=1003

Best λ=0.6455 → flips=998, correct=656/1000
Number of flips performed: 998
Metrics: {'precision': 0.657314629258517, 'recall': 0.656, 'f1': 0.6566566566566567, 'TP': 656, 'FP': 342, 'FN': 344}
[Elbow detection] flip ≈ 5861, λ ≈ 0.8571428571428571
Number of flips performed (elbow): 5861
Elbow Metrics: {'precision': 0.16533014843883295, 'recall': 0.969, 'f1': 0.2824661128115435, 'TP': 969, 'FP': 4892, 'FN': 31}
