Matrix saved as results/152/corrupt1000/r010.5_r100.5/original_matrix.svg
Matrix saved as results/152/corrupt1000/r010.5_r100.5/corrupted.svg
[iter 0] λ=0.5000 → flips=18
[iter 1] λ=0.7500 → flips=555
[iter 2] λ=0.8750 → flips=985
[iter 3] λ=0.9375 → flips=4183
[iter 4] λ=0.9062 → flips=4183
[iter 5] λ=0.8906 → flips=3616
[iter 6] λ=0.8828 → flips=3455
[iter 7] λ=0.8789 → flips=1097
[iter 8] λ=0.8770 → flips=985
[iter 9] λ=0.8779 → flips=1088
[iter 10] λ=0.8774 → flips=985
[iter 11] λ=0.8777 → flips=1088
[iter 12] λ=0.8776 → flips=1088
[iter 13] λ=0.8775 → flips=985
[iter 14] λ=0.8775 → flips=985
[iter 15] λ=0.8775 → flips=1088
[iter 16] λ=0.8775 → flips=1088
[iter 17] λ=0.8775 → flips=985
[iter 18] λ=0.8775 → flips=1088
[iter 19] λ=0.8775 → flips=985

Best λ=0.8750 → flips=985, correct=657/1000
Number of flips performed: 985
Matrix saved as results/152/corrupt1000/r010.5_r100.5/flipped_matrix.svg
Metrics: {'precision': 0.667005076142132, 'recall': 0.657, 'f1': 0.6619647355163729, 'TP': 657, 'FP': 328, 'FN': 343}
[Elbow detection] flip ≈ 758, λ ≈ 0.8163265306122448
Number of flips performed (elbow): 758
Matrix saved as results/152/corrupt1000/r010.5_r100.5/flipped_matrix_elbow.svg
Elbow Metrics: {'precision': 0.7295514511873351, 'recall': 0.553, 'f1': 0.6291240045506257, 'TP': 553, 'FP': 205, 'FN': 447}
