Matrix saved as results/141/corrupt500/r010.7_r100.7/original_matrix.svg
Matrix saved as results/141/corrupt500/r010.7_r100.7/corrupted.svg
[iter 0] λ=0.5000 → flips=201
[iter 1] λ=0.7500 → flips=1269
[iter 2] λ=0.6250 → flips=496
[iter 3] λ=0.6875 → flips=886
[iter 4] λ=0.6562 → flips=656
[iter 5] λ=0.6406 → flips=581
[iter 6] λ=0.6328 → flips=555
[iter 7] λ=0.6289 → flips=502
[iter 8] λ=0.6270 → flips=497
[iter 9] λ=0.6279 → flips=497
[iter 10] λ=0.6284 → flips=497
[iter 11] λ=0.6287 → flips=497
[iter 12] λ=0.6288 → flips=497
[iter 13] λ=0.6288 → flips=497
[iter 14] λ=0.6289 → flips=502
[iter 15] λ=0.6289 → flips=502
[iter 16] λ=0.6289 → flips=497
[iter 17] λ=0.6289 → flips=502
[iter 18] λ=0.6289 → flips=502
[iter 19] λ=0.6289 → flips=497

Best λ=0.6289 → flips=502, correct=340/500
Number of flips performed: 502
Matrix saved as results/141/corrupt500/r010.7_r100.7/flipped_matrix.svg
Metrics: {'precision': 0.6772908366533864, 'recall': 0.68, 'f1': 0.6786427145708582, 'TP': 340, 'FP': 162, 'FN': 160}
[Elbow detection] flip ≈ 910, λ ≈ 0.6938775510204082
Number of flips performed (elbow): 910
Matrix saved as results/141/corrupt500/r010.7_r100.7/flipped_matrix_elbow.svg
Elbow Metrics: {'precision': 0.47692307692307695, 'recall': 0.868, 'f1': 0.6156028368794327, 'TP': 434, 'FP': 476, 'FN': 66}
