Matrix saved as results/31/corrupt100/r010.5_r100.5/original_matrix.svg
Matrix saved as results/31/corrupt100/r010.5_r100.5/corrupted.svg
[iter 0] λ=0.5000 → flips=47
[iter 1] λ=0.7500 → flips=1026
[iter 2] λ=0.6250 → flips=164
[iter 3] λ=0.5625 → flips=85
[iter 4] λ=0.5938 → flips=133
[iter 5] λ=0.5781 → flips=123
[iter 6] λ=0.5703 → flips=104
[iter 7] λ=0.5664 → flips=92
[iter 8] λ=0.5684 → flips=103
[iter 9] λ=0.5674 → flips=95
[iter 10] λ=0.5679 → flips=97
[iter 11] λ=0.5681 → flips=102
[iter 12] λ=0.5680 → flips=99
[iter 13] λ=0.5681 → flips=100

Best λ=0.5681 → flips=100, correct=43/100
Number of flips performed: 100
Matrix saved as results/31/corrupt100/r010.5_r100.5/flipped_matrix.svg
Metrics: {'precision': 0.43, 'recall': 0.43, 'f1': 0.42999999999999994, 'TP': 43, 'FP': 57, 'FN': 57}
[Elbow detection] flip ≈ 1157, λ ≈ 0.7755102040816326
Number of flips performed (elbow): 1157
Matrix saved as results/31/corrupt100/r010.5_r100.5/flipped_matrix_elbow.svg
Elbow Metrics: {'precision': 0.07865168539325842, 'recall': 0.91, 'f1': 0.14478918058870324, 'TP': 91, 'FP': 1066, 'FN': 9}
