Matrix saved as results/108/corrupt1000/r010.3_r100.4/original_matrix.svg
Matrix saved as results/108/corrupt1000/r010.3_r100.4/corrupted.svg
[iter 0] λ=0.5000 → flips=22
[iter 1] λ=0.7500 → flips=489
[iter 2] λ=0.8750 → flips=3571
[iter 3] λ=0.8125 → flips=951
[iter 4] λ=0.8438 → flips=1612
[iter 5] λ=0.8281 → flips=1368
[iter 6] λ=0.8203 → flips=1044
[iter 7] λ=0.8164 → flips=1013
[iter 8] λ=0.8145 → flips=954
[iter 9] λ=0.8154 → flips=975
[iter 10] λ=0.8159 → flips=1013
[iter 11] λ=0.8157 → flips=975
[iter 12] λ=0.8158 → flips=1013
[iter 13] λ=0.8157 → flips=1013
[iter 14] λ=0.8157 → flips=1013
[iter 15] λ=0.8157 → flips=1013
[iter 16] λ=0.8157 → flips=1013
[iter 17] λ=0.8157 → flips=1013
[iter 18] λ=0.8157 → flips=1013
[iter 19] λ=0.8157 → flips=975

Best λ=0.8164 → flips=1013, correct=634/1000
Number of flips performed: 1013
Matrix saved as results/108/corrupt1000/r010.3_r100.4/flipped_matrix.svg
Metrics: {'precision': 0.6258637709772952, 'recall': 0.634, 'f1': 0.629905613512171, 'TP': 634, 'FP': 379, 'FN': 366}
[Elbow detection] flip ≈ 1013, λ ≈ 0.8163265306122448
Number of flips performed (elbow): 1013
Matrix saved as results/108/corrupt1000/r010.3_r100.4/flipped_matrix_elbow.svg
Elbow Metrics: {'precision': 0.6258637709772952, 'recall': 0.634, 'f1': 0.629905613512171, 'TP': 634, 'FP': 379, 'FN': 366}
