Matrix saved as results/31/corrupt1000/r010.6_r100.5/original_matrix.svg
Matrix saved as results/31/corrupt1000/r010.6_r100.5/corrupted.svg
[iter 0] λ=0.5000 → flips=91
[iter 1] λ=0.7500 → flips=1322
[iter 2] λ=0.6250 → flips=315
[iter 3] λ=0.6875 → flips=581
[iter 4] λ=0.7188 → flips=815
[iter 5] λ=0.7344 → flips=1070
[iter 6] λ=0.7266 → flips=991
[iter 7] λ=0.7305 → flips=1056
[iter 8] λ=0.7285 → flips=995
[iter 9] λ=0.7295 → flips=1037
[iter 10] λ=0.7290 → flips=995
[iter 11] λ=0.7292 → flips=995
[iter 12] λ=0.7294 → flips=995
[iter 13] λ=0.7294 → flips=1037
[iter 14] λ=0.7294 → flips=1037
[iter 15] λ=0.7294 → flips=1037
[iter 16] λ=0.7294 → flips=995
[iter 17] λ=0.7294 → flips=995
[iter 18] λ=0.7294 → flips=1037
[iter 19] λ=0.7294 → flips=1037

Best λ=0.7285 → flips=995, correct=604/1000
Number of flips performed: 995
Matrix saved as results/31/corrupt1000/r010.6_r100.5/flipped_matrix.svg
Metrics: {'precision': 0.607035175879397, 'recall': 0.604, 'f1': 0.6055137844611529, 'TP': 604, 'FP': 391, 'FN': 396}
[Elbow detection] flip ≈ 1473, λ ≈ 0.7551020408163265
Number of flips performed (elbow): 1473
Matrix saved as results/31/corrupt1000/r010.6_r100.5/flipped_matrix_elbow.svg
Elbow Metrics: {'precision': 0.5139171758316361, 'recall': 0.757, 'f1': 0.6122118883946622, 'TP': 757, 'FP': 716, 'FN': 243}
