Matrix saved as results/152/corrupt800/r010.4_r100.6/original_matrix.svg
Matrix saved as results/152/corrupt800/r010.4_r100.6/corrupted.svg
[iter 0] λ=0.5000 → flips=2
[iter 1] λ=0.7500 → flips=25
[iter 2] λ=0.8750 → flips=169
[iter 3] λ=0.9375 → flips=4653
[iter 4] λ=0.9062 → flips=305
[iter 5] λ=0.9219 → flips=2067
[iter 6] λ=0.9141 → flips=320
[iter 7] λ=0.9180 → flips=326
[iter 8] λ=0.9199 → flips=350
[iter 9] λ=0.9209 → flips=2067
[iter 10] λ=0.9204 → flips=2067
[iter 11] λ=0.9202 → flips=1308
[iter 12] λ=0.9200 → flips=360
[iter 13] λ=0.9201 → flips=360
[iter 14] λ=0.9201 → flips=1308
[iter 15] λ=0.9201 → flips=360
[iter 16] λ=0.9201 → flips=1308
[iter 17] λ=0.9201 → flips=530
[iter 18] λ=0.9201 → flips=530
[iter 19] λ=0.9201 → flips=1308

Best λ=0.9201 → flips=530, correct=262/800
Number of flips performed: 530
Matrix saved as results/152/corrupt800/r010.4_r100.6/flipped_matrix.svg
Metrics: {'precision': 0.49433962264150944, 'recall': 0.3275, 'f1': 0.39398496240601505, 'TP': 262, 'FP': 268, 'FN': 538}
[Elbow detection] flip ≈ 326, λ ≈ 0.9183673469387754
Number of flips performed (elbow): 326
Matrix saved as results/152/corrupt800/r010.4_r100.6/flipped_matrix_elbow.svg
Elbow Metrics: {'precision': 0.6993865030674846, 'recall': 0.285, 'f1': 0.40497335701598575, 'TP': 228, 'FP': 98, 'FN': 572}
