[iter 0] λ=0.5000 → flips=2387
[iter 1] λ=0.7500 → flips=6484
[iter 2] λ=0.6250 → flips=4313
[iter 3] λ=0.6875 → flips=5088
[iter 4] λ=0.6562 → flips=4634
[iter 5] λ=0.6719 → flips=4895
[iter 6] λ=0.6797 → flips=4992
[iter 7] λ=0.6836 → flips=4998
[iter 8] λ=0.6855 → flips=5079
[iter 9] λ=0.6846 → flips=5075
[iter 10] λ=0.6841 → flips=4999
[iter 11] λ=0.6843 → flips=5074
[iter 12] λ=0.6842 → flips=5074
[iter 13] λ=0.6841 → flips=5074
[iter 14] λ=0.6841 → flips=4998
[iter 15] λ=0.6841 → flips=5074
[iter 16] λ=0.6841 → flips=4999
[iter 17] λ=0.6841 → flips=5074
[iter 18] λ=0.6841 → flips=4998
[iter 19] λ=0.6841 → flips=5006

Best λ=0.6841 → flips=4999, correct=4363/5000
Number of flips performed: 4999
Metrics: {'precision': 0.8727745549109822, 'recall': 0.8726, 'f1': 0.8726872687268727, 'TP': 4363, 'FP': 636, 'FN': 637}
[Elbow detection] flip ≈ 4904, λ ≈ 0.673469387755102
Number of flips performed (elbow): 4904
Elbow Metrics: {'precision': 0.8754078303425775, 'recall': 0.8586, 'f1': 0.8669224555735058, 'TP': 4293, 'FP': 611, 'FN': 707}
