[iter 0] λ=0.5000 → flips=1467
[iter 1] λ=0.7500 → flips=3353
[iter 2] λ=0.6250 → flips=2166
[iter 3] λ=0.5625 → flips=1794
[iter 4] λ=0.5938 → flips=1930
[iter 5] λ=0.6094 → flips=2057
[iter 6] λ=0.6016 → flips=1992
[iter 7] λ=0.6055 → flips=2029
[iter 8] λ=0.6035 → flips=1998
[iter 9] λ=0.6045 → flips=2028
[iter 10] λ=0.6040 → flips=2002
[iter 11] λ=0.6038 → flips=1999
[iter 12] λ=0.6039 → flips=1998
[iter 13] λ=0.6039 → flips=1999
[iter 14] λ=0.6040 → flips=2001
[iter 15] λ=0.6040 → flips=1999
[iter 16] λ=0.6040 → flips=2000

Best λ=0.6040 → flips=2000, correct=1603/2000
Number of flips performed: 2000
Metrics: {'precision': 0.8015, 'recall': 0.8015, 'f1': 0.8015, 'TP': 1603, 'FP': 397, 'FN': 397}
[Elbow detection] flip ≈ 2893, λ ≈ 0.7142857142857142
Number of flips performed (elbow): 2893
Elbow Metrics: {'precision': 0.6280677497407535, 'recall': 0.9085, 'f1': 0.7426936439811975, 'TP': 1817, 'FP': 1076, 'FN': 183}
