[iter 0] λ=0.5000 → flips=22
[iter 1] λ=0.7500 → flips=456
[iter 2] λ=0.8750 → flips=17511
[iter 3] λ=0.8125 → flips=3700
[iter 4] λ=0.8438 → flips=6917
[iter 5] λ=0.8594 → flips=17006
[iter 6] λ=0.8516 → flips=10371
[iter 7] λ=0.8477 → flips=7799
[iter 8] λ=0.8496 → flips=8647
[iter 9] λ=0.8506 → flips=8647
[iter 10] λ=0.8511 → flips=8647
[iter 11] λ=0.8513 → flips=8647
[iter 12] λ=0.8514 → flips=8647
[iter 13] λ=0.8515 → flips=8647
[iter 14] λ=0.8515 → flips=8647
[iter 15] λ=0.8515 → flips=8647
[iter 16] λ=0.8516 → flips=8647
[iter 17] λ=0.8516 → flips=8647
[iter 18] λ=0.8516 → flips=8647
[iter 19] λ=0.8516 → flips=10366

Best λ=0.8516 → flips=10366, correct=7286/10000
Number of flips performed: 10366
Metrics: {'precision': 0.7028747829442408, 'recall': 0.7286, 'f1': 0.715506235883335, 'TP': 7286, 'FP': 3080, 'FN': 2714}
[Elbow detection] flip ≈ 8882, λ ≈ 0.8571428571428571
Number of flips performed (elbow): 8882
Elbow Metrics: {'precision': 0.7230353523981086, 'recall': 0.6422, 'f1': 0.6802245524838471, 'TP': 6422, 'FP': 2460, 'FN': 3578}
