Matrix saved as results/163/corrupt10/r010.4_r100.5/original_matrix.png
Matrix saved as results/163/corrupt10/r010.4_r100.5/corrupted.png
[iter 0] λ=0.5000 → flips=32
[iter 1] λ=0.2500 → flips=0
[iter 2] λ=0.3750 → flips=19
[iter 3] λ=0.3125 → flips=0
[iter 4] λ=0.3438 → flips=0
[iter 5] λ=0.3594 → flips=3
[iter 6] λ=0.3672 → flips=9
[iter 7] λ=0.3711 → flips=14
[iter 8] λ=0.3691 → flips=11
[iter 9] λ=0.3682 → flips=11
[iter 10] λ=0.3677 → flips=10

Best λ=0.3677 → flips=10, correct=3/10
Number of flips performed: 10
Cell (Hypanartia_bella,Rhamnaceae): 0 -> 1
Cell (Vanessa_cardui,Rosaceae): 0 -> 1
Cell (Aglais_io,Ulmaceae): 0 -> 1
Cell (Nymphalis_antiopa,Betulaceae): 0 -> 1
Cell (Nymphalis_antiopa,Ericaceae): 0 -> 1
Cell (Polygonia_c_aureum,Rhamnaceae): 0 -> 1
Cell (Polygonia_egea,Urticaceae): 0 -> 1
Cell (Polygonia_c_album,Rhamnaceae): 0 -> 1
Cell (Polygonia_interrogationis,Cannabaceae): 0 -> 1
Cell (Polygonia_oreas,Malvaceae): 0 -> 1
Matrix saved as results/163/corrupt10/r010.4_r100.5/flipped_matrix.png
Metrics: {'precision': 0.3, 'recall': 0.3, 'f1': 0.3, 'TP': 3, 'FP': 7, 'FN': 7}
[Elbow detection] flip ≈ 32, λ ≈ 0.4081632653061224
Number of flips performed (elbow): 32
Cell (Hypanartia_lethe,Acoraceae): 0 -> 1
Cell (Hypanartia_bella,Nymphaeaceae): 0 -> 1
Cell (Hypanartia_bella,Rhamnaceae): 0 -> 1
Cell (Hypanartia_bella,Boraginaceae): 0 -> 1
Cell (Vanessa_itea,Typhaceae): 0 -> 1
Cell (Vanessa_itea,Ericaceae): 0 -> 1
Cell (Vanessa_annabella,Potamogetonaceae): 0 -> 1
Cell (Vanessa_annabella,Acoraceae): 0 -> 1
Cell (Vanessa_annabella,Salicaceae): 0 -> 1
Cell (Vanessa_kershawi,Chloranthaceae): 0 -> 1
Cell (Vanessa_cardui,Rosaceae): 0 -> 1
Cell (Vanessa_virginiensis,Grossulariaceae): 0 -> 1
Cell (Vanessa_abyssinica,Typhaceae): 0 -> 1
Cell (Vanessa_indica,Nymphaeaceae): 0 -> 1
Cell (Vanessa_indica,Smilacaceae): 0 -> 1
Cell (Antanartia_delius,Aristolochiaceae): 0 -> 1
Cell (Antanartia_delius,Smilacaceae): 0 -> 1
Cell (Aglais_io,Siparunaceae): 0 -> 1
Cell (Aglais_io,Ulmaceae): 0 -> 1
Cell (Aglais_milberti,Amborellaceae): 0 -> 1
Cell (Kaniska_canace,Acoraceae): 0 -> 1
Cell (Nymphalis_polychloros,Acoraceae): 0 -> 1
Cell (Nymphalis_californica,Grossulariaceae): 0 -> 1
Cell (Nymphalis_antiopa,Betulaceae): 0 -> 1
Cell (Nymphalis_antiopa,Ericaceae): 0 -> 1
Cell (Polygonia_c_aureum,Rhamnaceae): 0 -> 1
Cell (Polygonia_egea,Urticaceae): 0 -> 1
Cell (Polygonia_egea,Ericaceae): 0 -> 1
Cell (Polygonia_c_album,Chloranthaceae): 0 -> 1
Cell (Polygonia_c_album,Rhamnaceae): 0 -> 1
Cell (Polygonia_interrogationis,Cannabaceae): 0 -> 1
Cell (Polygonia_oreas,Malvaceae): 0 -> 1
Matrix saved as results/163/corrupt10/r010.4_r100.5/flipped_matrix_elbow.png
Elbow Metrics: {'precision': 0.3125, 'recall': 1.0, 'f1': 0.47619047619047616, 'TP': 10, 'FP': 22, 'FN': 0}
