Matrix saved as results/108/corrupt1000/r010.6_r100.4/original_matrix.svg
Matrix saved as results/108/corrupt1000/r010.6_r100.4/corrupted.svg
[iter 0] λ=0.5000 → flips=259
[iter 1] λ=0.7500 → flips=2268
[iter 2] λ=0.6250 → flips=723
[iter 3] λ=0.6875 → flips=1156
[iter 4] λ=0.6562 → flips=866
[iter 5] λ=0.6719 → flips=1049
[iter 6] λ=0.6641 → flips=951
[iter 7] λ=0.6680 → flips=1012
[iter 8] λ=0.6660 → flips=990
[iter 9] λ=0.6670 → flips=999
[iter 10] λ=0.6675 → flips=1001
[iter 11] λ=0.6672 → flips=999
[iter 12] λ=0.6674 → flips=999
[iter 13] λ=0.6674 → flips=999
[iter 14] λ=0.6674 → flips=999
[iter 15] λ=0.6675 → flips=1000

Best λ=0.6675 → flips=1000, correct=727/1000
Number of flips performed: 1000
Matrix saved as results/108/corrupt1000/r010.6_r100.4/flipped_matrix.svg
Metrics: {'precision': 0.727, 'recall': 0.727, 'f1': 0.7269999999999999, 'TP': 727, 'FP': 273, 'FN': 273}
[Elbow detection] flip ≈ 1160, λ ≈ 0.6938775510204082
Number of flips performed (elbow): 1160
Matrix saved as results/108/corrupt1000/r010.6_r100.4/flipped_matrix_elbow.svg
Elbow Metrics: {'precision': 0.6732758620689655, 'recall': 0.781, 'f1': 0.7231481481481481, 'TP': 781, 'FP': 379, 'FN': 219}
