[iter 0] λ=0.5000 → flips=125
[iter 1] λ=0.7500 → flips=7775
[iter 2] λ=0.8750 → flips=16371
[iter 3] λ=0.8125 → flips=12849
[iter 4] λ=0.7812 → flips=9882
[iter 5] λ=0.7969 → flips=10801
[iter 6] λ=0.7891 → flips=10227
[iter 7] λ=0.7852 → flips=10406
[iter 8] λ=0.7832 → flips=10287
[iter 9] λ=0.7822 → flips=9947
[iter 10] λ=0.7827 → flips=9957
[iter 11] λ=0.7830 → flips=9957
[iter 12] λ=0.7831 → flips=9962
[iter 13] λ=0.7831 → flips=10287
[iter 14] λ=0.7831 → flips=9962
[iter 15] λ=0.7831 → flips=10159
[iter 16] λ=0.7831 → flips=9957
[iter 17] λ=0.7831 → flips=9957
[iter 18] λ=0.7831 → flips=9962
[iter 19] λ=0.7831 → flips=10287

Best λ=0.7831 → flips=9962, correct=8335/10000
Number of flips performed: 9962
Metrics: {'precision': 0.836679381650271, 'recall': 0.8335, 'f1': 0.8350866646628595, 'TP': 8335, 'FP': 1627, 'FN': 1665}
[Elbow detection] flip ≈ 8373, λ ≈ 0.7551020408163265
Number of flips performed (elbow): 8373
Elbow Metrics: {'precision': 0.8724471515585811, 'recall': 0.7305, 'f1': 0.795188591955587, 'TP': 7305, 'FP': 1068, 'FN': 2695}
