Matrix saved as results/108/corrupt800/r010.4_r100.7/original_matrix.svg
Matrix saved as results/108/corrupt800/r010.4_r100.7/corrupted.svg
[iter 0] λ=0.5000 → flips=17
[iter 1] λ=0.7500 → flips=448
[iter 2] λ=0.8750 → flips=3521
[iter 3] λ=0.8125 → flips=788
[iter 4] λ=0.8438 → flips=1386
[iter 5] λ=0.8281 → flips=1117
[iter 6] λ=0.8203 → flips=962
[iter 7] λ=0.8164 → flips=948
[iter 8] λ=0.8145 → flips=847
[iter 9] λ=0.8135 → flips=847
[iter 10] λ=0.8130 → flips=788
[iter 11] λ=0.8132 → flips=788
[iter 12] λ=0.8134 → flips=788
[iter 13] λ=0.8134 → flips=788
[iter 14] λ=0.8134 → flips=788
[iter 15] λ=0.8135 → flips=847
[iter 16] λ=0.8135 → flips=847
[iter 17] λ=0.8134 → flips=847
[iter 18] λ=0.8134 → flips=847
[iter 19] λ=0.8134 → flips=788

Best λ=0.8125 → flips=788, correct=483/800
Number of flips performed: 788
Matrix saved as results/108/corrupt800/r010.4_r100.7/flipped_matrix.svg
Metrics: {'precision': 0.6129441624365483, 'recall': 0.60375, 'f1': 0.6083123425692696, 'TP': 483, 'FP': 305, 'FN': 317}
[Elbow detection] flip ≈ 948, λ ≈ 0.8163265306122448
Number of flips performed (elbow): 948
Matrix saved as results/108/corrupt800/r010.4_r100.7/flipped_matrix_elbow.svg
Elbow Metrics: {'precision': 0.5327004219409283, 'recall': 0.63125, 'f1': 0.5778032036613272, 'TP': 505, 'FP': 443, 'FN': 295}
