[iter 0] λ=0.5000 → flips=257
[iter 1] λ=0.7500 → flips=590
[iter 2] λ=0.6250 → flips=427
[iter 3] λ=0.6875 → flips=521
[iter 4] λ=0.6562 → flips=479
[iter 5] λ=0.6719 → flips=498
[iter 6] λ=0.6797 → flips=521
[iter 7] λ=0.6758 → flips=506
[iter 8] λ=0.6738 → flips=504
[iter 9] λ=0.6729 → flips=504
[iter 10] λ=0.6724 → flips=504
[iter 11] λ=0.6721 → flips=498
[iter 12] λ=0.6722 → flips=498
[iter 13] λ=0.6723 → flips=504
[iter 14] λ=0.6723 → flips=498
[iter 15] λ=0.6723 → flips=498
[iter 16] λ=0.6723 → flips=504
[iter 17] λ=0.6723 → flips=504
[iter 18] λ=0.6723 → flips=504
[iter 19] λ=0.6723 → flips=504

Best λ=0.6719 → flips=498, correct=371/500
Number of flips performed: 498
Metrics: {'precision': 0.7449799196787149, 'recall': 0.742, 'f1': 0.7434869739478959, 'TP': 371, 'FP': 127, 'FN': 129}
[Elbow detection] flip ≈ 1255, λ ≈ 0.8775510204081632
Number of flips performed (elbow): 1255
Elbow Metrics: {'precision': 0.349003984063745, 'recall': 0.876, 'f1': 0.49914529914529915, 'TP': 438, 'FP': 817, 'FN': 62}
