[iter 0] λ=0.5000 → flips=4806
[iter 1] λ=0.7500 → flips=6648
[iter 2] λ=0.6250 → flips=5077
[iter 3] λ=0.5625 → flips=5029
[iter 4] λ=0.5312 → flips=4955
[iter 5] λ=0.5469 → flips=4993
[iter 6] λ=0.5547 → flips=4999
[iter 7] λ=0.5586 → flips=5010
[iter 8] λ=0.5566 → flips=5009
[iter 9] λ=0.5557 → flips=5009
[iter 10] λ=0.5552 → flips=5001
[iter 11] λ=0.5549 → flips=4999
[iter 12] λ=0.5551 → flips=5001
[iter 13] λ=0.5550 → flips=5001
[iter 14] λ=0.5550 → flips=4999
[iter 15] λ=0.5550 → flips=4999
[iter 16] λ=0.5550 → flips=4999
[iter 17] λ=0.5550 → flips=5001
[iter 18] λ=0.5550 → flips=4999
[iter 19] λ=0.5550 → flips=4999

Best λ=0.5547 → flips=4999, correct=4888/5000
Number of flips performed: 4999
Metrics: {'precision': 0.9777955591118224, 'recall': 0.9776, 'f1': 0.9776977697769778, 'TP': 4888, 'FP': 111, 'FN': 112}
[Elbow detection] flip ≈ 4226, λ ≈ 0.44897959183673464
Number of flips performed (elbow): 4226
Elbow Metrics: {'precision': 0.9929010884997633, 'recall': 0.8392, 'f1': 0.9096032950357684, 'TP': 4196, 'FP': 30, 'FN': 804}
