[iter 0] λ=0.5000 → flips=1079
[iter 1] λ=0.2500 → flips=0
[iter 2] λ=0.3750 → flips=207
[iter 3] λ=0.4375 → flips=729
[iter 4] λ=0.4688 → flips=897
[iter 5] λ=0.4844 → flips=988
[iter 6] λ=0.4922 → flips=1026
[iter 7] λ=0.4883 → flips=995
[iter 8] λ=0.4902 → flips=1003
[iter 9] λ=0.4893 → flips=998
[iter 10] λ=0.4897 → flips=999
[iter 11] λ=0.4900 → flips=1003
[iter 12] λ=0.4899 → flips=1001
[iter 13] λ=0.4898 → flips=999
[iter 14] λ=0.4898 → flips=999
[iter 15] λ=0.4899 → flips=1001
[iter 16] λ=0.4898 → flips=1001
[iter 17] λ=0.4898 → flips=1001
[iter 18] λ=0.4898 → flips=999
[iter 19] λ=0.4898 → flips=999

Best λ=0.4897 → flips=999, correct=686/1000
Number of flips performed: 999
Metrics: {'precision': 0.6866866866866866, 'recall': 0.686, 'f1': 0.6863431715857929, 'TP': 686, 'FP': 313, 'FN': 314}
[Elbow detection] flip ≈ 2338, λ ≈ 0.6938775510204082
Number of flips performed (elbow): 2338
Elbow Metrics: {'precision': 0.4067579127459367, 'recall': 0.951, 'f1': 0.5698022768124625, 'TP': 951, 'FP': 1387, 'FN': 49}
