Matrix saved as results/braga/31/b4_c1/original_matrix.png
Matrix saved as results/braga/31/b4_c1/corrupted.png
[iter 0] λ=0.5000 → flips=0
[iter 1] λ=0.7500 → flips=237
[iter 2] λ=0.6250 → flips=1
[iter 3] λ=0.6875 → flips=15
[iter 4] λ=0.7188 → flips=237
[iter 5] λ=0.7031 → flips=15
[iter 6] λ=0.7109 → flips=15
[iter 7] λ=0.7148 → flips=15
[iter 8] λ=0.7168 → flips=237
[iter 9] λ=0.7158 → flips=15
[iter 10] λ=0.7163 → flips=237
[iter 11] λ=0.7161 → flips=177
[iter 12] λ=0.7159 → flips=177
[iter 13] λ=0.7159 → flips=15
[iter 14] λ=0.7159 → flips=15
[iter 15] λ=0.7159 → flips=177
[iter 16] λ=0.7159 → flips=15
[iter 17] λ=0.7159 → flips=15
[iter 18] λ=0.7159 → flips=15
[iter 19] λ=0.7159 → flips=177

Best λ=0.7161 → flips=177, correct=92/123
Number of flips performed: 177
Cell (Hypanartia_lethe,Schisandraceae): 0 -> 1
Cell (Hypanartia_lethe,Siparunaceae): 0 -> 1
Cell (Hypanartia_lethe,Chloranthaceae): 0 -> 1
Cell (Hypanartia_lethe,Smilacaceae): 0 -> 1
Cell (Hypanartia_lethe,Acoraceae): 0 -> 1
Cell (Hypanartia_bella,Amborellaceae): 0 -> 1
Cell (Hypanartia_bella,Nymphaeaceae): 0 -> 1
Cell (Hypanartia_bella,Siparunaceae): 0 -> 1
Cell (Hypanartia_bella,Chloranthaceae): 0 -> 1
Cell (Hypanartia_bella,Smilacaceae): 0 -> 1
Cell (Hypanartia_bella,Potamogetonaceae): 0 -> 1
Cell (Hypanartia_bella,Acoraceae): 0 -> 1
Cell (Vanessa_itea,Amborellaceae): 0 -> 1
Cell (Vanessa_itea,Nymphaeaceae): 0 -> 1
Cell (Vanessa_itea,Schisandraceae): 0 -> 1
Cell (Vanessa_itea,Siparunaceae): 0 -> 1
Cell (Vanessa_itea,Typhaceae): 0 -> 1
Cell (Vanessa_itea,Potamogetonaceae): 0 -> 1
Cell (Vanessa_itea,Ceratophyllaceae): 0 -> 1
Cell (Vanessa_annabella,Amborellaceae): 0 -> 1
Cell (Vanessa_annabella,Nymphaeaceae): 0 -> 1
Cell (Vanessa_annabella,Schisandraceae): 0 -> 1
Cell (Vanessa_annabella,Siparunaceae): 0 -> 1
Cell (Vanessa_annabella,Aristolochiaceae): 0 -> 1
Cell (Vanessa_annabella,Chloranthaceae): 0 -> 1
Cell (Vanessa_annabella,Typhaceae): 0 -> 1
Cell (Vanessa_annabella,Smilacaceae): 0 -> 1
Cell (Vanessa_annabella,Potamogetonaceae): 0 -> 1
Cell (Vanessa_annabella,Acoraceae): 0 -> 1
Cell (Vanessa_annabella,Ceratophyllaceae): 0 -> 1
Cell (Vanessa_hippomene,Amborellaceae): 0 -> 1
Cell (Vanessa_hippomene,Nymphaeaceae): 0 -> 1
Cell (Vanessa_hippomene,Schisandraceae): 0 -> 1
Cell (Vanessa_hippomene,Aristolochiaceae): 0 -> 1
Cell (Vanessa_hippomene,Chloranthaceae): 0 -> 1
Cell (Vanessa_hippomene,Acoraceae): 0 -> 1
Cell (Vanessa_hippomene,Ceratophyllaceae): 0 -> 1
Cell (Vanessa_hippomene,Ulmaceae): 0 -> 1
Cell (Vanessa_hippomene,Cannabaceae): 0 -> 1
Cell (Vanessa_hippomene,Betulaceae): 0 -> 1
Cell (Vanessa_hippomene,Salicaceae): 0 -> 1
Cell (Vanessa_hippomene,Malvaceae): 0 -> 1
Cell (Vanessa_hippomene,Grossulariaceae): 0 -> 1
Cell (Vanessa_dimorphica,Amborellaceae): 0 -> 1
Cell (Vanessa_dimorphica,Schisandraceae): 0 -> 1
Cell (Vanessa_dimorphica,Siparunaceae): 0 -> 1
Cell (Vanessa_dimorphica,Aristolochiaceae): 0 -> 1
Cell (Vanessa_dimorphica,Chloranthaceae): 0 -> 1
Cell (Vanessa_dimorphica,Typhaceae): 0 -> 1
Cell (Vanessa_dimorphica,Smilacaceae): 0 -> 1
Cell (Vanessa_dimorphica,Potamogetonaceae): 0 -> 1
Cell (Vanessa_dimorphica,Fabaceae): 0 -> 1
Cell (Vanessa_dimorphica,Rosaceae): 0 -> 1
Cell (Vanessa_dimorphica,Rhamnaceae): 0 -> 1
Cell (Vanessa_dimorphica,Ulmaceae): 0 -> 1
Cell (Vanessa_dimorphica,Cannabaceae): 0 -> 1
Cell (Vanessa_dimorphica,Urticaceae): 0 -> 1
Cell (Vanessa_dimorphica,Betulaceae): 0 -> 1
Cell (Vanessa_dimorphica,Salicaceae): 0 -> 1
Cell (Vanessa_dimorphica,Malvaceae): 0 -> 1
Cell (Vanessa_dimorphica,Grossulariaceae): 0 -> 1
Cell (Vanessa_kershawi,Nymphaeaceae): 0 -> 1
Cell (Vanessa_kershawi,Schisandraceae): 0 -> 1
Cell (Vanessa_kershawi,Siparunaceae): 0 -> 1
Cell (Vanessa_kershawi,Aristolochiaceae): 0 -> 1
Cell (Vanessa_kershawi,Chloranthaceae): 0 -> 1
Cell (Vanessa_kershawi,Smilacaceae): 0 -> 1
Cell (Vanessa_kershawi,Potamogetonaceae): 0 -> 1
Cell (Vanessa_kershawi,Ceratophyllaceae): 0 -> 1
Cell (Vanessa_kershawi,Rosaceae): 0 -> 1
Cell (Vanessa_kershawi,Rhamnaceae): 0 -> 1
Cell (Vanessa_kershawi,Ulmaceae): 0 -> 1
Cell (Vanessa_kershawi,Cannabaceae): 0 -> 1
Cell (Vanessa_kershawi,Salicaceae): 0 -> 1
Cell (Vanessa_kershawi,Malvaceae): 0 -> 1
Cell (Vanessa_kershawi,Grossulariaceae): 0 -> 1
Cell (Vanessa_cardui,Amborellaceae): 0 -> 1
Cell (Vanessa_cardui,Nymphaeaceae): 0 -> 1
Cell (Vanessa_cardui,Schisandraceae): 0 -> 1
Cell (Vanessa_cardui,Siparunaceae): 0 -> 1
Cell (Vanessa_cardui,Aristolochiaceae): 0 -> 1
Cell (Vanessa_cardui,Chloranthaceae): 0 -> 1
Cell (Vanessa_cardui,Smilacaceae): 0 -> 1
Cell (Vanessa_cardui,Potamogetonaceae): 0 -> 1
Cell (Vanessa_cardui,Acoraceae): 0 -> 1
Cell (Vanessa_cardui,Ceratophyllaceae): 0 -> 1
Cell (Vanessa_cardui,Fabaceae): 0 -> 1
Cell (Vanessa_cardui,Rosaceae): 0 -> 1
Cell (Vanessa_cardui,Rhamnaceae): 0 -> 1
Cell (Vanessa_cardui,Ulmaceae): 0 -> 1
Cell (Vanessa_cardui,Cannabaceae): 0 -> 1
Cell (Vanessa_cardui,Betulaceae): 0 -> 1
Cell (Vanessa_cardui,Salicaceae): 0 -> 1
Cell (Vanessa_cardui,Malvaceae): 0 -> 1
Cell (Vanessa_cardui,Grossulariaceae): 0 -> 1
Cell (Vanessa_virginiensis,Amborellaceae): 0 -> 1
Cell (Vanessa_virginiensis,Nymphaeaceae): 0 -> 1
Cell (Vanessa_virginiensis,Schisandraceae): 0 -> 1
Cell (Vanessa_virginiensis,Siparunaceae): 0 -> 1
Cell (Vanessa_virginiensis,Aristolochiaceae): 0 -> 1
Cell (Vanessa_virginiensis,Chloranthaceae): 0 -> 1
Cell (Vanessa_virginiensis,Typhaceae): 0 -> 1
Cell (Vanessa_virginiensis,Smilacaceae): 0 -> 1
Cell (Vanessa_virginiensis,Potamogetonaceae): 0 -> 1
Cell (Vanessa_virginiensis,Acoraceae): 0 -> 1
Cell (Vanessa_virginiensis,Ceratophyllaceae): 0 -> 1
Cell (Vanessa_virginiensis,Fabaceae): 0 -> 1
Cell (Vanessa_virginiensis,Rosaceae): 0 -> 1
Cell (Vanessa_virginiensis,Rhamnaceae): 0 -> 1
Cell (Vanessa_virginiensis,Cannabaceae): 0 -> 1
Cell (Vanessa_virginiensis,Urticaceae): 0 -> 1
Cell (Vanessa_virginiensis,Salicaceae): 0 -> 1
Cell (Vanessa_virginiensis,Grossulariaceae): 0 -> 1
Cell (Vanessa_abyssinica,Amborellaceae): 0 -> 1
Cell (Vanessa_abyssinica,Nymphaeaceae): 0 -> 1
Cell (Vanessa_abyssinica,Schisandraceae): 0 -> 1
Cell (Vanessa_abyssinica,Siparunaceae): 0 -> 1
Cell (Vanessa_abyssinica,Aristolochiaceae): 0 -> 1
Cell (Vanessa_abyssinica,Chloranthaceae): 0 -> 1
Cell (Vanessa_abyssinica,Typhaceae): 0 -> 1
Cell (Vanessa_abyssinica,Smilacaceae): 0 -> 1
Cell (Vanessa_abyssinica,Potamogetonaceae): 0 -> 1
Cell (Vanessa_abyssinica,Acoraceae): 0 -> 1
Cell (Vanessa_abyssinica,Ceratophyllaceae): 0 -> 1
Cell (Vanessa_abyssinica,Fabaceae): 0 -> 1
Cell (Vanessa_abyssinica,Rosaceae): 0 -> 1
Cell (Vanessa_abyssinica,Ulmaceae): 0 -> 1
Cell (Vanessa_abyssinica,Cannabaceae): 0 -> 1
Cell (Vanessa_abyssinica,Urticaceae): 0 -> 1
Cell (Vanessa_abyssinica,Betulaceae): 0 -> 1
Cell (Vanessa_abyssinica,Salicaceae): 0 -> 1
Cell (Vanessa_abyssinica,Malvaceae): 0 -> 1
Cell (Vanessa_abyssinica,Grossulariaceae): 0 -> 1
Cell (Vanessa_atalanta,Amborellaceae): 0 -> 1
Cell (Vanessa_atalanta,Nymphaeaceae): 0 -> 1
Cell (Vanessa_atalanta,Schisandraceae): 0 -> 1
Cell (Vanessa_atalanta,Aristolochiaceae): 0 -> 1
Cell (Vanessa_atalanta,Smilacaceae): 0 -> 1
Cell (Vanessa_atalanta,Potamogetonaceae): 0 -> 1
Cell (Vanessa_atalanta,Fabaceae): 0 -> 1
Cell (Vanessa_atalanta,Rosaceae): 0 -> 1
Cell (Vanessa_atalanta,Rhamnaceae): 0 -> 1
Cell (Vanessa_atalanta,Cannabaceae): 0 -> 1
Cell (Vanessa_atalanta,Urticaceae): 0 -> 1
Cell (Vanessa_atalanta,Malvaceae): 0 -> 1
Cell (Vanessa_tameamea,Amborellaceae): 0 -> 1
Cell (Vanessa_tameamea,Nymphaeaceae): 0 -> 1
Cell (Vanessa_tameamea,Siparunaceae): 0 -> 1
Cell (Vanessa_tameamea,Aristolochiaceae): 0 -> 1
Cell (Vanessa_tameamea,Chloranthaceae): 0 -> 1
Cell (Vanessa_tameamea,Smilacaceae): 0 -> 1
Cell (Vanessa_tameamea,Potamogetonaceae): 0 -> 1
Cell (Vanessa_tameamea,Acoraceae): 0 -> 1
Cell (Vanessa_tameamea,Ceratophyllaceae): 0 -> 1
Cell (Vanessa_tameamea,Fabaceae): 0 -> 1
Cell (Vanessa_tameamea,Rhamnaceae): 0 -> 1
Cell (Vanessa_tameamea,Ulmaceae): 0 -> 1
Cell (Vanessa_tameamea,Cannabaceae): 0 -> 1
Cell (Vanessa_tameamea,Urticaceae): 0 -> 1
Cell (Vanessa_tameamea,Betulaceae): 0 -> 1
Cell (Vanessa_tameamea,Salicaceae): 0 -> 1
Cell (Vanessa_tameamea,Malvaceae): 0 -> 1
Cell (Vanessa_tameamea,Grossulariaceae): 0 -> 1
Cell (Vanessa_tameamea,Ericaceae): 0 -> 1
Cell (Vanessa_indica,Nymphaeaceae): 0 -> 1
Cell (Vanessa_indica,Schisandraceae): 0 -> 1
Cell (Vanessa_indica,Siparunaceae): 0 -> 1
Cell (Vanessa_indica,Typhaceae): 0 -> 1
Cell (Vanessa_indica,Smilacaceae): 0 -> 1
Cell (Vanessa_indica,Ceratophyllaceae): 0 -> 1
Cell (Vanessa_indica,Rhamnaceae): 0 -> 1
Cell (Vanessa_indica,Ulmaceae): 0 -> 1
Cell (Vanessa_indica,Cannabaceae): 0 -> 1
Cell (Vanessa_indica,Urticaceae): 0 -> 1
Cell (Vanessa_indica,Salicaceae): 0 -> 1
Cell (Vanessa_indica,Malvaceae): 0 -> 1
Cell (Vanessa_indica,Grossulariaceae): 0 -> 1
Matrix saved as results/braga/31/b4_c1/flipped_matrix.png
Metrics: {'precision': 0.519774011299435, 'recall': 0.7479674796747967, 'f1': 0.6133333333333334, 'TP': 92, 'FP': 85, 'FN': 31}
[Elbow detection] λ ≈ 0.722 (cutoff=0.711)
Elbow Metrics: {'precision': 0.4767932489451477, 'recall': 0.9186991869918699, 'f1': 0.6277777777777778, 'TP': 113, 'FP': 124, 'FN': 10}
