Matrix saved as ml_parsimony_matrices/seed141_ratio1.7554.png
Matrix saved as results/141/corrupt50/r010.3_r100.3/original_matrix.png
Matrix saved as results/141/corrupt50/r010.3_r100.3/corrupted.png
[iter 0] λ=0.5000 → flips=0
[iter 1] λ=0.7500 → flips=0
[iter 2] λ=0.8750 → flips=0
[iter 3] λ=0.9375 → flips=0
[iter 4] λ=0.9688 → flips=832
[iter 5] λ=0.9531 → flips=0
[iter 6] λ=0.9609 → flips=0
[iter 7] λ=0.9648 → flips=0
[iter 8] λ=0.9668 → flips=832
[iter 9] λ=0.9658 → flips=832
[iter 10] λ=0.9653 → flips=832
[iter 11] λ=0.9651 → flips=0
[iter 12] λ=0.9652 → flips=0
[iter 13] λ=0.9653 → flips=832
[iter 14] λ=0.9652 → flips=832
[iter 15] λ=0.9652 → flips=0
[iter 16] λ=0.9652 → flips=832
[iter 17] λ=0.9652 → flips=832
[iter 18] λ=0.9652 → flips=0
[iter 19] λ=0.9652 → flips=832

Best λ=0.5000 → flips=0, correct=0/50
Number of flips performed: 0
Matrix saved as results/141/corrupt50/r010.3_r100.3/flipped_matrix.png
Metrics: {'precision': 0, 'recall': 0.0, 'f1': 0, 'TP': 0, 'FP': 0, 'FN': 50}
[Elbow detection] λ ≈ 0.539 (cutoff=0.539)
Elbow Metrics: {'precision': 0, 'recall': 0.0, 'f1': 0, 'TP': 0, 'FP': 0, 'FN': 50}
