Matrix saved as results/108/corrupt800/r010.3_r100.7/original_matrix.svg
Matrix saved as results/108/corrupt800/r010.3_r100.7/corrupted.svg
[iter 0] λ=0.5000 → flips=1
[iter 1] λ=0.7500 → flips=69
[iter 2] λ=0.8750 → flips=630
[iter 3] λ=0.9375 → flips=4584
[iter 4] λ=0.9062 → flips=1208
[iter 5] λ=0.8906 → flips=705
[iter 6] λ=0.8984 → flips=722
[iter 7] λ=0.9023 → flips=1198
[iter 8] λ=0.9004 → flips=722
[iter 9] λ=0.9014 → flips=1198
[iter 10] λ=0.9009 → flips=753
[iter 11] λ=0.9011 → flips=753
[iter 12] λ=0.9012 → flips=1198
[iter 13] λ=0.9012 → flips=1198
[iter 14] λ=0.9012 → flips=1198
[iter 15] λ=0.9011 → flips=753
[iter 16] λ=0.9011 → flips=753
[iter 17] λ=0.9011 → flips=1198
[iter 18] λ=0.9011 → flips=753
[iter 19] λ=0.9011 → flips=1198

Best λ=0.9009 → flips=753, correct=432/800
Number of flips performed: 753
Matrix saved as results/108/corrupt800/r010.3_r100.7/flipped_matrix.svg
Metrics: {'precision': 0.5737051792828686, 'recall': 0.54, 'f1': 0.5563425627817129, 'TP': 432, 'FP': 321, 'FN': 368}
[Elbow detection] flip ≈ 678, λ ≈ 0.8775510204081632
Number of flips performed (elbow): 678
Matrix saved as results/108/corrupt800/r010.3_r100.7/flipped_matrix_elbow.svg
Elbow Metrics: {'precision': 0.5929203539823009, 'recall': 0.5025, 'f1': 0.543978349120433, 'TP': 402, 'FP': 276, 'FN': 398}
