[iter 0] λ=0.5000 → flips=715
[iter 1] λ=0.2500 → flips=0
[iter 2] λ=0.3750 → flips=113
[iter 3] λ=0.4375 → flips=464
[iter 4] λ=0.4688 → flips=599
[iter 5] λ=0.4531 → flips=544
[iter 6] λ=0.4453 → flips=507
[iter 7] λ=0.4414 → flips=489
[iter 8] λ=0.4434 → flips=498
[iter 9] λ=0.4443 → flips=504
[iter 10] λ=0.4438 → flips=499
[iter 11] λ=0.4441 → flips=503
[iter 12] λ=0.4440 → flips=499
[iter 13] λ=0.4440 → flips=503
[iter 14] λ=0.4440 → flips=499
[iter 15] λ=0.4440 → flips=503
[iter 16] λ=0.4440 → flips=499
[iter 17] λ=0.4440 → flips=503
[iter 18] λ=0.4440 → flips=503
[iter 19] λ=0.4440 → flips=503

Best λ=0.4438 → flips=499, correct=313/500
Number of flips performed: 499
Metrics: {'precision': 0.627254509018036, 'recall': 0.626, 'f1': 0.6266266266266266, 'TP': 313, 'FP': 186, 'FN': 187}
[Elbow detection] flip ≈ 2805, λ ≈ 0.7551020408163265
Number of flips performed (elbow): 2805
Elbow Metrics: {'precision': 0.17290552584670232, 'recall': 0.97, 'f1': 0.29349470499243574, 'TP': 485, 'FP': 2320, 'FN': 15}
