[iter 0] λ=0.5000 → flips=774
[iter 1] λ=0.2500 → flips=0
[iter 2] λ=0.3750 → flips=107
[iter 3] λ=0.4375 → flips=467
[iter 4] λ=0.4688 → flips=620
[iter 5] λ=0.4531 → flips=540
[iter 6] λ=0.4453 → flips=503
[iter 7] λ=0.4414 → flips=486
[iter 8] λ=0.4434 → flips=498
[iter 9] λ=0.4443 → flips=499
[iter 10] λ=0.4448 → flips=501
[iter 11] λ=0.4446 → flips=501
[iter 12] λ=0.4445 → flips=499
[iter 13] λ=0.4445 → flips=500

Best λ=0.4445 → flips=500, correct=292/500
Number of flips performed: 500
Metrics: {'precision': 0.584, 'recall': 0.584, 'f1': 0.584, 'TP': 292, 'FP': 208, 'FN': 208}
[Elbow detection] flip ≈ 3616, λ ≈ 0.7755102040816326
Number of flips performed (elbow): 3616
Elbow Metrics: {'precision': 0.13329646017699115, 'recall': 0.964, 'f1': 0.23420796890184645, 'TP': 482, 'FP': 3134, 'FN': 18}
