Matrix saved as results/163/corrupt100/r010.6_r100.6/original_matrix.svg
Matrix saved as results/163/corrupt100/r010.6_r100.6/corrupted.svg
[iter 0] λ=0.5000 → flips=104
[iter 1] λ=0.2500 → flips=0
[iter 2] λ=0.3750 → flips=2
[iter 3] λ=0.4375 → flips=15
[iter 4] λ=0.4688 → flips=35
[iter 5] λ=0.4844 → flips=39
[iter 6] λ=0.4922 → flips=44
[iter 7] λ=0.4961 → flips=48
[iter 8] λ=0.4980 → flips=68
[iter 9] λ=0.4990 → flips=69
[iter 10] λ=0.4995 → flips=71
[iter 11] λ=0.4998 → flips=71
[iter 12] λ=0.4999 → flips=75
[iter 13] λ=0.4999 → flips=88
[iter 14] λ=0.5000 → flips=88
[iter 15] λ=0.5000 → flips=93
[iter 16] λ=0.5000 → flips=98
[iter 17] λ=0.5000 → flips=104
[iter 18] λ=0.5000 → flips=104
[iter 19] λ=0.5000 → flips=104

Best λ=0.5000 → flips=98, correct=53/100
Number of flips performed: 98
Matrix saved as results/163/corrupt100/r010.6_r100.6/flipped_matrix.svg
Metrics: {'precision': 0.5408163265306123, 'recall': 0.53, 'f1': 0.5353535353535354, 'TP': 53, 'FP': 45, 'FN': 47}
[Elbow detection] flip ≈ 843, λ ≈ 0.7142857142857142
Number of flips performed (elbow): 843
Matrix saved as results/163/corrupt100/r010.6_r100.6/flipped_matrix_elbow.svg
Elbow Metrics: {'precision': 0.11387900355871886, 'recall': 0.96, 'f1': 0.2036055143160127, 'TP': 96, 'FP': 747, 'FN': 4}
