Matrix saved as results/31/corrupt100/r010.4_r100.6/original_matrix.png
Matrix saved as results/31/corrupt100/r010.4_r100.6/corrupted.png
[iter 0] λ=0.5000 → flips=216
[iter 1] λ=0.2500 → flips=0
[iter 2] λ=0.3750 → flips=76
[iter 3] λ=0.4375 → flips=129
[iter 4] λ=0.4062 → flips=109
[iter 5] λ=0.3906 → flips=106
[iter 6] λ=0.3828 → flips=100

Best λ=0.3828 → flips=100, correct=56/100
Number of flips performed: 100
Cell (Vanessa_itea,Ulmaceae): 0 -> 1
Cell (Vanessa_itea,Urticaceae): 0 -> 1
Cell (Vanessa_hippomene,Chloranthaceae): 0 -> 1
Cell (Vanessa_hippomene,Ceratophyllaceae): 0 -> 1
Cell (Vanessa_hippomene,Rhamnaceae): 0 -> 1
Cell (Vanessa_dimorphica,Schisandraceae): 0 -> 1
Cell (Vanessa_dimorphica,Potamogetonaceae): 0 -> 1
Cell (Vanessa_dimorphica,Malvaceae): 0 -> 1
Cell (Vanessa_dimorphica,Grossulariaceae): 0 -> 1
Cell (Vanessa_kershawi,Rhamnaceae): 0 -> 1
Cell (Vanessa_kershawi,Grossulariaceae): 0 -> 1
Cell (Vanessa_kershawi,Asteraceae): 0 -> 1
Cell (Vanessa_cardui,Schisandraceae): 0 -> 1
Cell (Vanessa_cardui,Aristolochiaceae): 0 -> 1
Cell (Vanessa_cardui,Betulaceae): 0 -> 1
Cell (Vanessa_cardui,Salicaceae): 0 -> 1
Cell (Vanessa_cardui,Malvaceae): 0 -> 1
Cell (Vanessa_virginiensis,Nymphaeaceae): 0 -> 1
Cell (Vanessa_virginiensis,Chloranthaceae): 0 -> 1
Cell (Vanessa_virginiensis,Grossulariaceae): 0 -> 1
Cell (Vanessa_virginiensis,Ericaceae): 0 -> 1
Cell (Vanessa_abyssinica,Ceratophyllaceae): 0 -> 1
Cell (Vanessa_atalanta,Ericaceae): 0 -> 1
Cell (Vanessa_tameamea,Malvaceae): 0 -> 1
Cell (Vanessa_tameamea,Grossulariaceae): 0 -> 1
Cell (Vanessa_indica,Rosaceae): 0 -> 1
Cell (Vanessa_indica,Cannabaceae): 0 -> 1
Cell (Aglais_io,Nymphaeaceae): 0 -> 1
Cell (Aglais_io,Smilacaceae): 0 -> 1
Cell (Aglais_io,Potamogetonaceae): 0 -> 1
Cell (Aglais_io,Betulaceae): 0 -> 1
Cell (Aglais_milberti,Cannabaceae): 0 -> 1
Cell (Aglais_milberti,Asteraceae): 0 -> 1
Cell (Aglais_urticae,Typhaceae): 0 -> 1
Cell (Kaniska_canace,Siparunaceae): 0 -> 1
Cell (Kaniska_canace,Chloranthaceae): 0 -> 1
Cell (Kaniska_canace,Potamogetonaceae): 0 -> 1
Cell (Kaniska_canace,Ericaceae): 0 -> 1
Cell (Nymphalis_l_album,Acoraceae): 0 -> 1
Cell (Nymphalis_l_album,Betulaceae): 0 -> 1
Cell (Nymphalis_l_album,Asteraceae): 0 -> 1
Cell (Nymphalis_l_album,Boraginaceae): 0 -> 1
Cell (Nymphalis_polychloros,Schisandraceae): 0 -> 1
Cell (Nymphalis_polychloros,Chloranthaceae): 0 -> 1
Cell (Nymphalis_polychloros,Ulmaceae): 0 -> 1
Cell (Nymphalis_polychloros,Ericaceae): 0 -> 1
Cell (Nymphalis_californica,Schisandraceae): 0 -> 1
Cell (Nymphalis_californica,Cannabaceae): 0 -> 1
Cell (Nymphalis_californica,Betulaceae): 0 -> 1
Cell (Nymphalis_californica,Malvaceae): 0 -> 1
Cell (Nymphalis_californica,Plantaginaceae): 0 -> 1
Cell (Nymphalis_xanthomelas,Ceratophyllaceae): 0 -> 1
Cell (Nymphalis_xanthomelas,Asteraceae): 0 -> 1
Cell (Nymphalis_xanthomelas,Plantaginaceae): 0 -> 1
Cell (Nymphalis_antiopa,Smilacaceae): 0 -> 1
Cell (Nymphalis_antiopa,Fabaceae): 0 -> 1
Cell (Nymphalis_antiopa,Ericaceae): 0 -> 1
Cell (Polygonia_c_aureum,Amborellaceae): 0 -> 1
Cell (Polygonia_c_aureum,Betulaceae): 0 -> 1
Cell (Polygonia_c_aureum,Salicaceae): 0 -> 1
Cell (Polygonia_egea,Siparunaceae): 0 -> 1
Cell (Polygonia_egea,Potamogetonaceae): 0 -> 1
Cell (Polygonia_egea,Ceratophyllaceae): 0 -> 1
Cell (Polygonia_egea,Rhamnaceae): 0 -> 1
Cell (Polygonia_egea,Grossulariaceae): 0 -> 1
Cell (Polygonia_egea,Ericaceae): 0 -> 1
Cell (Polygonia_faunus,Fabaceae): 0 -> 1
Cell (Polygonia_faunus,Plantaginaceae): 0 -> 1
Cell (Polygonia_c_album,Acoraceae): 0 -> 1
Cell (Polygonia_c_album,Grossulariaceae): 0 -> 1
Cell (Polygonia_c_album,Boraginaceae): 0 -> 1
Cell (Polygonia_satyrus,Schisandraceae): 0 -> 1
Cell (Polygonia_satyrus,Acoraceae): 0 -> 1
Cell (Polygonia_satyrus,Betulaceae): 0 -> 1
Cell (Polygonia_satyrus,Grossulariaceae): 0 -> 1
Cell (Polygonia_interrogationis,Siparunaceae): 0 -> 1
Cell (Polygonia_interrogationis,Smilacaceae): 0 -> 1
Cell (Polygonia_interrogationis,Acoraceae): 0 -> 1
Cell (Polygonia_interrogationis,Ulmaceae): 0 -> 1
Cell (Polygonia_interrogationis,Boraginaceae): 0 -> 1
Cell (Polygonia_comma,Amborellaceae): 0 -> 1
Cell (Polygonia_comma,Schisandraceae): 0 -> 1
Cell (Polygonia_comma,Potamogetonaceae): 0 -> 1
Cell (Polygonia_comma,Urticaceae): 0 -> 1
Cell (Polygonia_comma,Salicaceae): 0 -> 1
Cell (Polygonia_oreas,Typhaceae): 0 -> 1
Cell (Polygonia_oreas,Betulaceae): 0 -> 1
Cell (Polygonia_oreas,Boraginaceae): 0 -> 1
Cell (Polygonia_progne,Nymphaeaceae): 0 -> 1
Cell (Polygonia_progne,Chloranthaceae): 0 -> 1
Cell (Polygonia_progne,Potamogetonaceae): 0 -> 1
Cell (Polygonia_progne,Urticaceae): 0 -> 1
Cell (Polygonia_progne,Malvaceae): 0 -> 1
Cell (Polygonia_zephyrus,Grossulariaceae): 0 -> 1
Cell (Polygonia_zephyrus,Boraginaceae): 0 -> 1
Cell (Polygonia_gracilis,Nymphaeaceae): 0 -> 1
Cell (Polygonia_gracilis,Schisandraceae): 0 -> 1
Cell (Polygonia_gracilis,Urticaceae): 0 -> 1
Cell (Polygonia_gracilis,Salicaceae): 0 -> 1
Cell (Polygonia_gracilis,Asteraceae): 0 -> 1
Matrix saved as results/31/corrupt100/r010.4_r100.6/flipped_matrix.png
Metrics: {'precision': 0.56, 'recall': 0.56, 'f1': 0.56, 'TP': 56, 'FP': 44, 'FN': 44}
[Elbow detection] flip ≈ 124, λ ≈ 0.42857142857142855
Number of flips performed (elbow): 124
Cell (Vanessa_itea,Chloranthaceae): 0 -> 1
Cell (Vanessa_itea,Ulmaceae): 0 -> 1
Cell (Vanessa_itea,Urticaceae): 0 -> 1
Cell (Vanessa_hippomene,Chloranthaceae): 0 -> 1
Cell (Vanessa_hippomene,Ceratophyllaceae): 0 -> 1
Cell (Vanessa_hippomene,Fabaceae): 0 -> 1
Cell (Vanessa_hippomene,Rhamnaceae): 0 -> 1
Cell (Vanessa_dimorphica,Schisandraceae): 0 -> 1
Cell (Vanessa_dimorphica,Potamogetonaceae): 0 -> 1
Cell (Vanessa_dimorphica,Malvaceae): 0 -> 1
Cell (Vanessa_dimorphica,Grossulariaceae): 0 -> 1
Cell (Vanessa_kershawi,Rhamnaceae): 0 -> 1
Cell (Vanessa_kershawi,Grossulariaceae): 0 -> 1
Cell (Vanessa_kershawi,Asteraceae): 0 -> 1
Cell (Vanessa_cardui,Schisandraceae): 0 -> 1
Cell (Vanessa_cardui,Aristolochiaceae): 0 -> 1
Cell (Vanessa_cardui,Betulaceae): 0 -> 1
Cell (Vanessa_cardui,Salicaceae): 0 -> 1
Cell (Vanessa_cardui,Malvaceae): 0 -> 1
Cell (Vanessa_virginiensis,Nymphaeaceae): 0 -> 1
Cell (Vanessa_virginiensis,Chloranthaceae): 0 -> 1
Cell (Vanessa_virginiensis,Fabaceae): 0 -> 1
Cell (Vanessa_virginiensis,Grossulariaceae): 0 -> 1
Cell (Vanessa_virginiensis,Ericaceae): 0 -> 1
Cell (Vanessa_abyssinica,Ceratophyllaceae): 0 -> 1
Cell (Vanessa_abyssinica,Fabaceae): 0 -> 1
Cell (Vanessa_abyssinica,Betulaceae): 0 -> 1
Cell (Vanessa_abyssinica,Asteraceae): 0 -> 1
Cell (Vanessa_atalanta,Ericaceae): 0 -> 1
Cell (Vanessa_atalanta,Asteraceae): 0 -> 1
Cell (Vanessa_tameamea,Malvaceae): 0 -> 1
Cell (Vanessa_tameamea,Grossulariaceae): 0 -> 1
Cell (Vanessa_tameamea,Plantaginaceae): 0 -> 1
Cell (Vanessa_tameamea,Boraginaceae): 0 -> 1
Cell (Vanessa_indica,Rosaceae): 0 -> 1
Cell (Vanessa_indica,Cannabaceae): 0 -> 1
Cell (Vanessa_indica,Malvaceae): 0 -> 1
Cell (Vanessa_indica,Asteraceae): 0 -> 1
Cell (Vanessa_indica,Boraginaceae): 0 -> 1
Cell (Antanartia_delius,Betulaceae): 0 -> 1
Cell (Aglais_io,Nymphaeaceae): 0 -> 1
Cell (Aglais_io,Smilacaceae): 0 -> 1
Cell (Aglais_io,Potamogetonaceae): 0 -> 1
Cell (Aglais_io,Betulaceae): 0 -> 1
Cell (Aglais_milberti,Cannabaceae): 0 -> 1
Cell (Aglais_milberti,Asteraceae): 0 -> 1
Cell (Aglais_urticae,Typhaceae): 0 -> 1
Cell (Aglais_urticae,Salicaceae): 0 -> 1
Cell (Aglais_urticae,Malvaceae): 0 -> 1
Cell (Kaniska_canace,Siparunaceae): 0 -> 1
Cell (Kaniska_canace,Chloranthaceae): 0 -> 1
Cell (Kaniska_canace,Potamogetonaceae): 0 -> 1
Cell (Kaniska_canace,Salicaceae): 0 -> 1
Cell (Kaniska_canace,Malvaceae): 0 -> 1
Cell (Kaniska_canace,Grossulariaceae): 0 -> 1
Cell (Kaniska_canace,Ericaceae): 0 -> 1
Cell (Nymphalis_l_album,Siparunaceae): 0 -> 1
Cell (Nymphalis_l_album,Aristolochiaceae): 0 -> 1
Cell (Nymphalis_l_album,Acoraceae): 0 -> 1
Cell (Nymphalis_l_album,Betulaceae): 0 -> 1
Cell (Nymphalis_l_album,Asteraceae): 0 -> 1
Cell (Nymphalis_l_album,Boraginaceae): 0 -> 1
Cell (Nymphalis_polychloros,Schisandraceae): 0 -> 1
Cell (Nymphalis_polychloros,Chloranthaceae): 0 -> 1
Cell (Nymphalis_polychloros,Ulmaceae): 0 -> 1
Cell (Nymphalis_polychloros,Ericaceae): 0 -> 1
Cell (Nymphalis_californica,Schisandraceae): 0 -> 1
Cell (Nymphalis_californica,Cannabaceae): 0 -> 1
Cell (Nymphalis_californica,Betulaceae): 0 -> 1
Cell (Nymphalis_californica,Malvaceae): 0 -> 1
Cell (Nymphalis_californica,Plantaginaceae): 0 -> 1
Cell (Nymphalis_xanthomelas,Ceratophyllaceae): 0 -> 1
Cell (Nymphalis_xanthomelas,Asteraceae): 0 -> 1
Cell (Nymphalis_xanthomelas,Plantaginaceae): 0 -> 1
Cell (Nymphalis_antiopa,Smilacaceae): 0 -> 1
Cell (Nymphalis_antiopa,Fabaceae): 0 -> 1
Cell (Nymphalis_antiopa,Ericaceae): 0 -> 1
Cell (Polygonia_c_aureum,Amborellaceae): 0 -> 1
Cell (Polygonia_c_aureum,Betulaceae): 0 -> 1
Cell (Polygonia_c_aureum,Salicaceae): 0 -> 1
Cell (Polygonia_egea,Amborellaceae): 0 -> 1
Cell (Polygonia_egea,Nymphaeaceae): 0 -> 1
Cell (Polygonia_egea,Siparunaceae): 0 -> 1
Cell (Polygonia_egea,Potamogetonaceae): 0 -> 1
Cell (Polygonia_egea,Ceratophyllaceae): 0 -> 1
Cell (Polygonia_egea,Rhamnaceae): 0 -> 1
Cell (Polygonia_egea,Grossulariaceae): 0 -> 1
Cell (Polygonia_egea,Ericaceae): 0 -> 1
Cell (Polygonia_faunus,Fabaceae): 0 -> 1
Cell (Polygonia_faunus,Plantaginaceae): 0 -> 1
Cell (Polygonia_c_album,Amborellaceae): 0 -> 1
Cell (Polygonia_c_album,Nymphaeaceae): 0 -> 1
Cell (Polygonia_c_album,Acoraceae): 0 -> 1
Cell (Polygonia_c_album,Grossulariaceae): 0 -> 1
Cell (Polygonia_c_album,Boraginaceae): 0 -> 1
Cell (Polygonia_satyrus,Schisandraceae): 0 -> 1
Cell (Polygonia_satyrus,Acoraceae): 0 -> 1
Cell (Polygonia_satyrus,Betulaceae): 0 -> 1
Cell (Polygonia_satyrus,Grossulariaceae): 0 -> 1
Cell (Polygonia_interrogationis,Siparunaceae): 0 -> 1
Cell (Polygonia_interrogationis,Smilacaceae): 0 -> 1
Cell (Polygonia_interrogationis,Acoraceae): 0 -> 1
Cell (Polygonia_interrogationis,Ulmaceae): 0 -> 1
Cell (Polygonia_interrogationis,Boraginaceae): 0 -> 1
Cell (Polygonia_comma,Amborellaceae): 0 -> 1
Cell (Polygonia_comma,Schisandraceae): 0 -> 1
Cell (Polygonia_comma,Potamogetonaceae): 0 -> 1
Cell (Polygonia_comma,Urticaceae): 0 -> 1
Cell (Polygonia_comma,Salicaceae): 0 -> 1
Cell (Polygonia_oreas,Typhaceae): 0 -> 1
Cell (Polygonia_oreas,Betulaceae): 0 -> 1
Cell (Polygonia_oreas,Boraginaceae): 0 -> 1
Cell (Polygonia_progne,Nymphaeaceae): 0 -> 1
Cell (Polygonia_progne,Chloranthaceae): 0 -> 1
Cell (Polygonia_progne,Potamogetonaceae): 0 -> 1
Cell (Polygonia_progne,Urticaceae): 0 -> 1
Cell (Polygonia_progne,Malvaceae): 0 -> 1
Cell (Polygonia_zephyrus,Grossulariaceae): 0 -> 1
Cell (Polygonia_zephyrus,Boraginaceae): 0 -> 1
Cell (Polygonia_gracilis,Nymphaeaceae): 0 -> 1
Cell (Polygonia_gracilis,Schisandraceae): 0 -> 1
Cell (Polygonia_gracilis,Urticaceae): 0 -> 1
Cell (Polygonia_gracilis,Salicaceae): 0 -> 1
Cell (Polygonia_gracilis,Asteraceae): 0 -> 1
Matrix saved as results/31/corrupt100/r010.4_r100.6/flipped_matrix_elbow.png
Elbow Metrics: {'precision': 0.5241935483870968, 'recall': 0.65, 'f1': 0.5803571428571428, 'TP': 65, 'FP': 59, 'FN': 35}
