[iter 0] λ=0.5000 → flips=748
[iter 1] λ=0.2500 → flips=0
[iter 2] λ=0.3750 → flips=357
[iter 3] λ=0.4375 → flips=624
[iter 4] λ=0.4062 → flips=580
[iter 5] λ=0.3906 → flips=509
[iter 6] λ=0.3828 → flips=442
[iter 7] λ=0.3867 → flips=475
[iter 8] λ=0.3887 → flips=494
[iter 9] λ=0.3896 → flips=504
[iter 10] λ=0.3892 → flips=499
[iter 11] λ=0.3894 → flips=501
[iter 12] λ=0.3893 → flips=501
[iter 13] λ=0.3892 → flips=500

Best λ=0.3892 → flips=500, correct=364/500
Number of flips performed: 500
Metrics: {'precision': 0.728, 'recall': 0.728, 'f1': 0.728, 'TP': 364, 'FP': 136, 'FN': 136}
[Elbow detection] flip ≈ 1009, λ ≈ 0.6326530612244897
Number of flips performed (elbow): 1009
Elbow Metrics: {'precision': 0.4886025768087215, 'recall': 0.986, 'f1': 0.6534128561961564, 'TP': 493, 'FP': 516, 'FN': 7}
