Matrix saved as results/141/corrupt800/r010.6_r100.7/original_matrix.svg
Matrix saved as results/141/corrupt800/r010.6_r100.7/corrupted.svg
[iter 0] λ=0.5000 → flips=93
[iter 1] λ=0.7500 → flips=998
[iter 2] λ=0.6250 → flips=326
[iter 3] λ=0.6875 → flips=562
[iter 4] λ=0.7188 → flips=658
[iter 5] λ=0.7344 → flips=776
[iter 6] λ=0.7422 → flips=842
[iter 7] λ=0.7383 → flips=820
[iter 8] λ=0.7363 → flips=833
[iter 9] λ=0.7354 → flips=776
[iter 10] λ=0.7358 → flips=777
[iter 11] λ=0.7361 → flips=777
[iter 12] λ=0.7362 → flips=833
[iter 13] λ=0.7361 → flips=812
[iter 14] λ=0.7361 → flips=777
[iter 15] λ=0.7361 → flips=812
[iter 16] λ=0.7361 → flips=777
[iter 17] λ=0.7361 → flips=833
[iter 18] λ=0.7361 → flips=777
[iter 19] λ=0.7361 → flips=812

Best λ=0.7361 → flips=812, correct=519/800
Number of flips performed: 812
Matrix saved as results/141/corrupt800/r010.6_r100.7/flipped_matrix.svg
Metrics: {'precision': 0.6391625615763546, 'recall': 0.64875, 'f1': 0.6439205955334988, 'TP': 519, 'FP': 293, 'FN': 281}
[Elbow detection] flip ≈ 1074, λ ≈ 0.7551020408163265
Number of flips performed (elbow): 1074
Matrix saved as results/141/corrupt800/r010.6_r100.7/flipped_matrix_elbow.svg
Elbow Metrics: {'precision': 0.5623836126629422, 'recall': 0.755, 'f1': 0.6446104589114194, 'TP': 604, 'FP': 470, 'FN': 196}
