Matrix saved as results/31/corrupt500/r010.7_r100.3/original_matrix.svg
Matrix saved as results/31/corrupt500/r010.7_r100.3/corrupted.svg
[iter 0] λ=0.5000 → flips=318
[iter 1] λ=0.7500 → flips=1911
[iter 2] λ=0.6250 → flips=1004
[iter 3] λ=0.5625 → flips=557
[iter 4] λ=0.5312 → flips=398
[iter 5] λ=0.5469 → flips=455
[iter 6] λ=0.5547 → flips=480
[iter 7] λ=0.5586 → flips=507
[iter 8] λ=0.5566 → flips=486
[iter 9] λ=0.5576 → flips=498
[iter 10] λ=0.5581 → flips=501
[iter 11] λ=0.5579 → flips=501
[iter 12] λ=0.5577 → flips=501
[iter 13] λ=0.5577 → flips=501
[iter 14] λ=0.5576 → flips=501
[iter 15] λ=0.5576 → flips=501
[iter 16] λ=0.5576 → flips=501
[iter 17] λ=0.5576 → flips=498
[iter 18] λ=0.5576 → flips=498
[iter 19] λ=0.5576 → flips=498

Best λ=0.5581 → flips=501, correct=353/500
Number of flips performed: 501
Matrix saved as results/31/corrupt500/r010.7_r100.3/flipped_matrix.svg
Metrics: {'precision': 0.7045908183632734, 'recall': 0.706, 'f1': 0.7052947052947053, 'TP': 353, 'FP': 148, 'FN': 147}
[Elbow detection] flip ≈ 918, λ ≈ 0.6122448979591836
Number of flips performed (elbow): 918
Matrix saved as results/31/corrupt500/r010.7_r100.3/flipped_matrix_elbow.svg
Elbow Metrics: {'precision': 0.4738562091503268, 'recall': 0.87, 'f1': 0.6135401974612129, 'TP': 435, 'FP': 483, 'FN': 65}
