[iter 0] λ=0.5000 → flips=2250
[iter 1] λ=0.2500 → flips=0
[iter 2] λ=0.3750 → flips=1656
[iter 3] λ=0.4375 → flips=1948
[iter 4] λ=0.4688 → flips=2127
[iter 5] λ=0.4531 → flips=2070
[iter 6] λ=0.4453 → flips=1993
[iter 7] λ=0.4492 → flips=2033
[iter 8] λ=0.4473 → flips=2020
[iter 9] λ=0.4463 → flips=2009
[iter 10] λ=0.4458 → flips=1999
[iter 11] λ=0.4460 → flips=2004
[iter 12] λ=0.4459 → flips=2002
[iter 13] λ=0.4459 → flips=2002
[iter 14] λ=0.4458 → flips=2001
[iter 15] λ=0.4458 → flips=2001
[iter 16] λ=0.4458 → flips=1999
[iter 17] λ=0.4458 → flips=1999
[iter 18] λ=0.4458 → flips=2001
[iter 19] λ=0.4458 → flips=2001

Best λ=0.4458 → flips=1999, correct=1856/2000
Number of flips performed: 1999
Metrics: {'precision': 0.928464232116058, 'recall': 0.928, 'f1': 0.9282320580145037, 'TP': 1856, 'FP': 143, 'FN': 144}
[Elbow detection] flip ≈ 2031, λ ≈ 0.44897959183673464
Number of flips performed (elbow): 2031
Elbow Metrics: {'precision': 0.9222058099458394, 'recall': 0.9365, 'f1': 0.9292979409575788, 'TP': 1873, 'FP': 158, 'FN': 127}
