Matrix saved as results/152/corrupt1000/r010.3_r100.3/original_matrix.svg
Matrix saved as results/152/corrupt1000/r010.3_r100.3/corrupted.svg
[iter 0] λ=0.5000 → flips=31
[iter 1] λ=0.7500 → flips=616
[iter 2] λ=0.8750 → flips=3409
[iter 3] λ=0.8125 → flips=872
[iter 4] λ=0.8438 → flips=993
[iter 5] λ=0.8594 → flips=1126
[iter 6] λ=0.8516 → flips=1126
[iter 7] λ=0.8477 → flips=1112
[iter 8] λ=0.8457 → flips=1112
[iter 9] λ=0.8447 → flips=1112
[iter 10] λ=0.8442 → flips=993
[iter 11] λ=0.8445 → flips=993
[iter 12] λ=0.8446 → flips=993
[iter 13] λ=0.8447 → flips=1112
[iter 14] λ=0.8446 → flips=993
[iter 15] λ=0.8447 → flips=1112
[iter 16] λ=0.8446 → flips=993
[iter 17] λ=0.8446 → flips=1112
[iter 18] λ=0.8446 → flips=993
[iter 19] λ=0.8446 → flips=993

Best λ=0.8438 → flips=993, correct=648/1000
Number of flips performed: 993
Matrix saved as results/152/corrupt1000/r010.3_r100.3/flipped_matrix.svg
Metrics: {'precision': 0.6525679758308157, 'recall': 0.648, 'f1': 0.650275965880582, 'TP': 648, 'FP': 345, 'FN': 352}
[Elbow detection] flip ≈ 872, λ ≈ 0.8163265306122448
Number of flips performed (elbow): 872
Matrix saved as results/152/corrupt1000/r010.3_r100.3/flipped_matrix_elbow.svg
Elbow Metrics: {'precision': 0.7018348623853211, 'recall': 0.612, 'f1': 0.6538461538461539, 'TP': 612, 'FP': 260, 'FN': 388}
