Matrix saved as results/86/corrupt10/r010.6_r100.6/original_matrix.png
Matrix saved as results/86/corrupt10/r010.6_r100.6/corrupted.png
[iter 0] λ=0.5000 → flips=20
[iter 1] λ=0.2500 → flips=0
[iter 2] λ=0.3750 → flips=7
[iter 3] λ=0.4375 → flips=16
[iter 4] λ=0.4062 → flips=16
[iter 5] λ=0.3906 → flips=14
[iter 6] λ=0.3828 → flips=14
[iter 7] λ=0.3789 → flips=12
[iter 8] λ=0.3770 → flips=9
[iter 9] λ=0.3779 → flips=11
[iter 10] λ=0.3774 → flips=10

Best λ=0.3774 → flips=10, correct=5/10
Number of flips performed: 10
Cell (Nymphalis_polychloros,Boraginaceae): 0 -> 1
Cell (Nymphalis_antiopa,Salicaceae): 0 -> 1
Cell (Polygonia_oreas,Smilacaceae): 0 -> 1
Cell (Polygonia_oreas,Fabaceae): 0 -> 1
Cell (Polygonia_oreas,Asteraceae): 0 -> 1
Cell (Polygonia_progne,Salicaceae): 0 -> 1
Cell (Polygonia_zephyrus,Rosaceae): 0 -> 1
Cell (Polygonia_zephyrus,Grossulariaceae): 0 -> 1
Cell (Polygonia_zephyrus,Plantaginaceae): 0 -> 1
Cell (Polygonia_gracilis,Ulmaceae): 0 -> 1
Matrix saved as results/86/corrupt10/r010.6_r100.6/flipped_matrix.png
Metrics: {'precision': 0.5, 'recall': 0.5, 'f1': 0.5, 'TP': 5, 'FP': 5, 'FN': 5}
[Elbow detection] flip ≈ 32, λ ≈ 0.6122448979591836
Number of flips performed (elbow): 32
Cell (Nymphalis_l_album,Amborellaceae): 0 -> 1
Cell (Nymphalis_l_album,Schisandraceae): 0 -> 1
Cell (Nymphalis_l_album,Potamogetonaceae): 0 -> 1
Cell (Nymphalis_l_album,Ceratophyllaceae): 0 -> 1
Cell (Nymphalis_l_album,Ulmaceae): 0 -> 1
Cell (Nymphalis_l_album,Urticaceae): 0 -> 1
Cell (Nymphalis_l_album,Grossulariaceae): 0 -> 1
Cell (Nymphalis_polychloros,Rosaceae): 0 -> 1
Cell (Nymphalis_polychloros,Urticaceae): 0 -> 1
Cell (Nymphalis_polychloros,Grossulariaceae): 0 -> 1
Cell (Nymphalis_polychloros,Boraginaceae): 0 -> 1
Cell (Nymphalis_californica,Amborellaceae): 0 -> 1
Cell (Nymphalis_californica,Rosaceae): 0 -> 1
Cell (Nymphalis_californica,Urticaceae): 0 -> 1
Cell (Nymphalis_californica,Betulaceae): 0 -> 1
Cell (Nymphalis_xanthomelas,Amborellaceae): 0 -> 1
Cell (Nymphalis_xanthomelas,Betulaceae): 0 -> 1
Cell (Nymphalis_antiopa,Salicaceae): 0 -> 1
Cell (Nymphalis_antiopa,Malvaceae): 0 -> 1
Cell (Polygonia_oreas,Smilacaceae): 0 -> 1
Cell (Polygonia_oreas,Fabaceae): 0 -> 1
Cell (Polygonia_oreas,Asteraceae): 0 -> 1
Cell (Polygonia_progne,Salicaceae): 0 -> 1
Cell (Polygonia_zephyrus,Nymphaeaceae): 0 -> 1
Cell (Polygonia_zephyrus,Rosaceae): 0 -> 1
Cell (Polygonia_zephyrus,Cannabaceae): 0 -> 1
Cell (Polygonia_zephyrus,Urticaceae): 0 -> 1
Cell (Polygonia_zephyrus,Grossulariaceae): 0 -> 1
Cell (Polygonia_zephyrus,Plantaginaceae): 0 -> 1
Cell (Polygonia_gracilis,Nymphaeaceae): 0 -> 1
Cell (Polygonia_gracilis,Aristolochiaceae): 0 -> 1
Cell (Polygonia_gracilis,Ulmaceae): 0 -> 1
Matrix saved as results/86/corrupt10/r010.6_r100.6/flipped_matrix_elbow.png
Elbow Metrics: {'precision': 0.21875, 'recall': 0.7, 'f1': 0.3333333333333333, 'TP': 7, 'FP': 25, 'FN': 3}
