Matrix saved as ml_parsimony_matrices/seed119_ratio1.3667.png
Matrix saved as results/119/corrupt10/r010.3_r100.5/original_matrix.png
Matrix saved as results/119/corrupt10/r010.3_r100.5/corrupted.png
[iter 0] λ=0.5000 → flips=32
[iter 1] λ=0.2500 → flips=0
[iter 2] λ=0.3750 → flips=26
[iter 3] λ=0.3125 → flips=0
[iter 4] λ=0.3438 → flips=0
[iter 5] λ=0.3594 → flips=4
[iter 6] λ=0.3672 → flips=13
[iter 7] λ=0.3633 → flips=6
[iter 8] λ=0.3652 → flips=8
[iter 9] λ=0.3662 → flips=11
[iter 10] λ=0.3657 → flips=8
[iter 11] λ=0.3660 → flips=9
[iter 12] λ=0.3661 → flips=11
[iter 13] λ=0.3660 → flips=10

Best λ=0.3660 → flips=10, correct=7/10
Number of flips performed: 10
Cell (Hypanartia_lethe,Ulmaceae): 0 -> 1
Cell (Vanessa_cardui,Ulmaceae): 0 -> 1
Cell (Aglais_milberti,Grossulariaceae): 0 -> 1
Cell (Nymphalis_antiopa,Grossulariaceae): 0 -> 1
Cell (Polygonia_c_aureum,Fabaceae): 0 -> 1
Cell (Polygonia_oreas,Rosaceae): 0 -> 1
Cell (Polygonia_progne,Siparunaceae): 0 -> 1
Cell (Polygonia_progne,Malvaceae): 0 -> 1
Cell (Polygonia_progne,Grossulariaceae): 0 -> 1
Cell (Polygonia_zephyrus,Boraginaceae): 0 -> 1
Matrix saved as results/119/corrupt10/r010.3_r100.5/flipped_matrix.png
Metrics: {'precision': 0.7, 'recall': 0.7, 'f1': 0.7, 'TP': 7, 'FP': 3, 'FN': 3}
[Elbow detection] λ ≈ 0.383 (cutoff=0.360)
Elbow Metrics: {'precision': 0.3448275862068966, 'recall': 1.0, 'f1': 0.5128205128205129, 'TP': 10, 'FP': 19, 'FN': 0}
