Matrix saved as results/119/corrupt800/r010.3_r100.5/original_matrix.svg
Matrix saved as results/119/corrupt800/r010.3_r100.5/corrupted.svg
[iter 0] λ=0.5000 → flips=3
[iter 1] λ=0.7500 → flips=176
[iter 2] λ=0.8750 → flips=3237
[iter 3] λ=0.8125 → flips=579
[iter 4] λ=0.8438 → flips=1491
[iter 5] λ=0.8281 → flips=1119
[iter 6] λ=0.8203 → flips=816
[iter 7] λ=0.8164 → flips=587
[iter 8] λ=0.8184 → flips=816
[iter 9] λ=0.8174 → flips=595
[iter 10] λ=0.8179 → flips=642
[iter 11] λ=0.8181 → flips=642
[iter 12] λ=0.8182 → flips=816
[iter 13] λ=0.8182 → flips=642
[iter 14] λ=0.8182 → flips=642
[iter 15] λ=0.8182 → flips=816
[iter 16] λ=0.8182 → flips=642
[iter 17] λ=0.8182 → flips=642
[iter 18] λ=0.8182 → flips=642
[iter 19] λ=0.8182 → flips=816

Best λ=0.8203 → flips=816, correct=345/800
Number of flips performed: 816
Matrix saved as results/119/corrupt800/r010.3_r100.5/flipped_matrix.svg
Metrics: {'precision': 0.4227941176470588, 'recall': 0.43125, 'f1': 0.426980198019802, 'TP': 345, 'FP': 471, 'FN': 455}
[Elbow detection] flip ≈ 1458, λ ≈ 0.836734693877551
Number of flips performed (elbow): 1458
Matrix saved as results/119/corrupt800/r010.3_r100.5/flipped_matrix_elbow.svg
Elbow Metrics: {'precision': 0.37037037037037035, 'recall': 0.675, 'f1': 0.47829937998228517, 'TP': 540, 'FP': 918, 'FN': 260}
