Matrix saved as results/9/corrupt1000/r010.5_r100.7/original_matrix.svg
Matrix saved as results/9/corrupt1000/r010.5_r100.7/corrupted.svg
[iter 0] λ=0.5000 → flips=137
[iter 1] λ=0.7500 → flips=1626
[iter 2] λ=0.6250 → flips=496
[iter 3] λ=0.6875 → flips=1074
[iter 4] λ=0.6562 → flips=714
[iter 5] λ=0.6719 → flips=873
[iter 6] λ=0.6797 → flips=1051
[iter 7] λ=0.6758 → flips=1028
[iter 8] λ=0.6738 → flips=938
[iter 9] λ=0.6748 → flips=983
[iter 10] λ=0.6753 → flips=986
[iter 11] λ=0.6755 → flips=1028
[iter 12] λ=0.6754 → flips=986
[iter 13] λ=0.6755 → flips=986
[iter 14] λ=0.6755 → flips=1028
[iter 15] λ=0.6755 → flips=1028
[iter 16] λ=0.6755 → flips=986
[iter 17] λ=0.6755 → flips=986
[iter 18] λ=0.6755 → flips=1028
[iter 19] λ=0.6755 → flips=1028

Best λ=0.6753 → flips=986, correct=667/1000
Number of flips performed: 986
Matrix saved as results/9/corrupt1000/r010.5_r100.7/flipped_matrix.svg
Metrics: {'precision': 0.6764705882352942, 'recall': 0.667, 'f1': 0.6717019133937563, 'TP': 667, 'FP': 319, 'FN': 333}
[Elbow detection] flip ≈ 1519, λ ≈ 0.7346938775510203
Number of flips performed (elbow): 1519
Matrix saved as results/9/corrupt1000/r010.5_r100.7/flipped_matrix_elbow.svg
Elbow Metrics: {'precision': 0.5595786701777485, 'recall': 0.85, 'f1': 0.6748709805478363, 'TP': 850, 'FP': 669, 'FN': 150}
