Matrix saved as results/75/corrupt100/r010.4_r100.7/original_matrix.png
Matrix saved as results/75/corrupt100/r010.4_r100.7/corrupted.png
[iter 0] λ=0.5000 → flips=159
[iter 1] λ=0.2500 → flips=0
[iter 2] λ=0.3750 → flips=65
[iter 3] λ=0.4375 → flips=142
[iter 4] λ=0.4062 → flips=121
[iter 5] λ=0.3906 → flips=118
[iter 6] λ=0.3828 → flips=107
[iter 7] λ=0.3789 → flips=96
[iter 8] λ=0.3809 → flips=101
[iter 9] λ=0.3799 → flips=98
[iter 10] λ=0.3804 → flips=99
[iter 11] λ=0.3806 → flips=101
[iter 12] λ=0.3805 → flips=101
[iter 13] λ=0.3804 → flips=100

Best λ=0.3804 → flips=100, correct=65/100
Number of flips performed: 100
Cell (Hypanartia_lethe,Malvaceae): 0 -> 1
Cell (Hypanartia_bella,Grossulariaceae): 0 -> 1
Cell (Vanessa_itea,Ulmaceae): 0 -> 1
Cell (Vanessa_itea,Plantaginaceae): 0 -> 1
Cell (Vanessa_annabella,Urticaceae): 0 -> 1
Cell (Vanessa_hippomene,Siparunaceae): 0 -> 1
Cell (Vanessa_hippomene,Rhamnaceae): 0 -> 1
Cell (Vanessa_hippomene,Asteraceae): 0 -> 1
Cell (Vanessa_dimorphica,Aristolochiaceae): 0 -> 1
Cell (Vanessa_dimorphica,Acoraceae): 0 -> 1
Cell (Vanessa_dimorphica,Rosaceae): 0 -> 1
Cell (Vanessa_dimorphica,Grossulariaceae): 0 -> 1
Cell (Vanessa_dimorphica,Ericaceae): 0 -> 1
Cell (Vanessa_kershawi,Fabaceae): 0 -> 1
Cell (Vanessa_cardui,Amborellaceae): 0 -> 1
Cell (Vanessa_cardui,Siparunaceae): 0 -> 1
Cell (Vanessa_cardui,Rhamnaceae): 0 -> 1
Cell (Vanessa_virginiensis,Smilacaceae): 0 -> 1
Cell (Vanessa_virginiensis,Rhamnaceae): 0 -> 1
Cell (Vanessa_virginiensis,Urticaceae): 0 -> 1
Cell (Vanessa_virginiensis,Salicaceae): 0 -> 1
Cell (Vanessa_virginiensis,Grossulariaceae): 0 -> 1
Cell (Vanessa_virginiensis,Asteraceae): 0 -> 1
Cell (Vanessa_abyssinica,Salicaceae): 0 -> 1
Cell (Vanessa_abyssinica,Asteraceae): 0 -> 1
Cell (Vanessa_abyssinica,Boraginaceae): 0 -> 1
Cell (Vanessa_tameamea,Aristolochiaceae): 0 -> 1
Cell (Vanessa_tameamea,Typhaceae): 0 -> 1
Cell (Vanessa_tameamea,Urticaceae): 0 -> 1
Cell (Vanessa_tameamea,Asteraceae): 0 -> 1
Cell (Vanessa_indica,Smilacaceae): 0 -> 1
Cell (Vanessa_indica,Potamogetonaceae): 0 -> 1
Cell (Vanessa_indica,Ericaceae): 0 -> 1
Cell (Antanartia_delius,Ulmaceae): 0 -> 1
Cell (Aglais_io,Rosaceae): 0 -> 1
Cell (Aglais_milberti,Acoraceae): 0 -> 1
Cell (Aglais_milberti,Rosaceae): 0 -> 1
Cell (Aglais_milberti,Salicaceae): 0 -> 1
Cell (Aglais_milberti,Boraginaceae): 0 -> 1
Cell (Aglais_urticae,Siparunaceae): 0 -> 1
Cell (Aglais_urticae,Chloranthaceae): 0 -> 1
Cell (Aglais_urticae,Malvaceae): 0 -> 1
Cell (Aglais_urticae,Plantaginaceae): 0 -> 1
Cell (Kaniska_canace,Malvaceae): 0 -> 1
Cell (Nymphalis_l_album,Rhamnaceae): 0 -> 1
Cell (Nymphalis_l_album,Asteraceae): 0 -> 1
Cell (Nymphalis_polychloros,Ceratophyllaceae): 0 -> 1
Cell (Nymphalis_polychloros,Cannabaceae): 0 -> 1
Cell (Nymphalis_polychloros,Ericaceae): 0 -> 1
Cell (Nymphalis_californica,Chloranthaceae): 0 -> 1
Cell (Nymphalis_californica,Acoraceae): 0 -> 1
Cell (Nymphalis_californica,Betulaceae): 0 -> 1
Cell (Nymphalis_californica,Ericaceae): 0 -> 1
Cell (Nymphalis_californica,Asteraceae): 0 -> 1
Cell (Nymphalis_xanthomelas,Schisandraceae): 0 -> 1
Cell (Nymphalis_xanthomelas,Chloranthaceae): 0 -> 1
Cell (Nymphalis_xanthomelas,Plantaginaceae): 0 -> 1
Cell (Nymphalis_antiopa,Amborellaceae): 0 -> 1
Cell (Nymphalis_antiopa,Aristolochiaceae): 0 -> 1
Cell (Nymphalis_antiopa,Smilacaceae): 0 -> 1
Cell (Nymphalis_antiopa,Asteraceae): 0 -> 1
Cell (Nymphalis_antiopa,Boraginaceae): 0 -> 1
Cell (Polygonia_c_aureum,Fabaceae): 0 -> 1
Cell (Polygonia_c_aureum,Rhamnaceae): 0 -> 1
Cell (Polygonia_c_aureum,Urticaceae): 0 -> 1
Cell (Polygonia_c_aureum,Plantaginaceae): 0 -> 1
Cell (Polygonia_egea,Aristolochiaceae): 0 -> 1
Cell (Polygonia_egea,Potamogetonaceae): 0 -> 1
Cell (Polygonia_egea,Rosaceae): 0 -> 1
Cell (Polygonia_egea,Urticaceae): 0 -> 1
Cell (Polygonia_egea,Betulaceae): 0 -> 1
Cell (Polygonia_faunus,Smilacaceae): 0 -> 1
Cell (Polygonia_c_album,Schisandraceae): 0 -> 1
Cell (Polygonia_satyrus,Amborellaceae): 0 -> 1
Cell (Polygonia_satyrus,Acoraceae): 0 -> 1
Cell (Polygonia_satyrus,Asteraceae): 0 -> 1
Cell (Polygonia_satyrus,Boraginaceae): 0 -> 1
Cell (Polygonia_interrogationis,Amborellaceae): 0 -> 1
Cell (Polygonia_interrogationis,Asteraceae): 0 -> 1
Cell (Polygonia_comma,Chloranthaceae): 0 -> 1
Cell (Polygonia_comma,Potamogetonaceae): 0 -> 1
Cell (Polygonia_comma,Fabaceae): 0 -> 1
Cell (Polygonia_comma,Betulaceae): 0 -> 1
Cell (Polygonia_comma,Malvaceae): 0 -> 1
Cell (Polygonia_comma,Grossulariaceae): 0 -> 1
Cell (Polygonia_comma,Plantaginaceae): 0 -> 1
Cell (Polygonia_oreas,Nymphaeaceae): 0 -> 1
Cell (Polygonia_oreas,Chloranthaceae): 0 -> 1
Cell (Polygonia_oreas,Typhaceae): 0 -> 1
Cell (Polygonia_oreas,Cannabaceae): 0 -> 1
Cell (Polygonia_oreas,Malvaceae): 0 -> 1
Cell (Polygonia_oreas,Plantaginaceae): 0 -> 1
Cell (Polygonia_progne,Smilacaceae): 0 -> 1
Cell (Polygonia_progne,Rosaceae): 0 -> 1
Cell (Polygonia_progne,Grossulariaceae): 0 -> 1
Cell (Polygonia_progne,Ericaceae): 0 -> 1
Cell (Polygonia_zephyrus,Aristolochiaceae): 0 -> 1
Cell (Polygonia_zephyrus,Rhamnaceae): 0 -> 1
Cell (Polygonia_gracilis,Fabaceae): 0 -> 1
Cell (Polygonia_gracilis,Betulaceae): 0 -> 1
Matrix saved as results/75/corrupt100/r010.4_r100.7/flipped_matrix.png
Metrics: {'precision': 0.65, 'recall': 0.65, 'f1': 0.65, 'TP': 65, 'FP': 35, 'FN': 35}
[Elbow detection] flip ≈ 121, λ ≈ 0.4081632653061224
Number of flips performed (elbow): 121
Cell (Hypanartia_lethe,Acoraceae): 0 -> 1
Cell (Hypanartia_lethe,Malvaceae): 0 -> 1
Cell (Hypanartia_bella,Potamogetonaceae): 0 -> 1
Cell (Hypanartia_bella,Grossulariaceae): 0 -> 1
Cell (Vanessa_itea,Aristolochiaceae): 0 -> 1
Cell (Vanessa_itea,Smilacaceae): 0 -> 1
Cell (Vanessa_itea,Ulmaceae): 0 -> 1
Cell (Vanessa_itea,Betulaceae): 0 -> 1
Cell (Vanessa_itea,Malvaceae): 0 -> 1
Cell (Vanessa_itea,Plantaginaceae): 0 -> 1
Cell (Vanessa_annabella,Chloranthaceae): 0 -> 1
Cell (Vanessa_annabella,Acoraceae): 0 -> 1
Cell (Vanessa_annabella,Urticaceae): 0 -> 1
Cell (Vanessa_annabella,Ericaceae): 0 -> 1
Cell (Vanessa_hippomene,Siparunaceae): 0 -> 1
Cell (Vanessa_hippomene,Rhamnaceae): 0 -> 1
Cell (Vanessa_hippomene,Asteraceae): 0 -> 1
Cell (Vanessa_dimorphica,Aristolochiaceae): 0 -> 1
Cell (Vanessa_dimorphica,Acoraceae): 0 -> 1
Cell (Vanessa_dimorphica,Rosaceae): 0 -> 1
Cell (Vanessa_dimorphica,Grossulariaceae): 0 -> 1
Cell (Vanessa_dimorphica,Ericaceae): 0 -> 1
Cell (Vanessa_kershawi,Fabaceae): 0 -> 1
Cell (Vanessa_cardui,Amborellaceae): 0 -> 1
Cell (Vanessa_cardui,Siparunaceae): 0 -> 1
Cell (Vanessa_cardui,Rhamnaceae): 0 -> 1
Cell (Vanessa_virginiensis,Smilacaceae): 0 -> 1
Cell (Vanessa_virginiensis,Rhamnaceae): 0 -> 1
Cell (Vanessa_virginiensis,Urticaceae): 0 -> 1
Cell (Vanessa_virginiensis,Salicaceae): 0 -> 1
Cell (Vanessa_virginiensis,Grossulariaceae): 0 -> 1
Cell (Vanessa_virginiensis,Asteraceae): 0 -> 1
Cell (Vanessa_abyssinica,Acoraceae): 0 -> 1
Cell (Vanessa_abyssinica,Salicaceae): 0 -> 1
Cell (Vanessa_abyssinica,Asteraceae): 0 -> 1
Cell (Vanessa_abyssinica,Boraginaceae): 0 -> 1
Cell (Vanessa_tameamea,Aristolochiaceae): 0 -> 1
Cell (Vanessa_tameamea,Typhaceae): 0 -> 1
Cell (Vanessa_tameamea,Urticaceae): 0 -> 1
Cell (Vanessa_tameamea,Asteraceae): 0 -> 1
Cell (Vanessa_indica,Amborellaceae): 0 -> 1
Cell (Vanessa_indica,Schisandraceae): 0 -> 1
Cell (Vanessa_indica,Smilacaceae): 0 -> 1
Cell (Vanessa_indica,Potamogetonaceae): 0 -> 1
Cell (Vanessa_indica,Ericaceae): 0 -> 1
Cell (Antanartia_delius,Nymphaeaceae): 0 -> 1
Cell (Antanartia_delius,Rosaceae): 0 -> 1
Cell (Antanartia_delius,Ulmaceae): 0 -> 1
Cell (Antanartia_delius,Betulaceae): 0 -> 1
Cell (Antanartia_delius,Malvaceae): 0 -> 1
Cell (Antanartia_delius,Grossulariaceae): 0 -> 1
Cell (Antanartia_delius,Asteraceae): 0 -> 1
Cell (Aglais_io,Chloranthaceae): 0 -> 1
Cell (Aglais_io,Rosaceae): 0 -> 1
Cell (Aglais_milberti,Acoraceae): 0 -> 1
Cell (Aglais_milberti,Rosaceae): 0 -> 1
Cell (Aglais_milberti,Salicaceae): 0 -> 1
Cell (Aglais_milberti,Boraginaceae): 0 -> 1
Cell (Aglais_urticae,Siparunaceae): 0 -> 1
Cell (Aglais_urticae,Chloranthaceae): 0 -> 1
Cell (Aglais_urticae,Malvaceae): 0 -> 1
Cell (Aglais_urticae,Plantaginaceae): 0 -> 1
Cell (Kaniska_canace,Nymphaeaceae): 0 -> 1
Cell (Kaniska_canace,Malvaceae): 0 -> 1
Cell (Nymphalis_l_album,Potamogetonaceae): 0 -> 1
Cell (Nymphalis_l_album,Rhamnaceae): 0 -> 1
Cell (Nymphalis_l_album,Asteraceae): 0 -> 1
Cell (Nymphalis_polychloros,Ceratophyllaceae): 0 -> 1
Cell (Nymphalis_polychloros,Cannabaceae): 0 -> 1
Cell (Nymphalis_polychloros,Ericaceae): 0 -> 1
Cell (Nymphalis_californica,Chloranthaceae): 0 -> 1
Cell (Nymphalis_californica,Acoraceae): 0 -> 1
Cell (Nymphalis_californica,Betulaceae): 0 -> 1
Cell (Nymphalis_californica,Ericaceae): 0 -> 1
Cell (Nymphalis_californica,Asteraceae): 0 -> 1
Cell (Nymphalis_xanthomelas,Schisandraceae): 0 -> 1
Cell (Nymphalis_xanthomelas,Chloranthaceae): 0 -> 1
Cell (Nymphalis_xanthomelas,Plantaginaceae): 0 -> 1
Cell (Nymphalis_antiopa,Amborellaceae): 0 -> 1
Cell (Nymphalis_antiopa,Aristolochiaceae): 0 -> 1
Cell (Nymphalis_antiopa,Smilacaceae): 0 -> 1
Cell (Nymphalis_antiopa,Asteraceae): 0 -> 1
Cell (Nymphalis_antiopa,Boraginaceae): 0 -> 1
Cell (Polygonia_c_aureum,Fabaceae): 0 -> 1
Cell (Polygonia_c_aureum,Rhamnaceae): 0 -> 1
Cell (Polygonia_c_aureum,Urticaceae): 0 -> 1
Cell (Polygonia_c_aureum,Plantaginaceae): 0 -> 1
Cell (Polygonia_egea,Aristolochiaceae): 0 -> 1
Cell (Polygonia_egea,Potamogetonaceae): 0 -> 1
Cell (Polygonia_egea,Rosaceae): 0 -> 1
Cell (Polygonia_egea,Urticaceae): 0 -> 1
Cell (Polygonia_egea,Betulaceae): 0 -> 1
Cell (Polygonia_faunus,Smilacaceae): 0 -> 1
Cell (Polygonia_c_album,Schisandraceae): 0 -> 1
Cell (Polygonia_satyrus,Amborellaceae): 0 -> 1
Cell (Polygonia_satyrus,Acoraceae): 0 -> 1
Cell (Polygonia_satyrus,Asteraceae): 0 -> 1
Cell (Polygonia_satyrus,Boraginaceae): 0 -> 1
Cell (Polygonia_interrogationis,Amborellaceae): 0 -> 1
Cell (Polygonia_interrogationis,Asteraceae): 0 -> 1
Cell (Polygonia_comma,Chloranthaceae): 0 -> 1
Cell (Polygonia_comma,Potamogetonaceae): 0 -> 1
Cell (Polygonia_comma,Fabaceae): 0 -> 1
Cell (Polygonia_comma,Betulaceae): 0 -> 1
Cell (Polygonia_comma,Malvaceae): 0 -> 1
Cell (Polygonia_comma,Grossulariaceae): 0 -> 1
Cell (Polygonia_comma,Plantaginaceae): 0 -> 1
Cell (Polygonia_oreas,Nymphaeaceae): 0 -> 1
Cell (Polygonia_oreas,Chloranthaceae): 0 -> 1
Cell (Polygonia_oreas,Typhaceae): 0 -> 1
Cell (Polygonia_oreas,Cannabaceae): 0 -> 1
Cell (Polygonia_oreas,Malvaceae): 0 -> 1
Cell (Polygonia_oreas,Plantaginaceae): 0 -> 1
Cell (Polygonia_progne,Smilacaceae): 0 -> 1
Cell (Polygonia_progne,Rosaceae): 0 -> 1
Cell (Polygonia_progne,Grossulariaceae): 0 -> 1
Cell (Polygonia_progne,Ericaceae): 0 -> 1
Cell (Polygonia_zephyrus,Aristolochiaceae): 0 -> 1
Cell (Polygonia_zephyrus,Rhamnaceae): 0 -> 1
Cell (Polygonia_gracilis,Fabaceae): 0 -> 1
Cell (Polygonia_gracilis,Betulaceae): 0 -> 1
Matrix saved as results/75/corrupt100/r010.4_r100.7/flipped_matrix_elbow.png
Elbow Metrics: {'precision': 0.6446280991735537, 'recall': 0.78, 'f1': 0.7058823529411764, 'TP': 78, 'FP': 43, 'FN': 22}
