Matrix saved as results/42/corrupt10/r010.6_r100.3/original_matrix.png
Matrix saved as results/42/corrupt10/r010.6_r100.3/corrupted.png
[iter 0] λ=0.5000 → flips=25
[iter 1] λ=0.2500 → flips=0
[iter 2] λ=0.3750 → flips=20
[iter 3] λ=0.3125 → flips=0
[iter 4] λ=0.3438 → flips=0
[iter 5] λ=0.3594 → flips=7
[iter 6] λ=0.3672 → flips=18
[iter 7] λ=0.3633 → flips=11
[iter 8] λ=0.3613 → flips=9
[iter 9] λ=0.3623 → flips=10

Best λ=0.3623 → flips=10, correct=3/10
Number of flips performed: 10
Cell (Nymphalis_polychloros,Urticaceae): 0 -> 1
Cell (Nymphalis_xanthomelas,Plantaginaceae): 0 -> 1
Cell (Nymphalis_antiopa,Rosaceae): 0 -> 1
Cell (Nymphalis_antiopa,Boraginaceae): 0 -> 1
Cell (Polygonia_satyrus,Plantaginaceae): 0 -> 1
Cell (Polygonia_comma,Cannabaceae): 0 -> 1
Cell (Polygonia_oreas,Boraginaceae): 0 -> 1
Cell (Polygonia_progne,Betulaceae): 0 -> 1
Cell (Polygonia_zephyrus,Urticaceae): 0 -> 1
Cell (Polygonia_gracilis,Smilacaceae): 0 -> 1
Matrix saved as results/42/corrupt10/r010.6_r100.3/flipped_matrix.png
Metrics: {'precision': 0.3, 'recall': 0.3, 'f1': 0.3, 'TP': 3, 'FP': 7, 'FN': 7}
[Elbow detection] flip ≈ 25, λ ≈ 0.44897959183673464
Number of flips performed (elbow): 25
Cell (Kaniska_canace,Typhaceae): 0 -> 1
Cell (Kaniska_canace,Plantaginaceae): 0 -> 1
Cell (Kaniska_canace,Boraginaceae): 0 -> 1
Cell (Nymphalis_l_album,Typhaceae): 0 -> 1
Cell (Nymphalis_l_album,Fabaceae): 0 -> 1
Cell (Nymphalis_l_album,Rosaceae): 0 -> 1
Cell (Nymphalis_polychloros,Nymphaeaceae): 0 -> 1
Cell (Nymphalis_polychloros,Urticaceae): 0 -> 1
Cell (Nymphalis_polychloros,Asteraceae): 0 -> 1
Cell (Nymphalis_californica,Ericaceae): 0 -> 1
Cell (Nymphalis_xanthomelas,Smilacaceae): 0 -> 1
Cell (Nymphalis_xanthomelas,Malvaceae): 0 -> 1
Cell (Nymphalis_xanthomelas,Plantaginaceae): 0 -> 1
Cell (Nymphalis_antiopa,Rosaceae): 0 -> 1
Cell (Nymphalis_antiopa,Boraginaceae): 0 -> 1
Cell (Polygonia_c_aureum,Plantaginaceae): 0 -> 1
Cell (Polygonia_satyrus,Plantaginaceae): 0 -> 1
Cell (Polygonia_comma,Siparunaceae): 0 -> 1
Cell (Polygonia_comma,Cannabaceae): 0 -> 1
Cell (Polygonia_oreas,Chloranthaceae): 0 -> 1
Cell (Polygonia_oreas,Boraginaceae): 0 -> 1
Cell (Polygonia_progne,Betulaceae): 0 -> 1
Cell (Polygonia_progne,Malvaceae): 0 -> 1
Cell (Polygonia_zephyrus,Urticaceae): 0 -> 1
Cell (Polygonia_gracilis,Smilacaceae): 0 -> 1
Matrix saved as results/42/corrupt10/r010.6_r100.3/flipped_matrix_elbow.png
Elbow Metrics: {'precision': 0.36, 'recall': 0.9, 'f1': 0.5142857142857143, 'TP': 9, 'FP': 16, 'FN': 1}
