Matrix saved as results/20/corrupt1000/r010.7_r100.7/original_matrix.svg
Matrix saved as results/20/corrupt1000/r010.7_r100.7/corrupted.svg
[iter 0] λ=0.5000 → flips=18
[iter 1] λ=0.7500 → flips=915
[iter 2] λ=0.8750 → flips=3638
[iter 3] λ=0.8125 → flips=2503
[iter 4] λ=0.7812 → flips=1228
[iter 5] λ=0.7656 → flips=1060
[iter 6] λ=0.7578 → flips=1016
[iter 7] λ=0.7539 → flips=1003
[iter 8] λ=0.7520 → flips=1001
[iter 9] λ=0.7510 → flips=915
[iter 10] λ=0.7515 → flips=915
[iter 11] λ=0.7517 → flips=1001
[iter 12] λ=0.7516 → flips=921
[iter 13] λ=0.7516 → flips=921
[iter 14] λ=0.7517 → flips=1001
[iter 15] λ=0.7517 → flips=923
[iter 16] λ=0.7517 → flips=923
[iter 17] λ=0.7517 → flips=1001
[iter 18] λ=0.7517 → flips=923
[iter 19] λ=0.7517 → flips=923

Best λ=0.7520 → flips=1001, correct=598/1000
Number of flips performed: 1001
Matrix saved as results/20/corrupt1000/r010.7_r100.7/flipped_matrix.svg
Metrics: {'precision': 0.5974025974025974, 'recall': 0.598, 'f1': 0.5977011494252874, 'TP': 598, 'FP': 403, 'FN': 402}
[Elbow detection] flip ≈ 1003, λ ≈ 0.7551020408163265
Number of flips performed (elbow): 1003
Matrix saved as results/20/corrupt1000/r010.7_r100.7/flipped_matrix_elbow.svg
Elbow Metrics: {'precision': 0.5972083748753739, 'recall': 0.599, 'f1': 0.5981028457314029, 'TP': 599, 'FP': 404, 'FN': 401}
