Matrix saved as results/152/corrupt800/r010.6_r100.6/original_matrix.svg
Matrix saved as results/152/corrupt800/r010.6_r100.6/corrupted.svg
[iter 0] λ=0.5000 → flips=42
[iter 1] λ=0.7500 → flips=561
[iter 2] λ=0.8750 → flips=2004
[iter 3] λ=0.8125 → flips=735
[iter 4] λ=0.8438 → flips=1003
[iter 5] λ=0.8281 → flips=785
[iter 6] λ=0.8359 → flips=838
[iter 7] λ=0.8320 → flips=838
[iter 8] λ=0.8301 → flips=806
[iter 9] λ=0.8291 → flips=787
[iter 10] λ=0.8296 → flips=787
[iter 11] λ=0.8298 → flips=904
[iter 12] λ=0.8297 → flips=806
[iter 13] λ=0.8297 → flips=904
[iter 14] λ=0.8296 → flips=806
[iter 15] λ=0.8296 → flips=806
[iter 16] λ=0.8296 → flips=787
[iter 17] λ=0.8296 → flips=806
[iter 18] λ=0.8296 → flips=787
[iter 19] λ=0.8296 → flips=787

Best λ=0.8301 → flips=806, correct=527/800
Number of flips performed: 806
Matrix saved as results/152/corrupt800/r010.6_r100.6/flipped_matrix.svg
Metrics: {'precision': 0.6538461538461539, 'recall': 0.65875, 'f1': 0.6562889165628892, 'TP': 527, 'FP': 279, 'FN': 273}
[Elbow detection] flip ≈ 769, λ ≈ 0.8163265306122448
Number of flips performed (elbow): 769
Matrix saved as results/152/corrupt800/r010.6_r100.6/flipped_matrix_elbow.svg
Elbow Metrics: {'precision': 0.6631989596879063, 'recall': 0.6375, 'f1': 0.6500956022944551, 'TP': 510, 'FP': 259, 'FN': 290}
