[iter 0] λ=0.5000 → flips=796
[iter 1] λ=0.7500 → flips=11301
[iter 2] λ=0.6250 → flips=8276
[iter 3] λ=0.6875 → flips=9854
[iter 4] λ=0.7188 → flips=10697
[iter 5] λ=0.7031 → flips=10175
[iter 6] λ=0.6953 → flips=9961
[iter 7] λ=0.6992 → flips=9994
[iter 8] λ=0.7012 → flips=10083
[iter 9] λ=0.7002 → flips=9988
[iter 10] λ=0.7007 → flips=9988
[iter 11] λ=0.7009 → flips=10083
[iter 12] λ=0.7008 → flips=9988
[iter 13] λ=0.7009 → flips=10072
[iter 14] λ=0.7008 → flips=10014
[iter 15] λ=0.7008 → flips=10045
[iter 16] λ=0.7008 → flips=9988
[iter 17] λ=0.7008 → flips=9988
[iter 18] λ=0.7008 → flips=10045
[iter 19] λ=0.7008 → flips=9988

Best λ=0.6992 → flips=9994, correct=9113/10000
Number of flips performed: 9994
Metrics: {'precision': 0.911847108264959, 'recall': 0.9113, 'f1': 0.9115734720416124, 'TP': 9113, 'FP': 881, 'FN': 887}
[Elbow detection] flip ≈ 8497, λ ≈ 0.6326530612244897
Number of flips performed (elbow): 8497
Elbow Metrics: {'precision': 0.9566905966811816, 'recall': 0.8129, 'f1': 0.8789533437854786, 'TP': 8129, 'FP': 368, 'FN': 1871}
