Matrix saved as results/42/corrupt100/r010.6_r100.5/original_matrix.png
Matrix saved as results/42/corrupt100/r010.6_r100.5/corrupted.png
[iter 0] λ=0.5000 → flips=116
[iter 1] λ=0.2500 → flips=0
[iter 2] λ=0.3750 → flips=32
[iter 3] λ=0.4375 → flips=84
[iter 4] λ=0.4688 → flips=105
[iter 5] λ=0.4531 → flips=93
[iter 6] λ=0.4609 → flips=103
[iter 7] λ=0.4570 → flips=97
[iter 8] λ=0.4590 → flips=99
[iter 9] λ=0.4600 → flips=101
[iter 10] λ=0.4595 → flips=101
[iter 11] λ=0.4592 → flips=99
[iter 12] λ=0.4594 → flips=101
[iter 13] λ=0.4593 → flips=101
[iter 14] λ=0.4593 → flips=101
[iter 15] λ=0.4592 → flips=101
[iter 16] λ=0.4592 → flips=99
[iter 17] λ=0.4592 → flips=99
[iter 18] λ=0.4592 → flips=99
[iter 19] λ=0.4592 → flips=101

Best λ=0.4590 → flips=99, correct=78/100
Number of flips performed: 99
Cell (Kaniska_canace,Typhaceae): 0 -> 1
Cell (Kaniska_canace,Ceratophyllaceae): 0 -> 1
Cell (Kaniska_canace,Ulmaceae): 0 -> 1
Cell (Kaniska_canace,Malvaceae): 0 -> 1
Cell (Nymphalis_l_album,Amborellaceae): 0 -> 1
Cell (Nymphalis_l_album,Smilacaceae): 0 -> 1
Cell (Nymphalis_l_album,Acoraceae): 0 -> 1
Cell (Nymphalis_l_album,Fabaceae): 0 -> 1
Cell (Nymphalis_l_album,Rosaceae): 0 -> 1
Cell (Nymphalis_l_album,Rhamnaceae): 0 -> 1
Cell (Nymphalis_polychloros,Amborellaceae): 0 -> 1
Cell (Nymphalis_polychloros,Potamogetonaceae): 0 -> 1
Cell (Nymphalis_polychloros,Cannabaceae): 0 -> 1
Cell (Nymphalis_polychloros,Urticaceae): 0 -> 1
Cell (Nymphalis_polychloros,Grossulariaceae): 0 -> 1
Cell (Nymphalis_polychloros,Asteraceae): 0 -> 1
Cell (Nymphalis_californica,Schisandraceae): 0 -> 1
Cell (Nymphalis_californica,Rhamnaceae): 0 -> 1
Cell (Nymphalis_californica,Urticaceae): 0 -> 1
Cell (Nymphalis_californica,Grossulariaceae): 0 -> 1
Cell (Nymphalis_xanthomelas,Nymphaeaceae): 0 -> 1
Cell (Nymphalis_xanthomelas,Schisandraceae): 0 -> 1
Cell (Nymphalis_xanthomelas,Chloranthaceae): 0 -> 1
Cell (Nymphalis_xanthomelas,Smilacaceae): 0 -> 1
Cell (Nymphalis_xanthomelas,Potamogetonaceae): 0 -> 1
Cell (Nymphalis_xanthomelas,Acoraceae): 0 -> 1
Cell (Nymphalis_xanthomelas,Fabaceae): 0 -> 1
Cell (Nymphalis_xanthomelas,Betulaceae): 0 -> 1
Cell (Nymphalis_xanthomelas,Malvaceae): 0 -> 1
Cell (Nymphalis_antiopa,Aristolochiaceae): 0 -> 1
Cell (Nymphalis_antiopa,Typhaceae): 0 -> 1
Cell (Nymphalis_antiopa,Potamogetonaceae): 0 -> 1
Cell (Nymphalis_antiopa,Ceratophyllaceae): 0 -> 1
Cell (Nymphalis_antiopa,Rosaceae): 0 -> 1
Cell (Nymphalis_antiopa,Betulaceae): 0 -> 1
Cell (Nymphalis_antiopa,Malvaceae): 0 -> 1
Cell (Nymphalis_antiopa,Boraginaceae): 0 -> 1
Cell (Polygonia_c_aureum,Acoraceae): 0 -> 1
Cell (Polygonia_c_aureum,Rhamnaceae): 0 -> 1
Cell (Polygonia_c_aureum,Ulmaceae): 0 -> 1
Cell (Polygonia_c_aureum,Grossulariaceae): 0 -> 1
Cell (Polygonia_egea,Nymphaeaceae): 0 -> 1
Cell (Polygonia_egea,Typhaceae): 0 -> 1
Cell (Polygonia_egea,Smilacaceae): 0 -> 1
Cell (Polygonia_egea,Acoraceae): 0 -> 1
Cell (Polygonia_egea,Fabaceae): 0 -> 1
Cell (Polygonia_egea,Rosaceae): 0 -> 1
Cell (Polygonia_egea,Cannabaceae): 0 -> 1
Cell (Polygonia_egea,Urticaceae): 0 -> 1
Cell (Polygonia_egea,Grossulariaceae): 0 -> 1
Cell (Polygonia_egea,Ericaceae): 0 -> 1
Cell (Polygonia_faunus,Urticaceae): 0 -> 1
Cell (Polygonia_faunus,Salicaceae): 0 -> 1
Cell (Polygonia_c_album,Typhaceae): 0 -> 1
Cell (Polygonia_c_album,Acoraceae): 0 -> 1
Cell (Polygonia_c_album,Rosaceae): 0 -> 1
Cell (Polygonia_c_album,Rhamnaceae): 0 -> 1
Cell (Polygonia_satyrus,Ceratophyllaceae): 0 -> 1
Cell (Polygonia_satyrus,Plantaginaceae): 0 -> 1
Cell (Polygonia_interrogationis,Nymphaeaceae): 0 -> 1
Cell (Polygonia_interrogationis,Schisandraceae): 0 -> 1
Cell (Polygonia_interrogationis,Smilacaceae): 0 -> 1
Cell (Polygonia_interrogationis,Ceratophyllaceae): 0 -> 1
Cell (Polygonia_interrogationis,Rhamnaceae): 0 -> 1
Cell (Polygonia_interrogationis,Cannabaceae): 0 -> 1
Cell (Polygonia_interrogationis,Plantaginaceae): 0 -> 1
Cell (Polygonia_comma,Siparunaceae): 0 -> 1
Cell (Polygonia_comma,Chloranthaceae): 0 -> 1
Cell (Polygonia_comma,Typhaceae): 0 -> 1
Cell (Polygonia_comma,Rosaceae): 0 -> 1
Cell (Polygonia_comma,Rhamnaceae): 0 -> 1
Cell (Polygonia_comma,Cannabaceae): 0 -> 1
Cell (Polygonia_comma,Grossulariaceae): 0 -> 1
Cell (Polygonia_oreas,Amborellaceae): 0 -> 1
Cell (Polygonia_oreas,Aristolochiaceae): 0 -> 1
Cell (Polygonia_oreas,Chloranthaceae): 0 -> 1
Cell (Polygonia_oreas,Smilacaceae): 0 -> 1
Cell (Polygonia_oreas,Fabaceae): 0 -> 1
Cell (Polygonia_oreas,Rosaceae): 0 -> 1
Cell (Polygonia_oreas,Salicaceae): 0 -> 1
Cell (Polygonia_oreas,Ericaceae): 0 -> 1
Cell (Polygonia_oreas,Boraginaceae): 0 -> 1
Cell (Polygonia_progne,Schisandraceae): 0 -> 1
Cell (Polygonia_progne,Siparunaceae): 0 -> 1
Cell (Polygonia_progne,Rhamnaceae): 0 -> 1
Cell (Polygonia_progne,Plantaginaceae): 0 -> 1
Cell (Polygonia_zephyrus,Amborellaceae): 0 -> 1
Cell (Polygonia_zephyrus,Typhaceae): 0 -> 1
Cell (Polygonia_zephyrus,Fabaceae): 0 -> 1
Cell (Polygonia_zephyrus,Rosaceae): 0 -> 1
Cell (Polygonia_zephyrus,Rhamnaceae): 0 -> 1
Cell (Polygonia_zephyrus,Betulaceae): 0 -> 1
Cell (Polygonia_gracilis,Siparunaceae): 0 -> 1
Cell (Polygonia_gracilis,Chloranthaceae): 0 -> 1
Cell (Polygonia_gracilis,Smilacaceae): 0 -> 1
Cell (Polygonia_gracilis,Potamogetonaceae): 0 -> 1
Cell (Polygonia_gracilis,Rosaceae): 0 -> 1
Cell (Polygonia_gracilis,Malvaceae): 0 -> 1
Cell (Polygonia_gracilis,Ericaceae): 0 -> 1
Matrix saved as results/42/corrupt100/r010.6_r100.5/flipped_matrix.png
Metrics: {'precision': 0.7878787878787878, 'recall': 0.78, 'f1': 0.7839195979899497, 'TP': 78, 'FP': 21, 'FN': 22}
[Elbow detection] flip ≈ 124, λ ≈ 0.5306122448979591
Number of flips performed (elbow): 124
Cell (Kaniska_canace,Siparunaceae): 0 -> 1
Cell (Kaniska_canace,Aristolochiaceae): 0 -> 1
Cell (Kaniska_canace,Typhaceae): 0 -> 1
Cell (Kaniska_canace,Ceratophyllaceae): 0 -> 1
Cell (Kaniska_canace,Ulmaceae): 0 -> 1
Cell (Kaniska_canace,Salicaceae): 0 -> 1
Cell (Kaniska_canace,Malvaceae): 0 -> 1
Cell (Kaniska_canace,Plantaginaceae): 0 -> 1
Cell (Kaniska_canace,Boraginaceae): 0 -> 1
Cell (Nymphalis_l_album,Amborellaceae): 0 -> 1
Cell (Nymphalis_l_album,Aristolochiaceae): 0 -> 1
Cell (Nymphalis_l_album,Smilacaceae): 0 -> 1
Cell (Nymphalis_l_album,Acoraceae): 0 -> 1
Cell (Nymphalis_l_album,Fabaceae): 0 -> 1
Cell (Nymphalis_l_album,Rosaceae): 0 -> 1
Cell (Nymphalis_l_album,Rhamnaceae): 0 -> 1
Cell (Nymphalis_l_album,Salicaceae): 0 -> 1
Cell (Nymphalis_l_album,Plantaginaceae): 0 -> 1
Cell (Nymphalis_polychloros,Amborellaceae): 0 -> 1
Cell (Nymphalis_polychloros,Potamogetonaceae): 0 -> 1
Cell (Nymphalis_polychloros,Cannabaceae): 0 -> 1
Cell (Nymphalis_polychloros,Urticaceae): 0 -> 1
Cell (Nymphalis_polychloros,Salicaceae): 0 -> 1
Cell (Nymphalis_polychloros,Grossulariaceae): 0 -> 1
Cell (Nymphalis_polychloros,Asteraceae): 0 -> 1
Cell (Nymphalis_polychloros,Plantaginaceae): 0 -> 1
Cell (Nymphalis_californica,Schisandraceae): 0 -> 1
Cell (Nymphalis_californica,Rhamnaceae): 0 -> 1
Cell (Nymphalis_californica,Urticaceae): 0 -> 1
Cell (Nymphalis_californica,Grossulariaceae): 0 -> 1
Cell (Nymphalis_californica,Plantaginaceae): 0 -> 1
Cell (Nymphalis_xanthomelas,Nymphaeaceae): 0 -> 1
Cell (Nymphalis_xanthomelas,Schisandraceae): 0 -> 1
Cell (Nymphalis_xanthomelas,Siparunaceae): 0 -> 1
Cell (Nymphalis_xanthomelas,Chloranthaceae): 0 -> 1
Cell (Nymphalis_xanthomelas,Smilacaceae): 0 -> 1
Cell (Nymphalis_xanthomelas,Potamogetonaceae): 0 -> 1
Cell (Nymphalis_xanthomelas,Acoraceae): 0 -> 1
Cell (Nymphalis_xanthomelas,Fabaceae): 0 -> 1
Cell (Nymphalis_xanthomelas,Betulaceae): 0 -> 1
Cell (Nymphalis_xanthomelas,Malvaceae): 0 -> 1
Cell (Nymphalis_antiopa,Siparunaceae): 0 -> 1
Cell (Nymphalis_antiopa,Aristolochiaceae): 0 -> 1
Cell (Nymphalis_antiopa,Typhaceae): 0 -> 1
Cell (Nymphalis_antiopa,Potamogetonaceae): 0 -> 1
Cell (Nymphalis_antiopa,Ceratophyllaceae): 0 -> 1
Cell (Nymphalis_antiopa,Rosaceae): 0 -> 1
Cell (Nymphalis_antiopa,Betulaceae): 0 -> 1
Cell (Nymphalis_antiopa,Malvaceae): 0 -> 1
Cell (Nymphalis_antiopa,Boraginaceae): 0 -> 1
Cell (Polygonia_c_aureum,Siparunaceae): 0 -> 1
Cell (Polygonia_c_aureum,Acoraceae): 0 -> 1
Cell (Polygonia_c_aureum,Rhamnaceae): 0 -> 1
Cell (Polygonia_c_aureum,Ulmaceae): 0 -> 1
Cell (Polygonia_c_aureum,Grossulariaceae): 0 -> 1
Cell (Polygonia_c_aureum,Asteraceae): 0 -> 1
Cell (Polygonia_c_aureum,Plantaginaceae): 0 -> 1
Cell (Polygonia_c_aureum,Boraginaceae): 0 -> 1
Cell (Polygonia_egea,Nymphaeaceae): 0 -> 1
Cell (Polygonia_egea,Typhaceae): 0 -> 1
Cell (Polygonia_egea,Smilacaceae): 0 -> 1
Cell (Polygonia_egea,Acoraceae): 0 -> 1
Cell (Polygonia_egea,Fabaceae): 0 -> 1
Cell (Polygonia_egea,Rosaceae): 0 -> 1
Cell (Polygonia_egea,Cannabaceae): 0 -> 1
Cell (Polygonia_egea,Urticaceae): 0 -> 1
Cell (Polygonia_egea,Grossulariaceae): 0 -> 1
Cell (Polygonia_egea,Ericaceae): 0 -> 1
Cell (Polygonia_faunus,Urticaceae): 0 -> 1
Cell (Polygonia_faunus,Salicaceae): 0 -> 1
Cell (Polygonia_c_album,Typhaceae): 0 -> 1
Cell (Polygonia_c_album,Acoraceae): 0 -> 1
Cell (Polygonia_c_album,Rosaceae): 0 -> 1
Cell (Polygonia_c_album,Rhamnaceae): 0 -> 1
Cell (Polygonia_satyrus,Ceratophyllaceae): 0 -> 1
Cell (Polygonia_satyrus,Plantaginaceae): 0 -> 1
Cell (Polygonia_interrogationis,Nymphaeaceae): 0 -> 1
Cell (Polygonia_interrogationis,Schisandraceae): 0 -> 1
Cell (Polygonia_interrogationis,Smilacaceae): 0 -> 1
Cell (Polygonia_interrogationis,Ceratophyllaceae): 0 -> 1
Cell (Polygonia_interrogationis,Rhamnaceae): 0 -> 1
Cell (Polygonia_interrogationis,Cannabaceae): 0 -> 1
Cell (Polygonia_interrogationis,Plantaginaceae): 0 -> 1
Cell (Polygonia_comma,Siparunaceae): 0 -> 1
Cell (Polygonia_comma,Chloranthaceae): 0 -> 1
Cell (Polygonia_comma,Typhaceae): 0 -> 1
Cell (Polygonia_comma,Rosaceae): 0 -> 1
Cell (Polygonia_comma,Rhamnaceae): 0 -> 1
Cell (Polygonia_comma,Cannabaceae): 0 -> 1
Cell (Polygonia_comma,Grossulariaceae): 0 -> 1
Cell (Polygonia_oreas,Amborellaceae): 0 -> 1
Cell (Polygonia_oreas,Aristolochiaceae): 0 -> 1
Cell (Polygonia_oreas,Chloranthaceae): 0 -> 1
Cell (Polygonia_oreas,Smilacaceae): 0 -> 1
Cell (Polygonia_oreas,Fabaceae): 0 -> 1
Cell (Polygonia_oreas,Rosaceae): 0 -> 1
Cell (Polygonia_oreas,Urticaceae): 0 -> 1
Cell (Polygonia_oreas,Salicaceae): 0 -> 1
Cell (Polygonia_oreas,Ericaceae): 0 -> 1
Cell (Polygonia_oreas,Boraginaceae): 0 -> 1
Cell (Polygonia_progne,Schisandraceae): 0 -> 1
Cell (Polygonia_progne,Siparunaceae): 0 -> 1
Cell (Polygonia_progne,Rhamnaceae): 0 -> 1
Cell (Polygonia_progne,Cannabaceae): 0 -> 1
Cell (Polygonia_progne,Urticaceae): 0 -> 1
Cell (Polygonia_progne,Plantaginaceae): 0 -> 1
Cell (Polygonia_zephyrus,Amborellaceae): 0 -> 1
Cell (Polygonia_zephyrus,Typhaceae): 0 -> 1
Cell (Polygonia_zephyrus,Acoraceae): 0 -> 1
Cell (Polygonia_zephyrus,Fabaceae): 0 -> 1
Cell (Polygonia_zephyrus,Rosaceae): 0 -> 1
Cell (Polygonia_zephyrus,Rhamnaceae): 0 -> 1
Cell (Polygonia_zephyrus,Urticaceae): 0 -> 1
Cell (Polygonia_zephyrus,Betulaceae): 0 -> 1
Cell (Polygonia_gracilis,Siparunaceae): 0 -> 1
Cell (Polygonia_gracilis,Chloranthaceae): 0 -> 1
Cell (Polygonia_gracilis,Smilacaceae): 0 -> 1
Cell (Polygonia_gracilis,Potamogetonaceae): 0 -> 1
Cell (Polygonia_gracilis,Acoraceae): 0 -> 1
Cell (Polygonia_gracilis,Rosaceae): 0 -> 1
Cell (Polygonia_gracilis,Cannabaceae): 0 -> 1
Cell (Polygonia_gracilis,Urticaceae): 0 -> 1
Cell (Polygonia_gracilis,Malvaceae): 0 -> 1
Cell (Polygonia_gracilis,Ericaceae): 0 -> 1
Matrix saved as results/42/corrupt100/r010.6_r100.5/flipped_matrix_elbow.png
Elbow Metrics: {'precision': 0.7661290322580645, 'recall': 0.95, 'f1': 0.8482142857142857, 'TP': 95, 'FP': 29, 'FN': 5}
