Matrix saved as results/119/corrupt100/r010.7_r100.3/original_matrix.svg
Matrix saved as results/119/corrupt100/r010.7_r100.3/corrupted.svg
[iter 0] λ=0.5000 → flips=174
[iter 1] λ=0.2500 → flips=0
[iter 2] λ=0.3750 → flips=0
[iter 3] λ=0.4375 → flips=29
[iter 4] λ=0.4688 → flips=160
[iter 5] λ=0.4531 → flips=46
[iter 6] λ=0.4609 → flips=89
[iter 7] λ=0.4648 → flips=157
[iter 8] λ=0.4629 → flips=124
[iter 9] λ=0.4619 → flips=98
[iter 10] λ=0.4624 → flips=102
[iter 11] λ=0.4622 → flips=100

Best λ=0.4622 → flips=100, correct=53/100
Number of flips performed: 100
Matrix saved as results/119/corrupt100/r010.7_r100.3/flipped_matrix.svg
Metrics: {'precision': 0.53, 'recall': 0.53, 'f1': 0.53, 'TP': 53, 'FP': 47, 'FN': 47}
[Elbow detection] flip ≈ 620, λ ≈ 0.6530612244897959
Number of flips performed (elbow): 620
Matrix saved as results/119/corrupt100/r010.7_r100.3/flipped_matrix_elbow.svg
Elbow Metrics: {'precision': 0.1435483870967742, 'recall': 0.89, 'f1': 0.2472222222222222, 'TP': 89, 'FP': 531, 'FN': 11}
