Matrix saved as results/9/corrupt100/r010.5_r100.6/original_matrix.svg
Matrix saved as results/9/corrupt100/r010.5_r100.6/corrupted.svg
[iter 0] λ=0.5000 → flips=145
[iter 1] λ=0.2500 → flips=0
[iter 2] λ=0.3750 → flips=1
[iter 3] λ=0.4375 → flips=16
[iter 4] λ=0.4688 → flips=64
[iter 5] λ=0.4844 → flips=82
[iter 6] λ=0.4922 → flips=93
[iter 7] λ=0.4961 → flips=119
[iter 8] λ=0.4941 → flips=115
[iter 9] λ=0.4932 → flips=111
[iter 10] λ=0.4927 → flips=98
[iter 11] λ=0.4929 → flips=103
[iter 12] λ=0.4928 → flips=99
[iter 13] λ=0.4929 → flips=100

Best λ=0.4929 → flips=100, correct=50/100
Number of flips performed: 100
Matrix saved as results/9/corrupt100/r010.5_r100.6/flipped_matrix.svg
Metrics: {'precision': 0.5, 'recall': 0.5, 'f1': 0.5, 'TP': 50, 'FP': 50, 'FN': 50}
[Elbow detection] flip ≈ 822, λ ≈ 0.6938775510204082
Number of flips performed (elbow): 822
Matrix saved as results/9/corrupt100/r010.5_r100.6/flipped_matrix_elbow.svg
Elbow Metrics: {'precision': 0.11070559610705596, 'recall': 0.91, 'f1': 0.19739696312364427, 'TP': 91, 'FP': 731, 'FN': 9}
