Matrix saved as results/108/corrupt800/r010.6_r100.5/original_matrix.svg
Matrix saved as results/108/corrupt800/r010.6_r100.5/corrupted.svg
[iter 0] λ=0.5000 → flips=200
[iter 1] λ=0.7500 → flips=1810
[iter 2] λ=0.6250 → flips=563
[iter 3] λ=0.6875 → flips=888
[iter 4] λ=0.6562 → flips=646
[iter 5] λ=0.6719 → flips=759
[iter 6] λ=0.6797 → flips=845
[iter 7] λ=0.6758 → flips=792
[iter 8] λ=0.6777 → flips=835
[iter 9] λ=0.6768 → flips=792
[iter 10] λ=0.6772 → flips=792
[iter 11] λ=0.6775 → flips=822
[iter 12] λ=0.6774 → flips=792
[iter 13] λ=0.6774 → flips=792
[iter 14] λ=0.6775 → flips=822
[iter 15] λ=0.6774 → flips=822
[iter 16] λ=0.6774 → flips=792
[iter 17] λ=0.6774 → flips=792
[iter 18] λ=0.6774 → flips=822
[iter 19] λ=0.6774 → flips=822

Best λ=0.6758 → flips=792, correct=554/800
Number of flips performed: 792
Matrix saved as results/108/corrupt800/r010.6_r100.5/flipped_matrix.svg
Metrics: {'precision': 0.6994949494949495, 'recall': 0.6925, 'f1': 0.6959798994974874, 'TP': 554, 'FP': 238, 'FN': 246}
[Elbow detection] flip ≈ 981, λ ≈ 0.6938775510204082
Number of flips performed (elbow): 981
Matrix saved as results/108/corrupt800/r010.6_r100.5/flipped_matrix_elbow.svg
Elbow Metrics: {'precision': 0.6065239551478083, 'recall': 0.74375, 'f1': 0.6681639528354857, 'TP': 595, 'FP': 386, 'FN': 205}
