[iter 0] λ=0.5000 → flips=1073
[iter 1] λ=0.2500 → flips=0
[iter 2] λ=0.3750 → flips=273
[iter 3] λ=0.4375 → flips=760
[iter 4] λ=0.4688 → flips=956
[iter 5] λ=0.4844 → flips=1009
[iter 6] λ=0.4766 → flips=985
[iter 7] λ=0.4805 → flips=995
[iter 8] λ=0.4824 → flips=1004
[iter 9] λ=0.4814 → flips=1004
[iter 10] λ=0.4810 → flips=995
[iter 11] λ=0.4812 → flips=1001
[iter 12] λ=0.4811 → flips=1001
[iter 13] λ=0.4810 → flips=1001
[iter 14] λ=0.4810 → flips=995
[iter 15] λ=0.4810 → flips=1001
[iter 16] λ=0.4810 → flips=1001
[iter 17] λ=0.4810 → flips=995
[iter 18] λ=0.4810 → flips=995
[iter 19] λ=0.4810 → flips=1001

Best λ=0.4812 → flips=1001, correct=788/1000
Number of flips performed: 1001
Metrics: {'precision': 0.7872127872127872, 'recall': 0.788, 'f1': 0.7876061969015492, 'TP': 788, 'FP': 213, 'FN': 212}
[Elbow detection] flip ≈ 2226, λ ≈ 0.673469387755102
Number of flips performed (elbow): 2226
Elbow Metrics: {'precision': 0.431266846361186, 'recall': 0.96, 'f1': 0.5951642901425915, 'TP': 960, 'FP': 1266, 'FN': 40}
