Matrix saved as ml_parsimony_matrices/seed152_ratio1.4614.png
Matrix saved as results/152/corrupt10/r010.4_r100.7/original_matrix.png
Matrix saved as results/152/corrupt10/r010.4_r100.7/corrupted.png
[iter 0] λ=0.5000 → flips=44
[iter 1] λ=0.2500 → flips=0
[iter 2] λ=0.3750 → flips=11
[iter 3] λ=0.3125 → flips=0
[iter 4] λ=0.3438 → flips=0
[iter 5] λ=0.3594 → flips=0
[iter 6] λ=0.3672 → flips=5
[iter 7] λ=0.3711 → flips=6
[iter 8] λ=0.3730 → flips=10

Best λ=0.3730 → flips=10, correct=5/10
Number of flips performed: 10
Cell (Vanessa_dimorphica,Cannabaceae): 0 -> 1
Cell (Vanessa_dimorphica,Malvaceae): 0 -> 1
Cell (Vanessa_kershawi,Ulmaceae): 0 -> 1
Cell (Vanessa_atalanta,Urticaceae): 0 -> 1
Cell (Vanessa_tameamea,Cannabaceae): 0 -> 1
Cell (Aglais_urticae,Salicaceae): 0 -> 1
Cell (Polygonia_egea,Rhamnaceae): 0 -> 1
Cell (Polygonia_c_album,Asteraceae): 0 -> 1
Cell (Polygonia_oreas,Acoraceae): 0 -> 1
Cell (Polygonia_zephyrus,Potamogetonaceae): 0 -> 1
Matrix saved as results/152/corrupt10/r010.4_r100.7/flipped_matrix.png
Metrics: {'precision': 0.5, 'recall': 0.5, 'f1': 0.5, 'TP': 5, 'FP': 5, 'FN': 5}
[Elbow detection] λ ≈ 0.390 (cutoff=0.367)
Elbow Metrics: {'precision': 0.2857142857142857, 'recall': 1.0, 'f1': 0.4444444444444445, 'TP': 10, 'FP': 25, 'FN': 0}
