Matrix saved as results/braga/152/b4_c0.5/original_matrix.png
Matrix saved as results/braga/152/b4_c0.5/corrupted.png
[iter 0] λ=0.5000 → flips=168
[iter 1] λ=0.2500 → flips=0
[iter 2] λ=0.3750 → flips=53
[iter 3] λ=0.4375 → flips=109
[iter 4] λ=0.4688 → flips=135
[iter 5] λ=0.4844 → flips=138
[iter 6] λ=0.4922 → flips=153
[iter 7] λ=0.4883 → flips=153
[iter 8] λ=0.4863 → flips=138
[iter 9] λ=0.4873 → flips=138
[iter 10] λ=0.4878 → flips=138
[iter 11] λ=0.4880 → flips=153
[iter 12] λ=0.4879 → flips=138
[iter 13] λ=0.4880 → flips=153
[iter 14] λ=0.4879 → flips=138
[iter 15] λ=0.4880 → flips=153
[iter 16] λ=0.4880 → flips=153
[iter 17] λ=0.4879 → flips=153
[iter 18] λ=0.4879 → flips=138
[iter 19] λ=0.4879 → flips=153

Best λ=0.4844 → flips=138, correct=104/141
Number of flips performed: 138
Cell (Hypanartia_lethe,Fabaceae): 0 -> 1
Cell (Hypanartia_lethe,Rhamnaceae): 0 -> 1
Cell (Hypanartia_lethe,Cannabaceae): 0 -> 1
Cell (Hypanartia_lethe,Plantaginaceae): 0 -> 1
Cell (Hypanartia_bella,Fabaceae): 0 -> 1
Cell (Hypanartia_bella,Boraginaceae): 0 -> 1
Cell (Vanessa_itea,Aristolochiaceae): 0 -> 1
Cell (Vanessa_itea,Chloranthaceae): 0 -> 1
Cell (Vanessa_itea,Grossulariaceae): 0 -> 1
Cell (Vanessa_itea,Asteraceae): 0 -> 1
Cell (Vanessa_annabella,Siparunaceae): 0 -> 1
Cell (Vanessa_annabella,Chloranthaceae): 0 -> 1
Cell (Vanessa_annabella,Potamogetonaceae): 0 -> 1
Cell (Vanessa_annabella,Cannabaceae): 0 -> 1
Cell (Vanessa_annabella,Betulaceae): 0 -> 1
Cell (Vanessa_hippomene,Rhamnaceae): 0 -> 1
Cell (Vanessa_hippomene,Urticaceae): 0 -> 1
Cell (Vanessa_hippomene,Ericaceae): 0 -> 1
Cell (Vanessa_hippomene,Plantaginaceae): 0 -> 1
Cell (Vanessa_hippomene,Boraginaceae): 0 -> 1
Cell (Vanessa_dimorphica,Potamogetonaceae): 0 -> 1
Cell (Vanessa_dimorphica,Acoraceae): 0 -> 1
Cell (Vanessa_dimorphica,Rosaceae): 0 -> 1
Cell (Vanessa_dimorphica,Salicaceae): 0 -> 1
Cell (Vanessa_dimorphica,Asteraceae): 0 -> 1
Cell (Vanessa_kershawi,Acoraceae): 0 -> 1
Cell (Vanessa_kershawi,Rosaceae): 0 -> 1
Cell (Vanessa_kershawi,Rhamnaceae): 0 -> 1
Cell (Vanessa_cardui,Typhaceae): 0 -> 1
Cell (Vanessa_cardui,Smilacaceae): 0 -> 1
Cell (Vanessa_cardui,Acoraceae): 0 -> 1
Cell (Vanessa_cardui,Rhamnaceae): 0 -> 1
Cell (Vanessa_virginiensis,Typhaceae): 0 -> 1
Cell (Vanessa_virginiensis,Smilacaceae): 0 -> 1
Cell (Vanessa_virginiensis,Rhamnaceae): 0 -> 1
Cell (Vanessa_virginiensis,Ericaceae): 0 -> 1
Cell (Vanessa_virginiensis,Plantaginaceae): 0 -> 1
Cell (Vanessa_abyssinica,Amborellaceae): 0 -> 1
Cell (Vanessa_abyssinica,Siparunaceae): 0 -> 1
Cell (Vanessa_abyssinica,Rhamnaceae): 0 -> 1
Cell (Vanessa_abyssinica,Ulmaceae): 0 -> 1
Cell (Vanessa_abyssinica,Betulaceae): 0 -> 1
Cell (Vanessa_abyssinica,Plantaginaceae): 0 -> 1
Cell (Vanessa_atalanta,Acoraceae): 0 -> 1
Cell (Vanessa_atalanta,Cannabaceae): 0 -> 1
Cell (Vanessa_atalanta,Boraginaceae): 0 -> 1
Cell (Vanessa_tameamea,Ulmaceae): 0 -> 1
Cell (Vanessa_indica,Amborellaceae): 0 -> 1
Cell (Vanessa_indica,Fabaceae): 0 -> 1
Cell (Vanessa_indica,Rhamnaceae): 0 -> 1
Cell (Vanessa_indica,Cannabaceae): 0 -> 1
Cell (Vanessa_indica,Salicaceae): 0 -> 1
Cell (Vanessa_indica,Grossulariaceae): 0 -> 1
Cell (Vanessa_indica,Boraginaceae): 0 -> 1
Cell (Antanartia_delius,Nymphaeaceae): 0 -> 1
Cell (Antanartia_delius,Typhaceae): 0 -> 1
Cell (Antanartia_delius,Ulmaceae): 0 -> 1
Cell (Antanartia_delius,Cannabaceae): 0 -> 1
Cell (Aglais_io,Aristolochiaceae): 0 -> 1
Cell (Aglais_io,Typhaceae): 0 -> 1
Cell (Aglais_io,Fabaceae): 0 -> 1
Cell (Aglais_io,Rosaceae): 0 -> 1
Cell (Aglais_io,Cannabaceae): 0 -> 1
Cell (Aglais_io,Betulaceae): 0 -> 1
Cell (Aglais_io,Grossulariaceae): 0 -> 1
Cell (Aglais_milberti,Aristolochiaceae): 0 -> 1
Cell (Aglais_milberti,Chloranthaceae): 0 -> 1
Cell (Aglais_milberti,Acoraceae): 0 -> 1
Cell (Aglais_urticae,Amborellaceae): 0 -> 1
Cell (Aglais_urticae,Chloranthaceae): 0 -> 1
Cell (Aglais_urticae,Rhamnaceae): 0 -> 1
Cell (Aglais_urticae,Ericaceae): 0 -> 1
Cell (Kaniska_canace,Amborellaceae): 0 -> 1
Cell (Kaniska_canace,Nymphaeaceae): 0 -> 1
Cell (Kaniska_canace,Schisandraceae): 0 -> 1
Cell (Kaniska_canace,Rhamnaceae): 0 -> 1
Cell (Kaniska_canace,Ulmaceae): 0 -> 1
Cell (Kaniska_canace,Cannabaceae): 0 -> 1
Cell (Kaniska_canace,Urticaceae): 0 -> 1
Cell (Kaniska_canace,Salicaceae): 0 -> 1
Cell (Nymphalis_l_album,Siparunaceae): 0 -> 1
Cell (Nymphalis_l_album,Typhaceae): 0 -> 1
Cell (Nymphalis_l_album,Potamogetonaceae): 0 -> 1
Cell (Nymphalis_l_album,Ceratophyllaceae): 0 -> 1
Cell (Nymphalis_l_album,Rhamnaceae): 0 -> 1
Cell (Nymphalis_l_album,Cannabaceae): 0 -> 1
Cell (Nymphalis_l_album,Salicaceae): 0 -> 1
Cell (Nymphalis_l_album,Ericaceae): 0 -> 1
Cell (Nymphalis_polychloros,Chloranthaceae): 0 -> 1
Cell (Nymphalis_polychloros,Smilacaceae): 0 -> 1
Cell (Nymphalis_polychloros,Salicaceae): 0 -> 1
Cell (Nymphalis_polychloros,Grossulariaceae): 0 -> 1
Cell (Nymphalis_polychloros,Ericaceae): 0 -> 1
Cell (Nymphalis_californica,Rosaceae): 0 -> 1
Cell (Nymphalis_californica,Salicaceae): 0 -> 1
Cell (Nymphalis_xanthomelas,Siparunaceae): 0 -> 1
Cell (Nymphalis_xanthomelas,Chloranthaceae): 0 -> 1
Cell (Nymphalis_xanthomelas,Rosaceae): 0 -> 1
Cell (Nymphalis_xanthomelas,Rhamnaceae): 0 -> 1
Cell (Nymphalis_xanthomelas,Asteraceae): 0 -> 1
Cell (Nymphalis_antiopa,Smilacaceae): 0 -> 1
Cell (Polygonia_c_aureum,Typhaceae): 0 -> 1
Cell (Polygonia_c_aureum,Rhamnaceae): 0 -> 1
Cell (Polygonia_egea,Aristolochiaceae): 0 -> 1
Cell (Polygonia_egea,Cannabaceae): 0 -> 1
Cell (Polygonia_faunus,Chloranthaceae): 0 -> 1
Cell (Polygonia_faunus,Typhaceae): 0 -> 1
Cell (Polygonia_faunus,Ceratophyllaceae): 0 -> 1
Cell (Polygonia_c_album,Nymphaeaceae): 0 -> 1
Cell (Polygonia_c_album,Siparunaceae): 0 -> 1
Cell (Polygonia_c_album,Typhaceae): 0 -> 1
Cell (Polygonia_c_album,Ulmaceae): 0 -> 1
Cell (Polygonia_satyrus,Amborellaceae): 0 -> 1
Cell (Polygonia_satyrus,Aristolochiaceae): 0 -> 1
Cell (Polygonia_satyrus,Ceratophyllaceae): 0 -> 1
Cell (Polygonia_satyrus,Fabaceae): 0 -> 1
Cell (Polygonia_satyrus,Rosaceae): 0 -> 1
Cell (Polygonia_satyrus,Grossulariaceae): 0 -> 1
Cell (Polygonia_satyrus,Asteraceae): 0 -> 1
Cell (Polygonia_interrogationis,Smilacaceae): 0 -> 1
Cell (Polygonia_interrogationis,Ceratophyllaceae): 0 -> 1
Cell (Polygonia_interrogationis,Rosaceae): 0 -> 1
Cell (Polygonia_interrogationis,Betulaceae): 0 -> 1
Cell (Polygonia_interrogationis,Asteraceae): 0 -> 1
Cell (Polygonia_comma,Amborellaceae): 0 -> 1
Cell (Polygonia_comma,Chloranthaceae): 0 -> 1
Cell (Polygonia_comma,Smilacaceae): 0 -> 1
Cell (Polygonia_comma,Fabaceae): 0 -> 1
Cell (Polygonia_comma,Rhamnaceae): 0 -> 1
Cell (Polygonia_oreas,Betulaceae): 0 -> 1
Cell (Polygonia_progne,Typhaceae): 0 -> 1
Cell (Polygonia_progne,Ceratophyllaceae): 0 -> 1
Cell (Polygonia_progne,Rosaceae): 0 -> 1
Cell (Polygonia_progne,Urticaceae): 0 -> 1
Cell (Polygonia_progne,Betulaceae): 0 -> 1
Cell (Polygonia_zephyrus,Ericaceae): 0 -> 1
Cell (Polygonia_gracilis,Aristolochiaceae): 0 -> 1
Cell (Polygonia_gracilis,Ceratophyllaceae): 0 -> 1
Matrix saved as results/braga/152/b4_c0.5/flipped_matrix.png
Metrics: {'precision': 0.7536231884057971, 'recall': 0.7375886524822695, 'f1': 0.7455197132616487, 'TP': 104, 'FP': 34, 'FN': 37}
[Elbow detection] flip ≈ 98, λ ≈ 0.4081632653061224
Number of flips performed (elbow): 98
Cell (Hypanartia_lethe,Rhamnaceae): 0 -> 1
Cell (Hypanartia_lethe,Cannabaceae): 0 -> 1
Cell (Hypanartia_lethe,Plantaginaceae): 0 -> 1
Cell (Hypanartia_bella,Boraginaceae): 0 -> 1
Cell (Vanessa_itea,Aristolochiaceae): 0 -> 1
Cell (Vanessa_itea,Grossulariaceae): 0 -> 1
Cell (Vanessa_itea,Asteraceae): 0 -> 1
Cell (Vanessa_annabella,Siparunaceae): 0 -> 1
Cell (Vanessa_annabella,Potamogetonaceae): 0 -> 1
Cell (Vanessa_annabella,Cannabaceae): 0 -> 1
Cell (Vanessa_annabella,Betulaceae): 0 -> 1
Cell (Vanessa_hippomene,Rhamnaceae): 0 -> 1
Cell (Vanessa_hippomene,Urticaceae): 0 -> 1
Cell (Vanessa_hippomene,Ericaceae): 0 -> 1
Cell (Vanessa_dimorphica,Potamogetonaceae): 0 -> 1
Cell (Vanessa_dimorphica,Acoraceae): 0 -> 1
Cell (Vanessa_dimorphica,Rosaceae): 0 -> 1
Cell (Vanessa_dimorphica,Salicaceae): 0 -> 1
Cell (Vanessa_dimorphica,Asteraceae): 0 -> 1
Cell (Vanessa_kershawi,Rosaceae): 0 -> 1
Cell (Vanessa_virginiensis,Ericaceae): 0 -> 1
Cell (Vanessa_virginiensis,Plantaginaceae): 0 -> 1
Cell (Vanessa_abyssinica,Amborellaceae): 0 -> 1
Cell (Vanessa_abyssinica,Ulmaceae): 0 -> 1
Cell (Vanessa_abyssinica,Betulaceae): 0 -> 1
Cell (Vanessa_abyssinica,Plantaginaceae): 0 -> 1
Cell (Vanessa_atalanta,Acoraceae): 0 -> 1
Cell (Vanessa_atalanta,Cannabaceae): 0 -> 1
Cell (Vanessa_atalanta,Boraginaceae): 0 -> 1
Cell (Vanessa_tameamea,Ulmaceae): 0 -> 1
Cell (Vanessa_indica,Amborellaceae): 0 -> 1
Cell (Vanessa_indica,Cannabaceae): 0 -> 1
Cell (Vanessa_indica,Boraginaceae): 0 -> 1
Cell (Antanartia_delius,Nymphaeaceae): 0 -> 1
Cell (Antanartia_delius,Typhaceae): 0 -> 1
Cell (Antanartia_delius,Ulmaceae): 0 -> 1
Cell (Antanartia_delius,Cannabaceae): 0 -> 1
Cell (Aglais_io,Aristolochiaceae): 0 -> 1
Cell (Aglais_io,Typhaceae): 0 -> 1
Cell (Aglais_io,Fabaceae): 0 -> 1
Cell (Aglais_io,Rosaceae): 0 -> 1
Cell (Aglais_io,Cannabaceae): 0 -> 1
Cell (Aglais_io,Betulaceae): 0 -> 1
Cell (Aglais_io,Grossulariaceae): 0 -> 1
Cell (Aglais_milberti,Aristolochiaceae): 0 -> 1
Cell (Aglais_milberti,Acoraceae): 0 -> 1
Cell (Aglais_urticae,Amborellaceae): 0 -> 1
Cell (Aglais_urticae,Rhamnaceae): 0 -> 1
Cell (Aglais_urticae,Ericaceae): 0 -> 1
Cell (Nymphalis_l_album,Siparunaceae): 0 -> 1
Cell (Nymphalis_l_album,Typhaceae): 0 -> 1
Cell (Nymphalis_l_album,Potamogetonaceae): 0 -> 1
Cell (Nymphalis_l_album,Ceratophyllaceae): 0 -> 1
Cell (Nymphalis_l_album,Rhamnaceae): 0 -> 1
Cell (Nymphalis_l_album,Cannabaceae): 0 -> 1
Cell (Nymphalis_l_album,Ericaceae): 0 -> 1
Cell (Nymphalis_polychloros,Chloranthaceae): 0 -> 1
Cell (Nymphalis_polychloros,Smilacaceae): 0 -> 1
Cell (Nymphalis_polychloros,Grossulariaceae): 0 -> 1
Cell (Nymphalis_polychloros,Ericaceae): 0 -> 1
Cell (Nymphalis_californica,Rosaceae): 0 -> 1
Cell (Nymphalis_xanthomelas,Siparunaceae): 0 -> 1
Cell (Nymphalis_xanthomelas,Chloranthaceae): 0 -> 1
Cell (Nymphalis_xanthomelas,Rosaceae): 0 -> 1
Cell (Nymphalis_xanthomelas,Rhamnaceae): 0 -> 1
Cell (Nymphalis_xanthomelas,Asteraceae): 0 -> 1
Cell (Nymphalis_antiopa,Smilacaceae): 0 -> 1
Cell (Polygonia_c_aureum,Typhaceae): 0 -> 1
Cell (Polygonia_c_aureum,Rhamnaceae): 0 -> 1
Cell (Polygonia_egea,Aristolochiaceae): 0 -> 1
Cell (Polygonia_egea,Cannabaceae): 0 -> 1
Cell (Polygonia_faunus,Chloranthaceae): 0 -> 1
Cell (Polygonia_faunus,Ceratophyllaceae): 0 -> 1
Cell (Polygonia_c_album,Nymphaeaceae): 0 -> 1
Cell (Polygonia_c_album,Siparunaceae): 0 -> 1
Cell (Polygonia_c_album,Ulmaceae): 0 -> 1
Cell (Polygonia_satyrus,Amborellaceae): 0 -> 1
Cell (Polygonia_satyrus,Aristolochiaceae): 0 -> 1
Cell (Polygonia_satyrus,Ceratophyllaceae): 0 -> 1
Cell (Polygonia_satyrus,Fabaceae): 0 -> 1
Cell (Polygonia_satyrus,Rosaceae): 0 -> 1
Cell (Polygonia_satyrus,Grossulariaceae): 0 -> 1
Cell (Polygonia_satyrus,Asteraceae): 0 -> 1
Cell (Polygonia_interrogationis,Ceratophyllaceae): 0 -> 1
Cell (Polygonia_interrogationis,Rosaceae): 0 -> 1
Cell (Polygonia_interrogationis,Betulaceae): 0 -> 1
Cell (Polygonia_interrogationis,Asteraceae): 0 -> 1
Cell (Polygonia_comma,Amborellaceae): 0 -> 1
Cell (Polygonia_comma,Chloranthaceae): 0 -> 1
Cell (Polygonia_comma,Fabaceae): 0 -> 1
Cell (Polygonia_comma,Rhamnaceae): 0 -> 1
Cell (Polygonia_progne,Typhaceae): 0 -> 1
Cell (Polygonia_progne,Ceratophyllaceae): 0 -> 1
Cell (Polygonia_progne,Rosaceae): 0 -> 1
Cell (Polygonia_progne,Urticaceae): 0 -> 1
Cell (Polygonia_zephyrus,Ericaceae): 0 -> 1
Cell (Polygonia_gracilis,Aristolochiaceae): 0 -> 1
Cell (Polygonia_gracilis,Ceratophyllaceae): 0 -> 1
Matrix saved as results/braga/152/b4_c0.5/flipped_matrix_elbow.png
Elbow Metrics: {'precision': 0.8163265306122449, 'recall': 0.5673758865248227, 'f1': 0.6694560669456068, 'TP': 80, 'FP': 18, 'FN': 61}
