Matrix saved as ml_parsimony_matrices/seed64_ratio1.2335.png
Matrix saved as results/64/corrupt100/r010.4_r100.6/original_matrix.png
Matrix saved as results/64/corrupt100/r010.4_r100.6/corrupted.png
[iter 0] λ=0.5000 → flips=144
[iter 1] λ=0.2500 → flips=0
[iter 2] λ=0.3750 → flips=53
[iter 3] λ=0.4375 → flips=120
[iter 4] λ=0.4062 → flips=106
[iter 5] λ=0.3906 → flips=99
[iter 6] λ=0.3984 → flips=100

Best λ=0.3984 → flips=100, correct=66/100
Number of flips performed: 100
Cell (Hypanartia_lethe,Nymphaeaceae): 0 -> 1
Cell (Hypanartia_lethe,Chloranthaceae): 0 -> 1
Cell (Hypanartia_lethe,Fabaceae): 0 -> 1
Cell (Hypanartia_lethe,Rhamnaceae): 0 -> 1
Cell (Hypanartia_bella,Siparunaceae): 0 -> 1
Cell (Hypanartia_bella,Potamogetonaceae): 0 -> 1
Cell (Hypanartia_bella,Acoraceae): 0 -> 1
Cell (Hypanartia_bella,Asteraceae): 0 -> 1
Cell (Vanessa_itea,Aristolochiaceae): 0 -> 1
Cell (Vanessa_itea,Chloranthaceae): 0 -> 1
Cell (Vanessa_itea,Ceratophyllaceae): 0 -> 1
Cell (Vanessa_itea,Plantaginaceae): 0 -> 1
Cell (Vanessa_annabella,Typhaceae): 0 -> 1
Cell (Vanessa_annabella,Potamogetonaceae): 0 -> 1
Cell (Vanessa_hippomene,Typhaceae): 0 -> 1
Cell (Vanessa_hippomene,Ceratophyllaceae): 0 -> 1
Cell (Vanessa_hippomene,Betulaceae): 0 -> 1
Cell (Vanessa_dimorphica,Acoraceae): 0 -> 1
Cell (Vanessa_dimorphica,Rhamnaceae): 0 -> 1
Cell (Vanessa_abyssinica,Schisandraceae): 0 -> 1
Cell (Vanessa_abyssinica,Smilacaceae): 0 -> 1
Cell (Antanartia_delius,Aristolochiaceae): 0 -> 1
Cell (Antanartia_delius,Asteraceae): 0 -> 1
Cell (Antanartia_delius,Boraginaceae): 0 -> 1
Cell (Aglais_io,Nymphaeaceae): 0 -> 1
Cell (Aglais_io,Siparunaceae): 0 -> 1
Cell (Aglais_io,Chloranthaceae): 0 -> 1
Cell (Aglais_io,Rosaceae): 0 -> 1
Cell (Aglais_io,Urticaceae): 0 -> 1
Cell (Aglais_milberti,Siparunaceae): 0 -> 1
Cell (Aglais_milberti,Fabaceae): 0 -> 1
Cell (Aglais_milberti,Cannabaceae): 0 -> 1
Cell (Aglais_milberti,Salicaceae): 0 -> 1
Cell (Aglais_milberti,Grossulariaceae): 0 -> 1
Cell (Aglais_urticae,Amborellaceae): 0 -> 1
Cell (Aglais_urticae,Schisandraceae): 0 -> 1
Cell (Aglais_urticae,Aristolochiaceae): 0 -> 1
Cell (Aglais_urticae,Acoraceae): 0 -> 1
Cell (Aglais_urticae,Rhamnaceae): 0 -> 1
Cell (Aglais_urticae,Ulmaceae): 0 -> 1
Cell (Aglais_urticae,Malvaceae): 0 -> 1
Cell (Kaniska_canace,Amborellaceae): 0 -> 1
Cell (Kaniska_canace,Schisandraceae): 0 -> 1
Cell (Kaniska_canace,Typhaceae): 0 -> 1
Cell (Kaniska_canace,Ceratophyllaceae): 0 -> 1
Cell (Kaniska_canace,Ericaceae): 0 -> 1
Cell (Kaniska_canace,Boraginaceae): 0 -> 1
Cell (Nymphalis_l_album,Malvaceae): 0 -> 1
Cell (Nymphalis_l_album,Asteraceae): 0 -> 1
Cell (Nymphalis_l_album,Plantaginaceae): 0 -> 1
Cell (Nymphalis_polychloros,Schisandraceae): 0 -> 1
Cell (Nymphalis_polychloros,Potamogetonaceae): 0 -> 1
Cell (Nymphalis_polychloros,Rhamnaceae): 0 -> 1
Cell (Nymphalis_californica,Chloranthaceae): 0 -> 1
Cell (Nymphalis_xanthomelas,Smilacaceae): 0 -> 1
Cell (Nymphalis_xanthomelas,Rhamnaceae): 0 -> 1
Cell (Nymphalis_xanthomelas,Cannabaceae): 0 -> 1
Cell (Nymphalis_xanthomelas,Plantaginaceae): 0 -> 1
Cell (Nymphalis_antiopa,Schisandraceae): 0 -> 1
Cell (Polygonia_c_aureum,Nymphaeaceae): 0 -> 1
Cell (Polygonia_c_aureum,Schisandraceae): 0 -> 1
Cell (Polygonia_c_aureum,Potamogetonaceae): 0 -> 1
Cell (Polygonia_c_aureum,Acoraceae): 0 -> 1
Cell (Polygonia_c_aureum,Ceratophyllaceae): 0 -> 1
Cell (Polygonia_c_aureum,Rosaceae): 0 -> 1
Cell (Polygonia_c_aureum,Malvaceae): 0 -> 1
Cell (Polygonia_egea,Schisandraceae): 0 -> 1
Cell (Polygonia_egea,Aristolochiaceae): 0 -> 1
Cell (Polygonia_egea,Chloranthaceae): 0 -> 1
Cell (Polygonia_egea,Ceratophyllaceae): 0 -> 1
Cell (Polygonia_egea,Fabaceae): 0 -> 1
Cell (Polygonia_egea,Malvaceae): 0 -> 1
Cell (Polygonia_faunus,Smilacaceae): 0 -> 1
Cell (Polygonia_faunus,Rosaceae): 0 -> 1
Cell (Polygonia_c_album,Nymphaeaceae): 0 -> 1
Cell (Polygonia_c_album,Potamogetonaceae): 0 -> 1
Cell (Polygonia_c_album,Ceratophyllaceae): 0 -> 1
Cell (Polygonia_c_album,Betulaceae): 0 -> 1
Cell (Polygonia_c_album,Grossulariaceae): 0 -> 1
Cell (Polygonia_satyrus,Typhaceae): 0 -> 1
Cell (Polygonia_satyrus,Rosaceae): 0 -> 1
Cell (Polygonia_satyrus,Ericaceae): 0 -> 1
Cell (Polygonia_interrogationis,Aristolochiaceae): 0 -> 1
Cell (Polygonia_interrogationis,Chloranthaceae): 0 -> 1
Cell (Polygonia_interrogationis,Ceratophyllaceae): 0 -> 1
Cell (Polygonia_interrogationis,Ulmaceae): 0 -> 1
Cell (Polygonia_interrogationis,Cannabaceae): 0 -> 1
Cell (Polygonia_interrogationis,Grossulariaceae): 0 -> 1
Cell (Polygonia_comma,Potamogetonaceae): 0 -> 1
Cell (Polygonia_comma,Acoraceae): 0 -> 1
Cell (Polygonia_comma,Rosaceae): 0 -> 1
Cell (Polygonia_comma,Rhamnaceae): 0 -> 1
Cell (Polygonia_comma,Plantaginaceae): 0 -> 1
Cell (Polygonia_progne,Typhaceae): 0 -> 1
Cell (Polygonia_progne,Potamogetonaceae): 0 -> 1
Cell (Polygonia_zephyrus,Schisandraceae): 0 -> 1
Cell (Polygonia_zephyrus,Betulaceae): 0 -> 1
Cell (Polygonia_zephyrus,Grossulariaceae): 0 -> 1
Cell (Polygonia_gracilis,Nymphaeaceae): 0 -> 1
Cell (Polygonia_gracilis,Fabaceae): 0 -> 1
Matrix saved as results/64/corrupt100/r010.4_r100.6/flipped_matrix.png
Metrics: {'precision': 0.66, 'recall': 0.66, 'f1': 0.66, 'TP': 66, 'FP': 34, 'FN': 34}
[Elbow detection] λ ≈ 0.382 (cutoff=0.371)
Elbow Metrics: {'precision': 0.6551724137931034, 'recall': 0.57, 'f1': 0.6096256684491977, 'TP': 57, 'FP': 30, 'FN': 43}
