Matrix saved as results/75/corrupt1000/r010.5_r100.5/original_matrix.svg
Matrix saved as results/75/corrupt1000/r010.5_r100.5/corrupted.svg
[iter 0] λ=0.5000 → flips=20
[iter 1] λ=0.7500 → flips=741
[iter 2] λ=0.8750 → flips=3832
[iter 3] λ=0.8125 → flips=1960
[iter 4] λ=0.7812 → flips=1076
[iter 5] λ=0.7656 → flips=923
[iter 6] λ=0.7734 → flips=1049
[iter 7] λ=0.7695 → flips=1042
[iter 8] λ=0.7676 → flips=1034
[iter 9] λ=0.7666 → flips=1032
[iter 10] λ=0.7661 → flips=1024
[iter 11] λ=0.7659 → flips=1024
[iter 12] λ=0.7657 → flips=923
[iter 13] λ=0.7658 → flips=1024
[iter 14] λ=0.7658 → flips=923
[iter 15] λ=0.7658 → flips=923
[iter 16] λ=0.7658 → flips=923
[iter 17] λ=0.7658 → flips=1024
[iter 18] λ=0.7658 → flips=1024
[iter 19] λ=0.7658 → flips=1024

Best λ=0.7661 → flips=1024, correct=559/1000
Number of flips performed: 1024
Matrix saved as results/75/corrupt1000/r010.5_r100.5/flipped_matrix.svg
Metrics: {'precision': 0.5458984375, 'recall': 0.559, 'f1': 0.5523715415019763, 'TP': 559, 'FP': 465, 'FN': 441}
[Elbow detection] flip ≈ 1050, λ ≈ 0.7755102040816326
Number of flips performed (elbow): 1050
Matrix saved as results/75/corrupt1000/r010.5_r100.5/flipped_matrix_elbow.svg
Elbow Metrics: {'precision': 0.5447619047619048, 'recall': 0.572, 'f1': 0.5580487804878048, 'TP': 572, 'FP': 478, 'FN': 428}
