Matrix saved as results/42/corrupt100/r010.5_r100.7/original_matrix.svg
Matrix saved as results/42/corrupt100/r010.5_r100.7/corrupted.svg
[iter 0] λ=0.5000 → flips=48
[iter 1] λ=0.7500 → flips=440
[iter 2] λ=0.6250 → flips=116
[iter 3] λ=0.5625 → flips=65
[iter 4] λ=0.5938 → flips=79
[iter 5] λ=0.6094 → flips=92
[iter 6] λ=0.6172 → flips=111
[iter 7] λ=0.6133 → flips=95
[iter 8] λ=0.6152 → flips=99
[iter 9] λ=0.6162 → flips=101
[iter 10] λ=0.6157 → flips=100

Best λ=0.6157 → flips=100, correct=44/100
Number of flips performed: 100
Matrix saved as results/42/corrupt100/r010.5_r100.7/flipped_matrix.svg
Metrics: {'precision': 0.44, 'recall': 0.44, 'f1': 0.44, 'TP': 44, 'FP': 56, 'FN': 56}
[Elbow detection] flip ≈ 848, λ ≈ 0.7959183673469387
Number of flips performed (elbow): 848
Matrix saved as results/42/corrupt100/r010.5_r100.7/flipped_matrix_elbow.svg
Elbow Metrics: {'precision': 0.09905660377358491, 'recall': 0.84, 'f1': 0.17721518987341772, 'TP': 84, 'FP': 764, 'FN': 16}
