Matrix saved as results/braga/141/b1_c0.1/original_matrix.png
Matrix saved as results/braga/141/b1_c0.1/corrupted.png
[iter 0] λ=0.5000 → flips=0
[iter 1] λ=0.7500 → flips=1
[iter 2] λ=0.8750 → flips=681
[iter 3] λ=0.8125 → flips=681
[iter 4] λ=0.7812 → flips=681
[iter 5] λ=0.7656 → flips=681
[iter 6] λ=0.7578 → flips=94
[iter 7] λ=0.7617 → flips=94
[iter 8] λ=0.7637 → flips=681
[iter 9] λ=0.7627 → flips=185
[iter 10] λ=0.7632 → flips=681
[iter 11] λ=0.7629 → flips=681
[iter 12] λ=0.7628 → flips=681
[iter 13] λ=0.7628 → flips=185
[iter 14] λ=0.7628 → flips=185
[iter 15] λ=0.7628 → flips=185
[iter 16] λ=0.7628 → flips=681
[iter 17] λ=0.7628 → flips=681
[iter 18] λ=0.7628 → flips=681
[iter 19] λ=0.7628 → flips=185

Best λ=0.7627 → flips=185, correct=88/310
Number of flips performed: 185
Cell (Hypanartia_lethe,Rosaceae): 0 -> 1
Cell (Hypanartia_lethe,Rhamnaceae): 0 -> 1
Cell (Hypanartia_lethe,Ulmaceae): 0 -> 1
Cell (Hypanartia_lethe,Cannabaceae): 0 -> 1
Cell (Hypanartia_lethe,Urticaceae): 0 -> 1
Cell (Hypanartia_lethe,Betulaceae): 0 -> 1
Cell (Hypanartia_lethe,Salicaceae): 0 -> 1
Cell (Hypanartia_lethe,Malvaceae): 0 -> 1
Cell (Hypanartia_bella,Rosaceae): 0 -> 1
Cell (Hypanartia_bella,Rhamnaceae): 0 -> 1
Cell (Hypanartia_bella,Ulmaceae): 0 -> 1
Cell (Hypanartia_bella,Cannabaceae): 0 -> 1
Cell (Hypanartia_bella,Urticaceae): 0 -> 1
Cell (Hypanartia_bella,Betulaceae): 0 -> 1
Cell (Hypanartia_bella,Malvaceae): 0 -> 1
Cell (Vanessa_itea,Fabaceae): 0 -> 1
Cell (Vanessa_itea,Rosaceae): 0 -> 1
Cell (Vanessa_itea,Rhamnaceae): 0 -> 1
Cell (Vanessa_itea,Ulmaceae): 0 -> 1
Cell (Vanessa_itea,Cannabaceae): 0 -> 1
Cell (Vanessa_itea,Urticaceae): 0 -> 1
Cell (Vanessa_itea,Betulaceae): 0 -> 1
Cell (Vanessa_annabella,Fabaceae): 0 -> 1
Cell (Vanessa_annabella,Rosaceae): 0 -> 1
Cell (Vanessa_annabella,Rhamnaceae): 0 -> 1
Cell (Vanessa_annabella,Ulmaceae): 0 -> 1
Cell (Vanessa_annabella,Cannabaceae): 0 -> 1
Cell (Vanessa_annabella,Urticaceae): 0 -> 1
Cell (Vanessa_annabella,Betulaceae): 0 -> 1
Cell (Vanessa_annabella,Salicaceae): 0 -> 1
Cell (Vanessa_hippomene,Fabaceae): 0 -> 1
Cell (Vanessa_hippomene,Rhamnaceae): 0 -> 1
Cell (Vanessa_hippomene,Ulmaceae): 0 -> 1
Cell (Vanessa_hippomene,Cannabaceae): 0 -> 1
Cell (Vanessa_hippomene,Urticaceae): 0 -> 1
Cell (Vanessa_hippomene,Betulaceae): 0 -> 1
Cell (Vanessa_hippomene,Malvaceae): 0 -> 1
Cell (Vanessa_dimorphica,Fabaceae): 0 -> 1
Cell (Vanessa_dimorphica,Rosaceae): 0 -> 1
Cell (Vanessa_dimorphica,Rhamnaceae): 0 -> 1
Cell (Vanessa_dimorphica,Ulmaceae): 0 -> 1
Cell (Vanessa_dimorphica,Cannabaceae): 0 -> 1
Cell (Vanessa_dimorphica,Urticaceae): 0 -> 1
Cell (Vanessa_dimorphica,Betulaceae): 0 -> 1
Cell (Vanessa_dimorphica,Malvaceae): 0 -> 1
Cell (Vanessa_kershawi,Fabaceae): 0 -> 1
Cell (Vanessa_kershawi,Rosaceae): 0 -> 1
Cell (Vanessa_kershawi,Rhamnaceae): 0 -> 1
Cell (Vanessa_kershawi,Ulmaceae): 0 -> 1
Cell (Vanessa_kershawi,Urticaceae): 0 -> 1
Cell (Vanessa_kershawi,Betulaceae): 0 -> 1
Cell (Vanessa_kershawi,Malvaceae): 0 -> 1
Cell (Vanessa_kershawi,Grossulariaceae): 0 -> 1
Cell (Vanessa_cardui,Fabaceae): 0 -> 1
Cell (Vanessa_cardui,Rosaceae): 0 -> 1
Cell (Vanessa_cardui,Rhamnaceae): 0 -> 1
Cell (Vanessa_cardui,Ulmaceae): 0 -> 1
Cell (Vanessa_cardui,Urticaceae): 0 -> 1
Cell (Vanessa_cardui,Betulaceae): 0 -> 1
Cell (Vanessa_cardui,Salicaceae): 0 -> 1
Cell (Vanessa_cardui,Malvaceae): 0 -> 1
Cell (Vanessa_cardui,Grossulariaceae): 0 -> 1
Cell (Vanessa_virginiensis,Fabaceae): 0 -> 1
Cell (Vanessa_virginiensis,Rosaceae): 0 -> 1
Cell (Vanessa_virginiensis,Rhamnaceae): 0 -> 1
Cell (Vanessa_virginiensis,Ulmaceae): 0 -> 1
Cell (Vanessa_virginiensis,Urticaceae): 0 -> 1
Cell (Vanessa_virginiensis,Betulaceae): 0 -> 1
Cell (Vanessa_virginiensis,Malvaceae): 0 -> 1
Cell (Vanessa_virginiensis,Grossulariaceae): 0 -> 1
Cell (Vanessa_abyssinica,Fabaceae): 0 -> 1
Cell (Vanessa_abyssinica,Rosaceae): 0 -> 1
Cell (Vanessa_abyssinica,Rhamnaceae): 0 -> 1
Cell (Vanessa_abyssinica,Ulmaceae): 0 -> 1
Cell (Vanessa_abyssinica,Urticaceae): 0 -> 1
Cell (Vanessa_abyssinica,Betulaceae): 0 -> 1
Cell (Vanessa_atalanta,Rosaceae): 0 -> 1
Cell (Vanessa_atalanta,Rhamnaceae): 0 -> 1
Cell (Vanessa_atalanta,Ulmaceae): 0 -> 1
Cell (Vanessa_atalanta,Urticaceae): 0 -> 1
Cell (Vanessa_atalanta,Betulaceae): 0 -> 1
Cell (Vanessa_tameamea,Fabaceae): 0 -> 1
Cell (Vanessa_tameamea,Rosaceae): 0 -> 1
Cell (Vanessa_tameamea,Rhamnaceae): 0 -> 1
Cell (Vanessa_tameamea,Ulmaceae): 0 -> 1
Cell (Vanessa_tameamea,Urticaceae): 0 -> 1
Cell (Vanessa_tameamea,Betulaceae): 0 -> 1
Cell (Vanessa_indica,Rosaceae): 0 -> 1
Cell (Vanessa_indica,Rhamnaceae): 0 -> 1
Cell (Vanessa_indica,Ulmaceae): 0 -> 1
Cell (Vanessa_indica,Urticaceae): 0 -> 1
Cell (Vanessa_indica,Betulaceae): 0 -> 1
Cell (Antanartia_delius,Rosaceae): 0 -> 1
Cell (Antanartia_delius,Rhamnaceae): 0 -> 1
Cell (Antanartia_delius,Urticaceae): 0 -> 1
Cell (Antanartia_delius,Betulaceae): 0 -> 1
Cell (Antanartia_delius,Salicaceae): 0 -> 1
Cell (Aglais_io,Rosaceae): 0 -> 1
Cell (Aglais_io,Rhamnaceae): 0 -> 1
Cell (Aglais_io,Ulmaceae): 0 -> 1
Cell (Aglais_io,Betulaceae): 0 -> 1
Cell (Aglais_milberti,Rhamnaceae): 0 -> 1
Cell (Aglais_milberti,Ulmaceae): 0 -> 1
Cell (Aglais_milberti,Cannabaceae): 0 -> 1
Cell (Aglais_milberti,Urticaceae): 0 -> 1
Cell (Aglais_milberti,Betulaceae): 0 -> 1
Cell (Aglais_urticae,Rhamnaceae): 0 -> 1
Cell (Aglais_urticae,Ulmaceae): 0 -> 1
Cell (Aglais_urticae,Cannabaceae): 0 -> 1
Cell (Aglais_urticae,Urticaceae): 0 -> 1
Cell (Aglais_urticae,Betulaceae): 0 -> 1
Cell (Kaniska_canace,Rosaceae): 0 -> 1
Cell (Kaniska_canace,Rhamnaceae): 0 -> 1
Cell (Kaniska_canace,Ulmaceae): 0 -> 1
Cell (Kaniska_canace,Cannabaceae): 0 -> 1
Cell (Kaniska_canace,Urticaceae): 0 -> 1
Cell (Kaniska_canace,Betulaceae): 0 -> 1
Cell (Nymphalis_l_album,Rhamnaceae): 0 -> 1
Cell (Nymphalis_l_album,Ulmaceae): 0 -> 1
Cell (Nymphalis_l_album,Urticaceae): 0 -> 1
Cell (Nymphalis_l_album,Betulaceae): 0 -> 1
Cell (Nymphalis_polychloros,Rosaceae): 0 -> 1
Cell (Nymphalis_polychloros,Rhamnaceae): 0 -> 1
Cell (Nymphalis_polychloros,Ulmaceae): 0 -> 1
Cell (Nymphalis_polychloros,Urticaceae): 0 -> 1
Cell (Nymphalis_polychloros,Betulaceae): 0 -> 1
Cell (Nymphalis_californica,Rosaceae): 0 -> 1
Cell (Nymphalis_californica,Rhamnaceae): 0 -> 1
Cell (Nymphalis_californica,Ulmaceae): 0 -> 1
Cell (Nymphalis_californica,Urticaceae): 0 -> 1
Cell (Nymphalis_californica,Betulaceae): 0 -> 1
Cell (Nymphalis_xanthomelas,Rosaceae): 0 -> 1
Cell (Nymphalis_xanthomelas,Rhamnaceae): 0 -> 1
Cell (Nymphalis_xanthomelas,Ulmaceae): 0 -> 1
Cell (Nymphalis_xanthomelas,Cannabaceae): 0 -> 1
Cell (Nymphalis_xanthomelas,Urticaceae): 0 -> 1
Cell (Nymphalis_xanthomelas,Betulaceae): 0 -> 1
Cell (Nymphalis_antiopa,Rhamnaceae): 0 -> 1
Cell (Nymphalis_antiopa,Ulmaceae): 0 -> 1
Cell (Nymphalis_antiopa,Urticaceae): 0 -> 1
Cell (Nymphalis_antiopa,Betulaceae): 0 -> 1
Cell (Polygonia_c_aureum,Rhamnaceae): 0 -> 1
Cell (Polygonia_c_aureum,Ulmaceae): 0 -> 1
Cell (Polygonia_c_aureum,Urticaceae): 0 -> 1
Cell (Polygonia_c_aureum,Betulaceae): 0 -> 1
Cell (Polygonia_egea,Rhamnaceae): 0 -> 1
Cell (Polygonia_egea,Ulmaceae): 0 -> 1
Cell (Polygonia_egea,Urticaceae): 0 -> 1
Cell (Polygonia_egea,Betulaceae): 0 -> 1
Cell (Polygonia_faunus,Rhamnaceae): 0 -> 1
Cell (Polygonia_faunus,Ulmaceae): 0 -> 1
Cell (Polygonia_faunus,Urticaceae): 0 -> 1
Cell (Polygonia_faunus,Betulaceae): 0 -> 1
Cell (Polygonia_c_album,Rhamnaceae): 0 -> 1
Cell (Polygonia_c_album,Ulmaceae): 0 -> 1
Cell (Polygonia_c_album,Urticaceae): 0 -> 1
Cell (Polygonia_c_album,Betulaceae): 0 -> 1
Cell (Polygonia_satyrus,Rhamnaceae): 0 -> 1
Cell (Polygonia_satyrus,Ulmaceae): 0 -> 1
Cell (Polygonia_satyrus,Cannabaceae): 0 -> 1
Cell (Polygonia_satyrus,Urticaceae): 0 -> 1
Cell (Polygonia_satyrus,Betulaceae): 0 -> 1
Cell (Polygonia_interrogationis,Rhamnaceae): 0 -> 1
Cell (Polygonia_interrogationis,Ulmaceae): 0 -> 1
Cell (Polygonia_interrogationis,Urticaceae): 0 -> 1
Cell (Polygonia_interrogationis,Betulaceae): 0 -> 1
Cell (Polygonia_interrogationis,Salicaceae): 0 -> 1
Cell (Polygonia_comma,Rhamnaceae): 0 -> 1
Cell (Polygonia_comma,Ulmaceae): 0 -> 1
Cell (Polygonia_comma,Urticaceae): 0 -> 1
Cell (Polygonia_comma,Betulaceae): 0 -> 1
Cell (Polygonia_comma,Salicaceae): 0 -> 1
Cell (Polygonia_oreas,Rhamnaceae): 0 -> 1
Cell (Polygonia_oreas,Ulmaceae): 0 -> 1
Cell (Polygonia_oreas,Urticaceae): 0 -> 1
Cell (Polygonia_progne,Rosaceae): 0 -> 1
Cell (Polygonia_progne,Rhamnaceae): 0 -> 1
Cell (Polygonia_progne,Ulmaceae): 0 -> 1
Cell (Polygonia_progne,Urticaceae): 0 -> 1
Cell (Polygonia_zephyrus,Rhamnaceae): 0 -> 1
Cell (Polygonia_zephyrus,Ulmaceae): 0 -> 1
Cell (Polygonia_zephyrus,Urticaceae): 0 -> 1
Cell (Polygonia_gracilis,Rhamnaceae): 0 -> 1
Cell (Polygonia_gracilis,Ulmaceae): 0 -> 1
Cell (Polygonia_gracilis,Urticaceae): 0 -> 1
Matrix saved as results/braga/141/b1_c0.1/flipped_matrix.png
Metrics: {'precision': 0.4756756756756757, 'recall': 0.2838709677419355, 'f1': 0.3555555555555555, 'TP': 88, 'FP': 97, 'FN': 222}
[Elbow detection] λ ≈ 0.768 (cutoff=0.757)
Elbow Metrics: {'precision': 0.4552129221732746, 'recall': 1.0, 'f1': 0.6256306760847629, 'TP': 310, 'FP': 371, 'FN': 0}
