Matrix saved as results/64/corrupt800/r010.3_r100.3/original_matrix.svg
Matrix saved as results/64/corrupt800/r010.3_r100.3/corrupted.svg
[iter 0] λ=0.5000 → flips=9
[iter 1] λ=0.7500 → flips=205
[iter 2] λ=0.8750 → flips=1602
[iter 3] λ=0.8125 → flips=456
[iter 4] λ=0.8438 → flips=701
[iter 5] λ=0.8594 → flips=1307
[iter 6] λ=0.8516 → flips=1278
[iter 7] λ=0.8477 → flips=708
[iter 8] λ=0.8496 → flips=753
[iter 9] λ=0.8506 → flips=1241
[iter 10] λ=0.8501 → flips=1241
[iter 11] λ=0.8499 → flips=753
[iter 12] λ=0.8500 → flips=753
[iter 13] λ=0.8500 → flips=753
[iter 14] λ=0.8501 → flips=753
[iter 15] λ=0.8501 → flips=753
[iter 16] λ=0.8501 → flips=753
[iter 17] λ=0.8501 → flips=753
[iter 18] λ=0.8501 → flips=753
[iter 19] λ=0.8501 → flips=753

Best λ=0.8496 → flips=753, correct=417/800
Number of flips performed: 753
Matrix saved as results/64/corrupt800/r010.3_r100.3/flipped_matrix.svg
Metrics: {'precision': 0.5537848605577689, 'recall': 0.52125, 'f1': 0.5370251126851255, 'TP': 417, 'FP': 336, 'FN': 383}
[Elbow detection] flip ≈ 1286, λ ≈ 0.8571428571428571
Number of flips performed (elbow): 1286
Matrix saved as results/64/corrupt800/r010.3_r100.3/flipped_matrix_elbow.svg
Elbow Metrics: {'precision': 0.39346811819595645, 'recall': 0.6325, 'f1': 0.4851390220517737, 'TP': 506, 'FP': 780, 'FN': 294}
