Matrix saved as results/64/corrupt800/r010.4_r100.6/original_matrix.svg
Matrix saved as results/64/corrupt800/r010.4_r100.6/corrupted.svg
[iter 0] λ=0.5000 → flips=0
[iter 1] λ=0.7500 → flips=8
[iter 2] λ=0.8750 → flips=20
[iter 3] λ=0.9375 → flips=1049
[iter 4] λ=0.9062 → flips=30
[iter 5] λ=0.9219 → flips=31
[iter 6] λ=0.9297 → flips=31
[iter 7] λ=0.9336 → flips=1049
[iter 8] λ=0.9316 → flips=31
[iter 9] λ=0.9326 → flips=31
[iter 10] λ=0.9331 → flips=31
[iter 11] λ=0.9333 → flips=35
[iter 12] λ=0.9335 → flips=1049
[iter 13] λ=0.9334 → flips=35
[iter 14] λ=0.9334 → flips=35
[iter 15] λ=0.9335 → flips=1049
[iter 16] λ=0.9334 → flips=35
[iter 17] λ=0.9335 → flips=35
[iter 18] λ=0.9335 → flips=1049
[iter 19] λ=0.9335 → flips=35

Best λ=0.9375 → flips=1049, correct=259/800
Number of flips performed: 1049
Matrix saved as results/64/corrupt800/r010.4_r100.6/flipped_matrix.svg
Metrics: {'precision': 0.2469018112488084, 'recall': 0.32375, 'f1': 0.280151433207139, 'TP': 259, 'FP': 790, 'FN': 541}
[Elbow detection] flip ≈ 1049, λ ≈ 0.9387755102040816
Number of flips performed (elbow): 1049
Matrix saved as results/64/corrupt800/r010.4_r100.6/flipped_matrix_elbow.svg
Elbow Metrics: {'precision': 0.2469018112488084, 'recall': 0.32375, 'f1': 0.280151433207139, 'TP': 259, 'FP': 790, 'FN': 541}
