Matrix saved as results/108/corrupt1000/r010.6_r100.6/original_matrix.svg
Matrix saved as results/108/corrupt1000/r010.6_r100.6/corrupted.svg
[iter 0] λ=0.5000 → flips=80
[iter 1] λ=0.7500 → flips=919
[iter 2] λ=0.8750 → flips=3548
[iter 3] λ=0.8125 → flips=2697
[iter 4] λ=0.7812 → flips=1501
[iter 5] λ=0.7656 → flips=1125
[iter 6] λ=0.7578 → flips=975
[iter 7] λ=0.7617 → flips=1060
[iter 8] λ=0.7598 → flips=1021
[iter 9] λ=0.7588 → flips=976
[iter 10] λ=0.7593 → flips=1006
[iter 11] λ=0.7590 → flips=1006
[iter 12] λ=0.7589 → flips=976
[iter 13] λ=0.7590 → flips=1006
[iter 14] λ=0.7589 → flips=1006
[iter 15] λ=0.7589 → flips=976
[iter 16] λ=0.7589 → flips=1006
[iter 17] λ=0.7589 → flips=1006
[iter 18] λ=0.7589 → flips=1006
[iter 19] λ=0.7589 → flips=1006

Best λ=0.7593 → flips=1006, correct=618/1000
Number of flips performed: 1006
Matrix saved as results/108/corrupt1000/r010.6_r100.6/flipped_matrix.svg
Metrics: {'precision': 0.614314115308151, 'recall': 0.618, 'f1': 0.6161515453639081, 'TP': 618, 'FP': 388, 'FN': 382}
[Elbow detection] flip ≈ 950, λ ≈ 0.7551020408163265
Number of flips performed (elbow): 950
Matrix saved as results/108/corrupt1000/r010.6_r100.6/flipped_matrix_elbow.svg
Elbow Metrics: {'precision': 0.6347368421052632, 'recall': 0.603, 'f1': 0.6184615384615384, 'TP': 603, 'FP': 347, 'FN': 397}
