Matrix saved as ml_parsimony_matrices/seed64_ratio1.4341.png
Matrix saved as results/64/corrupt10/r010.5_r100.4/original_matrix.png
Matrix saved as results/64/corrupt10/r010.5_r100.4/corrupted.png
[iter 0] λ=0.5000 → flips=65
[iter 1] λ=0.2500 → flips=0
[iter 2] λ=0.3750 → flips=41
[iter 3] λ=0.3125 → flips=0
[iter 4] λ=0.3438 → flips=0
[iter 5] λ=0.3594 → flips=7
[iter 6] λ=0.3672 → flips=14
[iter 7] λ=0.3633 → flips=11
[iter 8] λ=0.3613 → flips=10

Best λ=0.3613 → flips=10, correct=0/10
Number of flips performed: 10
Cell (Vanessa_kershawi,Rhamnaceae): 0 -> 1
Cell (Vanessa_kershawi,Cannabaceae): 0 -> 1
Cell (Vanessa_virginiensis,Urticaceae): 0 -> 1
Cell (Aglais_milberti,Cannabaceae): 0 -> 1
Cell (Aglais_urticae,Ulmaceae): 0 -> 1
Cell (Nymphalis_polychloros,Ulmaceae): 0 -> 1
Cell (Nymphalis_xanthomelas,Cannabaceae): 0 -> 1
Cell (Polygonia_comma,Rhamnaceae): 0 -> 1
Cell (Polygonia_progne,Ulmaceae): 0 -> 1
Cell (Polygonia_progne,Urticaceae): 0 -> 1
Matrix saved as results/64/corrupt10/r010.5_r100.4/flipped_matrix.png
Metrics: {'precision': 0.0, 'recall': 0.0, 'f1': 0, 'TP': 0, 'FP': 10, 'FN': 10}
[Elbow detection] λ ≈ 0.378 (cutoff=0.367)
Elbow Metrics: {'precision': 0.16666666666666666, 'recall': 0.8, 'f1': 0.27586206896551724, 'TP': 8, 'FP': 40, 'FN': 2}
