[iter 0] λ=0.5000 → flips=54
[iter 1] λ=0.7500 → flips=615
[iter 2] λ=0.8750 → flips=1337
[iter 3] λ=0.8125 → flips=913
[iter 4] λ=0.8438 → flips=1174
[iter 5] λ=0.8281 → flips=1132
[iter 6] λ=0.8203 → flips=1111
[iter 7] λ=0.8164 → flips=1050
[iter 8] λ=0.8145 → flips=913
[iter 9] λ=0.8154 → flips=1050
[iter 10] λ=0.8149 → flips=913
[iter 11] λ=0.8152 → flips=913
[iter 12] λ=0.8153 → flips=913
[iter 13] λ=0.8154 → flips=1050
[iter 14] λ=0.8153 → flips=913
[iter 15] λ=0.8154 → flips=913
[iter 16] λ=0.8154 → flips=913
[iter 17] λ=0.8154 → flips=1050
[iter 18] λ=0.8154 → flips=913
[iter 19] λ=0.8154 → flips=913

Best λ=0.8164 → flips=1050, correct=652/1000
Number of flips performed: 1050
Metrics: {'precision': 0.6209523809523809, 'recall': 0.652, 'f1': 0.6360975609756098, 'TP': 652, 'FP': 398, 'FN': 348}
[Elbow detection] flip ≈ 1567, λ ≈ 0.9387755102040816
Number of flips performed (elbow): 1567
Elbow Metrics: {'precision': 0.4971282705807275, 'recall': 0.779, 'f1': 0.6069341643942345, 'TP': 779, 'FP': 788, 'FN': 221}
