Matrix saved as results/97/corrupt50/r010.6_r100.7/original_matrix.png
Matrix saved as results/97/corrupt50/r010.6_r100.7/corrupted.png
[iter 0] λ=0.5000 → flips=27
[iter 1] λ=0.7500 → flips=55
[iter 2] λ=0.6250 → flips=44
[iter 3] λ=0.6875 → flips=47
[iter 4] λ=0.7188 → flips=50

Best λ=0.7188 → flips=50, correct=29/50
Number of flips performed: 50
Cell (Hypanartia_lethe,Rosaceae): 0 -> 1
Cell (Hypanartia_lethe,Urticaceae): 0 -> 1
Cell (Hypanartia_lethe,Grossulariaceae): 0 -> 1
Cell (Hypanartia_bella,Rhamnaceae): 0 -> 1
Cell (Kaniska_canace,Aristolochiaceae): 0 -> 1
Cell (Kaniska_canace,Acoraceae): 0 -> 1
Cell (Kaniska_canace,Fabaceae): 0 -> 1
Cell (Kaniska_canace,Ulmaceae): 0 -> 1
Cell (Kaniska_canace,Malvaceae): 0 -> 1
Cell (Kaniska_canace,Ericaceae): 0 -> 1
Cell (Kaniska_canace,Asteraceae): 0 -> 1
Cell (Kaniska_canace,Plantaginaceae): 0 -> 1
Cell (Nymphalis_l_album,Chloranthaceae): 0 -> 1
Cell (Nymphalis_l_album,Rosaceae): 0 -> 1
Cell (Nymphalis_l_album,Rhamnaceae): 0 -> 1
Cell (Nymphalis_l_album,Ulmaceae): 0 -> 1
Cell (Nymphalis_l_album,Betulaceae): 0 -> 1
Cell (Nymphalis_l_album,Ericaceae): 0 -> 1
Cell (Nymphalis_polychloros,Amborellaceae): 0 -> 1
Cell (Nymphalis_polychloros,Schisandraceae): 0 -> 1
Cell (Nymphalis_polychloros,Typhaceae): 0 -> 1
Cell (Nymphalis_polychloros,Acoraceae): 0 -> 1
Cell (Nymphalis_polychloros,Ceratophyllaceae): 0 -> 1
Cell (Nymphalis_polychloros,Rhamnaceae): 0 -> 1
Cell (Nymphalis_polychloros,Salicaceae): 0 -> 1
Cell (Nymphalis_californica,Schisandraceae): 0 -> 1
Cell (Nymphalis_californica,Acoraceae): 0 -> 1
Cell (Nymphalis_californica,Ceratophyllaceae): 0 -> 1
Cell (Nymphalis_californica,Fabaceae): 0 -> 1
Cell (Nymphalis_californica,Rosaceae): 0 -> 1
Cell (Nymphalis_californica,Rhamnaceae): 0 -> 1
Cell (Nymphalis_californica,Ulmaceae): 0 -> 1
Cell (Nymphalis_californica,Urticaceae): 0 -> 1
Cell (Nymphalis_californica,Salicaceae): 0 -> 1
Cell (Nymphalis_californica,Ericaceae): 0 -> 1
Cell (Nymphalis_californica,Plantaginaceae): 0 -> 1
Cell (Nymphalis_xanthomelas,Amborellaceae): 0 -> 1
Cell (Nymphalis_xanthomelas,Siparunaceae): 0 -> 1
Cell (Nymphalis_xanthomelas,Aristolochiaceae): 0 -> 1
Cell (Nymphalis_xanthomelas,Rosaceae): 0 -> 1
Cell (Nymphalis_xanthomelas,Rhamnaceae): 0 -> 1
Cell (Nymphalis_xanthomelas,Betulaceae): 0 -> 1
Cell (Nymphalis_xanthomelas,Salicaceae): 0 -> 1
Cell (Nymphalis_xanthomelas,Ericaceae): 0 -> 1
Cell (Nymphalis_xanthomelas,Plantaginaceae): 0 -> 1
Cell (Nymphalis_antiopa,Nymphaeaceae): 0 -> 1
Cell (Nymphalis_antiopa,Chloranthaceae): 0 -> 1
Cell (Nymphalis_antiopa,Ceratophyllaceae): 0 -> 1
Cell (Nymphalis_antiopa,Rosaceae): 0 -> 1
Cell (Nymphalis_antiopa,Asteraceae): 0 -> 1
Matrix saved as results/97/corrupt50/r010.6_r100.7/flipped_matrix.png
Metrics: {'precision': 0.58, 'recall': 0.58, 'f1': 0.58, 'TP': 29, 'FP': 21, 'FN': 21}
[Elbow detection] flip ≈ 75, λ ≈ 0.836734693877551
Number of flips performed (elbow): 75
Cell (Hypanartia_lethe,Amborellaceae): 0 -> 1
Cell (Hypanartia_lethe,Aristolochiaceae): 0 -> 1
Cell (Hypanartia_lethe,Typhaceae): 0 -> 1
Cell (Hypanartia_lethe,Smilacaceae): 0 -> 1
Cell (Hypanartia_lethe,Potamogetonaceae): 0 -> 1
Cell (Hypanartia_lethe,Acoraceae): 0 -> 1
Cell (Hypanartia_lethe,Rosaceae): 0 -> 1
Cell (Hypanartia_lethe,Ulmaceae): 0 -> 1
Cell (Hypanartia_lethe,Urticaceae): 0 -> 1
Cell (Hypanartia_lethe,Betulaceae): 0 -> 1
Cell (Hypanartia_lethe,Malvaceae): 0 -> 1
Cell (Hypanartia_lethe,Grossulariaceae): 0 -> 1
Cell (Hypanartia_lethe,Asteraceae): 0 -> 1
Cell (Hypanartia_lethe,Plantaginaceae): 0 -> 1
Cell (Hypanartia_lethe,Boraginaceae): 0 -> 1
Cell (Hypanartia_bella,Amborellaceae): 0 -> 1
Cell (Hypanartia_bella,Schisandraceae): 0 -> 1
Cell (Hypanartia_bella,Siparunaceae): 0 -> 1
Cell (Hypanartia_bella,Aristolochiaceae): 0 -> 1
Cell (Hypanartia_bella,Chloranthaceae): 0 -> 1
Cell (Hypanartia_bella,Typhaceae): 0 -> 1
Cell (Hypanartia_bella,Rhamnaceae): 0 -> 1
Cell (Hypanartia_bella,Ulmaceae): 0 -> 1
Cell (Hypanartia_bella,Betulaceae): 0 -> 1
Cell (Hypanartia_bella,Malvaceae): 0 -> 1
Cell (Hypanartia_bella,Asteraceae): 0 -> 1
Cell (Kaniska_canace,Amborellaceae): 0 -> 1
Cell (Kaniska_canace,Nymphaeaceae): 0 -> 1
Cell (Kaniska_canace,Schisandraceae): 0 -> 1
Cell (Kaniska_canace,Aristolochiaceae): 0 -> 1
Cell (Kaniska_canace,Acoraceae): 0 -> 1
Cell (Kaniska_canace,Fabaceae): 0 -> 1
Cell (Kaniska_canace,Ulmaceae): 0 -> 1
Cell (Kaniska_canace,Malvaceae): 0 -> 1
Cell (Kaniska_canace,Ericaceae): 0 -> 1
Cell (Kaniska_canace,Asteraceae): 0 -> 1
Cell (Kaniska_canace,Plantaginaceae): 0 -> 1
Cell (Nymphalis_l_album,Chloranthaceae): 0 -> 1
Cell (Nymphalis_l_album,Rosaceae): 0 -> 1
Cell (Nymphalis_l_album,Rhamnaceae): 0 -> 1
Cell (Nymphalis_l_album,Ulmaceae): 0 -> 1
Cell (Nymphalis_l_album,Betulaceae): 0 -> 1
Cell (Nymphalis_l_album,Ericaceae): 0 -> 1
Cell (Nymphalis_polychloros,Amborellaceae): 0 -> 1
Cell (Nymphalis_polychloros,Schisandraceae): 0 -> 1
Cell (Nymphalis_polychloros,Typhaceae): 0 -> 1
Cell (Nymphalis_polychloros,Acoraceae): 0 -> 1
Cell (Nymphalis_polychloros,Ceratophyllaceae): 0 -> 1
Cell (Nymphalis_polychloros,Rhamnaceae): 0 -> 1
Cell (Nymphalis_polychloros,Salicaceae): 0 -> 1
Cell (Nymphalis_californica,Schisandraceae): 0 -> 1
Cell (Nymphalis_californica,Acoraceae): 0 -> 1
Cell (Nymphalis_californica,Ceratophyllaceae): 0 -> 1
Cell (Nymphalis_californica,Fabaceae): 0 -> 1
Cell (Nymphalis_californica,Rosaceae): 0 -> 1
Cell (Nymphalis_californica,Rhamnaceae): 0 -> 1
Cell (Nymphalis_californica,Ulmaceae): 0 -> 1
Cell (Nymphalis_californica,Urticaceae): 0 -> 1
Cell (Nymphalis_californica,Salicaceae): 0 -> 1
Cell (Nymphalis_californica,Ericaceae): 0 -> 1
Cell (Nymphalis_californica,Plantaginaceae): 0 -> 1
Cell (Nymphalis_xanthomelas,Amborellaceae): 0 -> 1
Cell (Nymphalis_xanthomelas,Siparunaceae): 0 -> 1
Cell (Nymphalis_xanthomelas,Aristolochiaceae): 0 -> 1
Cell (Nymphalis_xanthomelas,Rosaceae): 0 -> 1
Cell (Nymphalis_xanthomelas,Rhamnaceae): 0 -> 1
Cell (Nymphalis_xanthomelas,Betulaceae): 0 -> 1
Cell (Nymphalis_xanthomelas,Salicaceae): 0 -> 1
Cell (Nymphalis_xanthomelas,Ericaceae): 0 -> 1
Cell (Nymphalis_xanthomelas,Plantaginaceae): 0 -> 1
Cell (Nymphalis_antiopa,Nymphaeaceae): 0 -> 1
Cell (Nymphalis_antiopa,Chloranthaceae): 0 -> 1
Cell (Nymphalis_antiopa,Ceratophyllaceae): 0 -> 1
Cell (Nymphalis_antiopa,Rosaceae): 0 -> 1
Cell (Nymphalis_antiopa,Asteraceae): 0 -> 1
Matrix saved as results/97/corrupt50/r010.6_r100.7/flipped_matrix_elbow.png
Elbow Metrics: {'precision': 0.5866666666666667, 'recall': 0.88, 'f1': 0.704, 'TP': 44, 'FP': 31, 'FN': 6}
