Matrix saved as results/9/corrupt500/r010.5_r100.3/original_matrix.svg
Matrix saved as results/9/corrupt500/r010.5_r100.3/corrupted.svg
[iter 0] λ=0.5000 → flips=388
[iter 1] λ=0.7500 → flips=1121
[iter 2] λ=0.6250 → flips=798
[iter 3] λ=0.5625 → flips=607
[iter 4] λ=0.5312 → flips=466
[iter 5] λ=0.5469 → flips=517
[iter 6] λ=0.5391 → flips=503
[iter 7] λ=0.5352 → flips=491
[iter 8] λ=0.5371 → flips=499
[iter 9] λ=0.5381 → flips=501
[iter 10] λ=0.5376 → flips=501
[iter 11] λ=0.5374 → flips=501
[iter 12] λ=0.5372 → flips=501
[iter 13] λ=0.5372 → flips=501
[iter 14] λ=0.5371 → flips=501
[iter 15] λ=0.5371 → flips=499
[iter 16] λ=0.5371 → flips=501
[iter 17] λ=0.5371 → flips=499
[iter 18] λ=0.5371 → flips=499
[iter 19] λ=0.5371 → flips=501

Best λ=0.5371 → flips=499, correct=351/500
Number of flips performed: 499
Matrix saved as results/9/corrupt500/r010.5_r100.3/flipped_matrix.svg
Metrics: {'precision': 0.7034068136272545, 'recall': 0.702, 'f1': 0.7027027027027026, 'TP': 351, 'FP': 148, 'FN': 149}
[Elbow detection] flip ≈ 783, λ ≈ 0.6122448979591836
Number of flips performed (elbow): 783
Matrix saved as results/9/corrupt500/r010.5_r100.3/flipped_matrix_elbow.svg
Elbow Metrics: {'precision': 0.5670498084291188, 'recall': 0.888, 'f1': 0.6921278254091973, 'TP': 444, 'FP': 339, 'FN': 56}
