[iter 0] λ=0.5000 → flips=1051
[iter 1] λ=0.7500 → flips=2769
[iter 2] λ=0.6250 → flips=1909
[iter 3] λ=0.6875 → flips=2282
[iter 4] λ=0.6562 → flips=2056
[iter 5] λ=0.6406 → flips=2001
[iter 6] λ=0.6328 → flips=1947
[iter 7] λ=0.6367 → flips=1979
[iter 8] λ=0.6387 → flips=1987
[iter 9] λ=0.6396 → flips=1996
[iter 10] λ=0.6401 → flips=1996
[iter 11] λ=0.6404 → flips=2001
[iter 12] λ=0.6403 → flips=1996
[iter 13] λ=0.6403 → flips=1996
[iter 14] λ=0.6404 → flips=2001
[iter 15] λ=0.6403 → flips=1996
[iter 16] λ=0.6403 → flips=1996
[iter 17] λ=0.6403 → flips=2001
[iter 18] λ=0.6403 → flips=2001
[iter 19] λ=0.6403 → flips=1996

Best λ=0.6406 → flips=2001, correct=1648/2000
Number of flips performed: 2001
Metrics: {'precision': 0.8235882058970515, 'recall': 0.824, 'f1': 0.8237940514871281, 'TP': 1648, 'FP': 353, 'FN': 352}
[Elbow detection] flip ≈ 3497, λ ≈ 0.8163265306122448
Number of flips performed (elbow): 3497
Elbow Metrics: {'precision': 0.5341721475550472, 'recall': 0.934, 'f1': 0.6796434418773876, 'TP': 1868, 'FP': 1629, 'FN': 132}
