[iter 0] λ=0.5000 → flips=4893
[iter 1] λ=0.7500 → flips=7110
[iter 2] λ=0.6250 → flips=5482
[iter 3] λ=0.5625 → flips=5226
[iter 4] λ=0.5312 → flips=5086
[iter 5] λ=0.5156 → flips=4986
[iter 6] λ=0.5234 → flips=5058
[iter 7] λ=0.5195 → flips=5001
[iter 8] λ=0.5176 → flips=4991
[iter 9] λ=0.5186 → flips=4995
[iter 10] λ=0.5190 → flips=4996
[iter 11] λ=0.5193 → flips=4997
[iter 12] λ=0.5194 → flips=5001
[iter 13] λ=0.5193 → flips=5000

Best λ=0.5193 → flips=5000, correct=4828/5000
Number of flips performed: 5000
Metrics: {'precision': 0.9656, 'recall': 0.9656, 'f1': 0.9656, 'TP': 4828, 'FP': 172, 'FN': 172}
[Elbow detection] flip ≈ 4217, λ ≈ 0.44897959183673464
Number of flips performed (elbow): 4217
Elbow Metrics: {'precision': 0.9831633862935736, 'recall': 0.8292, 'f1': 0.8996419659325161, 'TP': 4146, 'FP': 71, 'FN': 854}
