[iter 0] λ=0.5000 → flips=1088
[iter 1] λ=0.7500 → flips=2634
[iter 2] λ=0.6250 → flips=1767
[iter 3] λ=0.6875 → flips=2126
[iter 4] λ=0.6562 → flips=1908
[iter 5] λ=0.6719 → flips=2002
[iter 6] λ=0.6641 → flips=1943
[iter 7] λ=0.6680 → flips=1982
[iter 8] λ=0.6699 → flips=2011
[iter 9] λ=0.6689 → flips=2007
[iter 10] λ=0.6685 → flips=1985
[iter 11] λ=0.6687 → flips=2003
[iter 12] λ=0.6686 → flips=2002
[iter 13] λ=0.6685 → flips=1989
[iter 14] λ=0.6685 → flips=1985
[iter 15] λ=0.6686 → flips=1985
[iter 16] λ=0.6686 → flips=1985
[iter 17] λ=0.6686 → flips=1985
[iter 18] λ=0.6686 → flips=1989
[iter 19] λ=0.6686 → flips=1994

Best λ=0.6719 → flips=2002, correct=1560/2000
Number of flips performed: 2002
Metrics: {'precision': 0.7792207792207793, 'recall': 0.78, 'f1': 0.7796101949025488, 'TP': 1560, 'FP': 442, 'FN': 440}
[Elbow detection] flip ≈ 4557, λ ≈ 0.8163265306122448
Number of flips performed (elbow): 4557
Elbow Metrics: {'precision': 0.39389949528198376, 'recall': 0.8975, 'f1': 0.5475064816226933, 'TP': 1795, 'FP': 2762, 'FN': 205}
