[iter 0] λ=0.5000 → flips=1164
[iter 1] λ=0.2500 → flips=0
[iter 2] λ=0.3750 → flips=227
[iter 3] λ=0.4375 → flips=814
[iter 4] λ=0.4688 → flips=1030
[iter 5] λ=0.4531 → flips=929
[iter 6] λ=0.4609 → flips=987
[iter 7] λ=0.4648 → flips=1001
[iter 8] λ=0.4629 → flips=991
[iter 9] λ=0.4639 → flips=994
[iter 10] λ=0.4644 → flips=998
[iter 11] λ=0.4646 → flips=999
[iter 12] λ=0.4647 → flips=1002
[iter 13] λ=0.4647 → flips=999
[iter 14] λ=0.4647 → flips=999
[iter 15] λ=0.4647 → flips=999
[iter 16] λ=0.4647 → flips=1001
[iter 17] λ=0.4647 → flips=999
[iter 18] λ=0.4647 → flips=999
[iter 19] λ=0.4647 → flips=1001

Best λ=0.4648 → flips=1001, correct=735/1000
Number of flips performed: 1001
Metrics: {'precision': 0.7342657342657343, 'recall': 0.735, 'f1': 0.7346326836581709, 'TP': 735, 'FP': 266, 'FN': 265}
[Elbow detection] flip ≈ 2031, λ ≈ 0.673469387755102
Number of flips performed (elbow): 2031
Elbow Metrics: {'precision': 0.47021171836533726, 'recall': 0.955, 'f1': 0.6301550643352029, 'TP': 955, 'FP': 1076, 'FN': 45}
