[iter 0] λ=0.5000 → flips=7284
[iter 1] λ=0.7500 → flips=11451
[iter 2] λ=0.6250 → flips=10335
[iter 3] λ=0.5625 → flips=9955
[iter 4] λ=0.5938 → flips=10126
[iter 5] λ=0.5781 → flips=9991
[iter 6] λ=0.5859 → flips=10136
[iter 7] λ=0.5820 → flips=9978
[iter 8] λ=0.5840 → flips=10091
[iter 9] λ=0.5830 → flips=9978
[iter 10] λ=0.5835 → flips=10085
[iter 11] λ=0.5833 → flips=9978
[iter 12] λ=0.5834 → flips=9978
[iter 13] λ=0.5834 → flips=9978
[iter 14] λ=0.5835 → flips=9978
[iter 15] λ=0.5835 → flips=9978
[iter 16] λ=0.5835 → flips=9978
[iter 17] λ=0.5835 → flips=9978
[iter 18] λ=0.5835 → flips=9978
[iter 19] λ=0.5835 → flips=9978

Best λ=0.5781 → flips=9991, correct=9443/10000
Number of flips performed: 9991
Metrics: {'precision': 0.9451506355720148, 'recall': 0.9443, 'f1': 0.9447251263068381, 'TP': 9443, 'FP': 548, 'FN': 557}
[Elbow detection] flip ≈ 4508, λ ≈ 0.4693877551020408
Number of flips performed (elbow): 4508
Elbow Metrics: {'precision': 0.9920141969831411, 'recall': 0.4472, 'f1': 0.6164874551971326, 'TP': 4472, 'FP': 36, 'FN': 5528}
