Matrix saved as results/75/corrupt500/r010.6_r100.6/original_matrix.svg
Matrix saved as results/75/corrupt500/r010.6_r100.6/corrupted.svg
[iter 0] λ=0.5000 → flips=75
[iter 1] λ=0.7500 → flips=1106
[iter 2] λ=0.6250 → flips=257
[iter 3] λ=0.6875 → flips=582
[iter 4] λ=0.6562 → flips=337
[iter 5] λ=0.6719 → flips=485
[iter 6] λ=0.6797 → flips=567
[iter 7] λ=0.6758 → flips=505
[iter 8] λ=0.6738 → flips=499
[iter 9] λ=0.6748 → flips=503
[iter 10] λ=0.6743 → flips=499
[iter 11] λ=0.6746 → flips=503
[iter 12] λ=0.6744 → flips=499
[iter 13] λ=0.6745 → flips=502
[iter 14] λ=0.6745 → flips=499
[iter 15] λ=0.6745 → flips=501
[iter 16] λ=0.6745 → flips=499
[iter 17] λ=0.6745 → flips=499
[iter 18] λ=0.6745 → flips=501
[iter 19] λ=0.6745 → flips=499

Best λ=0.6738 → flips=499, correct=266/500
Number of flips performed: 499
Matrix saved as results/75/corrupt500/r010.6_r100.6/flipped_matrix.svg
Metrics: {'precision': 0.533066132264529, 'recall': 0.532, 'f1': 0.5325325325325326, 'TP': 266, 'FP': 233, 'FN': 234}
[Elbow detection] flip ≈ 1193, λ ≈ 0.7551020408163265
Number of flips performed (elbow): 1193
Matrix saved as results/75/corrupt500/r010.6_r100.6/flipped_matrix_elbow.svg
Elbow Metrics: {'precision': 0.3327745180217938, 'recall': 0.794, 'f1': 0.4689899586532782, 'TP': 397, 'FP': 796, 'FN': 103}
