Matrix saved as results/141/corrupt100/r010.7_r100.3/original_matrix.svg
Matrix saved as results/141/corrupt100/r010.7_r100.3/corrupted.svg
[iter 0] λ=0.5000 → flips=217
[iter 1] λ=0.2500 → flips=0
[iter 2] λ=0.3750 → flips=0
[iter 3] λ=0.4375 → flips=33
[iter 4] λ=0.4688 → flips=173
[iter 5] λ=0.4531 → flips=48
[iter 6] λ=0.4609 → flips=95
[iter 7] λ=0.4648 → flips=160
[iter 8] λ=0.4629 → flips=126
[iter 9] λ=0.4619 → flips=105
[iter 10] λ=0.4614 → flips=105
[iter 11] λ=0.4612 → flips=98
[iter 12] λ=0.4613 → flips=100

Best λ=0.4613 → flips=100, correct=51/100
Number of flips performed: 100
Matrix saved as results/141/corrupt100/r010.7_r100.3/flipped_matrix.svg
Metrics: {'precision': 0.51, 'recall': 0.51, 'f1': 0.51, 'TP': 51, 'FP': 49, 'FN': 49}
[Elbow detection] flip ≈ 440, λ ≈ 0.5714285714285714
Number of flips performed (elbow): 440
Matrix saved as results/141/corrupt100/r010.7_r100.3/flipped_matrix_elbow.svg
Elbow Metrics: {'precision': 0.19772727272727272, 'recall': 0.87, 'f1': 0.32222222222222224, 'TP': 87, 'FP': 353, 'FN': 13}
