Matrix saved as results/130/corrupt800/r010.7_r100.7/original_matrix.svg
Matrix saved as results/130/corrupt800/r010.7_r100.7/corrupted.svg
[iter 0] λ=0.5000 → flips=136
[iter 1] λ=0.7500 → flips=2388
[iter 2] λ=0.6250 → flips=445
[iter 3] λ=0.6875 → flips=1009
[iter 4] λ=0.6562 → flips=614
[iter 5] λ=0.6719 → flips=915
[iter 6] λ=0.6641 → flips=644
[iter 7] λ=0.6680 → flips=836
[iter 8] λ=0.6660 → flips=783
[iter 9] λ=0.6670 → flips=807
[iter 10] λ=0.6665 → flips=784
[iter 11] λ=0.6667 → flips=803
[iter 12] λ=0.6666 → flips=785
[iter 13] λ=0.6667 → flips=793
[iter 14] λ=0.6667 → flips=793
[iter 15] λ=0.6667 → flips=795
[iter 16] λ=0.6667 → flips=795
[iter 17] λ=0.6667 → flips=803
[iter 18] λ=0.6667 → flips=803
[iter 19] λ=0.6667 → flips=796

Best λ=0.6667 → flips=803, correct=475/800
Number of flips performed: 803
Matrix saved as results/130/corrupt800/r010.7_r100.7/flipped_matrix.svg
Metrics: {'precision': 0.5915317559153176, 'recall': 0.59375, 'f1': 0.5926388022457891, 'TP': 475, 'FP': 328, 'FN': 325}
[Elbow detection] flip ≈ 582, λ ≈ 0.6530612244897959
Number of flips performed (elbow): 582
Matrix saved as results/130/corrupt800/r010.7_r100.7/flipped_matrix_elbow.svg
Elbow Metrics: {'precision': 0.7096219931271478, 'recall': 0.51625, 'f1': 0.597684515195369, 'TP': 413, 'FP': 169, 'FN': 387}
