[iter 0] λ=0.5000 → flips=893
[iter 1] λ=0.7500 → flips=3410
[iter 2] λ=0.6250 → flips=1406
[iter 3] λ=0.5625 → flips=1107
[iter 4] λ=0.5312 → flips=1019
[iter 5] λ=0.5156 → flips=950
[iter 6] λ=0.5234 → flips=978
[iter 7] λ=0.5273 → flips=994
[iter 8] λ=0.5293 → flips=1016
[iter 9] λ=0.5283 → flips=1015
[iter 10] λ=0.5278 → flips=1015
[iter 11] λ=0.5276 → flips=1015
[iter 12] λ=0.5275 → flips=1015
[iter 13] λ=0.5274 → flips=1015
[iter 14] λ=0.5274 → flips=1015
[iter 15] λ=0.5274 → flips=1015
[iter 16] λ=0.5274 → flips=994
[iter 17] λ=0.5274 → flips=1015
[iter 18] λ=0.5274 → flips=994
[iter 19] λ=0.5274 → flips=1015

Best λ=0.5273 → flips=994, correct=752/1000
Number of flips performed: 994
Metrics: {'precision': 0.7565392354124748, 'recall': 0.752, 'f1': 0.7542627883650953, 'TP': 752, 'FP': 242, 'FN': 248}
[Elbow detection] flip ≈ 4200, λ ≈ 0.7755102040816326
Number of flips performed (elbow): 4200
Elbow Metrics: {'precision': 0.2311904761904762, 'recall': 0.971, 'f1': 0.3734615384615384, 'TP': 971, 'FP': 3229, 'FN': 29}
