Matrix saved as ml_parsimony_matrices/seed141_ratio1.5710.png
Matrix saved as results/141/corrupt10/r010.5_r100.4/original_matrix.png
Matrix saved as results/141/corrupt10/r010.5_r100.4/corrupted.png
[iter 0] λ=0.5000 → flips=3
[iter 1] λ=0.7500 → flips=62
[iter 2] λ=0.6250 → flips=14
[iter 3] λ=0.5625 → flips=4
[iter 4] λ=0.5938 → flips=14
[iter 5] λ=0.5781 → flips=11
[iter 6] λ=0.5703 → flips=11
[iter 7] λ=0.5664 → flips=11
[iter 8] λ=0.5645 → flips=7
[iter 9] λ=0.5654 → flips=8
[iter 10] λ=0.5659 → flips=11
[iter 11] λ=0.5657 → flips=8
[iter 12] λ=0.5658 → flips=8
[iter 13] λ=0.5659 → flips=11
[iter 14] λ=0.5658 → flips=8
[iter 15] λ=0.5658 → flips=11
[iter 16] λ=0.5658 → flips=11
[iter 17] λ=0.5658 → flips=11
[iter 18] λ=0.5658 → flips=11
[iter 19] λ=0.5658 → flips=8

Best λ=0.5781 → flips=11, correct=2/10
Number of flips performed: 11
Cell (Hypanartia_lethe,Siparunaceae): 0 -> 1
Cell (Hypanartia_lethe,Potamogetonaceae): 0 -> 1
Cell (Hypanartia_lethe,Acoraceae): 0 -> 1
Cell (Hypanartia_bella,Aristolochiaceae): 0 -> 1
Cell (Hypanartia_bella,Smilacaceae): 0 -> 1
Cell (Vanessa_itea,Asteraceae): 0 -> 1
Cell (Vanessa_itea,Plantaginaceae): 0 -> 1
Cell (Vanessa_abyssinica,Asteraceae): 0 -> 1
Cell (Vanessa_abyssinica,Plantaginaceae): 0 -> 1
Cell (Vanessa_indica,Plantaginaceae): 0 -> 1
Cell (Antanartia_delius,Urticaceae): 0 -> 1
Matrix saved as results/141/corrupt10/r010.5_r100.4/flipped_matrix.png
Metrics: {'precision': 0.18181818181818182, 'recall': 0.2, 'f1': 0.1904761904761905, 'TP': 2, 'FP': 9, 'FN': 8}
[Elbow detection] λ ≈ 0.595 (cutoff=0.561)
Elbow Metrics: {'precision': 0.14285714285714285, 'recall': 0.2, 'f1': 0.16666666666666666, 'TP': 2, 'FP': 12, 'FN': 8}
