Matrix saved as results/152/corrupt800/r010.6_r100.7/original_matrix.svg
Matrix saved as results/152/corrupt800/r010.6_r100.7/corrupted.svg
[iter 0] λ=0.5000 → flips=4
[iter 1] λ=0.7500 → flips=68
[iter 2] λ=0.8750 → flips=348
[iter 3] λ=0.9375 → flips=4518
[iter 4] λ=0.9062 → flips=966
[iter 5] λ=0.8906 → flips=505
[iter 6] λ=0.8984 → flips=671
[iter 7] λ=0.9023 → flips=671
[iter 8] λ=0.9043 → flips=679
[iter 9] λ=0.9053 → flips=703
[iter 10] λ=0.9058 → flips=966
[iter 11] λ=0.9055 → flips=703
[iter 12] λ=0.9056 → flips=2190
[iter 13] λ=0.9056 → flips=703
[iter 14] λ=0.9056 → flips=703
[iter 15] λ=0.9056 → flips=703
[iter 16] λ=0.9056 → flips=703
[iter 17] λ=0.9056 → flips=703
[iter 18] λ=0.9056 → flips=703
[iter 19] λ=0.9056 → flips=703

Best λ=0.9053 → flips=703, correct=376/800
Number of flips performed: 703
Matrix saved as results/152/corrupt800/r010.6_r100.7/flipped_matrix.svg
Metrics: {'precision': 0.534850640113798, 'recall': 0.47, 'f1': 0.5003326679973387, 'TP': 376, 'FP': 327, 'FN': 424}
[Elbow detection] flip ≈ 355, λ ≈ 0.8775510204081632
Number of flips performed (elbow): 355
Matrix saved as results/152/corrupt800/r010.6_r100.7/flipped_matrix_elbow.svg
Elbow Metrics: {'precision': 0.676056338028169, 'recall': 0.3, 'f1': 0.41558441558441556, 'TP': 240, 'FP': 115, 'FN': 560}
