[iter 0] λ=0.5000 → flips=1264
[iter 1] λ=0.7500 → flips=2863
[iter 2] λ=0.6250 → flips=1969
[iter 3] λ=0.6875 → flips=2339
[iter 4] λ=0.6562 → flips=2153
[iter 5] λ=0.6406 → flips=2042
[iter 6] λ=0.6328 → flips=2006
[iter 7] λ=0.6289 → flips=1993
[iter 8] λ=0.6309 → flips=1999
[iter 9] λ=0.6318 → flips=2004
[iter 10] λ=0.6313 → flips=2004
[iter 11] λ=0.6311 → flips=2002
[iter 12] λ=0.6310 → flips=1999
[iter 13] λ=0.6310 → flips=2002
[iter 14] λ=0.6310 → flips=1999
[iter 15] λ=0.6310 → flips=2002
[iter 16] λ=0.6310 → flips=2002
[iter 17] λ=0.6310 → flips=1999
[iter 18] λ=0.6310 → flips=2002
[iter 19] λ=0.6310 → flips=2002

Best λ=0.6309 → flips=1999, correct=1593/2000
Number of flips performed: 1999
Metrics: {'precision': 0.7968984492246123, 'recall': 0.7965, 'f1': 0.7966991747936983, 'TP': 1593, 'FP': 406, 'FN': 407}
[Elbow detection] flip ≈ 4055, λ ≈ 0.8163265306122448
Number of flips performed (elbow): 4055
Elbow Metrics: {'precision': 0.45425400739827376, 'recall': 0.921, 'f1': 0.6084227910817507, 'TP': 1842, 'FP': 2213, 'FN': 158}
