Matrix saved as results/86/corrupt800/r010.7_r100.3/original_matrix.svg
Matrix saved as results/86/corrupt800/r010.7_r100.3/corrupted.svg
[iter 0] λ=0.5000 → flips=596
[iter 1] λ=0.7500 → flips=1552
[iter 2] λ=0.6250 → flips=1138
[iter 3] λ=0.5625 → flips=937
[iter 4] λ=0.5312 → flips=726
[iter 5] λ=0.5469 → flips=834
[iter 6] λ=0.5391 → flips=805
[iter 7] λ=0.5352 → flips=772
[iter 8] λ=0.5371 → flips=778
[iter 9] λ=0.5381 → flips=803
[iter 10] λ=0.5376 → flips=788
[iter 11] λ=0.5378 → flips=788
[iter 12] λ=0.5380 → flips=788
[iter 13] λ=0.5380 → flips=797
[iter 14] λ=0.5381 → flips=803
[iter 15] λ=0.5380 → flips=797
[iter 16] λ=0.5380 → flips=797
[iter 17] λ=0.5381 → flips=803
[iter 18] λ=0.5380 → flips=797
[iter 19] λ=0.5381 → flips=803

Best λ=0.5381 → flips=803, correct=650/800
Number of flips performed: 803
Matrix saved as results/86/corrupt800/r010.7_r100.3/flipped_matrix.svg
Metrics: {'precision': 0.8094645080946451, 'recall': 0.8125, 'f1': 0.8109794135995009, 'TP': 650, 'FP': 153, 'FN': 150}
[Elbow detection] flip ≈ 847, λ ≈ 0.5510204081632653
Number of flips performed (elbow): 847
Matrix saved as results/86/corrupt800/r010.7_r100.3/flipped_matrix_elbow.svg
Elbow Metrics: {'precision': 0.7886658795749705, 'recall': 0.835, 'f1': 0.8111718275652701, 'TP': 668, 'FP': 179, 'FN': 132}
