Matrix saved as results/130/corrupt1000/r010.6_r100.5/original_matrix.svg
Matrix saved as results/130/corrupt1000/r010.6_r100.5/corrupted.svg
[iter 0] λ=0.5000 → flips=233
[iter 1] λ=0.7500 → flips=2597
[iter 2] λ=0.6250 → flips=650
[iter 3] λ=0.6875 → flips=1135
[iter 4] λ=0.6562 → flips=871
[iter 5] λ=0.6719 → flips=1011
[iter 6] λ=0.6641 → flips=904
[iter 7] λ=0.6680 → flips=981
[iter 8] λ=0.6699 → flips=1002
[iter 9] λ=0.6689 → flips=996
[iter 10] λ=0.6694 → flips=997
[iter 11] λ=0.6697 → flips=1002
[iter 12] λ=0.6696 → flips=997
[iter 13] λ=0.6696 → flips=997
[iter 14] λ=0.6696 → flips=997
[iter 15] λ=0.6697 → flips=997
[iter 16] λ=0.6697 → flips=997
[iter 17] λ=0.6697 → flips=997
[iter 18] λ=0.6697 → flips=997
[iter 19] λ=0.6697 → flips=997

Best λ=0.6699 → flips=1002, correct=677/1000
Number of flips performed: 1002
Matrix saved as results/130/corrupt1000/r010.6_r100.5/flipped_matrix.svg
Metrics: {'precision': 0.6756487025948104, 'recall': 0.677, 'f1': 0.6763236763236763, 'TP': 677, 'FP': 325, 'FN': 323}
[Elbow detection] flip ≈ 667, λ ≈ 0.6326530612244897
Number of flips performed (elbow): 667
Matrix saved as results/130/corrupt1000/r010.6_r100.5/flipped_matrix_elbow.svg
Elbow Metrics: {'precision': 0.7871064467766117, 'recall': 0.525, 'f1': 0.629874025194961, 'TP': 525, 'FP': 142, 'FN': 475}
