Matrix saved as results/130/corrupt10/r010.4_r100.4/original_matrix.png
Matrix saved as results/130/corrupt10/r010.4_r100.4/corrupted.png
[iter 0] λ=0.5000 → flips=20
[iter 1] λ=0.2500 → flips=0
[iter 2] λ=0.3750 → flips=19
[iter 3] λ=0.3125 → flips=0
[iter 4] λ=0.3438 → flips=0
[iter 5] λ=0.3594 → flips=2
[iter 6] λ=0.3672 → flips=12
[iter 7] λ=0.3633 → flips=4
[iter 8] λ=0.3652 → flips=7
[iter 9] λ=0.3662 → flips=8
[iter 10] λ=0.3667 → flips=9
[iter 11] λ=0.3669 → flips=11
[iter 12] λ=0.3668 → flips=10

Best λ=0.3668 → flips=10, correct=5/10
Number of flips performed: 10
Cell (Hypanartia_bella,Rosaceae): 0 -> 1
Cell (Vanessa_dimorphica,Ericaceae): 0 -> 1
Cell (Aglais_io,Rosaceae): 0 -> 1
Cell (Aglais_io,Cannabaceae): 0 -> 1
Cell (Nymphalis_californica,Ericaceae): 0 -> 1
Cell (Nymphalis_xanthomelas,Betulaceae): 0 -> 1
Cell (Polygonia_c_album,Asteraceae): 0 -> 1
Cell (Polygonia_satyrus,Fabaceae): 0 -> 1
Cell (Polygonia_oreas,Salicaceae): 0 -> 1
Cell (Polygonia_zephyrus,Rhamnaceae): 0 -> 1
Matrix saved as results/130/corrupt10/r010.4_r100.4/flipped_matrix.png
Metrics: {'precision': 0.5, 'recall': 0.5, 'f1': 0.5, 'TP': 5, 'FP': 5, 'FN': 5}
[Elbow detection] flip ≈ None, λ ≈ 1.0
Number of flips performed (elbow): 20
Cell (Hypanartia_bella,Rosaceae): 0 -> 1
Cell (Vanessa_annabella,Betulaceae): 0 -> 1
Cell (Vanessa_dimorphica,Ericaceae): 0 -> 1
Cell (Vanessa_cardui,Grossulariaceae): 0 -> 1
Cell (Vanessa_atalanta,Salicaceae): 0 -> 1
Cell (Vanessa_tameamea,Acoraceae): 0 -> 1
Cell (Vanessa_indica,Amborellaceae): 0 -> 1
Cell (Aglais_io,Rosaceae): 0 -> 1
Cell (Aglais_io,Cannabaceae): 0 -> 1
Cell (Kaniska_canace,Salicaceae): 0 -> 1
Cell (Nymphalis_l_album,Potamogetonaceae): 0 -> 1
Cell (Nymphalis_polychloros,Schisandraceae): 0 -> 1
Cell (Nymphalis_polychloros,Grossulariaceae): 0 -> 1
Cell (Nymphalis_californica,Ericaceae): 0 -> 1
Cell (Nymphalis_xanthomelas,Betulaceae): 0 -> 1
Cell (Polygonia_c_album,Asteraceae): 0 -> 1
Cell (Polygonia_satyrus,Fabaceae): 0 -> 1
Cell (Polygonia_oreas,Salicaceae): 0 -> 1
Cell (Polygonia_zephyrus,Rhamnaceae): 0 -> 1
Cell (Polygonia_gracilis,Nymphaeaceae): 0 -> 1
Matrix saved as results/130/corrupt10/r010.4_r100.4/flipped_matrix_elbow.png
Elbow Metrics: {'precision': 0.5, 'recall': 1.0, 'f1': 0.6666666666666666, 'TP': 10, 'FP': 10, 'FN': 0}
