Matrix saved as results/20/corrupt10/r010.7_r100.5/original_matrix.png
Matrix saved as results/20/corrupt10/r010.7_r100.5/corrupted.png
[iter 0] λ=0.5000 → flips=0
[iter 1] λ=0.7500 → flips=0
[iter 2] λ=0.8750 → flips=2
[iter 3] λ=0.9375 → flips=2
[iter 4] λ=0.9688 → flips=820
[iter 5] λ=0.9531 → flips=820
[iter 6] λ=0.9453 → flips=820
[iter 7] λ=0.9414 → flips=2
[iter 8] λ=0.9434 → flips=2
[iter 9] λ=0.9443 → flips=2
[iter 10] λ=0.9448 → flips=2
[iter 11] λ=0.9451 → flips=2
[iter 12] λ=0.9452 → flips=2
[iter 13] λ=0.9453 → flips=820
[iter 14] λ=0.9452 → flips=2
[iter 15] λ=0.9452 → flips=820
[iter 16] λ=0.9452 → flips=2
[iter 17] λ=0.9452 → flips=820
[iter 18] λ=0.9452 → flips=820
[iter 19] λ=0.9452 → flips=820

Best λ=0.8750 → flips=2, correct=0/10
Number of flips performed: 2
Cell (Vanessa_tameamea,Amborellaceae): 0 -> 1
Cell (Aglais_urticae,Salicaceae): 0 -> 1
Matrix saved as results/20/corrupt10/r010.7_r100.5/flipped_matrix.png
Metrics: {'precision': 0.0, 'recall': 0.0, 'f1': 0, 'TP': 0, 'FP': 2, 'FN': 10}
[Elbow detection] flip ≈ 0, λ ≈ 0.0
Number of flips performed (elbow): 0
Matrix saved as results/20/corrupt10/r010.7_r100.5/flipped_matrix_elbow.png
Elbow Metrics: {'precision': 0, 'recall': 0.0, 'f1': 0, 'TP': 0, 'FP': 0, 'FN': 10}
