[iter 0] λ=0.5000 → flips=1022
[iter 1] λ=0.7500 → flips=3107
[iter 2] λ=0.6250 → flips=1613
[iter 3] λ=0.6875 → flips=2085
[iter 4] λ=0.6562 → flips=1893
[iter 5] λ=0.6719 → flips=1990
[iter 6] λ=0.6797 → flips=2050
[iter 7] λ=0.6758 → flips=2005
[iter 8] λ=0.6738 → flips=2015
[iter 9] λ=0.6729 → flips=2012
[iter 10] λ=0.6724 → flips=1991
[iter 11] λ=0.6726 → flips=1991
[iter 12] λ=0.6727 → flips=1991
[iter 13] λ=0.6728 → flips=1991
[iter 14] λ=0.6728 → flips=1991
[iter 15] λ=0.6728 → flips=1991
[iter 16] λ=0.6728 → flips=2012
[iter 17] λ=0.6728 → flips=1991
[iter 18] λ=0.6728 → flips=1991
[iter 19] λ=0.6728 → flips=1991

Best λ=0.6758 → flips=2005, correct=1555/2000
Number of flips performed: 2005
Metrics: {'precision': 0.7755610972568578, 'recall': 0.7775, 'f1': 0.7765293383270911, 'TP': 1555, 'FP': 450, 'FN': 445}
[Elbow detection] flip ≈ 5098, λ ≈ 0.8163265306122448
Number of flips performed (elbow): 5098
Elbow Metrics: {'precision': 0.35504119262455863, 'recall': 0.905, 'f1': 0.5100028176951253, 'TP': 1810, 'FP': 3288, 'FN': 190}
