[iter 0] λ=0.5000 → flips=2176
[iter 1] λ=0.2500 → flips=0
[iter 2] λ=0.3750 → flips=1534
[iter 3] λ=0.4375 → flips=1937
[iter 4] λ=0.4688 → flips=2105
[iter 5] λ=0.4531 → flips=2038
[iter 6] λ=0.4453 → flips=1975
[iter 7] λ=0.4492 → flips=2004
[iter 8] λ=0.4473 → flips=1993
[iter 9] λ=0.4482 → flips=1999
[iter 10] λ=0.4487 → flips=2003
[iter 11] λ=0.4485 → flips=2003
[iter 12] λ=0.4484 → flips=2001
[iter 13] λ=0.4483 → flips=2001
[iter 14] λ=0.4483 → flips=2001
[iter 15] λ=0.4483 → flips=1999
[iter 16] λ=0.4483 → flips=1999
[iter 17] λ=0.4483 → flips=1999
[iter 18] λ=0.4483 → flips=2001
[iter 19] λ=0.4483 → flips=2001

Best λ=0.4482 → flips=1999, correct=1857/2000
Number of flips performed: 1999
Metrics: {'precision': 0.9289644822411206, 'recall': 0.9285, 'f1': 0.9287321830457614, 'TP': 1857, 'FP': 142, 'FN': 143}
[Elbow detection] flip ≈ 2105, λ ≈ 0.4693877551020408
Number of flips performed (elbow): 2105
Elbow Metrics: {'precision': 0.9121140142517815, 'recall': 0.96, 'f1': 0.9354445797807552, 'TP': 1920, 'FP': 185, 'FN': 80}
