Matrix saved as results/141/corrupt500/r010.5_r100.3/original_matrix.svg
Matrix saved as results/141/corrupt500/r010.5_r100.3/corrupted.svg
[iter 0] λ=0.5000 → flips=335
[iter 1] λ=0.7500 → flips=1944
[iter 2] λ=0.6250 → flips=779
[iter 3] λ=0.5625 → flips=481
[iter 4] λ=0.5938 → flips=622
[iter 5] λ=0.5781 → flips=519
[iter 6] λ=0.5703 → flips=492
[iter 7] λ=0.5742 → flips=506
[iter 8] λ=0.5723 → flips=494
[iter 9] λ=0.5732 → flips=494
[iter 10] λ=0.5737 → flips=494
[iter 11] λ=0.5740 → flips=505
[iter 12] λ=0.5739 → flips=505
[iter 13] λ=0.5738 → flips=505
[iter 14] λ=0.5738 → flips=505
[iter 15] λ=0.5737 → flips=505
[iter 16] λ=0.5737 → flips=494
[iter 17] λ=0.5737 → flips=505
[iter 18] λ=0.5737 → flips=505
[iter 19] λ=0.5737 → flips=505

Best λ=0.5740 → flips=505, correct=364/500
Number of flips performed: 505
Matrix saved as results/141/corrupt500/r010.5_r100.3/flipped_matrix.svg
Metrics: {'precision': 0.7207920792079208, 'recall': 0.728, 'f1': 0.7243781094527363, 'TP': 364, 'FP': 141, 'FN': 136}
[Elbow detection] flip ≈ 803, λ ≈ 0.6326530612244897
Number of flips performed (elbow): 803
Matrix saved as results/141/corrupt500/r010.5_r100.3/flipped_matrix_elbow.svg
Elbow Metrics: {'precision': 0.5292652552926526, 'recall': 0.85, 'f1': 0.6523407521105141, 'TP': 425, 'FP': 378, 'FN': 75}
