Matrix saved as results/97/corrupt500/r010.7_r100.4/original_matrix.svg
Matrix saved as results/97/corrupt500/r010.7_r100.4/corrupted.svg
[iter 0] λ=0.5000 → flips=200
[iter 1] λ=0.7500 → flips=1793
[iter 2] λ=0.6250 → flips=548
[iter 3] λ=0.5625 → flips=307
[iter 4] λ=0.5938 → flips=395
[iter 5] λ=0.6094 → flips=496
[iter 6] λ=0.6172 → flips=523
[iter 7] λ=0.6133 → flips=501
[iter 8] λ=0.6113 → flips=496
[iter 9] λ=0.6123 → flips=496
[iter 10] λ=0.6128 → flips=500

Best λ=0.6128 → flips=500, correct=297/500
Number of flips performed: 500
Matrix saved as results/97/corrupt500/r010.7_r100.4/flipped_matrix.svg
Metrics: {'precision': 0.594, 'recall': 0.594, 'f1': 0.594, 'TP': 297, 'FP': 203, 'FN': 203}
[Elbow detection] flip ≈ 938, λ ≈ 0.673469387755102
Number of flips performed (elbow): 938
Matrix saved as results/97/corrupt500/r010.7_r100.4/flipped_matrix_elbow.svg
Elbow Metrics: {'precision': 0.43283582089552236, 'recall': 0.812, 'f1': 0.564673157162726, 'TP': 406, 'FP': 532, 'FN': 94}
