Matrix saved as results/141/corrupt50/r010.6_r100.3/original_matrix.png
Matrix saved as results/141/corrupt50/r010.6_r100.3/corrupted.png
[iter 0] λ=0.5000 → flips=1
[iter 1] λ=0.7500 → flips=43
[iter 2] λ=0.8750 → flips=748
[iter 3] λ=0.8125 → flips=107
[iter 4] λ=0.7812 → flips=94
[iter 5] λ=0.7656 → flips=48
[iter 6] λ=0.7734 → flips=89
[iter 7] λ=0.7695 → flips=48
[iter 8] λ=0.7715 → flips=87
[iter 9] λ=0.7705 → flips=87
[iter 10] λ=0.7700 → flips=87
[iter 11] λ=0.7698 → flips=87
[iter 12] λ=0.7697 → flips=48
[iter 13] λ=0.7697 → flips=48
[iter 14] λ=0.7697 → flips=87
[iter 15] λ=0.7697 → flips=87
[iter 16] λ=0.7697 → flips=87
[iter 17] λ=0.7697 → flips=87
[iter 18] λ=0.7697 → flips=48
[iter 19] λ=0.7697 → flips=87

Best λ=0.7656 → flips=48, correct=19/50
Number of flips performed: 48
Cell (Hypanartia_lethe,Schisandraceae): 0 -> 1
Cell (Hypanartia_lethe,Siparunaceae): 0 -> 1
Cell (Hypanartia_lethe,Chloranthaceae): 0 -> 1
Cell (Hypanartia_lethe,Smilacaceae): 0 -> 1
Cell (Hypanartia_lethe,Potamogetonaceae): 0 -> 1
Cell (Hypanartia_lethe,Fabaceae): 0 -> 1
Cell (Hypanartia_lethe,Rosaceae): 0 -> 1
Cell (Hypanartia_lethe,Cannabaceae): 0 -> 1
Cell (Hypanartia_lethe,Betulaceae): 0 -> 1
Cell (Hypanartia_bella,Nymphaeaceae): 0 -> 1
Cell (Hypanartia_bella,Smilacaceae): 0 -> 1
Cell (Hypanartia_bella,Acoraceae): 0 -> 1
Cell (Hypanartia_bella,Ulmaceae): 0 -> 1
Cell (Hypanartia_bella,Cannabaceae): 0 -> 1
Cell (Hypanartia_bella,Betulaceae): 0 -> 1
Cell (Hypanartia_bella,Ericaceae): 0 -> 1
Cell (Vanessa_itea,Siparunaceae): 0 -> 1
Cell (Vanessa_itea,Ulmaceae): 0 -> 1
Cell (Vanessa_itea,Cannabaceae): 0 -> 1
Cell (Vanessa_annabella,Ulmaceae): 0 -> 1
Cell (Vanessa_annabella,Cannabaceae): 0 -> 1
Cell (Vanessa_annabella,Urticaceae): 0 -> 1
Cell (Vanessa_hippomene,Urticaceae): 0 -> 1
Cell (Vanessa_hippomene,Boraginaceae): 0 -> 1
Cell (Vanessa_dimorphica,Ulmaceae): 0 -> 1
Cell (Vanessa_dimorphica,Cannabaceae): 0 -> 1
Cell (Vanessa_dimorphica,Urticaceae): 0 -> 1
Cell (Vanessa_dimorphica,Boraginaceae): 0 -> 1
Cell (Vanessa_kershawi,Ulmaceae): 0 -> 1
Cell (Vanessa_kershawi,Cannabaceae): 0 -> 1
Cell (Vanessa_kershawi,Urticaceae): 0 -> 1
Cell (Vanessa_cardui,Rhamnaceae): 0 -> 1
Cell (Vanessa_cardui,Ulmaceae): 0 -> 1
Cell (Vanessa_cardui,Cannabaceae): 0 -> 1
Cell (Vanessa_cardui,Urticaceae): 0 -> 1
Cell (Vanessa_virginiensis,Cannabaceae): 0 -> 1
Cell (Vanessa_virginiensis,Urticaceae): 0 -> 1
Cell (Vanessa_abyssinica,Cannabaceae): 0 -> 1
Cell (Vanessa_atalanta,Ulmaceae): 0 -> 1
Cell (Vanessa_atalanta,Urticaceae): 0 -> 1
Cell (Vanessa_tameamea,Rhamnaceae): 0 -> 1
Cell (Vanessa_tameamea,Ulmaceae): 0 -> 1
Cell (Vanessa_tameamea,Cannabaceae): 0 -> 1
Cell (Vanessa_indica,Rhamnaceae): 0 -> 1
Cell (Vanessa_indica,Ulmaceae): 0 -> 1
Cell (Vanessa_indica,Cannabaceae): 0 -> 1
Cell (Aglais_urticae,Boraginaceae): 0 -> 1
Cell (Nymphalis_xanthomelas,Boraginaceae): 0 -> 1
Matrix saved as results/141/corrupt50/r010.6_r100.3/flipped_matrix.png
Metrics: {'precision': 0.3958333333333333, 'recall': 0.38, 'f1': 0.3877551020408163, 'TP': 19, 'FP': 29, 'FN': 31}
[Elbow detection] flip ≈ 182, λ ≈ 0.836734693877551
Number of flips performed (elbow): 182
Cell (Hypanartia_lethe,Amborellaceae): 0 -> 1
Cell (Hypanartia_lethe,Schisandraceae): 0 -> 1
Cell (Hypanartia_lethe,Siparunaceae): 0 -> 1
Cell (Hypanartia_lethe,Chloranthaceae): 0 -> 1
Cell (Hypanartia_lethe,Smilacaceae): 0 -> 1
Cell (Hypanartia_lethe,Potamogetonaceae): 0 -> 1
Cell (Hypanartia_lethe,Fabaceae): 0 -> 1
Cell (Hypanartia_lethe,Rosaceae): 0 -> 1
Cell (Hypanartia_lethe,Cannabaceae): 0 -> 1
Cell (Hypanartia_lethe,Betulaceae): 0 -> 1
Cell (Hypanartia_bella,Amborellaceae): 0 -> 1
Cell (Hypanartia_bella,Nymphaeaceae): 0 -> 1
Cell (Hypanartia_bella,Smilacaceae): 0 -> 1
Cell (Hypanartia_bella,Acoraceae): 0 -> 1
Cell (Hypanartia_bella,Ulmaceae): 0 -> 1
Cell (Hypanartia_bella,Cannabaceae): 0 -> 1
Cell (Hypanartia_bella,Betulaceae): 0 -> 1
Cell (Hypanartia_bella,Ericaceae): 0 -> 1
Cell (Vanessa_itea,Siparunaceae): 0 -> 1
Cell (Vanessa_itea,Fabaceae): 0 -> 1
Cell (Vanessa_itea,Rosaceae): 0 -> 1
Cell (Vanessa_itea,Rhamnaceae): 0 -> 1
Cell (Vanessa_itea,Ulmaceae): 0 -> 1
Cell (Vanessa_itea,Cannabaceae): 0 -> 1
Cell (Vanessa_itea,Betulaceae): 0 -> 1
Cell (Vanessa_itea,Salicaceae): 0 -> 1
Cell (Vanessa_itea,Malvaceae): 0 -> 1
Cell (Vanessa_itea,Grossulariaceae): 0 -> 1
Cell (Vanessa_itea,Asteraceae): 0 -> 1
Cell (Vanessa_itea,Plantaginaceae): 0 -> 1
Cell (Vanessa_annabella,Fabaceae): 0 -> 1
Cell (Vanessa_annabella,Rosaceae): 0 -> 1
Cell (Vanessa_annabella,Rhamnaceae): 0 -> 1
Cell (Vanessa_annabella,Ulmaceae): 0 -> 1
Cell (Vanessa_annabella,Cannabaceae): 0 -> 1
Cell (Vanessa_annabella,Urticaceae): 0 -> 1
Cell (Vanessa_annabella,Betulaceae): 0 -> 1
Cell (Vanessa_annabella,Malvaceae): 0 -> 1
Cell (Vanessa_annabella,Grossulariaceae): 0 -> 1
Cell (Vanessa_annabella,Asteraceae): 0 -> 1
Cell (Vanessa_annabella,Plantaginaceae): 0 -> 1
Cell (Vanessa_hippomene,Fabaceae): 0 -> 1
Cell (Vanessa_hippomene,Rosaceae): 0 -> 1
Cell (Vanessa_hippomene,Rhamnaceae): 0 -> 1
Cell (Vanessa_hippomene,Urticaceae): 0 -> 1
Cell (Vanessa_hippomene,Betulaceae): 0 -> 1
Cell (Vanessa_hippomene,Salicaceae): 0 -> 1
Cell (Vanessa_hippomene,Malvaceae): 0 -> 1
Cell (Vanessa_hippomene,Grossulariaceae): 0 -> 1
Cell (Vanessa_hippomene,Ericaceae): 0 -> 1
Cell (Vanessa_hippomene,Asteraceae): 0 -> 1
Cell (Vanessa_hippomene,Boraginaceae): 0 -> 1
Cell (Vanessa_dimorphica,Fabaceae): 0 -> 1
Cell (Vanessa_dimorphica,Rosaceae): 0 -> 1
Cell (Vanessa_dimorphica,Rhamnaceae): 0 -> 1
Cell (Vanessa_dimorphica,Ulmaceae): 0 -> 1
Cell (Vanessa_dimorphica,Cannabaceae): 0 -> 1
Cell (Vanessa_dimorphica,Urticaceae): 0 -> 1
Cell (Vanessa_dimorphica,Betulaceae): 0 -> 1
Cell (Vanessa_dimorphica,Salicaceae): 0 -> 1
Cell (Vanessa_dimorphica,Malvaceae): 0 -> 1
Cell (Vanessa_dimorphica,Grossulariaceae): 0 -> 1
Cell (Vanessa_dimorphica,Ericaceae): 0 -> 1
Cell (Vanessa_dimorphica,Asteraceae): 0 -> 1
Cell (Vanessa_dimorphica,Boraginaceae): 0 -> 1
Cell (Vanessa_kershawi,Fabaceae): 0 -> 1
Cell (Vanessa_kershawi,Rosaceae): 0 -> 1
Cell (Vanessa_kershawi,Ulmaceae): 0 -> 1
Cell (Vanessa_kershawi,Cannabaceae): 0 -> 1
Cell (Vanessa_kershawi,Urticaceae): 0 -> 1
Cell (Vanessa_kershawi,Betulaceae): 0 -> 1
Cell (Vanessa_kershawi,Salicaceae): 0 -> 1
Cell (Vanessa_kershawi,Malvaceae): 0 -> 1
Cell (Vanessa_kershawi,Grossulariaceae): 0 -> 1
Cell (Vanessa_kershawi,Ericaceae): 0 -> 1
Cell (Vanessa_kershawi,Asteraceae): 0 -> 1
Cell (Vanessa_kershawi,Plantaginaceae): 0 -> 1
Cell (Vanessa_kershawi,Boraginaceae): 0 -> 1
Cell (Vanessa_cardui,Fabaceae): 0 -> 1
Cell (Vanessa_cardui,Rosaceae): 0 -> 1
Cell (Vanessa_cardui,Rhamnaceae): 0 -> 1
Cell (Vanessa_cardui,Ulmaceae): 0 -> 1
Cell (Vanessa_cardui,Cannabaceae): 0 -> 1
Cell (Vanessa_cardui,Urticaceae): 0 -> 1
Cell (Vanessa_cardui,Betulaceae): 0 -> 1
Cell (Vanessa_cardui,Salicaceae): 0 -> 1
Cell (Vanessa_cardui,Malvaceae): 0 -> 1
Cell (Vanessa_cardui,Grossulariaceae): 0 -> 1
Cell (Vanessa_cardui,Ericaceae): 0 -> 1
Cell (Vanessa_cardui,Plantaginaceae): 0 -> 1
Cell (Vanessa_cardui,Boraginaceae): 0 -> 1
Cell (Vanessa_virginiensis,Fabaceae): 0 -> 1
Cell (Vanessa_virginiensis,Rosaceae): 0 -> 1
Cell (Vanessa_virginiensis,Cannabaceae): 0 -> 1
Cell (Vanessa_virginiensis,Urticaceae): 0 -> 1
Cell (Vanessa_virginiensis,Betulaceae): 0 -> 1
Cell (Vanessa_virginiensis,Salicaceae): 0 -> 1
Cell (Vanessa_virginiensis,Malvaceae): 0 -> 1
Cell (Vanessa_virginiensis,Grossulariaceae): 0 -> 1
Cell (Vanessa_virginiensis,Ericaceae): 0 -> 1
Cell (Vanessa_virginiensis,Asteraceae): 0 -> 1
Cell (Vanessa_virginiensis,Boraginaceae): 0 -> 1
Cell (Vanessa_abyssinica,Fabaceae): 0 -> 1
Cell (Vanessa_abyssinica,Rosaceae): 0 -> 1
Cell (Vanessa_abyssinica,Cannabaceae): 0 -> 1
Cell (Vanessa_abyssinica,Betulaceae): 0 -> 1
Cell (Vanessa_abyssinica,Salicaceae): 0 -> 1
Cell (Vanessa_abyssinica,Malvaceae): 0 -> 1
Cell (Vanessa_abyssinica,Grossulariaceae): 0 -> 1
Cell (Vanessa_abyssinica,Asteraceae): 0 -> 1
Cell (Vanessa_abyssinica,Plantaginaceae): 0 -> 1
Cell (Vanessa_atalanta,Fabaceae): 0 -> 1
Cell (Vanessa_atalanta,Rosaceae): 0 -> 1
Cell (Vanessa_atalanta,Ulmaceae): 0 -> 1
Cell (Vanessa_atalanta,Urticaceae): 0 -> 1
Cell (Vanessa_atalanta,Betulaceae): 0 -> 1
Cell (Vanessa_atalanta,Salicaceae): 0 -> 1
Cell (Vanessa_atalanta,Malvaceae): 0 -> 1
Cell (Vanessa_atalanta,Grossulariaceae): 0 -> 1
Cell (Vanessa_atalanta,Ericaceae): 0 -> 1
Cell (Vanessa_atalanta,Plantaginaceae): 0 -> 1
Cell (Vanessa_atalanta,Boraginaceae): 0 -> 1
Cell (Vanessa_tameamea,Fabaceae): 0 -> 1
Cell (Vanessa_tameamea,Rosaceae): 0 -> 1
Cell (Vanessa_tameamea,Rhamnaceae): 0 -> 1
Cell (Vanessa_tameamea,Ulmaceae): 0 -> 1
Cell (Vanessa_tameamea,Cannabaceae): 0 -> 1
Cell (Vanessa_tameamea,Betulaceae): 0 -> 1
Cell (Vanessa_tameamea,Salicaceae): 0 -> 1
Cell (Vanessa_tameamea,Malvaceae): 0 -> 1
Cell (Vanessa_tameamea,Grossulariaceae): 0 -> 1
Cell (Vanessa_tameamea,Ericaceae): 0 -> 1
Cell (Vanessa_tameamea,Asteraceae): 0 -> 1
Cell (Vanessa_tameamea,Plantaginaceae): 0 -> 1
Cell (Vanessa_tameamea,Boraginaceae): 0 -> 1
Cell (Vanessa_indica,Fabaceae): 0 -> 1
Cell (Vanessa_indica,Rosaceae): 0 -> 1
Cell (Vanessa_indica,Rhamnaceae): 0 -> 1
Cell (Vanessa_indica,Ulmaceae): 0 -> 1
Cell (Vanessa_indica,Cannabaceae): 0 -> 1
Cell (Vanessa_indica,Betulaceae): 0 -> 1
Cell (Vanessa_indica,Salicaceae): 0 -> 1
Cell (Vanessa_indica,Malvaceae): 0 -> 1
Cell (Vanessa_indica,Grossulariaceae): 0 -> 1
Cell (Vanessa_indica,Asteraceae): 0 -> 1
Cell (Vanessa_indica,Plantaginaceae): 0 -> 1
Cell (Antanartia_delius,Rosaceae): 0 -> 1
Cell (Antanartia_delius,Rhamnaceae): 0 -> 1
Cell (Antanartia_delius,Betulaceae): 0 -> 1
Cell (Antanartia_delius,Salicaceae): 0 -> 1
Cell (Antanartia_delius,Malvaceae): 0 -> 1
Cell (Antanartia_delius,Grossulariaceae): 0 -> 1
Cell (Antanartia_delius,Asteraceae): 0 -> 1
Cell (Antanartia_delius,Plantaginaceae): 0 -> 1
Cell (Aglais_io,Cannabaceae): 0 -> 1
Cell (Aglais_io,Urticaceae): 0 -> 1
Cell (Aglais_io,Ericaceae): 0 -> 1
Cell (Aglais_io,Asteraceae): 0 -> 1
Cell (Aglais_io,Plantaginaceae): 0 -> 1
Cell (Aglais_io,Boraginaceae): 0 -> 1
Cell (Aglais_milberti,Ericaceae): 0 -> 1
Cell (Aglais_milberti,Asteraceae): 0 -> 1
Cell (Aglais_milberti,Plantaginaceae): 0 -> 1
Cell (Aglais_urticae,Cannabaceae): 0 -> 1
Cell (Aglais_urticae,Asteraceae): 0 -> 1
Cell (Aglais_urticae,Boraginaceae): 0 -> 1
Cell (Kaniska_canace,Ericaceae): 0 -> 1
Cell (Kaniska_canace,Asteraceae): 0 -> 1
Cell (Nymphalis_l_album,Ericaceae): 0 -> 1
Cell (Nymphalis_l_album,Asteraceae): 0 -> 1
Cell (Nymphalis_l_album,Plantaginaceae): 0 -> 1
Cell (Nymphalis_polychloros,Ericaceae): 0 -> 1
Cell (Nymphalis_polychloros,Asteraceae): 0 -> 1
Cell (Nymphalis_polychloros,Plantaginaceae): 0 -> 1
Cell (Nymphalis_polychloros,Boraginaceae): 0 -> 1
Cell (Nymphalis_californica,Ericaceae): 0 -> 1
Cell (Nymphalis_californica,Asteraceae): 0 -> 1
Cell (Nymphalis_californica,Plantaginaceae): 0 -> 1
Cell (Nymphalis_xanthomelas,Asteraceae): 0 -> 1
Cell (Nymphalis_xanthomelas,Boraginaceae): 0 -> 1
Cell (Nymphalis_antiopa,Asteraceae): 0 -> 1
Cell (Nymphalis_antiopa,Plantaginaceae): 0 -> 1
Matrix saved as results/141/corrupt50/r010.6_r100.3/flipped_matrix_elbow.png
Elbow Metrics: {'precision': 0.1813186813186813, 'recall': 0.66, 'f1': 0.28448275862068967, 'TP': 33, 'FP': 149, 'FN': 17}
