[iter 0] λ=0.5000 → flips=991
[iter 1] λ=0.7500 → flips=3709
[iter 2] λ=0.6250 → flips=1691
[iter 3] λ=0.5625 → flips=1337
[iter 4] λ=0.5312 → flips=1206
[iter 5] λ=0.5156 → flips=1070
[iter 6] λ=0.5078 → flips=1036
[iter 7] λ=0.5039 → flips=999
[iter 8] λ=0.5059 → flips=1016
[iter 9] λ=0.5049 → flips=1013
[iter 10] λ=0.5044 → flips=1007
[iter 11] λ=0.5042 → flips=1007
[iter 12] λ=0.5040 → flips=1007
[iter 13] λ=0.5040 → flips=1007
[iter 14] λ=0.5039 → flips=1007
[iter 15] λ=0.5039 → flips=1007
[iter 16] λ=0.5039 → flips=999
[iter 17] λ=0.5039 → flips=999
[iter 18] λ=0.5039 → flips=1007
[iter 19] λ=0.5039 → flips=999

Best λ=0.5039 → flips=999, correct=742/1000
Number of flips performed: 999
Metrics: {'precision': 0.7427427427427428, 'recall': 0.742, 'f1': 0.7423711855927965, 'TP': 742, 'FP': 257, 'FN': 258}
[Elbow detection] flip ≈ 2586, λ ≈ 0.7142857142857142
Number of flips performed (elbow): 2586
Elbow Metrics: {'precision': 0.36349574632637277, 'recall': 0.94, 'f1': 0.524261015058561, 'TP': 940, 'FP': 1646, 'FN': 60}
