Matrix saved as results/152/corrupt500/r010.6_r100.4/original_matrix.svg
Matrix saved as results/152/corrupt500/r010.6_r100.4/corrupted.svg
[iter 0] λ=0.5000 → flips=160
[iter 1] λ=0.7500 → flips=1037
[iter 2] λ=0.6250 → flips=383
[iter 3] λ=0.6875 → flips=608
[iter 4] λ=0.6562 → flips=460
[iter 5] λ=0.6719 → flips=540
[iter 6] λ=0.6641 → flips=516
[iter 7] λ=0.6602 → flips=508
[iter 8] λ=0.6582 → flips=478
[iter 9] λ=0.6592 → flips=501
[iter 10] λ=0.6587 → flips=495
[iter 11] λ=0.6589 → flips=501
[iter 12] λ=0.6588 → flips=501
[iter 13] λ=0.6588 → flips=495
[iter 14] λ=0.6588 → flips=501
[iter 15] λ=0.6588 → flips=495
[iter 16] λ=0.6588 → flips=501
[iter 17] λ=0.6588 → flips=501
[iter 18] λ=0.6588 → flips=495
[iter 19] λ=0.6588 → flips=495

Best λ=0.6592 → flips=501, correct=297/500
Number of flips performed: 501
Matrix saved as results/152/corrupt500/r010.6_r100.4/flipped_matrix.svg
Metrics: {'precision': 0.592814371257485, 'recall': 0.594, 'f1': 0.5934065934065934, 'TP': 297, 'FP': 204, 'FN': 203}
[Elbow detection] flip ≈ 731, λ ≈ 0.7142857142857142
Number of flips performed (elbow): 731
Matrix saved as results/152/corrupt500/r010.6_r100.4/flipped_matrix_elbow.svg
Elbow Metrics: {'precision': 0.48153214774281805, 'recall': 0.704, 'f1': 0.5718927701056051, 'TP': 352, 'FP': 379, 'FN': 148}
