[iter 0] λ=0.5000 → flips=1069
[iter 1] λ=0.2500 → flips=0
[iter 2] λ=0.3750 → flips=188
[iter 3] λ=0.4375 → flips=617
[iter 4] λ=0.4688 → flips=818
[iter 5] λ=0.4844 → flips=965
[iter 6] λ=0.4922 → flips=1023
[iter 7] λ=0.4883 → flips=993
[iter 8] λ=0.4902 → flips=1016
[iter 9] λ=0.4893 → flips=1013
[iter 10] λ=0.4888 → flips=1012
[iter 11] λ=0.4885 → flips=1005
[iter 12] λ=0.4884 → flips=993
[iter 13] λ=0.4885 → flips=993
[iter 14] λ=0.4885 → flips=993
[iter 15] λ=0.4885 → flips=993
[iter 16] λ=0.4885 → flips=1005
[iter 17] λ=0.4885 → flips=993
[iter 18] λ=0.4885 → flips=993
[iter 19] λ=0.4885 → flips=993

Best λ=0.4885 → flips=1005, correct=654/1000
Number of flips performed: 1005
Metrics: {'precision': 0.6507462686567164, 'recall': 0.654, 'f1': 0.6523690773067331, 'TP': 654, 'FP': 351, 'FN': 346}
[Elbow detection] flip ≈ 5536, λ ≈ 0.7959183673469387
Number of flips performed (elbow): 5536
Elbow Metrics: {'precision': 0.17648121387283236, 'recall': 0.977, 'f1': 0.2989596083231334, 'TP': 977, 'FP': 4559, 'FN': 23}
