Matrix saved as results/53/corrupt1000/r010.5_r100.5/original_matrix.svg
Matrix saved as results/53/corrupt1000/r010.5_r100.5/corrupted.svg
[iter 0] λ=0.5000 → flips=6
[iter 1] λ=0.7500 → flips=214
[iter 2] λ=0.8750 → flips=986
[iter 3] λ=0.9375 → flips=4351
[iter 4] λ=0.9062 → flips=4351
[iter 5] λ=0.8906 → flips=3341
[iter 6] λ=0.8828 → flips=1324
[iter 7] λ=0.8789 → flips=1290
[iter 8] λ=0.8770 → flips=1290
[iter 9] λ=0.8760 → flips=1131
[iter 10] λ=0.8755 → flips=1131
[iter 11] λ=0.8752 → flips=986
[iter 12] λ=0.8754 → flips=1131
[iter 13] λ=0.8753 → flips=986
[iter 14] λ=0.8753 → flips=986
[iter 15] λ=0.8754 → flips=1131
[iter 16] λ=0.8753 → flips=986
[iter 17] λ=0.8753 → flips=986
[iter 18] λ=0.8753 → flips=986
[iter 19] λ=0.8753 → flips=1131

Best λ=0.8750 → flips=986, correct=498/1000
Number of flips performed: 986
Matrix saved as results/53/corrupt1000/r010.5_r100.5/flipped_matrix.svg
Metrics: {'precision': 0.5050709939148073, 'recall': 0.498, 'f1': 0.5015105740181268, 'TP': 498, 'FP': 488, 'FN': 502}
[Elbow detection] flip ≈ 553, λ ≈ 0.836734693877551
Number of flips performed (elbow): 553
Matrix saved as results/53/corrupt1000/r010.5_r100.5/flipped_matrix_elbow.svg
Elbow Metrics: {'precision': 0.7468354430379747, 'recall': 0.413, 'f1': 0.531873792659369, 'TP': 413, 'FP': 140, 'FN': 587}
