[iter 0] λ=0.5000 → flips=675
[iter 1] λ=0.2500 → flips=0
[iter 2] λ=0.3750 → flips=84
[iter 3] λ=0.4375 → flips=418
[iter 4] λ=0.4688 → flips=534
[iter 5] λ=0.4531 → flips=479
[iter 6] λ=0.4609 → flips=502
[iter 7] λ=0.4570 → flips=490
[iter 8] λ=0.4590 → flips=493
[iter 9] λ=0.4600 → flips=501
[iter 10] λ=0.4595 → flips=496
[iter 11] λ=0.4597 → flips=501
[iter 12] λ=0.4596 → flips=497
[iter 13] λ=0.4597 → flips=501
[iter 14] λ=0.4596 → flips=501
[iter 15] λ=0.4596 → flips=497
[iter 16] λ=0.4596 → flips=501
[iter 17] λ=0.4596 → flips=501
[iter 18] λ=0.4596 → flips=501
[iter 19] λ=0.4596 → flips=497

Best λ=0.4600 → flips=501, correct=246/500
Number of flips performed: 501
Metrics: {'precision': 0.49101796407185627, 'recall': 0.492, 'f1': 0.4915084915084915, 'TP': 246, 'FP': 255, 'FN': 254}
[Elbow detection] flip ≈ 4795, λ ≈ 0.7959183673469387
Number of flips performed (elbow): 4795
Elbow Metrics: {'precision': 0.09801876955161627, 'recall': 0.94, 'f1': 0.17752596789423983, 'TP': 470, 'FP': 4325, 'FN': 30}
