Matrix saved as results/163/corrupt100/r010.5_r100.3/original_matrix.svg
Matrix saved as results/163/corrupt100/r010.5_r100.3/corrupted.svg
[iter 0] λ=0.5000 → flips=222
[iter 1] λ=0.2500 → flips=0
[iter 2] λ=0.3750 → flips=2
[iter 3] λ=0.4375 → flips=44
[iter 4] λ=0.4688 → flips=72
[iter 5] λ=0.4844 → flips=170
[iter 6] λ=0.4766 → flips=110
[iter 7] λ=0.4727 → flips=84
[iter 8] λ=0.4746 → flips=98
[iter 9] λ=0.4756 → flips=102
[iter 10] λ=0.4751 → flips=101
[iter 11] λ=0.4749 → flips=100

Best λ=0.4749 → flips=100, correct=48/100
Number of flips performed: 100
Matrix saved as results/163/corrupt100/r010.5_r100.3/flipped_matrix.svg
Metrics: {'precision': 0.48, 'recall': 0.48, 'f1': 0.48, 'TP': 48, 'FP': 52, 'FN': 52}
[Elbow detection] flip ≈ 679, λ ≈ 0.6326530612244897
Number of flips performed (elbow): 679
Matrix saved as results/163/corrupt100/r010.5_r100.3/flipped_matrix_elbow.svg
Elbow Metrics: {'precision': 0.14285714285714285, 'recall': 0.97, 'f1': 0.24903722721437743, 'TP': 97, 'FP': 582, 'FN': 3}
