Matrix saved as ml_parsimony_matrices/seed20_ratio1.0087.png
Matrix saved as results/20/corrupt10/r010.7_r100.4/original_matrix.png
Matrix saved as results/20/corrupt10/r010.7_r100.4/corrupted.png
[iter 0] λ=0.5000 → flips=0
[iter 1] λ=0.7500 → flips=0
[iter 2] λ=0.8750 → flips=3
[iter 3] λ=0.9375 → flips=3
[iter 4] λ=0.9688 → flips=817
[iter 5] λ=0.9531 → flips=817
[iter 6] λ=0.9453 → flips=817
[iter 7] λ=0.9414 → flips=817
[iter 8] λ=0.9395 → flips=817
[iter 9] λ=0.9385 → flips=3
[iter 10] λ=0.9390 → flips=817
[iter 11] λ=0.9387 → flips=3
[iter 12] λ=0.9388 → flips=817
[iter 13] λ=0.9388 → flips=3
[iter 14] λ=0.9388 → flips=3
[iter 15] λ=0.9388 → flips=3
[iter 16] λ=0.9388 → flips=817
[iter 17] λ=0.9388 → flips=817
[iter 18] λ=0.9388 → flips=817
[iter 19] λ=0.9388 → flips=817

Best λ=0.8750 → flips=3, correct=0/10
Number of flips performed: 3
Cell (Vanessa_tameamea,Amborellaceae): 0 -> 1
Cell (Aglais_urticae,Salicaceae): 0 -> 1
Cell (Nymphalis_antiopa,Amborellaceae): 0 -> 1
Matrix saved as results/20/corrupt10/r010.7_r100.4/flipped_matrix.png
Metrics: {'precision': 0.0, 'recall': 0.0, 'f1': 0, 'TP': 0, 'FP': 3, 'FN': 10}
[Elbow detection] λ ≈ 0.914 (cutoff=0.914)
Elbow Metrics: {'precision': 0.0, 'recall': 0.0, 'f1': 0, 'TP': 0, 'FP': 3, 'FN': 10}
