Matrix saved as ml_parsimony_matrices/seed31_ratio1.4703.png
Matrix saved as results/31/corrupt100/r010.4_r100.4/original_matrix.png
Matrix saved as results/31/corrupt100/r010.4_r100.4/corrupted.png
[iter 0] λ=0.5000 → flips=177
[iter 1] λ=0.2500 → flips=0
[iter 2] λ=0.3750 → flips=102
[iter 3] λ=0.3125 → flips=0
[iter 4] λ=0.3438 → flips=0
[iter 5] λ=0.3594 → flips=18
[iter 6] λ=0.3672 → flips=55
[iter 7] λ=0.3711 → flips=90
[iter 8] λ=0.3730 → flips=98
[iter 9] λ=0.3740 → flips=100

Best λ=0.3740 → flips=100, correct=65/100
Number of flips performed: 100
Cell (Vanessa_annabella,Rhamnaceae): 0 -> 1
Cell (Vanessa_annabella,Boraginaceae): 0 -> 1
Cell (Vanessa_hippomene,Amborellaceae): 0 -> 1
Cell (Vanessa_hippomene,Chloranthaceae): 0 -> 1
Cell (Vanessa_hippomene,Smilacaceae): 0 -> 1
Cell (Vanessa_hippomene,Acoraceae): 0 -> 1
Cell (Vanessa_hippomene,Rosaceae): 0 -> 1
Cell (Vanessa_hippomene,Ericaceae): 0 -> 1
Cell (Vanessa_hippomene,Asteraceae): 0 -> 1
Cell (Vanessa_dimorphica,Boraginaceae): 0 -> 1
Cell (Vanessa_kershawi,Boraginaceae): 0 -> 1
Cell (Vanessa_cardui,Schisandraceae): 0 -> 1
Cell (Vanessa_cardui,Betulaceae): 0 -> 1
Cell (Vanessa_virginiensis,Nymphaeaceae): 0 -> 1
Cell (Vanessa_virginiensis,Siparunaceae): 0 -> 1
Cell (Vanessa_virginiensis,Acoraceae): 0 -> 1
Cell (Vanessa_virginiensis,Fabaceae): 0 -> 1
Cell (Vanessa_virginiensis,Urticaceae): 0 -> 1
Cell (Vanessa_virginiensis,Betulaceae): 0 -> 1
Cell (Vanessa_virginiensis,Ericaceae): 0 -> 1
Cell (Vanessa_abyssinica,Betulaceae): 0 -> 1
Cell (Vanessa_abyssinica,Salicaceae): 0 -> 1
Cell (Vanessa_abyssinica,Plantaginaceae): 0 -> 1
Cell (Vanessa_atalanta,Nymphaeaceae): 0 -> 1
Cell (Vanessa_atalanta,Malvaceae): 0 -> 1
Cell (Vanessa_atalanta,Grossulariaceae): 0 -> 1
Cell (Vanessa_tameamea,Rosaceae): 0 -> 1
Cell (Vanessa_tameamea,Cannabaceae): 0 -> 1
Cell (Vanessa_tameamea,Salicaceae): 0 -> 1
Cell (Vanessa_indica,Potamogetonaceae): 0 -> 1
Cell (Vanessa_indica,Rosaceae): 0 -> 1
Cell (Vanessa_indica,Rhamnaceae): 0 -> 1
Cell (Aglais_io,Smilacaceae): 0 -> 1
Cell (Aglais_io,Betulaceae): 0 -> 1
Cell (Aglais_milberti,Fabaceae): 0 -> 1
Cell (Aglais_milberti,Urticaceae): 0 -> 1
Cell (Aglais_milberti,Asteraceae): 0 -> 1
Cell (Kaniska_canace,Fabaceae): 0 -> 1
Cell (Kaniska_canace,Ulmaceae): 0 -> 1
Cell (Kaniska_canace,Cannabaceae): 0 -> 1
Cell (Kaniska_canace,Betulaceae): 0 -> 1
Cell (Kaniska_canace,Grossulariaceae): 0 -> 1
Cell (Nymphalis_l_album,Urticaceae): 0 -> 1
Cell (Nymphalis_l_album,Asteraceae): 0 -> 1
Cell (Nymphalis_l_album,Boraginaceae): 0 -> 1
Cell (Nymphalis_polychloros,Schisandraceae): 0 -> 1
Cell (Nymphalis_polychloros,Chloranthaceae): 0 -> 1
Cell (Nymphalis_polychloros,Typhaceae): 0 -> 1
Cell (Nymphalis_polychloros,Rhamnaceae): 0 -> 1
Cell (Nymphalis_polychloros,Cannabaceae): 0 -> 1
Cell (Nymphalis_polychloros,Ericaceae): 0 -> 1
Cell (Nymphalis_californica,Smilacaceae): 0 -> 1
Cell (Nymphalis_californica,Potamogetonaceae): 0 -> 1
Cell (Nymphalis_californica,Fabaceae): 0 -> 1
Cell (Nymphalis_californica,Ulmaceae): 0 -> 1
Cell (Nymphalis_californica,Salicaceae): 0 -> 1
Cell (Nymphalis_californica,Plantaginaceae): 0 -> 1
Cell (Nymphalis_xanthomelas,Amborellaceae): 0 -> 1
Cell (Nymphalis_xanthomelas,Chloranthaceae): 0 -> 1
Cell (Nymphalis_xanthomelas,Ceratophyllaceae): 0 -> 1
Cell (Nymphalis_xanthomelas,Plantaginaceae): 0 -> 1
Cell (Nymphalis_antiopa,Schisandraceae): 0 -> 1
Cell (Nymphalis_antiopa,Cannabaceae): 0 -> 1
Cell (Nymphalis_antiopa,Salicaceae): 0 -> 1
Cell (Polygonia_c_aureum,Urticaceae): 0 -> 1
Cell (Polygonia_egea,Smilacaceae): 0 -> 1
Cell (Polygonia_egea,Potamogetonaceae): 0 -> 1
Cell (Polygonia_egea,Grossulariaceae): 0 -> 1
Cell (Polygonia_faunus,Plantaginaceae): 0 -> 1
Cell (Polygonia_c_album,Chloranthaceae): 0 -> 1
Cell (Polygonia_c_album,Ceratophyllaceae): 0 -> 1
Cell (Polygonia_c_album,Cannabaceae): 0 -> 1
Cell (Polygonia_c_album,Boraginaceae): 0 -> 1
Cell (Polygonia_satyrus,Nymphaeaceae): 0 -> 1
Cell (Polygonia_satyrus,Siparunaceae): 0 -> 1
Cell (Polygonia_satyrus,Urticaceae): 0 -> 1
Cell (Polygonia_satyrus,Betulaceae): 0 -> 1
Cell (Polygonia_satyrus,Malvaceae): 0 -> 1
Cell (Polygonia_satyrus,Grossulariaceae): 0 -> 1
Cell (Polygonia_interrogationis,Chloranthaceae): 0 -> 1
Cell (Polygonia_interrogationis,Salicaceae): 0 -> 1
Cell (Polygonia_interrogationis,Boraginaceae): 0 -> 1
Cell (Polygonia_comma,Siparunaceae): 0 -> 1
Cell (Polygonia_comma,Smilacaceae): 0 -> 1
Cell (Polygonia_comma,Fabaceae): 0 -> 1
Cell (Polygonia_oreas,Acoraceae): 0 -> 1
Cell (Polygonia_oreas,Asteraceae): 0 -> 1
Cell (Polygonia_oreas,Boraginaceae): 0 -> 1
Cell (Polygonia_progne,Nymphaeaceae): 0 -> 1
Cell (Polygonia_progne,Aristolochiaceae): 0 -> 1
Cell (Polygonia_progne,Chloranthaceae): 0 -> 1
Cell (Polygonia_progne,Fabaceae): 0 -> 1
Cell (Polygonia_progne,Cannabaceae): 0 -> 1
Cell (Polygonia_zephyrus,Schisandraceae): 0 -> 1
Cell (Polygonia_zephyrus,Salicaceae): 0 -> 1
Cell (Polygonia_zephyrus,Boraginaceae): 0 -> 1
Cell (Polygonia_gracilis,Amborellaceae): 0 -> 1
Cell (Polygonia_gracilis,Ceratophyllaceae): 0 -> 1
Cell (Polygonia_gracilis,Cannabaceae): 0 -> 1
Cell (Polygonia_gracilis,Betulaceae): 0 -> 1
Matrix saved as results/31/corrupt100/r010.4_r100.4/flipped_matrix.png
Metrics: {'precision': 0.65, 'recall': 0.65, 'f1': 0.65, 'TP': 65, 'FP': 35, 'FN': 35}
[Elbow detection] λ ≈ 0.380 (cutoff=0.357)
Elbow Metrics: {'precision': 0.6407766990291263, 'recall': 0.66, 'f1': 0.6502463054187193, 'TP': 66, 'FP': 37, 'FN': 34}
