[iter 0] λ=0.5000 → flips=103
[iter 1] λ=0.7500 → flips=329
[iter 2] λ=0.8750 → flips=394
[iter 3] λ=0.9375 → flips=490
[iter 4] λ=0.9688 → flips=861
[iter 5] λ=0.9531 → flips=491
[iter 6] λ=0.9609 → flips=613
[iter 7] λ=0.9570 → flips=604
[iter 8] λ=0.9551 → flips=604
[iter 9] λ=0.9541 → flips=604
[iter 10] λ=0.9536 → flips=604
[iter 11] λ=0.9534 → flips=491
[iter 12] λ=0.9535 → flips=491
[iter 13] λ=0.9536 → flips=604
[iter 14] λ=0.9535 → flips=491
[iter 15] λ=0.9535 → flips=491
[iter 16] λ=0.9535 → flips=491
[iter 17] λ=0.9535 → flips=604
[iter 18] λ=0.9535 → flips=604
[iter 19] λ=0.9535 → flips=604

Best λ=0.9531 → flips=491, correct=402/500
Number of flips performed: 491
Metrics: {'precision': 0.8187372708757638, 'recall': 0.804, 'f1': 0.8113017154389505, 'TP': 402, 'FP': 89, 'FN': 98}
[Elbow detection] flip ≈ 420, λ ≈ 0.8979591836734693
Number of flips performed (elbow): 420
Elbow Metrics: {'precision': 0.8928571428571429, 'recall': 0.75, 'f1': 0.8152173913043479, 'TP': 375, 'FP': 45, 'FN': 125}
