[iter 0] λ=0.5000 → flips=1260
[iter 1] λ=0.2500 → flips=0
[iter 2] λ=0.3750 → flips=331
[iter 3] λ=0.4375 → flips=1038
[iter 4] λ=0.4062 → flips=745
[iter 5] λ=0.4219 → flips=962
[iter 6] λ=0.4297 → flips=1006
[iter 7] λ=0.4258 → flips=977
[iter 8] λ=0.4277 → flips=992
[iter 9] λ=0.4287 → flips=999
[iter 10] λ=0.4292 → flips=1002
[iter 11] λ=0.4290 → flips=1002
[iter 12] λ=0.4288 → flips=1001
[iter 13] λ=0.4288 → flips=1000

Best λ=0.4288 → flips=1000, correct=766/1000
Number of flips performed: 1000
Metrics: {'precision': 0.766, 'recall': 0.766, 'f1': 0.766, 'TP': 766, 'FP': 234, 'FN': 234}
[Elbow detection] flip ≈ 1772, λ ≈ 0.6122448979591836
Number of flips performed (elbow): 1772
Elbow Metrics: {'precision': 0.5479683972911964, 'recall': 0.971, 'f1': 0.7005772005772005, 'TP': 971, 'FP': 801, 'FN': 29}
