Matrix saved as results/75/corrupt100/r010.7_r100.3/original_matrix.svg
Matrix saved as results/75/corrupt100/r010.7_r100.3/corrupted.svg
[iter 0] λ=0.5000 → flips=150
[iter 1] λ=0.2500 → flips=0
[iter 2] λ=0.3750 → flips=1
[iter 3] λ=0.4375 → flips=27
[iter 4] λ=0.4688 → flips=117
[iter 5] λ=0.4531 → flips=43
[iter 6] λ=0.4609 → flips=86
[iter 7] λ=0.4648 → flips=111
[iter 8] λ=0.4629 → flips=99
[iter 9] λ=0.4639 → flips=108
[iter 10] λ=0.4634 → flips=108
[iter 11] λ=0.4631 → flips=108
[iter 12] λ=0.4630 → flips=108
[iter 13] λ=0.4630 → flips=106
[iter 14] λ=0.4629 → flips=100

Best λ=0.4629 → flips=100, correct=44/100
Number of flips performed: 100
Matrix saved as results/75/corrupt100/r010.7_r100.3/flipped_matrix.svg
Metrics: {'precision': 0.44, 'recall': 0.44, 'f1': 0.44, 'TP': 44, 'FP': 56, 'FN': 56}
[Elbow detection] flip ≈ 747, λ ≈ 0.6326530612244897
Number of flips performed (elbow): 747
Matrix saved as results/75/corrupt100/r010.7_r100.3/flipped_matrix_elbow.svg
Elbow Metrics: {'precision': 0.11646586345381527, 'recall': 0.87, 'f1': 0.20543093270365997, 'TP': 87, 'FP': 660, 'FN': 13}
