Matrix saved as results/163/corrupt100/r010.7_r100.3/original_matrix.svg
Matrix saved as results/163/corrupt100/r010.7_r100.3/corrupted.svg
[iter 0] λ=0.5000 → flips=200
[iter 1] λ=0.2500 → flips=0
[iter 2] λ=0.3750 → flips=3
[iter 3] λ=0.4375 → flips=40
[iter 4] λ=0.4688 → flips=183
[iter 5] λ=0.4531 → flips=57
[iter 6] λ=0.4609 → flips=112
[iter 7] λ=0.4570 → flips=67
[iter 8] λ=0.4590 → flips=94
[iter 9] λ=0.4600 → flips=97
[iter 10] λ=0.4604 → flips=107
[iter 11] λ=0.4602 → flips=107
[iter 12] λ=0.4601 → flips=99
[iter 13] λ=0.4601 → flips=107
[iter 14] λ=0.4601 → flips=107
[iter 15] λ=0.4601 → flips=104
[iter 16] λ=0.4601 → flips=99
[iter 17] λ=0.4601 → flips=102
[iter 18] λ=0.4601 → flips=99
[iter 19] λ=0.4601 → flips=99

Best λ=0.4601 → flips=99, correct=53/100
Number of flips performed: 99
Matrix saved as results/163/corrupt100/r010.7_r100.3/flipped_matrix.svg
Metrics: {'precision': 0.5353535353535354, 'recall': 0.53, 'f1': 0.5326633165829145, 'TP': 53, 'FP': 46, 'FN': 47}
[Elbow detection] flip ≈ 393, λ ≈ 0.5714285714285714
Number of flips performed (elbow): 393
Matrix saved as results/163/corrupt100/r010.7_r100.3/flipped_matrix_elbow.svg
Elbow Metrics: {'precision': 0.22900763358778625, 'recall': 0.9, 'f1': 0.36511156186612576, 'TP': 90, 'FP': 303, 'FN': 10}
