[iter 0] λ=0.5000 → flips=3059
[iter 1] λ=0.7500 → flips=6288
[iter 2] λ=0.6250 → flips=4513
[iter 3] λ=0.6875 → flips=5315
[iter 4] λ=0.6562 → flips=4864
[iter 5] λ=0.6719 → flips=5187
[iter 6] λ=0.6641 → flips=4979
[iter 7] λ=0.6680 → flips=4996
[iter 8] λ=0.6699 → flips=5094
[iter 9] λ=0.6689 → flips=5064
[iter 10] λ=0.6685 → flips=5064
[iter 11] λ=0.6682 → flips=4996
[iter 12] λ=0.6683 → flips=5064
[iter 13] λ=0.6683 → flips=4996
[iter 14] λ=0.6683 → flips=4996
[iter 15] λ=0.6683 → flips=5064
[iter 16] λ=0.6683 → flips=5064
[iter 17] λ=0.6683 → flips=4996
[iter 18] λ=0.6683 → flips=5064
[iter 19] λ=0.6683 → flips=5064

Best λ=0.6680 → flips=4996, correct=4362/5000
Number of flips performed: 4996
Metrics: {'precision': 0.8730984787830264, 'recall': 0.8724, 'f1': 0.8727490996398559, 'TP': 4362, 'FP': 634, 'FN': 638}
[Elbow detection] flip ≈ 4427, λ ≈ 0.6122448979591836
Number of flips performed (elbow): 4427
Elbow Metrics: {'precision': 0.9119042240795121, 'recall': 0.8074, 'f1': 0.8564760793465578, 'TP': 4037, 'FP': 390, 'FN': 963}
