[iter 0] λ=0.5000 → flips=173
[iter 1] λ=0.7500 → flips=2970
[iter 2] λ=0.8750 → flips=13047
[iter 3] λ=0.8125 → flips=5187
[iter 4] λ=0.7812 → flips=3851
[iter 5] λ=0.7969 → flips=4222
[iter 6] λ=0.8047 → flips=4402
[iter 7] λ=0.8086 → flips=4454
[iter 8] λ=0.8105 → flips=4482
[iter 9] λ=0.8115 → flips=4544
[iter 10] λ=0.8120 → flips=4545
[iter 11] λ=0.8123 → flips=4549
[iter 12] λ=0.8124 → flips=4549
[iter 13] λ=0.8124 → flips=4549
[iter 14] λ=0.8125 → flips=4549
[iter 15] λ=0.8125 → flips=4549
[iter 16] λ=0.8125 → flips=4549
[iter 17] λ=0.8125 → flips=4549
[iter 18] λ=0.8125 → flips=4549
[iter 19] λ=0.8125 → flips=4549

Best λ=0.8125 → flips=5187, correct=3826/5000
Number of flips performed: 5187
Metrics: {'precision': 0.7376132639290534, 'recall': 0.7652, 'f1': 0.7511534308432314, 'TP': 3826, 'FP': 1361, 'FN': 1174}
[Elbow detection] flip ≈ 6446, λ ≈ 0.836734693877551
Number of flips performed (elbow): 6446
Elbow Metrics: {'precision': 0.6331058020477816, 'recall': 0.8162, 'f1': 0.7130875414992137, 'TP': 4081, 'FP': 2365, 'FN': 919}
