[iter 0] λ=0.5000 → flips=773
[iter 1] λ=0.7500 → flips=1936
[iter 2] λ=0.6250 → flips=1188
[iter 3] λ=0.5625 → flips=1025
[iter 4] λ=0.5312 → flips=925
[iter 5] λ=0.5469 → flips=990
[iter 6] λ=0.5547 → flips=1011
[iter 7] λ=0.5508 → flips=998
[iter 8] λ=0.5527 → flips=1006
[iter 9] λ=0.5518 → flips=1002
[iter 10] λ=0.5513 → flips=1002
[iter 11] λ=0.5510 → flips=1001
[iter 12] λ=0.5509 → flips=1001
[iter 13] λ=0.5508 → flips=1001
[iter 14] λ=0.5508 → flips=1001
[iter 15] λ=0.5508 → flips=998
[iter 16] λ=0.5508 → flips=998
[iter 17] λ=0.5508 → flips=1001
[iter 18] λ=0.5508 → flips=1001
[iter 19] λ=0.5508 → flips=998

Best λ=0.5510 → flips=1001, correct=705/1000
Number of flips performed: 1001
Metrics: {'precision': 0.7042957042957043, 'recall': 0.705, 'f1': 0.704647676161919, 'TP': 705, 'FP': 296, 'FN': 295}
[Elbow detection] flip ≈ 5133, λ ≈ 0.8163265306122448
Number of flips performed (elbow): 5133
Elbow Metrics: {'precision': 0.17786869277225795, 'recall': 0.913, 'f1': 0.2977335724767651, 'TP': 913, 'FP': 4220, 'FN': 87}
