[iter 0] λ=0.5000 → flips=234
[iter 1] λ=0.7500 → flips=4215
[iter 2] λ=0.8750 → flips=10226
[iter 3] λ=0.8125 → flips=5086
[iter 4] λ=0.7812 → flips=4632
[iter 5] λ=0.7969 → flips=4754
[iter 6] λ=0.8047 → flips=4844
[iter 7] λ=0.8086 → flips=4997
[iter 8] λ=0.8105 → flips=5031
[iter 9] λ=0.8096 → flips=5031
[iter 10] λ=0.8091 → flips=5018
[iter 11] λ=0.8088 → flips=4997
[iter 12] λ=0.8090 → flips=4997
[iter 13] λ=0.8090 → flips=5014
[iter 14] λ=0.8090 → flips=5014
[iter 15] λ=0.8090 → flips=4997
[iter 16] λ=0.8090 → flips=5014
[iter 17] λ=0.8090 → flips=5014
[iter 18] λ=0.8090 → flips=4997
[iter 19] λ=0.8090 → flips=5018

Best λ=0.8086 → flips=4997, correct=3879/5000
Number of flips performed: 4997
Metrics: {'precision': 0.7762657594556734, 'recall': 0.7758, 'f1': 0.776032809842953, 'TP': 3879, 'FP': 1118, 'FN': 1121}
[Elbow detection] flip ≈ 6688, λ ≈ 0.836734693877551
Number of flips performed (elbow): 6688
Elbow Metrics: {'precision': 0.6360645933014354, 'recall': 0.8508, 'f1': 0.7279260780287474, 'TP': 4254, 'FP': 2434, 'FN': 746}
