[iter 0] λ=0.5000 → flips=1176
[iter 1] λ=0.2500 → flips=0
[iter 2] λ=0.3750 → flips=200
[iter 3] λ=0.4375 → flips=781
[iter 4] λ=0.4688 → flips=953
[iter 5] λ=0.4844 → flips=1062
[iter 6] λ=0.4766 → flips=1023
[iter 7] λ=0.4727 → flips=983
[iter 8] λ=0.4746 → flips=1001
[iter 9] λ=0.4736 → flips=991
[iter 10] λ=0.4741 → flips=999
[iter 11] λ=0.4744 → flips=1001
[iter 12] λ=0.4742 → flips=999
[iter 13] λ=0.4743 → flips=1001
[iter 14] λ=0.4743 → flips=999
[iter 15] λ=0.4743 → flips=1001
[iter 16] λ=0.4743 → flips=999
[iter 17] λ=0.4743 → flips=1001
[iter 18] λ=0.4743 → flips=999
[iter 19] λ=0.4743 → flips=1001

Best λ=0.4746 → flips=1001, correct=698/1000
Number of flips performed: 1001
Metrics: {'precision': 0.6973026973026973, 'recall': 0.698, 'f1': 0.6976511744127936, 'TP': 698, 'FP': 303, 'FN': 302}
[Elbow detection] flip ≈ 2058, λ ≈ 0.673469387755102
Number of flips performed (elbow): 2058
Elbow Metrics: {'precision': 0.4640427599611273, 'recall': 0.955, 'f1': 0.6245912361020275, 'TP': 955, 'FP': 1103, 'FN': 45}
