[iter 0] λ=0.5000 → flips=1125
[iter 1] λ=0.2500 → flips=0
[iter 2] λ=0.3750 → flips=473
[iter 3] λ=0.4375 → flips=806
[iter 4] λ=0.4688 → flips=969
[iter 5] λ=0.4844 → flips=1033
[iter 6] λ=0.4766 → flips=1003
[iter 7] λ=0.4727 → flips=990
[iter 8] λ=0.4746 → flips=1002
[iter 9] λ=0.4736 → flips=995
[iter 10] λ=0.4741 → flips=996
[iter 11] λ=0.4744 → flips=1002
[iter 12] λ=0.4742 → flips=998
[iter 13] λ=0.4743 → flips=1001
[iter 14] λ=0.4743 → flips=1001
[iter 15] λ=0.4743 → flips=1001
[iter 16] λ=0.4743 → flips=998
[iter 17] λ=0.4743 → flips=998
[iter 18] λ=0.4743 → flips=998
[iter 19] λ=0.4743 → flips=998

Best λ=0.4743 → flips=1001, correct=769/1000
Number of flips performed: 1001
Metrics: {'precision': 0.7682317682317682, 'recall': 0.769, 'f1': 0.768615692153923, 'TP': 769, 'FP': 232, 'FN': 231}
[Elbow detection] flip ≈ 2539, λ ≈ 0.673469387755102
Number of flips performed (elbow): 2539
Elbow Metrics: {'precision': 0.36667979519495864, 'recall': 0.931, 'f1': 0.5261373269285108, 'TP': 931, 'FP': 1608, 'FN': 69}
