[iter 0] λ=0.5000 → flips=575
[iter 1] λ=0.2500 → flips=0
[iter 2] λ=0.3750 → flips=98
[iter 3] λ=0.4375 → flips=344
[iter 4] λ=0.4688 → flips=456
[iter 5] λ=0.4844 → flips=506
[iter 6] λ=0.4766 → flips=477
[iter 7] λ=0.4805 → flips=490
[iter 8] λ=0.4824 → flips=495
[iter 9] λ=0.4834 → flips=503
[iter 10] λ=0.4829 → flips=495
[iter 11] λ=0.4832 → flips=496
[iter 12] λ=0.4833 → flips=497
[iter 13] λ=0.4833 → flips=499
[iter 14] λ=0.4834 → flips=499
[iter 15] λ=0.4834 → flips=499
[iter 16] λ=0.4834 → flips=499
[iter 17] λ=0.4834 → flips=503
[iter 18] λ=0.4834 → flips=503
[iter 19] λ=0.4834 → flips=499

Best λ=0.4833 → flips=499, correct=309/500
Number of flips performed: 499
Metrics: {'precision': 0.6192384769539078, 'recall': 0.618, 'f1': 0.6186186186186187, 'TP': 309, 'FP': 190, 'FN': 191}
[Elbow detection] flip ≈ 4784, λ ≈ 0.8979591836734693
Number of flips performed (elbow): 4784
Elbow Metrics: {'precision': 0.1024247491638796, 'recall': 0.98, 'f1': 0.18546555639666917, 'TP': 490, 'FP': 4294, 'FN': 10}
