[iter 0] λ=0.5000 → flips=651
[iter 1] λ=0.2500 → flips=0
[iter 2] λ=0.3750 → flips=116
[iter 3] λ=0.4375 → flips=443
[iter 4] λ=0.4688 → flips=572
[iter 5] λ=0.4531 → flips=519
[iter 6] λ=0.4453 → flips=494
[iter 7] λ=0.4492 → flips=511
[iter 8] λ=0.4473 → flips=502
[iter 9] λ=0.4463 → flips=497
[iter 10] λ=0.4468 → flips=499
[iter 11] λ=0.4470 → flips=504
[iter 12] λ=0.4469 → flips=501
[iter 13] λ=0.4468 → flips=499
[iter 14] λ=0.4469 → flips=500

Best λ=0.4469 → flips=500, correct=342/500
Number of flips performed: 500
Metrics: {'precision': 0.684, 'recall': 0.684, 'f1': 0.684, 'TP': 342, 'FP': 158, 'FN': 158}
[Elbow detection] flip ≈ 3038, λ ≈ 0.7755102040816326
Number of flips performed (elbow): 3038
Elbow Metrics: {'precision': 0.1619486504279131, 'recall': 0.984, 'f1': 0.2781232334652346, 'TP': 492, 'FP': 2546, 'FN': 8}
