[iter 0] λ=0.5000 → flips=0
[iter 1] λ=0.7500 → flips=6
[iter 2] λ=0.8750 → flips=19
[iter 3] λ=0.9375 → flips=30
[iter 4] λ=0.9688 → flips=52
[iter 5] λ=0.9844 → flips=21537
[iter 6] λ=0.9766 → flips=21537
[iter 7] λ=0.9727 → flips=21537
[iter 8] λ=0.9707 → flips=52
[iter 9] λ=0.9717 → flips=52
[iter 10] λ=0.9722 → flips=52
[iter 11] λ=0.9724 → flips=52
[iter 12] λ=0.9725 → flips=52
[iter 13] λ=0.9726 → flips=52
[iter 14] λ=0.9726 → flips=21537
[iter 15] λ=0.9726 → flips=52
[iter 16] λ=0.9726 → flips=52
[iter 17] λ=0.9726 → flips=52
[iter 18] λ=0.9726 → flips=52
[iter 19] λ=0.9726 → flips=21537

Best λ=0.9688 → flips=52, correct=48/10000
Number of flips performed: 52
Metrics: {'precision': 0.9230769230769231, 'recall': 0.0048, 'f1': 0.009550338241146039, 'TP': 48, 'FP': 4, 'FN': 9952}
[Elbow detection] flip ≈ None, λ ≈ 1.0
Number of flips performed (elbow): 21537
Elbow Metrics: {'precision': 0.4643172215257464, 'recall': 1.0, 'f1': 0.6341757300948092, 'TP': 10000, 'FP': 11537, 'FN': 0}
