Matrix saved as results/119/corrupt500/r010.4_r100.3/original_matrix.svg
Matrix saved as results/119/corrupt500/r010.4_r100.3/corrupted.svg
[iter 0] λ=0.5000 → flips=156
[iter 1] λ=0.7500 → flips=1272
[iter 2] λ=0.6250 → flips=441
[iter 3] λ=0.6875 → flips=783
[iter 4] λ=0.6562 → flips=647
[iter 5] λ=0.6406 → flips=587
[iter 6] λ=0.6328 → flips=538
[iter 7] λ=0.6289 → flips=492
[iter 8] λ=0.6309 → flips=503
[iter 9] λ=0.6299 → flips=493
[iter 10] λ=0.6304 → flips=493
[iter 11] λ=0.6306 → flips=503
[iter 12] λ=0.6305 → flips=503
[iter 13] λ=0.6304 → flips=493
[iter 14] λ=0.6305 → flips=493
[iter 15] λ=0.6305 → flips=494
[iter 16] λ=0.6305 → flips=503
[iter 17] λ=0.6305 → flips=503
[iter 18] λ=0.6305 → flips=494
[iter 19] λ=0.6305 → flips=503

Best λ=0.6309 → flips=503, correct=302/500
Number of flips performed: 503
Matrix saved as results/119/corrupt500/r010.4_r100.3/flipped_matrix.svg
Metrics: {'precision': 0.6003976143141153, 'recall': 0.604, 'f1': 0.6021934197407777, 'TP': 302, 'FP': 201, 'FN': 198}
[Elbow detection] flip ≈ 910, λ ≈ 0.7142857142857142
Number of flips performed (elbow): 910
Matrix saved as results/119/corrupt500/r010.4_r100.3/flipped_matrix_elbow.svg
Elbow Metrics: {'precision': 0.4153846153846154, 'recall': 0.756, 'f1': 0.5361702127659574, 'TP': 378, 'FP': 532, 'FN': 122}
