[iter 0] λ=0.5000 → flips=1453
[iter 1] λ=0.7500 → flips=3904
[iter 2] λ=0.6250 → flips=2465
[iter 3] λ=0.5625 → flips=1871
[iter 4] λ=0.5938 → flips=2167
[iter 5] λ=0.5781 → flips=2021
[iter 6] λ=0.5703 → flips=1940
[iter 7] λ=0.5742 → flips=2002
[iter 8] λ=0.5723 → flips=1959
[iter 9] λ=0.5732 → flips=1968
[iter 10] λ=0.5737 → flips=1971
[iter 11] λ=0.5740 → flips=2001
[iter 12] λ=0.5739 → flips=2087
[iter 13] λ=0.5738 → flips=2001
[iter 14] λ=0.5738 → flips=1999
[iter 15] λ=0.5738 → flips=2001
[iter 16] λ=0.5738 → flips=1999
[iter 17] λ=0.5738 → flips=2001
[iter 18] λ=0.5738 → flips=2001
[iter 19] λ=0.5738 → flips=2001

Best λ=0.5740 → flips=2001, correct=1561/2000
Number of flips performed: 2001
Metrics: {'precision': 0.7801099450274862, 'recall': 0.7805, 'f1': 0.7803049237690577, 'TP': 1561, 'FP': 440, 'FN': 439}
[Elbow detection] flip ≈ 2867, λ ≈ 0.673469387755102
Number of flips performed (elbow): 2867
Elbow Metrics: {'precision': 0.6320195326124869, 'recall': 0.906, 'f1': 0.744606533799055, 'TP': 1812, 'FP': 1055, 'FN': 188}
