Matrix saved as ml_parsimony_matrices/seed130_ratio1.6126.png
Matrix saved as results/130/corrupt10/r010.3_r100.6/original_matrix.png
Matrix saved as results/130/corrupt10/r010.3_r100.6/corrupted.png
[iter 0] λ=0.5000 → flips=38
[iter 1] λ=0.2500 → flips=0
[iter 2] λ=0.3750 → flips=27
[iter 3] λ=0.3125 → flips=0
[iter 4] λ=0.3438 → flips=0
[iter 5] λ=0.3594 → flips=5
[iter 6] λ=0.3672 → flips=17
[iter 7] λ=0.3633 → flips=8
[iter 8] λ=0.3652 → flips=13
[iter 9] λ=0.3643 → flips=10

Best λ=0.3643 → flips=10, correct=6/10
Number of flips performed: 10
Cell (Vanessa_hippomene,Betulaceae): 0 -> 1
Cell (Aglais_io,Cannabaceae): 0 -> 1
Cell (Polygonia_c_aureum,Urticaceae): 0 -> 1
Cell (Polygonia_egea,Rosaceae): 0 -> 1
Cell (Polygonia_c_album,Urticaceae): 0 -> 1
Cell (Polygonia_satyrus,Smilacaceae): 0 -> 1
Cell (Polygonia_satyrus,Rhamnaceae): 0 -> 1
Cell (Polygonia_satyrus,Plantaginaceae): 0 -> 1
Cell (Polygonia_interrogationis,Betulaceae): 0 -> 1
Cell (Polygonia_gracilis,Salicaceae): 0 -> 1
Matrix saved as results/130/corrupt10/r010.3_r100.6/flipped_matrix.png
Metrics: {'precision': 0.6, 'recall': 0.6, 'f1': 0.6, 'TP': 6, 'FP': 4, 'FN': 4}
[Elbow detection] λ ≈ 0.381 (cutoff=0.359)
Elbow Metrics: {'precision': 0.3225806451612903, 'recall': 1.0, 'f1': 0.4878048780487805, 'TP': 10, 'FP': 21, 'FN': 0}
