Matrix saved as ml_parsimony_matrices/seed97_ratio1.7236.png
Matrix saved as results/97/corrupt10/r010.4_r100.7/original_matrix.png
Matrix saved as results/97/corrupt10/r010.4_r100.7/corrupted.png
[iter 0] λ=0.5000 → flips=26
[iter 1] λ=0.2500 → flips=0
[iter 2] λ=0.3750 → flips=6
[iter 3] λ=0.4375 → flips=21
[iter 4] λ=0.4062 → flips=15
[iter 5] λ=0.3906 → flips=11
[iter 6] λ=0.3828 → flips=10

Best λ=0.3828 → flips=10, correct=1/10
Number of flips performed: 10
Cell (Nymphalis_l_album,Cannabaceae): 0 -> 1
Cell (Nymphalis_l_album,Betulaceae): 0 -> 1
Cell (Nymphalis_l_album,Boraginaceae): 0 -> 1
Cell (Nymphalis_polychloros,Acoraceae): 0 -> 1
Cell (Nymphalis_polychloros,Plantaginaceae): 0 -> 1
Cell (Nymphalis_californica,Ceratophyllaceae): 0 -> 1
Cell (Nymphalis_xanthomelas,Urticaceae): 0 -> 1
Cell (Nymphalis_xanthomelas,Salicaceae): 0 -> 1
Cell (Nymphalis_xanthomelas,Ericaceae): 0 -> 1
Cell (Nymphalis_antiopa,Nymphaeaceae): 0 -> 1
Matrix saved as results/97/corrupt10/r010.4_r100.7/flipped_matrix.png
Metrics: {'precision': 0.1, 'recall': 0.1, 'f1': 0.10000000000000002, 'TP': 1, 'FP': 9, 'FN': 9}
[Elbow detection] λ ≈ 0.399 (cutoff=0.366)
Elbow Metrics: {'precision': 0.2, 'recall': 0.3, 'f1': 0.24, 'TP': 3, 'FP': 12, 'FN': 7}
