Matrix saved as results/53/corrupt100/r010.4_r100.4/original_matrix.png
Matrix saved as results/53/corrupt100/r010.4_r100.4/corrupted.png
[iter 0] λ=0.5000 → flips=127
[iter 1] λ=0.2500 → flips=0
[iter 2] λ=0.3750 → flips=48
[iter 3] λ=0.4375 → flips=90
[iter 4] λ=0.4688 → flips=114
[iter 5] λ=0.4531 → flips=110
[iter 6] λ=0.4453 → flips=97
[iter 7] λ=0.4492 → flips=106
[iter 8] λ=0.4473 → flips=100

Best λ=0.4473 → flips=100, correct=82/100
Number of flips performed: 100
Cell (Kaniska_canace,Potamogetonaceae): 0 -> 1
Cell (Kaniska_canace,Ericaceae): 0 -> 1
Cell (Nymphalis_l_album,Nymphaeaceae): 0 -> 1
Cell (Nymphalis_l_album,Aristolochiaceae): 0 -> 1
Cell (Nymphalis_l_album,Ceratophyllaceae): 0 -> 1
Cell (Nymphalis_l_album,Grossulariaceae): 0 -> 1
Cell (Nymphalis_l_album,Asteraceae): 0 -> 1
Cell (Nymphalis_polychloros,Rhamnaceae): 0 -> 1
Cell (Nymphalis_polychloros,Urticaceae): 0 -> 1
Cell (Nymphalis_polychloros,Grossulariaceae): 0 -> 1
Cell (Nymphalis_polychloros,Asteraceae): 0 -> 1
Cell (Nymphalis_polychloros,Plantaginaceae): 0 -> 1
Cell (Nymphalis_californica,Siparunaceae): 0 -> 1
Cell (Nymphalis_californica,Aristolochiaceae): 0 -> 1
Cell (Nymphalis_californica,Rhamnaceae): 0 -> 1
Cell (Nymphalis_californica,Ericaceae): 0 -> 1
Cell (Nymphalis_californica,Plantaginaceae): 0 -> 1
Cell (Nymphalis_californica,Boraginaceae): 0 -> 1
Cell (Nymphalis_xanthomelas,Siparunaceae): 0 -> 1
Cell (Nymphalis_xanthomelas,Aristolochiaceae): 0 -> 1
Cell (Nymphalis_xanthomelas,Rhamnaceae): 0 -> 1
Cell (Nymphalis_xanthomelas,Urticaceae): 0 -> 1
Cell (Nymphalis_xanthomelas,Grossulariaceae): 0 -> 1
Cell (Nymphalis_xanthomelas,Ericaceae): 0 -> 1
Cell (Nymphalis_xanthomelas,Plantaginaceae): 0 -> 1
Cell (Nymphalis_xanthomelas,Boraginaceae): 0 -> 1
Cell (Nymphalis_antiopa,Ceratophyllaceae): 0 -> 1
Cell (Nymphalis_antiopa,Rosaceae): 0 -> 1
Cell (Nymphalis_antiopa,Ulmaceae): 0 -> 1
Cell (Nymphalis_antiopa,Asteraceae): 0 -> 1
Cell (Polygonia_c_aureum,Typhaceae): 0 -> 1
Cell (Polygonia_c_aureum,Ceratophyllaceae): 0 -> 1
Cell (Polygonia_c_aureum,Rhamnaceae): 0 -> 1
Cell (Polygonia_c_aureum,Cannabaceae): 0 -> 1
Cell (Polygonia_c_aureum,Salicaceae): 0 -> 1
Cell (Polygonia_c_aureum,Asteraceae): 0 -> 1
Cell (Polygonia_egea,Schisandraceae): 0 -> 1
Cell (Polygonia_egea,Siparunaceae): 0 -> 1
Cell (Polygonia_egea,Chloranthaceae): 0 -> 1
Cell (Polygonia_egea,Fabaceae): 0 -> 1
Cell (Polygonia_egea,Ulmaceae): 0 -> 1
Cell (Polygonia_egea,Urticaceae): 0 -> 1
Cell (Polygonia_egea,Grossulariaceae): 0 -> 1
Cell (Polygonia_egea,Plantaginaceae): 0 -> 1
Cell (Polygonia_egea,Boraginaceae): 0 -> 1
Cell (Polygonia_faunus,Chloranthaceae): 0 -> 1
Cell (Polygonia_faunus,Potamogetonaceae): 0 -> 1
Cell (Polygonia_faunus,Ceratophyllaceae): 0 -> 1
Cell (Polygonia_faunus,Fabaceae): 0 -> 1
Cell (Polygonia_faunus,Ulmaceae): 0 -> 1
Cell (Polygonia_faunus,Urticaceae): 0 -> 1
Cell (Polygonia_faunus,Salicaceae): 0 -> 1
Cell (Polygonia_faunus,Grossulariaceae): 0 -> 1
Cell (Polygonia_faunus,Boraginaceae): 0 -> 1
Cell (Polygonia_c_album,Nymphaeaceae): 0 -> 1
Cell (Polygonia_c_album,Aristolochiaceae): 0 -> 1
Cell (Polygonia_c_album,Rosaceae): 0 -> 1
Cell (Polygonia_c_album,Rhamnaceae): 0 -> 1
Cell (Polygonia_c_album,Betulaceae): 0 -> 1
Cell (Polygonia_c_album,Grossulariaceae): 0 -> 1
Cell (Polygonia_c_album,Ericaceae): 0 -> 1
Cell (Polygonia_c_album,Plantaginaceae): 0 -> 1
Cell (Polygonia_satyrus,Chloranthaceae): 0 -> 1
Cell (Polygonia_satyrus,Smilacaceae): 0 -> 1
Cell (Polygonia_satyrus,Potamogetonaceae): 0 -> 1
Cell (Polygonia_satyrus,Acoraceae): 0 -> 1
Cell (Polygonia_satyrus,Fabaceae): 0 -> 1
Cell (Polygonia_satyrus,Rosaceae): 0 -> 1
Cell (Polygonia_satyrus,Ericaceae): 0 -> 1
Cell (Polygonia_satyrus,Plantaginaceae): 0 -> 1
Cell (Polygonia_interrogationis,Amborellaceae): 0 -> 1
Cell (Polygonia_interrogationis,Chloranthaceae): 0 -> 1
Cell (Polygonia_interrogationis,Typhaceae): 0 -> 1
Cell (Polygonia_interrogationis,Rhamnaceae): 0 -> 1
Cell (Polygonia_interrogationis,Ulmaceae): 0 -> 1
Cell (Polygonia_interrogationis,Betulaceae): 0 -> 1
Cell (Polygonia_interrogationis,Ericaceae): 0 -> 1
Cell (Polygonia_interrogationis,Boraginaceae): 0 -> 1
Cell (Polygonia_comma,Malvaceae): 0 -> 1
Cell (Polygonia_comma,Boraginaceae): 0 -> 1
Cell (Polygonia_oreas,Typhaceae): 0 -> 1
Cell (Polygonia_oreas,Cannabaceae): 0 -> 1
Cell (Polygonia_progne,Aristolochiaceae): 0 -> 1
Cell (Polygonia_progne,Typhaceae): 0 -> 1
Cell (Polygonia_progne,Ulmaceae): 0 -> 1
Cell (Polygonia_progne,Malvaceae): 0 -> 1
Cell (Polygonia_zephyrus,Fabaceae): 0 -> 1
Cell (Polygonia_zephyrus,Urticaceae): 0 -> 1
Cell (Polygonia_zephyrus,Salicaceae): 0 -> 1
Cell (Polygonia_zephyrus,Malvaceae): 0 -> 1
Cell (Polygonia_zephyrus,Grossulariaceae): 0 -> 1
Cell (Polygonia_zephyrus,Ericaceae): 0 -> 1
Cell (Polygonia_zephyrus,Asteraceae): 0 -> 1
Cell (Polygonia_zephyrus,Boraginaceae): 0 -> 1
Cell (Polygonia_gracilis,Nymphaeaceae): 0 -> 1
Cell (Polygonia_gracilis,Aristolochiaceae): 0 -> 1
Cell (Polygonia_gracilis,Acoraceae): 0 -> 1
Cell (Polygonia_gracilis,Ulmaceae): 0 -> 1
Cell (Polygonia_gracilis,Urticaceae): 0 -> 1
Cell (Polygonia_gracilis,Salicaceae): 0 -> 1
Matrix saved as results/53/corrupt100/r010.4_r100.4/flipped_matrix.png
Metrics: {'precision': 0.82, 'recall': 0.82, 'f1': 0.82, 'TP': 82, 'FP': 18, 'FN': 18}
[Elbow detection] flip ≈ 127, λ ≈ 0.5102040816326531
Number of flips performed (elbow): 127
Cell (Kaniska_canace,Potamogetonaceae): 0 -> 1
Cell (Kaniska_canace,Acoraceae): 0 -> 1
Cell (Kaniska_canace,Fabaceae): 0 -> 1
Cell (Kaniska_canace,Betulaceae): 0 -> 1
Cell (Kaniska_canace,Malvaceae): 0 -> 1
Cell (Kaniska_canace,Ericaceae): 0 -> 1
Cell (Nymphalis_l_album,Nymphaeaceae): 0 -> 1
Cell (Nymphalis_l_album,Aristolochiaceae): 0 -> 1
Cell (Nymphalis_l_album,Chloranthaceae): 0 -> 1
Cell (Nymphalis_l_album,Acoraceae): 0 -> 1
Cell (Nymphalis_l_album,Ceratophyllaceae): 0 -> 1
Cell (Nymphalis_l_album,Fabaceae): 0 -> 1
Cell (Nymphalis_l_album,Betulaceae): 0 -> 1
Cell (Nymphalis_l_album,Malvaceae): 0 -> 1
Cell (Nymphalis_l_album,Grossulariaceae): 0 -> 1
Cell (Nymphalis_l_album,Asteraceae): 0 -> 1
Cell (Nymphalis_polychloros,Chloranthaceae): 0 -> 1
Cell (Nymphalis_polychloros,Fabaceae): 0 -> 1
Cell (Nymphalis_polychloros,Rhamnaceae): 0 -> 1
Cell (Nymphalis_polychloros,Urticaceae): 0 -> 1
Cell (Nymphalis_polychloros,Betulaceae): 0 -> 1
Cell (Nymphalis_polychloros,Grossulariaceae): 0 -> 1
Cell (Nymphalis_polychloros,Asteraceae): 0 -> 1
Cell (Nymphalis_polychloros,Plantaginaceae): 0 -> 1
Cell (Nymphalis_californica,Siparunaceae): 0 -> 1
Cell (Nymphalis_californica,Aristolochiaceae): 0 -> 1
Cell (Nymphalis_californica,Fabaceae): 0 -> 1
Cell (Nymphalis_californica,Rhamnaceae): 0 -> 1
Cell (Nymphalis_californica,Malvaceae): 0 -> 1
Cell (Nymphalis_californica,Ericaceae): 0 -> 1
Cell (Nymphalis_californica,Plantaginaceae): 0 -> 1
Cell (Nymphalis_californica,Boraginaceae): 0 -> 1
Cell (Nymphalis_xanthomelas,Siparunaceae): 0 -> 1
Cell (Nymphalis_xanthomelas,Aristolochiaceae): 0 -> 1
Cell (Nymphalis_xanthomelas,Chloranthaceae): 0 -> 1
Cell (Nymphalis_xanthomelas,Rhamnaceae): 0 -> 1
Cell (Nymphalis_xanthomelas,Urticaceae): 0 -> 1
Cell (Nymphalis_xanthomelas,Malvaceae): 0 -> 1
Cell (Nymphalis_xanthomelas,Grossulariaceae): 0 -> 1
Cell (Nymphalis_xanthomelas,Ericaceae): 0 -> 1
Cell (Nymphalis_xanthomelas,Plantaginaceae): 0 -> 1
Cell (Nymphalis_xanthomelas,Boraginaceae): 0 -> 1
Cell (Nymphalis_antiopa,Chloranthaceae): 0 -> 1
Cell (Nymphalis_antiopa,Ceratophyllaceae): 0 -> 1
Cell (Nymphalis_antiopa,Rosaceae): 0 -> 1
Cell (Nymphalis_antiopa,Ulmaceae): 0 -> 1
Cell (Nymphalis_antiopa,Asteraceae): 0 -> 1
Cell (Polygonia_c_aureum,Typhaceae): 0 -> 1
Cell (Polygonia_c_aureum,Acoraceae): 0 -> 1
Cell (Polygonia_c_aureum,Ceratophyllaceae): 0 -> 1
Cell (Polygonia_c_aureum,Rhamnaceae): 0 -> 1
Cell (Polygonia_c_aureum,Cannabaceae): 0 -> 1
Cell (Polygonia_c_aureum,Salicaceae): 0 -> 1
Cell (Polygonia_c_aureum,Malvaceae): 0 -> 1
Cell (Polygonia_c_aureum,Asteraceae): 0 -> 1
Cell (Polygonia_egea,Schisandraceae): 0 -> 1
Cell (Polygonia_egea,Siparunaceae): 0 -> 1
Cell (Polygonia_egea,Chloranthaceae): 0 -> 1
Cell (Polygonia_egea,Fabaceae): 0 -> 1
Cell (Polygonia_egea,Ulmaceae): 0 -> 1
Cell (Polygonia_egea,Urticaceae): 0 -> 1
Cell (Polygonia_egea,Grossulariaceae): 0 -> 1
Cell (Polygonia_egea,Plantaginaceae): 0 -> 1
Cell (Polygonia_egea,Boraginaceae): 0 -> 1
Cell (Polygonia_faunus,Chloranthaceae): 0 -> 1
Cell (Polygonia_faunus,Potamogetonaceae): 0 -> 1
Cell (Polygonia_faunus,Ceratophyllaceae): 0 -> 1
Cell (Polygonia_faunus,Fabaceae): 0 -> 1
Cell (Polygonia_faunus,Ulmaceae): 0 -> 1
Cell (Polygonia_faunus,Urticaceae): 0 -> 1
Cell (Polygonia_faunus,Salicaceae): 0 -> 1
Cell (Polygonia_faunus,Grossulariaceae): 0 -> 1
Cell (Polygonia_faunus,Boraginaceae): 0 -> 1
Cell (Polygonia_c_album,Nymphaeaceae): 0 -> 1
Cell (Polygonia_c_album,Aristolochiaceae): 0 -> 1
Cell (Polygonia_c_album,Rosaceae): 0 -> 1
Cell (Polygonia_c_album,Rhamnaceae): 0 -> 1
Cell (Polygonia_c_album,Betulaceae): 0 -> 1
Cell (Polygonia_c_album,Grossulariaceae): 0 -> 1
Cell (Polygonia_c_album,Ericaceae): 0 -> 1
Cell (Polygonia_c_album,Plantaginaceae): 0 -> 1
Cell (Polygonia_satyrus,Chloranthaceae): 0 -> 1
Cell (Polygonia_satyrus,Smilacaceae): 0 -> 1
Cell (Polygonia_satyrus,Potamogetonaceae): 0 -> 1
Cell (Polygonia_satyrus,Acoraceae): 0 -> 1
Cell (Polygonia_satyrus,Fabaceae): 0 -> 1
Cell (Polygonia_satyrus,Rosaceae): 0 -> 1
Cell (Polygonia_satyrus,Ericaceae): 0 -> 1
Cell (Polygonia_satyrus,Plantaginaceae): 0 -> 1
Cell (Polygonia_interrogationis,Amborellaceae): 0 -> 1
Cell (Polygonia_interrogationis,Chloranthaceae): 0 -> 1
Cell (Polygonia_interrogationis,Typhaceae): 0 -> 1
Cell (Polygonia_interrogationis,Rhamnaceae): 0 -> 1
Cell (Polygonia_interrogationis,Ulmaceae): 0 -> 1
Cell (Polygonia_interrogationis,Betulaceae): 0 -> 1
Cell (Polygonia_interrogationis,Ericaceae): 0 -> 1
Cell (Polygonia_interrogationis,Boraginaceae): 0 -> 1
Cell (Polygonia_comma,Malvaceae): 0 -> 1
Cell (Polygonia_comma,Boraginaceae): 0 -> 1
Cell (Polygonia_oreas,Typhaceae): 0 -> 1
Cell (Polygonia_oreas,Cannabaceae): 0 -> 1
Cell (Polygonia_oreas,Asteraceae): 0 -> 1
Cell (Polygonia_oreas,Plantaginaceae): 0 -> 1
Cell (Polygonia_oreas,Boraginaceae): 0 -> 1
Cell (Polygonia_progne,Aristolochiaceae): 0 -> 1
Cell (Polygonia_progne,Typhaceae): 0 -> 1
Cell (Polygonia_progne,Ulmaceae): 0 -> 1
Cell (Polygonia_progne,Malvaceae): 0 -> 1
Cell (Polygonia_progne,Asteraceae): 0 -> 1
Cell (Polygonia_zephyrus,Siparunaceae): 0 -> 1
Cell (Polygonia_zephyrus,Potamogetonaceae): 0 -> 1
Cell (Polygonia_zephyrus,Fabaceae): 0 -> 1
Cell (Polygonia_zephyrus,Urticaceae): 0 -> 1
Cell (Polygonia_zephyrus,Salicaceae): 0 -> 1
Cell (Polygonia_zephyrus,Malvaceae): 0 -> 1
Cell (Polygonia_zephyrus,Grossulariaceae): 0 -> 1
Cell (Polygonia_zephyrus,Ericaceae): 0 -> 1
Cell (Polygonia_zephyrus,Asteraceae): 0 -> 1
Cell (Polygonia_zephyrus,Boraginaceae): 0 -> 1
Cell (Polygonia_gracilis,Nymphaeaceae): 0 -> 1
Cell (Polygonia_gracilis,Siparunaceae): 0 -> 1
Cell (Polygonia_gracilis,Aristolochiaceae): 0 -> 1
Cell (Polygonia_gracilis,Potamogetonaceae): 0 -> 1
Cell (Polygonia_gracilis,Acoraceae): 0 -> 1
Cell (Polygonia_gracilis,Ulmaceae): 0 -> 1
Cell (Polygonia_gracilis,Urticaceae): 0 -> 1
Cell (Polygonia_gracilis,Salicaceae): 0 -> 1
Matrix saved as results/53/corrupt100/r010.4_r100.4/flipped_matrix_elbow.png
Elbow Metrics: {'precision': 0.7874015748031497, 'recall': 1.0, 'f1': 0.881057268722467, 'TP': 100, 'FP': 27, 'FN': 0}
