Matrix saved as results/64/corrupt1000/r010.7_r100.4/original_matrix.svg
Matrix saved as results/64/corrupt1000/r010.7_r100.4/corrupted.svg
[iter 0] λ=0.5000 → flips=115
[iter 1] λ=0.7500 → flips=1055
[iter 2] λ=0.6250 → flips=393
[iter 3] λ=0.6875 → flips=696
[iter 4] λ=0.7188 → flips=883
[iter 5] λ=0.7344 → flips=998
[iter 6] λ=0.7422 → flips=1040
[iter 7] λ=0.7383 → flips=1031
[iter 8] λ=0.7363 → flips=1022
[iter 9] λ=0.7354 → flips=1004
[iter 10] λ=0.7349 → flips=1004
[iter 11] λ=0.7346 → flips=1001
[iter 12] λ=0.7345 → flips=998
[iter 13] λ=0.7346 → flips=1001
[iter 14] λ=0.7345 → flips=998
[iter 15] λ=0.7345 → flips=1001
[iter 16] λ=0.7345 → flips=1001
[iter 17] λ=0.7345 → flips=1001
[iter 18] λ=0.7345 → flips=1001
[iter 19] λ=0.7345 → flips=998

Best λ=0.7346 → flips=1001, correct=654/1000
Number of flips performed: 1001
Matrix saved as results/64/corrupt1000/r010.7_r100.4/flipped_matrix.svg
Metrics: {'precision': 0.6533466533466533, 'recall': 0.654, 'f1': 0.6536731634182908, 'TP': 654, 'FP': 347, 'FN': 346}
[Elbow detection] flip ≈ 1004, λ ≈ 0.7346938775510203
Number of flips performed (elbow): 1004
Matrix saved as results/64/corrupt1000/r010.7_r100.4/flipped_matrix_elbow.svg
Elbow Metrics: {'precision': 0.6523904382470119, 'recall': 0.655, 'f1': 0.6536926147704591, 'TP': 655, 'FP': 349, 'FN': 345}
