Matrix saved as results/130/corrupt500/r010.5_r100.3/original_matrix.svg
Matrix saved as results/130/corrupt500/r010.5_r100.3/corrupted.svg
[iter 0] λ=0.5000 → flips=261
[iter 1] λ=0.7500 → flips=1786
[iter 2] λ=0.6250 → flips=538
[iter 3] λ=0.5625 → flips=371
[iter 4] λ=0.5938 → flips=445
[iter 5] λ=0.6094 → flips=519
[iter 6] λ=0.6016 → flips=463
[iter 7] λ=0.6055 → flips=498
[iter 8] λ=0.6074 → flips=507
[iter 9] λ=0.6064 → flips=500

Best λ=0.6064 → flips=500, correct=339/500
Number of flips performed: 500
Matrix saved as results/130/corrupt500/r010.5_r100.3/flipped_matrix.svg
Metrics: {'precision': 0.678, 'recall': 0.678, 'f1': 0.678, 'TP': 339, 'FP': 161, 'FN': 161}
[Elbow detection] flip ≈ 713, λ ≈ 0.6530612244897959
Number of flips performed (elbow): 713
Matrix saved as results/130/corrupt500/r010.5_r100.3/flipped_matrix_elbow.svg
Elbow Metrics: {'precision': 0.5469845722300141, 'recall': 0.78, 'f1': 0.6430338004946414, 'TP': 390, 'FP': 323, 'FN': 110}
