Matrix saved as results/97/corrupt500/r010.7_r100.6/original_matrix.svg
Matrix saved as results/97/corrupt500/r010.7_r100.6/corrupted.svg
[iter 0] λ=0.5000 → flips=93
[iter 1] λ=0.7500 → flips=1363
[iter 2] λ=0.6250 → flips=304
[iter 3] λ=0.6875 → flips=694
[iter 4] λ=0.6562 → flips=419
[iter 5] λ=0.6719 → flips=598
[iter 6] λ=0.6641 → flips=532
[iter 7] λ=0.6602 → flips=454
[iter 8] λ=0.6621 → flips=484
[iter 9] λ=0.6631 → flips=527
[iter 10] λ=0.6626 → flips=525
[iter 11] λ=0.6624 → flips=484
[iter 12] λ=0.6625 → flips=484
[iter 13] λ=0.6625 → flips=525
[iter 14] λ=0.6625 → flips=484
[iter 15] λ=0.6625 → flips=525
[iter 16] λ=0.6625 → flips=484
[iter 17] λ=0.6625 → flips=484
[iter 18] λ=0.6625 → flips=525
[iter 19] λ=0.6625 → flips=525

Best λ=0.6621 → flips=484, correct=266/500
Number of flips performed: 484
Matrix saved as results/97/corrupt500/r010.7_r100.6/flipped_matrix.svg
Metrics: {'precision': 0.5495867768595041, 'recall': 0.532, 'f1': 0.5406504065040652, 'TP': 266, 'FP': 218, 'FN': 234}
[Elbow detection] flip ≈ 1031, λ ≈ 0.7142857142857142
Number of flips performed (elbow): 1031
Matrix saved as results/97/corrupt500/r010.7_r100.6/flipped_matrix_elbow.svg
Elbow Metrics: {'precision': 0.37148399612027155, 'recall': 0.766, 'f1': 0.5003265839320705, 'TP': 383, 'FP': 648, 'FN': 117}
