Matrix saved as results/97/corrupt100/r010.5_r100.4/original_matrix.png
Matrix saved as results/97/corrupt100/r010.5_r100.4/corrupted.png
[iter 0] λ=0.5000 → flips=5
[iter 1] λ=0.7500 → flips=93
[iter 2] λ=0.8750 → flips=97
[iter 3] λ=0.9375 → flips=97
[iter 4] λ=0.9688 → flips=790
[iter 5] λ=0.9531 → flips=790
[iter 6] λ=0.9453 → flips=97
[iter 7] λ=0.9492 → flips=97
[iter 8] λ=0.9512 → flips=790
[iter 9] λ=0.9502 → flips=97
[iter 10] λ=0.9507 → flips=790
[iter 11] λ=0.9504 → flips=790
[iter 12] λ=0.9503 → flips=97
[iter 13] λ=0.9504 → flips=790
[iter 14] λ=0.9503 → flips=97
[iter 15] λ=0.9504 → flips=790
[iter 16] λ=0.9504 → flips=97
[iter 17] λ=0.9504 → flips=790
[iter 18] λ=0.9504 → flips=790
[iter 19] λ=0.9504 → flips=790

Best λ=0.8750 → flips=97, correct=85/100
Number of flips performed: 97
Cell (Kaniska_canace,Amborellaceae): 0 -> 1
Cell (Kaniska_canace,Siparunaceae): 0 -> 1
Cell (Kaniska_canace,Aristolochiaceae): 0 -> 1
Cell (Kaniska_canace,Typhaceae): 0 -> 1
Cell (Kaniska_canace,Smilacaceae): 0 -> 1
Cell (Kaniska_canace,Potamogetonaceae): 0 -> 1
Cell (Kaniska_canace,Acoraceae): 0 -> 1
Cell (Kaniska_canace,Fabaceae): 0 -> 1
Cell (Kaniska_canace,Rosaceae): 0 -> 1
Cell (Kaniska_canace,Rhamnaceae): 0 -> 1
Cell (Kaniska_canace,Urticaceae): 0 -> 1
Cell (Kaniska_canace,Betulaceae): 0 -> 1
Cell (Kaniska_canace,Ericaceae): 0 -> 1
Cell (Kaniska_canace,Asteraceae): 0 -> 1
Cell (Nymphalis_l_album,Amborellaceae): 0 -> 1
Cell (Nymphalis_l_album,Nymphaeaceae): 0 -> 1
Cell (Nymphalis_l_album,Siparunaceae): 0 -> 1
Cell (Nymphalis_l_album,Aristolochiaceae): 0 -> 1
Cell (Nymphalis_l_album,Typhaceae): 0 -> 1
Cell (Nymphalis_l_album,Smilacaceae): 0 -> 1
Cell (Nymphalis_l_album,Ceratophyllaceae): 0 -> 1
Cell (Nymphalis_l_album,Rosaceae): 0 -> 1
Cell (Nymphalis_l_album,Rhamnaceae): 0 -> 1
Cell (Nymphalis_l_album,Ulmaceae): 0 -> 1
Cell (Nymphalis_l_album,Cannabaceae): 0 -> 1
Cell (Nymphalis_l_album,Salicaceae): 0 -> 1
Cell (Nymphalis_l_album,Grossulariaceae): 0 -> 1
Cell (Nymphalis_l_album,Ericaceae): 0 -> 1
Cell (Nymphalis_l_album,Asteraceae): 0 -> 1
Cell (Nymphalis_l_album,Plantaginaceae): 0 -> 1
Cell (Nymphalis_l_album,Boraginaceae): 0 -> 1
Cell (Nymphalis_polychloros,Nymphaeaceae): 0 -> 1
Cell (Nymphalis_polychloros,Schisandraceae): 0 -> 1
Cell (Nymphalis_polychloros,Siparunaceae): 0 -> 1
Cell (Nymphalis_polychloros,Aristolochiaceae): 0 -> 1
Cell (Nymphalis_polychloros,Chloranthaceae): 0 -> 1
Cell (Nymphalis_polychloros,Typhaceae): 0 -> 1
Cell (Nymphalis_polychloros,Potamogetonaceae): 0 -> 1
Cell (Nymphalis_polychloros,Acoraceae): 0 -> 1
Cell (Nymphalis_polychloros,Rosaceae): 0 -> 1
Cell (Nymphalis_polychloros,Rhamnaceae): 0 -> 1
Cell (Nymphalis_polychloros,Ulmaceae): 0 -> 1
Cell (Nymphalis_polychloros,Urticaceae): 0 -> 1
Cell (Nymphalis_polychloros,Betulaceae): 0 -> 1
Cell (Nymphalis_polychloros,Salicaceae): 0 -> 1
Cell (Nymphalis_polychloros,Ericaceae): 0 -> 1
Cell (Nymphalis_polychloros,Asteraceae): 0 -> 1
Cell (Nymphalis_polychloros,Plantaginaceae): 0 -> 1
Cell (Nymphalis_polychloros,Boraginaceae): 0 -> 1
Cell (Nymphalis_californica,Amborellaceae): 0 -> 1
Cell (Nymphalis_californica,Nymphaeaceae): 0 -> 1
Cell (Nymphalis_californica,Schisandraceae): 0 -> 1
Cell (Nymphalis_californica,Siparunaceae): 0 -> 1
Cell (Nymphalis_californica,Aristolochiaceae): 0 -> 1
Cell (Nymphalis_californica,Potamogetonaceae): 0 -> 1
Cell (Nymphalis_californica,Ceratophyllaceae): 0 -> 1
Cell (Nymphalis_californica,Fabaceae): 0 -> 1
Cell (Nymphalis_californica,Rosaceae): 0 -> 1
Cell (Nymphalis_californica,Rhamnaceae): 0 -> 1
Cell (Nymphalis_californica,Cannabaceae): 0 -> 1
Cell (Nymphalis_californica,Urticaceae): 0 -> 1
Cell (Nymphalis_californica,Betulaceae): 0 -> 1
Cell (Nymphalis_californica,Malvaceae): 0 -> 1
Cell (Nymphalis_californica,Ericaceae): 0 -> 1
Cell (Nymphalis_californica,Boraginaceae): 0 -> 1
Cell (Nymphalis_xanthomelas,Amborellaceae): 0 -> 1
Cell (Nymphalis_xanthomelas,Nymphaeaceae): 0 -> 1
Cell (Nymphalis_xanthomelas,Schisandraceae): 0 -> 1
Cell (Nymphalis_xanthomelas,Siparunaceae): 0 -> 1
Cell (Nymphalis_xanthomelas,Aristolochiaceae): 0 -> 1
Cell (Nymphalis_xanthomelas,Chloranthaceae): 0 -> 1
Cell (Nymphalis_xanthomelas,Typhaceae): 0 -> 1
Cell (Nymphalis_xanthomelas,Acoraceae): 0 -> 1
Cell (Nymphalis_xanthomelas,Rosaceae): 0 -> 1
Cell (Nymphalis_xanthomelas,Rhamnaceae): 0 -> 1
Cell (Nymphalis_xanthomelas,Ulmaceae): 0 -> 1
Cell (Nymphalis_xanthomelas,Betulaceae): 0 -> 1
Cell (Nymphalis_xanthomelas,Salicaceae): 0 -> 1
Cell (Nymphalis_xanthomelas,Ericaceae): 0 -> 1
Cell (Nymphalis_xanthomelas,Plantaginaceae): 0 -> 1
Cell (Nymphalis_xanthomelas,Boraginaceae): 0 -> 1
Cell (Nymphalis_antiopa,Amborellaceae): 0 -> 1
Cell (Nymphalis_antiopa,Nymphaeaceae): 0 -> 1
Cell (Nymphalis_antiopa,Schisandraceae): 0 -> 1
Cell (Nymphalis_antiopa,Aristolochiaceae): 0 -> 1
Cell (Nymphalis_antiopa,Chloranthaceae): 0 -> 1
Cell (Nymphalis_antiopa,Typhaceae): 0 -> 1
Cell (Nymphalis_antiopa,Smilacaceae): 0 -> 1
Cell (Nymphalis_antiopa,Potamogetonaceae): 0 -> 1
Cell (Nymphalis_antiopa,Acoraceae): 0 -> 1
Cell (Nymphalis_antiopa,Rosaceae): 0 -> 1
Cell (Nymphalis_antiopa,Cannabaceae): 0 -> 1
Cell (Nymphalis_antiopa,Urticaceae): 0 -> 1
Cell (Nymphalis_antiopa,Betulaceae): 0 -> 1
Cell (Nymphalis_antiopa,Grossulariaceae): 0 -> 1
Cell (Nymphalis_antiopa,Asteraceae): 0 -> 1
Cell (Nymphalis_antiopa,Plantaginaceae): 0 -> 1
Matrix saved as results/97/corrupt100/r010.5_r100.4/flipped_matrix.png
Metrics: {'precision': 0.8762886597938144, 'recall': 0.85, 'f1': 0.8629441624365483, 'TP': 85, 'FP': 12, 'FN': 15}
[Elbow detection] flip ≈ 97, λ ≈ 0.8163265306122448
Number of flips performed (elbow): 97
Cell (Kaniska_canace,Amborellaceae): 0 -> 1
Cell (Kaniska_canace,Siparunaceae): 0 -> 1
Cell (Kaniska_canace,Aristolochiaceae): 0 -> 1
Cell (Kaniska_canace,Typhaceae): 0 -> 1
Cell (Kaniska_canace,Smilacaceae): 0 -> 1
Cell (Kaniska_canace,Potamogetonaceae): 0 -> 1
Cell (Kaniska_canace,Acoraceae): 0 -> 1
Cell (Kaniska_canace,Fabaceae): 0 -> 1
Cell (Kaniska_canace,Rosaceae): 0 -> 1
Cell (Kaniska_canace,Rhamnaceae): 0 -> 1
Cell (Kaniska_canace,Urticaceae): 0 -> 1
Cell (Kaniska_canace,Betulaceae): 0 -> 1
Cell (Kaniska_canace,Ericaceae): 0 -> 1
Cell (Kaniska_canace,Asteraceae): 0 -> 1
Cell (Nymphalis_l_album,Amborellaceae): 0 -> 1
Cell (Nymphalis_l_album,Nymphaeaceae): 0 -> 1
Cell (Nymphalis_l_album,Siparunaceae): 0 -> 1
Cell (Nymphalis_l_album,Aristolochiaceae): 0 -> 1
Cell (Nymphalis_l_album,Typhaceae): 0 -> 1
Cell (Nymphalis_l_album,Smilacaceae): 0 -> 1
Cell (Nymphalis_l_album,Ceratophyllaceae): 0 -> 1
Cell (Nymphalis_l_album,Rosaceae): 0 -> 1
Cell (Nymphalis_l_album,Rhamnaceae): 0 -> 1
Cell (Nymphalis_l_album,Ulmaceae): 0 -> 1
Cell (Nymphalis_l_album,Cannabaceae): 0 -> 1
Cell (Nymphalis_l_album,Salicaceae): 0 -> 1
Cell (Nymphalis_l_album,Grossulariaceae): 0 -> 1
Cell (Nymphalis_l_album,Ericaceae): 0 -> 1
Cell (Nymphalis_l_album,Asteraceae): 0 -> 1
Cell (Nymphalis_l_album,Plantaginaceae): 0 -> 1
Cell (Nymphalis_l_album,Boraginaceae): 0 -> 1
Cell (Nymphalis_polychloros,Nymphaeaceae): 0 -> 1
Cell (Nymphalis_polychloros,Schisandraceae): 0 -> 1
Cell (Nymphalis_polychloros,Siparunaceae): 0 -> 1
Cell (Nymphalis_polychloros,Aristolochiaceae): 0 -> 1
Cell (Nymphalis_polychloros,Chloranthaceae): 0 -> 1
Cell (Nymphalis_polychloros,Typhaceae): 0 -> 1
Cell (Nymphalis_polychloros,Potamogetonaceae): 0 -> 1
Cell (Nymphalis_polychloros,Acoraceae): 0 -> 1
Cell (Nymphalis_polychloros,Rosaceae): 0 -> 1
Cell (Nymphalis_polychloros,Rhamnaceae): 0 -> 1
Cell (Nymphalis_polychloros,Ulmaceae): 0 -> 1
Cell (Nymphalis_polychloros,Urticaceae): 0 -> 1
Cell (Nymphalis_polychloros,Betulaceae): 0 -> 1
Cell (Nymphalis_polychloros,Salicaceae): 0 -> 1
Cell (Nymphalis_polychloros,Ericaceae): 0 -> 1
Cell (Nymphalis_polychloros,Asteraceae): 0 -> 1
Cell (Nymphalis_polychloros,Plantaginaceae): 0 -> 1
Cell (Nymphalis_polychloros,Boraginaceae): 0 -> 1
Cell (Nymphalis_californica,Amborellaceae): 0 -> 1
Cell (Nymphalis_californica,Nymphaeaceae): 0 -> 1
Cell (Nymphalis_californica,Schisandraceae): 0 -> 1
Cell (Nymphalis_californica,Siparunaceae): 0 -> 1
Cell (Nymphalis_californica,Aristolochiaceae): 0 -> 1
Cell (Nymphalis_californica,Potamogetonaceae): 0 -> 1
Cell (Nymphalis_californica,Ceratophyllaceae): 0 -> 1
Cell (Nymphalis_californica,Fabaceae): 0 -> 1
Cell (Nymphalis_californica,Rosaceae): 0 -> 1
Cell (Nymphalis_californica,Rhamnaceae): 0 -> 1
Cell (Nymphalis_californica,Cannabaceae): 0 -> 1
Cell (Nymphalis_californica,Urticaceae): 0 -> 1
Cell (Nymphalis_californica,Betulaceae): 0 -> 1
Cell (Nymphalis_californica,Malvaceae): 0 -> 1
Cell (Nymphalis_californica,Ericaceae): 0 -> 1
Cell (Nymphalis_californica,Boraginaceae): 0 -> 1
Cell (Nymphalis_xanthomelas,Amborellaceae): 0 -> 1
Cell (Nymphalis_xanthomelas,Nymphaeaceae): 0 -> 1
Cell (Nymphalis_xanthomelas,Schisandraceae): 0 -> 1
Cell (Nymphalis_xanthomelas,Siparunaceae): 0 -> 1
Cell (Nymphalis_xanthomelas,Aristolochiaceae): 0 -> 1
Cell (Nymphalis_xanthomelas,Chloranthaceae): 0 -> 1
Cell (Nymphalis_xanthomelas,Typhaceae): 0 -> 1
Cell (Nymphalis_xanthomelas,Acoraceae): 0 -> 1
Cell (Nymphalis_xanthomelas,Rosaceae): 0 -> 1
Cell (Nymphalis_xanthomelas,Rhamnaceae): 0 -> 1
Cell (Nymphalis_xanthomelas,Ulmaceae): 0 -> 1
Cell (Nymphalis_xanthomelas,Betulaceae): 0 -> 1
Cell (Nymphalis_xanthomelas,Salicaceae): 0 -> 1
Cell (Nymphalis_xanthomelas,Ericaceae): 0 -> 1
Cell (Nymphalis_xanthomelas,Plantaginaceae): 0 -> 1
Cell (Nymphalis_xanthomelas,Boraginaceae): 0 -> 1
Cell (Nymphalis_antiopa,Amborellaceae): 0 -> 1
Cell (Nymphalis_antiopa,Nymphaeaceae): 0 -> 1
Cell (Nymphalis_antiopa,Schisandraceae): 0 -> 1
Cell (Nymphalis_antiopa,Aristolochiaceae): 0 -> 1
Cell (Nymphalis_antiopa,Chloranthaceae): 0 -> 1
Cell (Nymphalis_antiopa,Typhaceae): 0 -> 1
Cell (Nymphalis_antiopa,Smilacaceae): 0 -> 1
Cell (Nymphalis_antiopa,Potamogetonaceae): 0 -> 1
Cell (Nymphalis_antiopa,Acoraceae): 0 -> 1
Cell (Nymphalis_antiopa,Rosaceae): 0 -> 1
Cell (Nymphalis_antiopa,Cannabaceae): 0 -> 1
Cell (Nymphalis_antiopa,Urticaceae): 0 -> 1
Cell (Nymphalis_antiopa,Betulaceae): 0 -> 1
Cell (Nymphalis_antiopa,Grossulariaceae): 0 -> 1
Cell (Nymphalis_antiopa,Asteraceae): 0 -> 1
Cell (Nymphalis_antiopa,Plantaginaceae): 0 -> 1
Matrix saved as results/97/corrupt100/r010.5_r100.4/flipped_matrix_elbow.png
Elbow Metrics: {'precision': 0.8762886597938144, 'recall': 0.85, 'f1': 0.8629441624365483, 'TP': 85, 'FP': 12, 'FN': 15}
