[iter 0] λ=0.5000 → flips=778
[iter 1] λ=0.2500 → flips=0
[iter 2] λ=0.3750 → flips=163
[iter 3] λ=0.4375 → flips=564
[iter 4] λ=0.4062 → flips=318
[iter 5] λ=0.4219 → flips=457
[iter 6] λ=0.4297 → flips=518
[iter 7] λ=0.4258 → flips=487
[iter 8] λ=0.4277 → flips=501
[iter 9] λ=0.4268 → flips=496
[iter 10] λ=0.4272 → flips=499
[iter 11] λ=0.4275 → flips=499
[iter 12] λ=0.4276 → flips=499
[iter 13] λ=0.4277 → flips=501
[iter 14] λ=0.4276 → flips=500

Best λ=0.4276 → flips=500, correct=317/500
Number of flips performed: 500
Metrics: {'precision': 0.634, 'recall': 0.634, 'f1': 0.634, 'TP': 317, 'FP': 183, 'FN': 183}
[Elbow detection] flip ≈ 2864, λ ≈ 0.7346938775510203
Number of flips performed (elbow): 2864
Elbow Metrics: {'precision': 0.17143854748603352, 'recall': 0.982, 'f1': 0.2919143876337693, 'TP': 491, 'FP': 2373, 'FN': 9}
