Matrix saved as results/86/corrupt1000/r010.3_r100.7/original_matrix.svg
Matrix saved as results/86/corrupt1000/r010.3_r100.7/corrupted.svg
[iter 0] λ=0.5000 → flips=3
[iter 1] λ=0.7500 → flips=42
[iter 2] λ=0.8750 → flips=339
[iter 3] λ=0.9375 → flips=4535
[iter 4] λ=0.9062 → flips=4535
[iter 5] λ=0.8906 → flips=1631
[iter 6] λ=0.8828 → flips=919
[iter 7] λ=0.8867 → flips=1214
[iter 8] λ=0.8848 → flips=1199
[iter 9] λ=0.8838 → flips=995
[iter 10] λ=0.8843 → flips=995
[iter 11] λ=0.8845 → flips=1199
[iter 12] λ=0.8844 → flips=995
[iter 13] λ=0.8845 → flips=1199
[iter 14] λ=0.8844 → flips=995
[iter 15] λ=0.8844 → flips=995
[iter 16] λ=0.8845 → flips=1199
[iter 17] λ=0.8844 → flips=1199
[iter 18] λ=0.8844 → flips=995
[iter 19] λ=0.8844 → flips=1199

Best λ=0.8838 → flips=995, correct=386/1000
Number of flips performed: 995
Matrix saved as results/86/corrupt1000/r010.3_r100.7/flipped_matrix.svg
Metrics: {'precision': 0.3879396984924623, 'recall': 0.386, 'f1': 0.3869674185463659, 'TP': 386, 'FP': 609, 'FN': 614}
[Elbow detection] flip ≈ 370, λ ≈ 0.8775510204081632
Number of flips performed (elbow): 370
Matrix saved as results/86/corrupt1000/r010.3_r100.7/flipped_matrix_elbow.svg
Elbow Metrics: {'precision': 0.6891891891891891, 'recall': 0.255, 'f1': 0.3722627737226277, 'TP': 255, 'FP': 115, 'FN': 745}
