[iter 0] λ=0.5000 → flips=1172
[iter 1] λ=0.2500 → flips=0
[iter 2] λ=0.3750 → flips=316
[iter 3] λ=0.4375 → flips=863
[iter 4] λ=0.4688 → flips=1018
[iter 5] λ=0.4531 → flips=962
[iter 6] λ=0.4609 → flips=996
[iter 7] λ=0.4648 → flips=1006
[iter 8] λ=0.4629 → flips=997
[iter 9] λ=0.4639 → flips=1001
[iter 10] λ=0.4634 → flips=997
[iter 11] λ=0.4636 → flips=998
[iter 12] λ=0.4637 → flips=997
[iter 13] λ=0.4638 → flips=997
[iter 14] λ=0.4638 → flips=1001
[iter 15] λ=0.4638 → flips=1001
[iter 16] λ=0.4638 → flips=997
[iter 17] λ=0.4638 → flips=1001
[iter 18] λ=0.4638 → flips=997
[iter 19] λ=0.4638 → flips=997

Best λ=0.4639 → flips=1001, correct=765/1000
Number of flips performed: 1001
Metrics: {'precision': 0.7642357642357642, 'recall': 0.765, 'f1': 0.7646176911544228, 'TP': 765, 'FP': 236, 'FN': 235}
[Elbow detection] flip ≈ 2513, λ ≈ 0.673469387755102
Number of flips performed (elbow): 2513
Elbow Metrics: {'precision': 0.3832073219259849, 'recall': 0.963, 'f1': 0.5482493595217762, 'TP': 963, 'FP': 1550, 'FN': 37}
