[iter 0] λ=0.5000 → flips=1101
[iter 1] λ=0.2500 → flips=0
[iter 2] λ=0.3750 → flips=171
[iter 3] λ=0.4375 → flips=716
[iter 4] λ=0.4688 → flips=878
[iter 5] λ=0.4844 → flips=991
[iter 6] λ=0.4922 → flips=1044
[iter 7] λ=0.4883 → flips=1022
[iter 8] λ=0.4863 → flips=1011
[iter 9] λ=0.4854 → flips=1002
[iter 10] λ=0.4849 → flips=997
[iter 11] λ=0.4851 → flips=999
[iter 12] λ=0.4852 → flips=999
[iter 13] λ=0.4853 → flips=999
[iter 14] λ=0.4853 → flips=1000

Best λ=0.4853 → flips=1000, correct=681/1000
Number of flips performed: 1000
Metrics: {'precision': 0.681, 'recall': 0.681, 'f1': 0.681, 'TP': 681, 'FP': 319, 'FN': 319}
[Elbow detection] flip ≈ 2416, λ ≈ 0.7346938775510203
Number of flips performed (elbow): 2416
Elbow Metrics: {'precision': 0.39362582781456956, 'recall': 0.951, 'f1': 0.5567915690866511, 'TP': 951, 'FP': 1465, 'FN': 49}
