[iter 0] λ=0.5000 → flips=374
[iter 1] λ=0.7500 → flips=1761
[iter 2] λ=0.8750 → flips=5610
[iter 3] λ=0.8125 → flips=2996
[iter 4] λ=0.7812 → flips=2329
[iter 5] λ=0.7656 → flips=1989
[iter 6] λ=0.7734 → flips=2156
[iter 7] λ=0.7695 → flips=2025
[iter 8] λ=0.7676 → flips=2006
[iter 9] λ=0.7666 → flips=1989
[iter 10] λ=0.7671 → flips=2004
[iter 11] λ=0.7668 → flips=2004
[iter 12] λ=0.7667 → flips=1995
[iter 13] λ=0.7668 → flips=1995
[iter 14] λ=0.7668 → flips=1995
[iter 15] λ=0.7668 → flips=1995
[iter 16] λ=0.7668 → flips=2004
[iter 17] λ=0.7668 → flips=1995
[iter 18] λ=0.7668 → flips=2004
[iter 19] λ=0.7668 → flips=2004

Best λ=0.7671 → flips=2004, correct=1399/2000
Number of flips performed: 2004
Metrics: {'precision': 0.6981037924151696, 'recall': 0.6995, 'f1': 0.6988011988011988, 'TP': 1399, 'FP': 605, 'FN': 601}
[Elbow detection] flip ≈ 5224, λ ≈ 0.8571428571428571
Number of flips performed (elbow): 5224
Elbow Metrics: {'precision': 0.3413093415007657, 'recall': 0.8915, 'f1': 0.4936323366555924, 'TP': 1783, 'FP': 3441, 'FN': 217}
