Matrix saved as results/130/corrupt500/r010.6_r100.6/original_matrix.svg
Matrix saved as results/130/corrupt500/r010.6_r100.6/corrupted.svg
[iter 0] λ=0.5000 → flips=207
[iter 1] λ=0.7500 → flips=2260
[iter 2] λ=0.6250 → flips=533
[iter 3] λ=0.5625 → flips=293
[iter 4] λ=0.5938 → flips=391
[iter 5] λ=0.6094 → flips=446
[iter 6] λ=0.6172 → flips=473
[iter 7] λ=0.6211 → flips=523
[iter 8] λ=0.6191 → flips=475
[iter 9] λ=0.6201 → flips=486
[iter 10] λ=0.6206 → flips=500

Best λ=0.6206 → flips=500, correct=311/500
Number of flips performed: 500
Matrix saved as results/130/corrupt500/r010.6_r100.6/flipped_matrix.svg
Metrics: {'precision': 0.622, 'recall': 0.622, 'f1': 0.622, 'TP': 311, 'FP': 189, 'FN': 189}
[Elbow detection] flip ≈ 963, λ ≈ 0.673469387755102
Number of flips performed (elbow): 963
Matrix saved as results/130/corrupt500/r010.6_r100.6/flipped_matrix_elbow.svg
Elbow Metrics: {'precision': 0.4402907580477674, 'recall': 0.848, 'f1': 0.5796308954203692, 'TP': 424, 'FP': 539, 'FN': 76}
