[iter 0] λ=0.5000 → flips=1308
[iter 1] λ=0.2500 → flips=0
[iter 2] λ=0.3750 → flips=699
[iter 3] λ=0.4375 → flips=1158
[iter 4] λ=0.4062 → flips=1085
[iter 5] λ=0.3906 → flips=963
[iter 6] λ=0.3984 → flips=1046
[iter 7] λ=0.3945 → flips=1018
[iter 8] λ=0.3926 → flips=997
[iter 9] λ=0.3936 → flips=1010
[iter 10] λ=0.3931 → flips=1002
[iter 11] λ=0.3928 → flips=998
[iter 12] λ=0.3929 → flips=998
[iter 13] λ=0.3930 → flips=999
[iter 14] λ=0.3930 → flips=1001
[iter 15] λ=0.3930 → flips=1000

Best λ=0.3930 → flips=1000, correct=793/1000
Number of flips performed: 1000
Metrics: {'precision': 0.793, 'recall': 0.793, 'f1': 0.793, 'TP': 793, 'FP': 207, 'FN': 207}
[Elbow detection] flip ≈ 1429, λ ≈ 0.5918367346938775
Number of flips performed (elbow): 1429
Elbow Metrics: {'precision': 0.6920923722883136, 'recall': 0.989, 'f1': 0.8143268834911486, 'TP': 989, 'FP': 440, 'FN': 11}
