Matrix saved as results/97/corrupt1000/r010.6_r100.6/original_matrix.svg
Matrix saved as results/97/corrupt1000/r010.6_r100.6/corrupted.svg
[iter 0] λ=0.5000 → flips=49
[iter 1] λ=0.7500 → flips=1049
[iter 2] λ=0.6250 → flips=205
[iter 3] λ=0.6875 → flips=381
[iter 4] λ=0.7188 → flips=488
[iter 5] λ=0.7344 → flips=789
[iter 6] λ=0.7422 → flips=941
[iter 7] λ=0.7461 → flips=987
[iter 8] λ=0.7480 → flips=1028
[iter 9] λ=0.7471 → flips=1025
[iter 10] λ=0.7466 → flips=1025
[iter 11] λ=0.7463 → flips=987
[iter 12] λ=0.7465 → flips=987
[iter 13] λ=0.7465 → flips=1025
[iter 14] λ=0.7465 → flips=1025
[iter 15] λ=0.7465 → flips=987
[iter 16] λ=0.7465 → flips=992
[iter 17] λ=0.7465 → flips=992
[iter 18] λ=0.7465 → flips=1025
[iter 19] λ=0.7465 → flips=992

Best λ=0.7465 → flips=992, correct=563/1000
Number of flips performed: 992
Matrix saved as results/97/corrupt1000/r010.6_r100.6/flipped_matrix.svg
Metrics: {'precision': 0.5675403225806451, 'recall': 0.563, 'f1': 0.5652610441767066, 'TP': 563, 'FP': 429, 'FN': 437}
[Elbow detection] flip ≈ 1350, λ ≈ 0.7551020408163265
Number of flips performed (elbow): 1350
Matrix saved as results/97/corrupt1000/r010.6_r100.6/flipped_matrix_elbow.svg
Elbow Metrics: {'precision': 0.5051851851851852, 'recall': 0.682, 'f1': 0.5804255319148937, 'TP': 682, 'FP': 668, 'FN': 318}
