[iter 0] λ=0.5000 → flips=1723
[iter 1] λ=0.7500 → flips=4289
[iter 2] λ=0.6250 → flips=2345
[iter 3] λ=0.5625 → flips=2070
[iter 4] λ=0.5312 → flips=1937
[iter 5] λ=0.5469 → flips=2030
[iter 6] λ=0.5391 → flips=1972
[iter 7] λ=0.5430 → flips=2001
[iter 8] λ=0.5410 → flips=1981
[iter 9] λ=0.5420 → flips=1984
[iter 10] λ=0.5425 → flips=1996
[iter 11] λ=0.5427 → flips=2031
[iter 12] λ=0.5426 → flips=1996
[iter 13] λ=0.5427 → flips=1997
[iter 14] λ=0.5427 → flips=1996
[iter 15] λ=0.5427 → flips=1996
[iter 16] λ=0.5427 → flips=1996
[iter 17] λ=0.5427 → flips=1996
[iter 18] λ=0.5427 → flips=1996
[iter 19] λ=0.5427 → flips=1996

Best λ=0.5430 → flips=2001, correct=1529/2000
Number of flips performed: 2001
Metrics: {'precision': 0.7641179410294853, 'recall': 0.7645, 'f1': 0.7643089227693077, 'TP': 1529, 'FP': 472, 'FN': 471}
[Elbow detection] flip ≈ 4305, λ ≈ 0.7551020408163265
Number of flips performed (elbow): 4305
Elbow Metrics: {'precision': 0.4392566782810685, 'recall': 0.9455, 'f1': 0.5998413957176844, 'TP': 1891, 'FP': 2414, 'FN': 109}
