Matrix saved as results/163/corrupt500/r010.5_r100.3/original_matrix.svg
Matrix saved as results/163/corrupt500/r010.5_r100.3/corrupted.svg
[iter 0] λ=0.5000 → flips=383
[iter 1] λ=0.7500 → flips=1261
[iter 2] λ=0.6250 → flips=944
[iter 3] λ=0.5625 → flips=598
[iter 4] λ=0.5312 → flips=472
[iter 5] λ=0.5469 → flips=524
[iter 6] λ=0.5391 → flips=507
[iter 7] λ=0.5352 → flips=505
[iter 8] λ=0.5332 → flips=489
[iter 9] λ=0.5342 → flips=505
[iter 10] λ=0.5337 → flips=489
[iter 11] λ=0.5339 → flips=490
[iter 12] λ=0.5341 → flips=505
[iter 13] λ=0.5340 → flips=505
[iter 14] λ=0.5340 → flips=490
[iter 15] λ=0.5340 → flips=490
[iter 16] λ=0.5340 → flips=490
[iter 17] λ=0.5340 → flips=490
[iter 18] λ=0.5340 → flips=490
[iter 19] λ=0.5340 → flips=490

Best λ=0.5352 → flips=505, correct=345/500
Number of flips performed: 505
Matrix saved as results/163/corrupt500/r010.5_r100.3/flipped_matrix.svg
Metrics: {'precision': 0.6831683168316832, 'recall': 0.69, 'f1': 0.6865671641791044, 'TP': 345, 'FP': 160, 'FN': 155}
[Elbow detection] flip ≈ 878, λ ≈ 0.6122448979591836
Number of flips performed (elbow): 878
Matrix saved as results/163/corrupt500/r010.5_r100.3/flipped_matrix_elbow.svg
Elbow Metrics: {'precision': 0.5079726651480638, 'recall': 0.892, 'f1': 0.6473149492017417, 'TP': 446, 'FP': 432, 'FN': 54}
