[iter 0] λ=0.5000 → flips=3612
[iter 1] λ=0.7500 → flips=7328
[iter 2] λ=0.6250 → flips=5339
[iter 3] λ=0.5625 → flips=4780
[iter 4] λ=0.5938 → flips=5121
[iter 5] λ=0.5781 → flips=4970
[iter 6] λ=0.5859 → flips=5050
[iter 7] λ=0.5820 → flips=5039
[iter 8] λ=0.5801 → flips=4975
[iter 9] λ=0.5811 → flips=4981
[iter 10] λ=0.5815 → flips=4994
[iter 11] λ=0.5818 → flips=5020
[iter 12] λ=0.5817 → flips=4994
[iter 13] λ=0.5817 → flips=4994
[iter 14] λ=0.5818 → flips=4994
[iter 15] λ=0.5818 → flips=4994
[iter 16] λ=0.5818 → flips=4994
[iter 17] λ=0.5818 → flips=4994
[iter 18] λ=0.5818 → flips=4994
[iter 19] λ=0.5818 → flips=4994

Best λ=0.5815 → flips=4994, correct=4426/5000
Number of flips performed: 4994
Metrics: {'precision': 0.8862635162194633, 'recall': 0.8852, 'f1': 0.885731438863318, 'TP': 4426, 'FP': 568, 'FN': 574}
[Elbow detection] flip ≈ 4924, λ ≈ 0.5714285714285714
Number of flips performed (elbow): 4924
Elbow Metrics: {'precision': 0.8885052802599512, 'recall': 0.875, 'f1': 0.8817009270455461, 'TP': 4375, 'FP': 549, 'FN': 625}
