Matrix saved as results/20/corrupt500/r010.3_r100.6/original_matrix.svg
Matrix saved as results/20/corrupt500/r010.3_r100.6/corrupted.svg
[iter 0] λ=0.5000 → flips=20
[iter 1] λ=0.7500 → flips=201
[iter 2] λ=0.8750 → flips=3914
[iter 3] λ=0.8125 → flips=371
[iter 4] λ=0.8438 → flips=742
[iter 5] λ=0.8281 → flips=424
[iter 6] λ=0.8359 → flips=579
[iter 7] λ=0.8320 → flips=569
[iter 8] λ=0.8301 → flips=569
[iter 9] λ=0.8291 → flips=424
[iter 10] λ=0.8296 → flips=569
[iter 11] λ=0.8293 → flips=569
[iter 12] λ=0.8292 → flips=424
[iter 13] λ=0.8293 → flips=424
[iter 14] λ=0.8293 → flips=433
[iter 15] λ=0.8293 → flips=433
[iter 16] λ=0.8293 → flips=569
[iter 17] λ=0.8293 → flips=433
[iter 18] λ=0.8293 → flips=569
[iter 19] λ=0.8293 → flips=569

Best λ=0.8293 → flips=433, correct=183/500
Number of flips performed: 433
Matrix saved as results/20/corrupt500/r010.3_r100.6/flipped_matrix.svg
Metrics: {'precision': 0.4226327944572748, 'recall': 0.366, 'f1': 0.3922829581993569, 'TP': 183, 'FP': 250, 'FN': 317}
[Elbow detection] flip ≈ 380, λ ≈ 0.8163265306122448
Number of flips performed (elbow): 380
Matrix saved as results/20/corrupt500/r010.3_r100.6/flipped_matrix_elbow.svg
Elbow Metrics: {'precision': 0.4473684210526316, 'recall': 0.34, 'f1': 0.38636363636363635, 'TP': 170, 'FP': 210, 'FN': 330}
