Matrix saved as results/42/corrupt800/r010.4_r100.4/original_matrix.svg
Matrix saved as results/42/corrupt800/r010.4_r100.4/corrupted.svg
[iter 0] λ=0.5000 → flips=78
[iter 1] λ=0.7500 → flips=755
[iter 2] λ=0.8750 → flips=3733
[iter 3] λ=0.8125 → flips=1720
[iter 4] λ=0.7812 → flips=1074
[iter 5] λ=0.7656 → flips=850
[iter 6] λ=0.7578 → flips=842
[iter 7] λ=0.7539 → flips=787
[iter 8] λ=0.7559 → flips=787
[iter 9] λ=0.7568 → flips=837
[iter 10] λ=0.7563 → flips=787
[iter 11] λ=0.7566 → flips=837
[iter 12] λ=0.7565 → flips=787
[iter 13] λ=0.7565 → flips=787
[iter 14] λ=0.7566 → flips=787
[iter 15] λ=0.7566 → flips=787
[iter 16] λ=0.7566 → flips=837
[iter 17] λ=0.7566 → flips=787
[iter 18] λ=0.7566 → flips=787
[iter 19] λ=0.7566 → flips=837

Best λ=0.7539 → flips=787, correct=486/800
Number of flips performed: 787
Matrix saved as results/42/corrupt800/r010.4_r100.4/flipped_matrix.svg
Metrics: {'precision': 0.6175349428208387, 'recall': 0.6075, 'f1': 0.612476370510397, 'TP': 486, 'FP': 301, 'FN': 314}
[Elbow detection] flip ≈ 1359, λ ≈ 0.7959183673469387
Number of flips performed (elbow): 1359
Matrix saved as results/42/corrupt800/r010.4_r100.4/flipped_matrix_elbow.svg
Elbow Metrics: {'precision': 0.45253863134657835, 'recall': 0.76875, 'f1': 0.5697081982399258, 'TP': 615, 'FP': 744, 'FN': 185}
