Matrix saved as results/141/corrupt1000/r010.3_r100.5/original_matrix.svg
Matrix saved as results/141/corrupt1000/r010.3_r100.5/corrupted.svg
[iter 0] λ=0.5000 → flips=3
[iter 1] λ=0.7500 → flips=126
[iter 2] λ=0.8750 → flips=1534
[iter 3] λ=0.8125 → flips=283
[iter 4] λ=0.8438 → flips=474
[iter 5] λ=0.8594 → flips=715
[iter 6] λ=0.8672 → flips=797
[iter 7] λ=0.8711 → flips=845
[iter 8] λ=0.8730 → flips=1534
[iter 9] λ=0.8721 → flips=849
[iter 10] λ=0.8726 → flips=1534
[iter 11] λ=0.8723 → flips=849
[iter 12] λ=0.8724 → flips=1534
[iter 13] λ=0.8724 → flips=1534
[iter 14] λ=0.8723 → flips=1534
[iter 15] λ=0.8723 → flips=1534
[iter 16] λ=0.8723 → flips=849
[iter 17] λ=0.8723 → flips=849
[iter 18] λ=0.8723 → flips=849
[iter 19] λ=0.8723 → flips=849

Best λ=0.8721 → flips=849, correct=478/1000
Number of flips performed: 849
Matrix saved as results/141/corrupt1000/r010.3_r100.5/flipped_matrix.svg
Metrics: {'precision': 0.5630153121319199, 'recall': 0.478, 'f1': 0.5170362358031367, 'TP': 478, 'FP': 371, 'FN': 522}
[Elbow detection] flip ≈ 1534, λ ≈ 0.8775510204081632
Number of flips performed (elbow): 1534
Matrix saved as results/141/corrupt1000/r010.3_r100.5/flipped_matrix_elbow.svg
Elbow Metrics: {'precision': 0.3852672750977836, 'recall': 0.591, 'f1': 0.4664561957379637, 'TP': 591, 'FP': 943, 'FN': 409}
