Matrix saved as results/152/corrupt800/r010.4_r100.7/original_matrix.svg
Matrix saved as results/152/corrupt800/r010.4_r100.7/corrupted.svg
[iter 0] λ=0.5000 → flips=2
[iter 1] λ=0.7500 → flips=18
[iter 2] λ=0.8750 → flips=70
[iter 3] λ=0.9375 → flips=4032
[iter 4] λ=0.9062 → flips=147
[iter 5] λ=0.9219 → flips=152
[iter 6] λ=0.9297 → flips=152
[iter 7] λ=0.9336 → flips=152
[iter 8] λ=0.9355 → flips=152
[iter 9] λ=0.9365 → flips=4032
[iter 10] λ=0.9360 → flips=3318
[iter 11] λ=0.9358 → flips=152
[iter 12] λ=0.9359 → flips=3318
[iter 13] λ=0.9359 → flips=152
[iter 14] λ=0.9359 → flips=3318
[iter 15] λ=0.9359 → flips=152
[iter 16] λ=0.9359 → flips=3318
[iter 17] λ=0.9359 → flips=152
[iter 18] λ=0.9359 → flips=3318
[iter 19] λ=0.9359 → flips=3318

Best λ=0.9219 → flips=152, correct=116/800
Number of flips performed: 152
Matrix saved as results/152/corrupt800/r010.4_r100.7/flipped_matrix.svg
Metrics: {'precision': 0.7631578947368421, 'recall': 0.145, 'f1': 0.24369747899159663, 'TP': 116, 'FP': 36, 'FN': 684}
[Elbow detection] flip ≈ 4032, λ ≈ 0.9387755102040816
Number of flips performed (elbow): 4032
Matrix saved as results/152/corrupt800/r010.4_r100.7/flipped_matrix_elbow.svg
Elbow Metrics: {'precision': 0.17881944444444445, 'recall': 0.90125, 'f1': 0.2984271523178808, 'TP': 721, 'FP': 3311, 'FN': 79}
