[iter 0] λ=0.5000 → flips=1883
[iter 1] λ=0.7500 → flips=5376
[iter 2] λ=0.6250 → flips=4172
[iter 3] λ=0.6875 → flips=4810
[iter 4] λ=0.7188 → flips=5014
[iter 5] λ=0.7031 → flips=5133
[iter 6] λ=0.6953 → flips=4882
[iter 7] λ=0.6992 → flips=4920
[iter 8] λ=0.7012 → flips=4928
[iter 9] λ=0.7021 → flips=4928
[iter 10] λ=0.7026 → flips=4928
[iter 11] λ=0.7029 → flips=4936
[iter 12] λ=0.7030 → flips=4936
[iter 13] λ=0.7031 → flips=4936
[iter 14] λ=0.7031 → flips=4936
[iter 15] λ=0.7031 → flips=4936
[iter 16] λ=0.7031 → flips=4936
[iter 17] λ=0.7031 → flips=4936
[iter 18] λ=0.7031 → flips=4936
[iter 19] λ=0.7031 → flips=4936

Best λ=0.7188 → flips=5014, correct=4290/5000
Number of flips performed: 5014
Metrics: {'precision': 0.8556043079377742, 'recall': 0.858, 'f1': 0.8568004793289395, 'TP': 4290, 'FP': 724, 'FN': 710}
[Elbow detection] flip ≈ 4295, λ ≈ 0.6326530612244897
Number of flips performed (elbow): 4295
Elbow Metrics: {'precision': 0.8784633294528521, 'recall': 0.7546, 'f1': 0.8118343195266272, 'TP': 3773, 'FP': 522, 'FN': 1227}
