[iter 0] λ=0.5000 → flips=495
[iter 1] λ=0.7500 → flips=1433
[iter 2] λ=0.6250 → flips=768
[iter 3] λ=0.5625 → flips=646
[iter 4] λ=0.5312 → flips=583
[iter 5] λ=0.5156 → flips=544
[iter 6] λ=0.5078 → flips=524
[iter 7] λ=0.5039 → flips=518
[iter 8] λ=0.5020 → flips=516
[iter 9] λ=0.5010 → flips=506
[iter 10] λ=0.5005 → flips=497
[iter 11] λ=0.5007 → flips=506
[iter 12] λ=0.5006 → flips=497
[iter 13] λ=0.5007 → flips=506
[iter 14] λ=0.5006 → flips=506
[iter 15] λ=0.5006 → flips=497
[iter 16] λ=0.5006 → flips=497
[iter 17] λ=0.5006 → flips=497
[iter 18] λ=0.5006 → flips=506
[iter 19] λ=0.5006 → flips=506

Best λ=0.5005 → flips=497, correct=327/500
Number of flips performed: 497
Metrics: {'precision': 0.6579476861167002, 'recall': 0.654, 'f1': 0.6559679037111333, 'TP': 327, 'FP': 170, 'FN': 173}
[Elbow detection] flip ≈ 1926, λ ≈ 0.9183673469387754
Number of flips performed (elbow): 1926
Elbow Metrics: {'precision': 0.24350986500519212, 'recall': 0.938, 'f1': 0.3866446826051113, 'TP': 469, 'FP': 1457, 'FN': 31}
