Matrix saved as results/97/corrupt1000/r010.3_r100.5/original_matrix.svg
Matrix saved as results/97/corrupt1000/r010.3_r100.5/corrupted.svg
[iter 0] λ=0.5000 → flips=0
[iter 1] λ=0.7500 → flips=89
[iter 2] λ=0.8750 → flips=2685
[iter 3] λ=0.8125 → flips=362
[iter 4] λ=0.8438 → flips=615
[iter 5] λ=0.8594 → flips=749
[iter 6] λ=0.8672 → flips=2010
[iter 7] λ=0.8633 → flips=1412
[iter 8] λ=0.8613 → flips=756
[iter 9] λ=0.8623 → flips=1412
[iter 10] λ=0.8618 → flips=1412
[iter 11] λ=0.8616 → flips=756
[iter 12] λ=0.8617 → flips=770
[iter 13] λ=0.8618 → flips=770
[iter 14] λ=0.8618 → flips=1412
[iter 15] λ=0.8618 → flips=770
[iter 16] λ=0.8618 → flips=1412
[iter 17] λ=0.8618 → flips=770
[iter 18] λ=0.8618 → flips=1412
[iter 19] λ=0.8618 → flips=770

Best λ=0.8617 → flips=770, correct=374/1000
Number of flips performed: 770
Matrix saved as results/97/corrupt1000/r010.3_r100.5/flipped_matrix.svg
Metrics: {'precision': 0.4857142857142857, 'recall': 0.374, 'f1': 0.4225988700564972, 'TP': 374, 'FP': 396, 'FN': 626}
[Elbow detection] flip ≈ 615, λ ≈ 0.836734693877551
Number of flips performed (elbow): 615
Matrix saved as results/97/corrupt1000/r010.3_r100.5/flipped_matrix_elbow.svg
Elbow Metrics: {'precision': 0.46178861788617886, 'recall': 0.284, 'f1': 0.35170278637770896, 'TP': 284, 'FP': 331, 'FN': 716}
