Matrix saved as results/75/corrupt10/r010.4_r100.5/original_matrix.png
Matrix saved as results/75/corrupt10/r010.4_r100.5/corrupted.png
[iter 0] λ=0.5000 → flips=45
[iter 1] λ=0.2500 → flips=0
[iter 2] λ=0.3750 → flips=27
[iter 3] λ=0.3125 → flips=0
[iter 4] λ=0.3438 → flips=0
[iter 5] λ=0.3594 → flips=0
[iter 6] λ=0.3672 → flips=15
[iter 7] λ=0.3633 → flips=6
[iter 8] λ=0.3652 → flips=11
[iter 9] λ=0.3643 → flips=8
[iter 10] λ=0.3647 → flips=11
[iter 11] λ=0.3645 → flips=10

Best λ=0.3645 → flips=10, correct=2/10
Number of flips performed: 10
Cell (Vanessa_dimorphica,Plantaginaceae): 0 -> 1
Cell (Vanessa_virginiensis,Rhamnaceae): 0 -> 1
Cell (Vanessa_atalanta,Boraginaceae): 0 -> 1
Cell (Vanessa_tameamea,Plantaginaceae): 0 -> 1
Cell (Aglais_urticae,Plantaginaceae): 0 -> 1
Cell (Nymphalis_polychloros,Rhamnaceae): 0 -> 1
Cell (Nymphalis_antiopa,Boraginaceae): 0 -> 1
Cell (Polygonia_c_aureum,Urticaceae): 0 -> 1
Cell (Polygonia_satyrus,Boraginaceae): 0 -> 1
Cell (Polygonia_interrogationis,Boraginaceae): 0 -> 1
Matrix saved as results/75/corrupt10/r010.4_r100.5/flipped_matrix.png
Metrics: {'precision': 0.2, 'recall': 0.2, 'f1': 0.20000000000000004, 'TP': 2, 'FP': 8, 'FN': 8}
[Elbow detection] flip ≈ 33, λ ≈ 0.3877551020408163
Number of flips performed (elbow): 33
Cell (Hypanartia_bella,Potamogetonaceae): 0 -> 1
Cell (Hypanartia_bella,Salicaceae): 0 -> 1
Cell (Hypanartia_bella,Grossulariaceae): 0 -> 1
Cell (Vanessa_itea,Aristolochiaceae): 0 -> 1
Cell (Vanessa_hippomene,Asteraceae): 0 -> 1
Cell (Vanessa_dimorphica,Ericaceae): 0 -> 1
Cell (Vanessa_dimorphica,Plantaginaceae): 0 -> 1
Cell (Vanessa_cardui,Siparunaceae): 0 -> 1
Cell (Vanessa_virginiensis,Rhamnaceae): 0 -> 1
Cell (Vanessa_virginiensis,Asteraceae): 0 -> 1
Cell (Vanessa_abyssinica,Asteraceae): 0 -> 1
Cell (Vanessa_abyssinica,Boraginaceae): 0 -> 1
Cell (Vanessa_atalanta,Boraginaceae): 0 -> 1
Cell (Vanessa_tameamea,Plantaginaceae): 0 -> 1
Cell (Vanessa_indica,Potamogetonaceae): 0 -> 1
Cell (Antanartia_delius,Asteraceae): 0 -> 1
Cell (Aglais_milberti,Ericaceae): 0 -> 1
Cell (Aglais_urticae,Plantaginaceae): 0 -> 1
Cell (Kaniska_canace,Nymphaeaceae): 0 -> 1
Cell (Kaniska_canace,Typhaceae): 0 -> 1
Cell (Nymphalis_polychloros,Rhamnaceae): 0 -> 1
Cell (Nymphalis_polychloros,Betulaceae): 0 -> 1
Cell (Nymphalis_polychloros,Ericaceae): 0 -> 1
Cell (Nymphalis_antiopa,Aristolochiaceae): 0 -> 1
Cell (Nymphalis_antiopa,Boraginaceae): 0 -> 1
Cell (Polygonia_c_aureum,Urticaceae): 0 -> 1
Cell (Polygonia_egea,Betulaceae): 0 -> 1
Cell (Polygonia_faunus,Smilacaceae): 0 -> 1
Cell (Polygonia_satyrus,Boraginaceae): 0 -> 1
Cell (Polygonia_interrogationis,Ericaceae): 0 -> 1
Cell (Polygonia_interrogationis,Boraginaceae): 0 -> 1
Cell (Polygonia_progne,Typhaceae): 0 -> 1
Cell (Polygonia_zephyrus,Ericaceae): 0 -> 1
Matrix saved as results/75/corrupt10/r010.4_r100.5/flipped_matrix_elbow.png
Elbow Metrics: {'precision': 0.24242424242424243, 'recall': 0.8, 'f1': 0.372093023255814, 'TP': 8, 'FP': 25, 'FN': 2}
