[iter 0] λ=0.5000 → flips=712
[iter 1] λ=0.7500 → flips=1989
[iter 2] λ=0.6250 → flips=1100
[iter 3] λ=0.5625 → flips=946
[iter 4] λ=0.5938 → flips=1018
[iter 5] λ=0.5781 → flips=976
[iter 6] λ=0.5859 → flips=993
[iter 7] λ=0.5898 → flips=1013
[iter 8] λ=0.5879 → flips=1006
[iter 9] λ=0.5869 → flips=999
[iter 10] λ=0.5874 → flips=1001
[iter 11] λ=0.5872 → flips=1001
[iter 12] λ=0.5870 → flips=999
[iter 13] λ=0.5871 → flips=1001
[iter 14] λ=0.5871 → flips=1012
[iter 15] λ=0.5871 → flips=1004
[iter 16] λ=0.5870 → flips=1004
[iter 17] λ=0.5870 → flips=1000

Best λ=0.5870 → flips=1000, correct=727/1000
Number of flips performed: 1000
Metrics: {'precision': 0.727, 'recall': 0.727, 'f1': 0.7269999999999999, 'TP': 727, 'FP': 273, 'FN': 273}
[Elbow detection] flip ≈ 5898, λ ≈ 0.8163265306122448
Number of flips performed (elbow): 5898
Elbow Metrics: {'precision': 0.15801966768396067, 'recall': 0.932, 'f1': 0.2702232531168455, 'TP': 932, 'FP': 4966, 'FN': 68}
