[iter 0] λ=0.5000 → flips=0
[iter 1] λ=0.7500 → flips=12
[iter 2] λ=0.8750 → flips=26
[iter 3] λ=0.9375 → flips=58
[iter 4] λ=0.9688 → flips=21419
[iter 5] λ=0.9531 → flips=58
[iter 6] λ=0.9609 → flips=21419
[iter 7] λ=0.9570 → flips=58
[iter 8] λ=0.9590 → flips=58
[iter 9] λ=0.9600 → flips=5041
[iter 10] λ=0.9604 → flips=5041
[iter 11] λ=0.9607 → flips=5041
[iter 12] λ=0.9608 → flips=21419
[iter 13] λ=0.9608 → flips=5041
[iter 14] λ=0.9608 → flips=5041
[iter 15] λ=0.9608 → flips=5041
[iter 16] λ=0.9608 → flips=5041
[iter 17] λ=0.9608 → flips=5041
[iter 18] λ=0.9608 → flips=5041
[iter 19] λ=0.9608 → flips=5041

Best λ=0.9600 → flips=5041, correct=4103/10000
Number of flips performed: 5041
Metrics: {'precision': 0.8139258083713549, 'recall': 0.4103, 'f1': 0.5455754271657469, 'TP': 4103, 'FP': 938, 'FN': 5897}
[Elbow detection] flip ≈ 10, λ ≈ 0.7346938775510203
Number of flips performed (elbow): 10
Elbow Metrics: {'precision': 1.0, 'recall': 0.001, 'f1': 0.0019980019980019984, 'TP': 10, 'FP': 0, 'FN': 9990}
