Matrix saved as ml_parsimony_matrices/seed86_ratio1.1609.png
Matrix saved as results/86/corrupt10/r010.5_r100.3/original_matrix.png
Matrix saved as results/86/corrupt10/r010.5_r100.3/corrupted.png
[iter 0] λ=0.5000 → flips=18
[iter 1] λ=0.2500 → flips=0
[iter 2] λ=0.3750 → flips=10

Best λ=0.3750 → flips=10, correct=3/10
Number of flips performed: 10
Cell (Nymphalis_polychloros,Urticaceae): 0 -> 1
Cell (Nymphalis_californica,Amborellaceae): 0 -> 1
Cell (Nymphalis_xanthomelas,Betulaceae): 0 -> 1
Cell (Nymphalis_antiopa,Salicaceae): 0 -> 1
Cell (Polygonia_oreas,Asteraceae): 0 -> 1
Cell (Polygonia_progne,Salicaceae): 0 -> 1
Cell (Polygonia_zephyrus,Nymphaeaceae): 0 -> 1
Cell (Polygonia_zephyrus,Typhaceae): 0 -> 1
Cell (Polygonia_zephyrus,Rosaceae): 0 -> 1
Cell (Polygonia_zephyrus,Malvaceae): 0 -> 1
Matrix saved as results/86/corrupt10/r010.5_r100.3/flipped_matrix.png
Metrics: {'precision': 0.3, 'recall': 0.3, 'f1': 0.3, 'TP': 3, 'FP': 7, 'FN': 7}
[Elbow detection] λ ≈ 0.369 (cutoff=0.358)
Elbow Metrics: {'precision': 0.3, 'recall': 0.3, 'f1': 0.3, 'TP': 3, 'FP': 7, 'FN': 7}
