[iter 0] λ=0.5000 → flips=301
[iter 1] λ=0.7500 → flips=925
[iter 2] λ=0.8750 → flips=1861
[iter 3] λ=0.8125 → flips=1204
[iter 4] λ=0.7812 → flips=957
[iter 5] λ=0.7969 → flips=1131
[iter 6] λ=0.7891 → flips=1061
[iter 7] λ=0.7852 → flips=1055
[iter 8] λ=0.7832 → flips=960
[iter 9] λ=0.7842 → flips=990
[iter 10] λ=0.7847 → flips=990
[iter 11] λ=0.7849 → flips=995
[iter 12] λ=0.7850 → flips=1055
[iter 13] λ=0.7850 → flips=995
[iter 14] λ=0.7850 → flips=1055
[iter 15] λ=0.7850 → flips=1055
[iter 16] λ=0.7850 → flips=1055
[iter 17] λ=0.7850 → flips=995
[iter 18] λ=0.7850 → flips=1055
[iter 19] λ=0.7850 → flips=995

Best λ=0.7849 → flips=995, correct=814/1000
Number of flips performed: 995
Metrics: {'precision': 0.8180904522613065, 'recall': 0.814, 'f1': 0.8160401002506266, 'TP': 814, 'FP': 181, 'FN': 186}
[Elbow detection] flip ≈ 1861, λ ≈ 0.8775510204081632
Number of flips performed (elbow): 1861
Elbow Metrics: {'precision': 0.4873723804406233, 'recall': 0.907, 'f1': 0.6340440405452639, 'TP': 907, 'FP': 954, 'FN': 93}
