Matrix saved as results/86/corrupt800/r010.5_r100.4/original_matrix.svg
Matrix saved as results/86/corrupt800/r010.5_r100.4/corrupted.svg
[iter 0] λ=0.5000 → flips=189
[iter 1] λ=0.7500 → flips=1407
[iter 2] λ=0.6250 → flips=648
[iter 3] λ=0.6875 → flips=945
[iter 4] λ=0.6562 → flips=761
[iter 5] λ=0.6719 → flips=869
[iter 6] λ=0.6641 → flips=828
[iter 7] λ=0.6602 → flips=795
[iter 8] λ=0.6621 → flips=811
[iter 9] λ=0.6611 → flips=803
[iter 10] λ=0.6606 → flips=797
[iter 11] λ=0.6609 → flips=799
[iter 12] λ=0.6610 → flips=803
[iter 13] λ=0.6609 → flips=801
[iter 14] λ=0.6609 → flips=799
[iter 15] λ=0.6609 → flips=801
[iter 16] λ=0.6609 → flips=801
[iter 17] λ=0.6609 → flips=799
[iter 18] λ=0.6609 → flips=801
[iter 19] λ=0.6609 → flips=799

Best λ=0.6609 → flips=799, correct=574/800
Number of flips performed: 799
Matrix saved as results/86/corrupt800/r010.5_r100.4/flipped_matrix.svg
Metrics: {'precision': 0.718397997496871, 'recall': 0.7175, 'f1': 0.7179487179487178, 'TP': 574, 'FP': 225, 'FN': 226}
[Elbow detection] flip ≈ 1060, λ ≈ 0.6938775510204082
Number of flips performed (elbow): 1060
Matrix saved as results/86/corrupt800/r010.5_r100.4/flipped_matrix_elbow.svg
Elbow Metrics: {'precision': 0.6226415094339622, 'recall': 0.825, 'f1': 0.7096774193548386, 'TP': 660, 'FP': 400, 'FN': 140}
