Matrix saved as results/130/corrupt800/r010.7_r100.3/original_matrix.svg
Matrix saved as results/130/corrupt800/r010.7_r100.3/corrupted.svg
[iter 0] λ=0.5000 → flips=459
[iter 1] λ=0.7500 → flips=1949
[iter 2] λ=0.6250 → flips=1108
[iter 3] λ=0.5625 → flips=834
[iter 4] λ=0.5312 → flips=557
[iter 5] λ=0.5469 → flips=668
[iter 6] λ=0.5547 → flips=813
[iter 7] λ=0.5508 → flips=801
[iter 8] λ=0.5488 → flips=695
[iter 9] λ=0.5498 → flips=799
[iter 10] λ=0.5503 → flips=799
[iter 11] λ=0.5505 → flips=799
[iter 12] λ=0.5507 → flips=801
[iter 13] λ=0.5506 → flips=799
[iter 14] λ=0.5506 → flips=801
[iter 15] λ=0.5506 → flips=801
[iter 16] λ=0.5506 → flips=801
[iter 17] λ=0.5506 → flips=801
[iter 18] λ=0.5506 → flips=801
[iter 19] λ=0.5506 → flips=799

Best λ=0.5508 → flips=801, correct=564/800
Number of flips performed: 801
Matrix saved as results/130/corrupt800/r010.7_r100.3/flipped_matrix.svg
Metrics: {'precision': 0.704119850187266, 'recall': 0.705, 'f1': 0.7045596502186134, 'TP': 564, 'FP': 237, 'FN': 236}
[Elbow detection] flip ≈ 898, λ ≈ 0.5714285714285714
Number of flips performed (elbow): 898
Matrix saved as results/130/corrupt800/r010.7_r100.3/flipped_matrix_elbow.svg
Elbow Metrics: {'precision': 0.6770601336302895, 'recall': 0.76, 'f1': 0.7161366313309776, 'TP': 608, 'FP': 290, 'FN': 192}
