[iter 0] λ=0.5000 → flips=1595
[iter 1] λ=0.7500 → flips=4089
[iter 2] λ=0.6250 → flips=2629
[iter 3] λ=0.5625 → flips=2094
[iter 4] λ=0.5312 → flips=1880
[iter 5] λ=0.5469 → flips=1952
[iter 6] λ=0.5547 → flips=2041
[iter 7] λ=0.5508 → flips=1999
[iter 8] λ=0.5527 → flips=2026
[iter 9] λ=0.5518 → flips=2010
[iter 10] λ=0.5513 → flips=2007
[iter 11] λ=0.5510 → flips=2004
[iter 12] λ=0.5509 → flips=1994
[iter 13] λ=0.5510 → flips=2004
[iter 14] λ=0.5509 → flips=1994
[iter 15] λ=0.5509 → flips=2004
[iter 16] λ=0.5509 → flips=2004
[iter 17] λ=0.5509 → flips=2004
[iter 18] λ=0.5509 → flips=1994
[iter 19] λ=0.5509 → flips=1994

Best λ=0.5508 → flips=1999, correct=1629/2000
Number of flips performed: 1999
Metrics: {'precision': 0.8149074537268635, 'recall': 0.8145, 'f1': 0.8147036759189799, 'TP': 1629, 'FP': 370, 'FN': 371}
[Elbow detection] flip ≈ 3083, λ ≈ 0.673469387755102
Number of flips performed (elbow): 3083
Elbow Metrics: {'precision': 0.6088225754135582, 'recall': 0.9385, 'f1': 0.7385402321463703, 'TP': 1877, 'FP': 1206, 'FN': 123}
