Matrix saved as results/86/corrupt800/r010.6_r100.4/original_matrix.svg
Matrix saved as results/86/corrupt800/r010.6_r100.4/corrupted.svg
[iter 0] λ=0.5000 → flips=265
[iter 1] λ=0.7500 → flips=1403
[iter 2] λ=0.6250 → flips=693
[iter 3] λ=0.6875 → flips=1043
[iter 4] λ=0.6562 → flips=848
[iter 5] λ=0.6406 → flips=734
[iter 6] λ=0.6484 → flips=767
[iter 7] λ=0.6523 → flips=788
[iter 8] λ=0.6543 → flips=804
[iter 9] λ=0.6533 → flips=788
[iter 10] λ=0.6538 → flips=803
[iter 11] λ=0.6536 → flips=802
[iter 12] λ=0.6534 → flips=788
[iter 13] λ=0.6535 → flips=802
[iter 14] λ=0.6535 → flips=788
[iter 15] λ=0.6535 → flips=802
[iter 16] λ=0.6535 → flips=788
[iter 17] λ=0.6535 → flips=788
[iter 18] λ=0.6535 → flips=788
[iter 19] λ=0.6535 → flips=802

Best λ=0.6536 → flips=802, correct=583/800
Number of flips performed: 802
Matrix saved as results/86/corrupt800/r010.6_r100.4/flipped_matrix.svg
Metrics: {'precision': 0.726932668329177, 'recall': 0.72875, 'f1': 0.727840199750312, 'TP': 583, 'FP': 219, 'FN': 217}
[Elbow detection] flip ≈ 980, λ ≈ 0.673469387755102
Number of flips performed (elbow): 980
Matrix saved as results/86/corrupt800/r010.6_r100.4/flipped_matrix_elbow.svg
Elbow Metrics: {'precision': 0.673469387755102, 'recall': 0.825, 'f1': 0.7415730337078652, 'TP': 660, 'FP': 320, 'FN': 140}
