Matrix saved as results/42/corrupt800/r010.6_r100.5/original_matrix.svg
Matrix saved as results/42/corrupt800/r010.6_r100.5/corrupted.svg
[iter 0] λ=0.5000 → flips=97
[iter 1] λ=0.7500 → flips=923
[iter 2] λ=0.6250 → flips=279
[iter 3] λ=0.6875 → flips=566
[iter 4] λ=0.7188 → flips=748
[iter 5] λ=0.7344 → flips=865
[iter 6] λ=0.7266 → flips=812
[iter 7] λ=0.7227 → flips=770
[iter 8] λ=0.7246 → flips=794
[iter 9] λ=0.7256 → flips=810
[iter 10] λ=0.7251 → flips=794
[iter 11] λ=0.7253 → flips=802
[iter 12] λ=0.7252 → flips=794
[iter 13] λ=0.7253 → flips=802
[iter 14] λ=0.7253 → flips=802
[iter 15] λ=0.7252 → flips=802
[iter 16] λ=0.7252 → flips=802
[iter 17] λ=0.7252 → flips=802
[iter 18] λ=0.7252 → flips=802
[iter 19] λ=0.7252 → flips=794

Best λ=0.7253 → flips=802, correct=513/800
Number of flips performed: 802
Matrix saved as results/42/corrupt800/r010.6_r100.5/flipped_matrix.svg
Metrics: {'precision': 0.6396508728179551, 'recall': 0.64125, 'f1': 0.6404494382022471, 'TP': 513, 'FP': 289, 'FN': 287}
[Elbow detection] flip ≈ 968, λ ≈ 0.7551020408163265
Number of flips performed (elbow): 968
Matrix saved as results/42/corrupt800/r010.6_r100.5/flipped_matrix_elbow.svg
Elbow Metrics: {'precision': 0.5785123966942148, 'recall': 0.7, 'f1': 0.6334841628959275, 'TP': 560, 'FP': 408, 'FN': 240}
