Matrix saved as ml_parsimony_matrices/seed97_ratio1.4529.png
Matrix saved as results/97/corrupt10/r010.7_r100.7/original_matrix.png
Matrix saved as results/97/corrupt10/r010.7_r100.7/corrupted.png
[iter 0] λ=0.5000 → flips=20
[iter 1] λ=0.2500 → flips=0
[iter 2] λ=0.3750 → flips=3
[iter 3] λ=0.4375 → flips=18
[iter 4] λ=0.4062 → flips=15
[iter 5] λ=0.3906 → flips=9
[iter 6] λ=0.3984 → flips=14
[iter 7] λ=0.3945 → flips=11
[iter 8] λ=0.3926 → flips=11
[iter 9] λ=0.3916 → flips=9
[iter 10] λ=0.3921 → flips=10

Best λ=0.3921 → flips=10, correct=2/10
Number of flips performed: 10
Cell (Nymphalis_l_album,Betulaceae): 0 -> 1
Cell (Nymphalis_l_album,Boraginaceae): 0 -> 1
Cell (Nymphalis_californica,Ceratophyllaceae): 0 -> 1
Cell (Nymphalis_californica,Rhamnaceae): 0 -> 1
Cell (Nymphalis_californica,Urticaceae): 0 -> 1
Cell (Nymphalis_californica,Betulaceae): 0 -> 1
Cell (Nymphalis_xanthomelas,Amborellaceae): 0 -> 1
Cell (Nymphalis_xanthomelas,Rhamnaceae): 0 -> 1
Cell (Nymphalis_xanthomelas,Ericaceae): 0 -> 1
Cell (Nymphalis_antiopa,Nymphaeaceae): 0 -> 1
Matrix saved as results/97/corrupt10/r010.7_r100.7/flipped_matrix.png
Metrics: {'precision': 0.2, 'recall': 0.2, 'f1': 0.20000000000000004, 'TP': 2, 'FP': 8, 'FN': 8}
[Elbow detection] λ ≈ 0.398 (cutoff=0.387)
Elbow Metrics: {'precision': 0.23076923076923078, 'recall': 0.3, 'f1': 0.2608695652173913, 'TP': 3, 'FP': 10, 'FN': 7}
