[iter 0] λ=0.5000 → flips=1645
[iter 1] λ=0.7500 → flips=4851
[iter 2] λ=0.6250 → flips=2509
[iter 3] λ=0.5625 → flips=2026
[iter 4] λ=0.5312 → flips=1841
[iter 5] λ=0.5469 → flips=1940
[iter 6] λ=0.5547 → flips=1977
[iter 7] λ=0.5586 → flips=2004
[iter 8] λ=0.5566 → flips=1990
[iter 9] λ=0.5576 → flips=2051
[iter 10] λ=0.5571 → flips=1991
[iter 11] λ=0.5574 → flips=1991
[iter 12] λ=0.5575 → flips=1995
[iter 13] λ=0.5576 → flips=1998
[iter 14] λ=0.5576 → flips=1998
[iter 15] λ=0.5576 → flips=1998
[iter 16] λ=0.5576 → flips=1998
[iter 17] λ=0.5576 → flips=1998
[iter 18] λ=0.5576 → flips=1998
[iter 19] λ=0.5576 → flips=1998

Best λ=0.5576 → flips=1998, correct=1590/2000
Number of flips performed: 1998
Metrics: {'precision': 0.7957957957957958, 'recall': 0.795, 'f1': 0.7953976988494247, 'TP': 1590, 'FP': 408, 'FN': 410}
[Elbow detection] flip ≈ 3492, λ ≈ 0.6938775510204082
Number of flips performed (elbow): 3492
Elbow Metrics: {'precision': 0.5392325315005727, 'recall': 0.9415, 'f1': 0.6857246904588493, 'TP': 1883, 'FP': 1609, 'FN': 117}
