Matrix saved as results/64/corrupt100/r010.4_r100.6/original_matrix.svg
Matrix saved as results/64/corrupt100/r010.4_r100.6/corrupted.svg
[iter 0] λ=0.5000 → flips=37
[iter 1] λ=0.7500 → flips=257
[iter 2] λ=0.6250 → flips=98
[iter 3] λ=0.6875 → flips=173
[iter 4] λ=0.6562 → flips=149
[iter 5] λ=0.6406 → flips=99
[iter 6] λ=0.6484 → flips=106
[iter 7] λ=0.6445 → flips=101
[iter 8] λ=0.6426 → flips=99
[iter 9] λ=0.6436 → flips=101
[iter 10] λ=0.6431 → flips=101
[iter 11] λ=0.6428 → flips=101
[iter 12] λ=0.6427 → flips=100

Best λ=0.6427 → flips=100, correct=36/100
Number of flips performed: 100
Matrix saved as results/64/corrupt100/r010.4_r100.6/flipped_matrix.svg
Metrics: {'precision': 0.36, 'recall': 0.36, 'f1': 0.36, 'TP': 36, 'FP': 64, 'FN': 64}
[Elbow detection] flip ≈ 917, λ ≈ 0.8571428571428571
Number of flips performed (elbow): 917
Matrix saved as results/64/corrupt100/r010.4_r100.6/flipped_matrix_elbow.svg
Elbow Metrics: {'precision': 0.08396946564885496, 'recall': 0.77, 'f1': 0.15142576204523106, 'TP': 77, 'FP': 840, 'FN': 23}
