[iter 0] λ=0.5000 → flips=815
[iter 1] λ=0.2500 → flips=0
[iter 2] λ=0.3750 → flips=145
[iter 3] λ=0.4375 → flips=573
[iter 4] λ=0.4062 → flips=279
[iter 5] λ=0.4219 → flips=445
[iter 6] λ=0.4297 → flips=525
[iter 7] λ=0.4258 → flips=483
[iter 8] λ=0.4277 → flips=503
[iter 9] λ=0.4268 → flips=491
[iter 10] λ=0.4272 → flips=497
[iter 11] λ=0.4275 → flips=501
[iter 12] λ=0.4274 → flips=498
[iter 13] λ=0.4274 → flips=500

Best λ=0.4274 → flips=500, correct=336/500
Number of flips performed: 500
Metrics: {'precision': 0.672, 'recall': 0.672, 'f1': 0.672, 'TP': 336, 'FP': 164, 'FN': 164}
[Elbow detection] flip ≈ 1548, λ ≈ 0.673469387755102
Number of flips performed (elbow): 1548
Elbow Metrics: {'precision': 0.313953488372093, 'recall': 0.972, 'f1': 0.474609375, 'TP': 486, 'FP': 1062, 'FN': 14}
