Matrix saved as results/108/corrupt800/r010.4_r100.6/original_matrix.svg
Matrix saved as results/108/corrupt800/r010.4_r100.6/corrupted.svg
[iter 0] λ=0.5000 → flips=36
[iter 1] λ=0.7500 → flips=545
[iter 2] λ=0.8750 → flips=3546
[iter 3] λ=0.8125 → flips=1066
[iter 4] λ=0.7812 → flips=658
[iter 5] λ=0.7969 → flips=830
[iter 6] λ=0.7891 → flips=725
[iter 7] λ=0.7930 → flips=733
[iter 8] λ=0.7949 → flips=810
[iter 9] λ=0.7939 → flips=794
[iter 10] λ=0.7944 → flips=810
[iter 11] λ=0.7942 → flips=796
[iter 12] λ=0.7943 → flips=796
[iter 13] λ=0.7944 → flips=796
[iter 14] λ=0.7944 → flips=796
[iter 15] λ=0.7944 → flips=810
[iter 16] λ=0.7944 → flips=796
[iter 17] λ=0.7944 → flips=810
[iter 18] λ=0.7944 → flips=810
[iter 19] λ=0.7944 → flips=810

Best λ=0.7942 → flips=796, correct=516/800
Number of flips performed: 796
Matrix saved as results/108/corrupt800/r010.4_r100.6/flipped_matrix.svg
Metrics: {'precision': 0.6482412060301508, 'recall': 0.645, 'f1': 0.6466165413533834, 'TP': 516, 'FP': 280, 'FN': 284}
[Elbow detection] flip ≈ 1083, λ ≈ 0.8163265306122448
Number of flips performed (elbow): 1083
Matrix saved as results/108/corrupt800/r010.4_r100.6/flipped_matrix_elbow.svg
Elbow Metrics: {'precision': 0.5355493998153278, 'recall': 0.725, 'f1': 0.6160382368560807, 'TP': 580, 'FP': 503, 'FN': 220}
