[iter 0] λ=0.5000 → flips=1784
[iter 1] λ=0.7500 → flips=4923
[iter 2] λ=0.6250 → flips=2568
[iter 3] λ=0.5625 → flips=2141
[iter 4] λ=0.5312 → flips=1995
[iter 5] λ=0.5469 → flips=2077
[iter 6] λ=0.5391 → flips=2031
[iter 7] λ=0.5352 → flips=2020
[iter 8] λ=0.5332 → flips=2016
[iter 9] λ=0.5322 → flips=1997
[iter 10] λ=0.5327 → flips=1998
[iter 11] λ=0.5330 → flips=2012
[iter 12] λ=0.5328 → flips=1998
[iter 13] λ=0.5329 → flips=2011
[iter 14] λ=0.5329 → flips=1998
[iter 15] λ=0.5329 → flips=2011
[iter 16] λ=0.5329 → flips=2011
[iter 17] λ=0.5329 → flips=2011
[iter 18] λ=0.5329 → flips=1998
[iter 19] λ=0.5329 → flips=2011

Best λ=0.5327 → flips=1998, correct=1664/2000
Number of flips performed: 1998
Metrics: {'precision': 0.8328328328328328, 'recall': 0.832, 'f1': 0.832416208104052, 'TP': 1664, 'FP': 334, 'FN': 336}
[Elbow detection] flip ≈ 3022, λ ≈ 0.6530612244897959
Number of flips performed (elbow): 3022
Elbow Metrics: {'precision': 0.6267372600926538, 'recall': 0.947, 'f1': 0.7542811628833135, 'TP': 1894, 'FP': 1128, 'FN': 106}
