[iter 0] λ=0.5000 → flips=10
[iter 1] λ=0.7500 → flips=230
[iter 2] λ=0.8750 → flips=4156
[iter 3] λ=0.9375 → flips=20109
[iter 4] λ=0.9062 → flips=14352
[iter 5] λ=0.8906 → flips=11703
[iter 6] λ=0.8828 → flips=10248
[iter 7] λ=0.8789 → flips=10123
[iter 8] λ=0.8770 → flips=10240
[iter 9] λ=0.8760 → flips=4156
[iter 10] λ=0.8765 → flips=4156
[iter 11] λ=0.8767 → flips=4161
[iter 12] λ=0.8768 → flips=10123
[iter 13] λ=0.8768 → flips=10123
[iter 14] λ=0.8767 → flips=10184
[iter 15] λ=0.8767 → flips=4156
[iter 16] λ=0.8767 → flips=4156
[iter 17] λ=0.8767 → flips=4156
[iter 18] λ=0.8767 → flips=4156
[iter 19] λ=0.8767 → flips=4273

Best λ=0.8789 → flips=10123, correct=7011/10000
Number of flips performed: 10123
Metrics: {'precision': 0.6925812506174059, 'recall': 0.7011, 'f1': 0.6968145902698405, 'TP': 7011, 'FP': 3112, 'FN': 2989}
[Elbow detection] flip ≈ 13740, λ ≈ 0.8979591836734693
Number of flips performed (elbow): 13740
Elbow Metrics: {'precision': 0.602037845705968, 'recall': 0.8272, 'f1': 0.696882898062342, 'TP': 8272, 'FP': 5468, 'FN': 1728}
