[iter 0] λ=0.5000 → flips=1018
[iter 1] λ=0.2500 → flips=0
[iter 2] λ=0.3750 → flips=198
[iter 3] λ=0.4375 → flips=695
[iter 4] λ=0.4688 → flips=901
[iter 5] λ=0.4844 → flips=959
[iter 6] λ=0.4922 → flips=981
[iter 7] λ=0.4961 → flips=993
[iter 8] λ=0.4980 → flips=1002
[iter 9] λ=0.4971 → flips=996
[iter 10] λ=0.4976 → flips=999
[iter 11] λ=0.4978 → flips=999
[iter 12] λ=0.4979 → flips=1002
[iter 13] λ=0.4979 → flips=999
[iter 14] λ=0.4979 → flips=999
[iter 15] λ=0.4979 → flips=1000

Best λ=0.4979 → flips=1000, correct=777/1000
Number of flips performed: 1000
Metrics: {'precision': 0.777, 'recall': 0.777, 'f1': 0.777, 'TP': 777, 'FP': 223, 'FN': 223}
[Elbow detection] flip ≈ 2786, λ ≈ 0.7142857142857142
Number of flips performed (elbow): 2786
Elbow Metrics: {'precision': 0.3449389806173726, 'recall': 0.961, 'f1': 0.5076597992604333, 'TP': 961, 'FP': 1825, 'FN': 39}
