Matrix saved as results/75/corrupt800/r010.7_r100.3/original_matrix.svg
Matrix saved as results/75/corrupt800/r010.7_r100.3/corrupted.svg
[iter 0] λ=0.5000 → flips=281
[iter 1] λ=0.7500 → flips=2269
[iter 2] λ=0.6250 → flips=910
[iter 3] λ=0.5625 → flips=480
[iter 4] λ=0.5938 → flips=689
[iter 5] λ=0.6094 → flips=828
[iter 6] λ=0.6016 → flips=725
[iter 7] λ=0.6055 → flips=787
[iter 8] λ=0.6074 → flips=826
[iter 9] λ=0.6064 → flips=818
[iter 10] λ=0.6060 → flips=788
[iter 11] λ=0.6062 → flips=790
[iter 12] λ=0.6063 → flips=806
[iter 13] λ=0.6063 → flips=806
[iter 14] λ=0.6062 → flips=804
[iter 15] λ=0.6062 → flips=804
[iter 16] λ=0.6062 → flips=804
[iter 17] λ=0.6062 → flips=790
[iter 18] λ=0.6062 → flips=790
[iter 19] λ=0.6062 → flips=790

Best λ=0.6062 → flips=804, correct=562/800
Number of flips performed: 804
Matrix saved as results/75/corrupt800/r010.7_r100.3/flipped_matrix.svg
Metrics: {'precision': 0.6990049751243781, 'recall': 0.7025, 'f1': 0.7007481296758103, 'TP': 562, 'FP': 242, 'FN': 238}
[Elbow detection] flip ≈ 1000, λ ≈ 0.6326530612244897
Number of flips performed (elbow): 1000
Matrix saved as results/75/corrupt800/r010.7_r100.3/flipped_matrix_elbow.svg
Elbow Metrics: {'precision': 0.629, 'recall': 0.78625, 'f1': 0.6988888888888889, 'TP': 629, 'FP': 371, 'FN': 171}
