Matrix saved as results/75/corrupt500/r010.6_r100.4/original_matrix.svg
Matrix saved as results/75/corrupt500/r010.6_r100.4/corrupted.svg
[iter 0] λ=0.5000 → flips=160
[iter 1] λ=0.7500 → flips=1730
[iter 2] λ=0.6250 → flips=503
[iter 3] λ=0.5625 → flips=272
[iter 4] λ=0.5938 → flips=344
[iter 5] λ=0.6094 → flips=379
[iter 6] λ=0.6172 → flips=457
[iter 7] λ=0.6211 → flips=499
[iter 8] λ=0.6230 → flips=499
[iter 9] λ=0.6240 → flips=501
[iter 10] λ=0.6235 → flips=499
[iter 11] λ=0.6238 → flips=501
[iter 12] λ=0.6237 → flips=499
[iter 13] λ=0.6237 → flips=501
[iter 14] λ=0.6237 → flips=501
[iter 15] λ=0.6237 → flips=499
[iter 16] λ=0.6237 → flips=501
[iter 17] λ=0.6237 → flips=499
[iter 18] λ=0.6237 → flips=499
[iter 19] λ=0.6237 → flips=499

Best λ=0.6211 → flips=499, correct=301/500
Number of flips performed: 499
Matrix saved as results/75/corrupt500/r010.6_r100.4/flipped_matrix.svg
Metrics: {'precision': 0.6032064128256514, 'recall': 0.602, 'f1': 0.6026026026026026, 'TP': 301, 'FP': 198, 'FN': 199}
[Elbow detection] flip ≈ 854, λ ≈ 0.673469387755102
Number of flips performed (elbow): 854
Matrix saved as results/75/corrupt500/r010.6_r100.4/flipped_matrix_elbow.svg
Elbow Metrics: {'precision': 0.446135831381733, 'recall': 0.762, 'f1': 0.5627769571639587, 'TP': 381, 'FP': 473, 'FN': 119}
