Matrix saved as results/42/corrupt50/r010.7_r100.6/original_matrix.png
Matrix saved as results/42/corrupt50/r010.7_r100.6/corrupted.png
[iter 0] λ=0.5000 → flips=72
[iter 1] λ=0.2500 → flips=0
[iter 2] λ=0.3750 → flips=10
[iter 3] λ=0.4375 → flips=56
[iter 4] λ=0.4062 → flips=52
[iter 5] λ=0.3906 → flips=44
[iter 6] λ=0.3984 → flips=50

Best λ=0.3984 → flips=50, correct=32/50
Number of flips performed: 50
Cell (Kaniska_canace,Typhaceae): 0 -> 1
Cell (Nymphalis_l_album,Amborellaceae): 0 -> 1
Cell (Nymphalis_l_album,Schisandraceae): 0 -> 1
Cell (Nymphalis_l_album,Chloranthaceae): 0 -> 1
Cell (Nymphalis_l_album,Ceratophyllaceae): 0 -> 1
Cell (Nymphalis_l_album,Rosaceae): 0 -> 1
Cell (Nymphalis_polychloros,Nymphaeaceae): 0 -> 1
Cell (Nymphalis_polychloros,Acoraceae): 0 -> 1
Cell (Nymphalis_polychloros,Fabaceae): 0 -> 1
Cell (Nymphalis_polychloros,Asteraceae): 0 -> 1
Cell (Nymphalis_californica,Acoraceae): 0 -> 1
Cell (Nymphalis_californica,Salicaceae): 0 -> 1
Cell (Nymphalis_californica,Malvaceae): 0 -> 1
Cell (Nymphalis_californica,Grossulariaceae): 0 -> 1
Cell (Nymphalis_californica,Ericaceae): 0 -> 1
Cell (Nymphalis_xanthomelas,Siparunaceae): 0 -> 1
Cell (Nymphalis_xanthomelas,Potamogetonaceae): 0 -> 1
Cell (Nymphalis_xanthomelas,Ceratophyllaceae): 0 -> 1
Cell (Nymphalis_xanthomelas,Malvaceae): 0 -> 1
Cell (Nymphalis_xanthomelas,Asteraceae): 0 -> 1
Cell (Nymphalis_antiopa,Amborellaceae): 0 -> 1
Cell (Nymphalis_antiopa,Aristolochiaceae): 0 -> 1
Cell (Nymphalis_antiopa,Typhaceae): 0 -> 1
Cell (Nymphalis_antiopa,Boraginaceae): 0 -> 1
Cell (Polygonia_c_aureum,Siparunaceae): 0 -> 1
Cell (Polygonia_c_aureum,Acoraceae): 0 -> 1
Cell (Polygonia_c_aureum,Salicaceae): 0 -> 1
Cell (Polygonia_egea,Aristolochiaceae): 0 -> 1
Cell (Polygonia_egea,Typhaceae): 0 -> 1
Cell (Polygonia_egea,Betulaceae): 0 -> 1
Cell (Polygonia_faunus,Rosaceae): 0 -> 1
Cell (Polygonia_faunus,Ulmaceae): 0 -> 1
Cell (Polygonia_c_album,Schisandraceae): 0 -> 1
Cell (Polygonia_satyrus,Typhaceae): 0 -> 1
Cell (Polygonia_satyrus,Plantaginaceae): 0 -> 1
Cell (Polygonia_interrogationis,Fabaceae): 0 -> 1
Cell (Polygonia_comma,Potamogetonaceae): 0 -> 1
Cell (Polygonia_comma,Acoraceae): 0 -> 1
Cell (Polygonia_oreas,Schisandraceae): 0 -> 1
Cell (Polygonia_oreas,Chloranthaceae): 0 -> 1
Cell (Polygonia_oreas,Potamogetonaceae): 0 -> 1
Cell (Polygonia_oreas,Asteraceae): 0 -> 1
Cell (Polygonia_oreas,Boraginaceae): 0 -> 1
Cell (Polygonia_progne,Acoraceae): 0 -> 1
Cell (Polygonia_progne,Fabaceae): 0 -> 1
Cell (Polygonia_progne,Cannabaceae): 0 -> 1
Cell (Polygonia_progne,Malvaceae): 0 -> 1
Cell (Polygonia_zephyrus,Chloranthaceae): 0 -> 1
Cell (Polygonia_zephyrus,Rosaceae): 0 -> 1
Cell (Polygonia_zephyrus,Urticaceae): 0 -> 1
Matrix saved as results/42/corrupt50/r010.7_r100.6/flipped_matrix.png
Metrics: {'precision': 0.64, 'recall': 0.64, 'f1': 0.64, 'TP': 32, 'FP': 18, 'FN': 18}
[Elbow detection] flip ≈ 78, λ ≈ 0.8163265306122448
Number of flips performed (elbow): 78
Cell (Aglais_io,Chloranthaceae): 0 -> 1
Cell (Kaniska_canace,Typhaceae): 0 -> 1
Cell (Kaniska_canace,Ulmaceae): 0 -> 1
Cell (Kaniska_canace,Grossulariaceae): 0 -> 1
Cell (Kaniska_canace,Plantaginaceae): 0 -> 1
Cell (Kaniska_canace,Boraginaceae): 0 -> 1
Cell (Nymphalis_l_album,Amborellaceae): 0 -> 1
Cell (Nymphalis_l_album,Schisandraceae): 0 -> 1
Cell (Nymphalis_l_album,Chloranthaceae): 0 -> 1
Cell (Nymphalis_l_album,Ceratophyllaceae): 0 -> 1
Cell (Nymphalis_l_album,Rosaceae): 0 -> 1
Cell (Nymphalis_l_album,Plantaginaceae): 0 -> 1
Cell (Nymphalis_polychloros,Nymphaeaceae): 0 -> 1
Cell (Nymphalis_polychloros,Acoraceae): 0 -> 1
Cell (Nymphalis_polychloros,Fabaceae): 0 -> 1
Cell (Nymphalis_polychloros,Cannabaceae): 0 -> 1
Cell (Nymphalis_polychloros,Urticaceae): 0 -> 1
Cell (Nymphalis_polychloros,Asteraceae): 0 -> 1
Cell (Nymphalis_californica,Acoraceae): 0 -> 1
Cell (Nymphalis_californica,Salicaceae): 0 -> 1
Cell (Nymphalis_californica,Malvaceae): 0 -> 1
Cell (Nymphalis_californica,Grossulariaceae): 0 -> 1
Cell (Nymphalis_californica,Ericaceae): 0 -> 1
Cell (Nymphalis_californica,Plantaginaceae): 0 -> 1
Cell (Nymphalis_xanthomelas,Siparunaceae): 0 -> 1
Cell (Nymphalis_xanthomelas,Potamogetonaceae): 0 -> 1
Cell (Nymphalis_xanthomelas,Ceratophyllaceae): 0 -> 1
Cell (Nymphalis_xanthomelas,Rosaceae): 0 -> 1
Cell (Nymphalis_xanthomelas,Malvaceae): 0 -> 1
Cell (Nymphalis_xanthomelas,Asteraceae): 0 -> 1
Cell (Nymphalis_xanthomelas,Plantaginaceae): 0 -> 1
Cell (Nymphalis_antiopa,Amborellaceae): 0 -> 1
Cell (Nymphalis_antiopa,Aristolochiaceae): 0 -> 1
Cell (Nymphalis_antiopa,Typhaceae): 0 -> 1
Cell (Nymphalis_antiopa,Rosaceae): 0 -> 1
Cell (Nymphalis_antiopa,Boraginaceae): 0 -> 1
Cell (Polygonia_c_aureum,Siparunaceae): 0 -> 1
Cell (Polygonia_c_aureum,Acoraceae): 0 -> 1
Cell (Polygonia_c_aureum,Ulmaceae): 0 -> 1
Cell (Polygonia_c_aureum,Urticaceae): 0 -> 1
Cell (Polygonia_c_aureum,Salicaceae): 0 -> 1
Cell (Polygonia_c_aureum,Grossulariaceae): 0 -> 1
Cell (Polygonia_c_aureum,Plantaginaceae): 0 -> 1
Cell (Polygonia_c_aureum,Boraginaceae): 0 -> 1
Cell (Polygonia_egea,Aristolochiaceae): 0 -> 1
Cell (Polygonia_egea,Typhaceae): 0 -> 1
Cell (Polygonia_egea,Urticaceae): 0 -> 1
Cell (Polygonia_egea,Betulaceae): 0 -> 1
Cell (Polygonia_faunus,Rosaceae): 0 -> 1
Cell (Polygonia_faunus,Ulmaceae): 0 -> 1
Cell (Polygonia_c_album,Schisandraceae): 0 -> 1
Cell (Polygonia_satyrus,Typhaceae): 0 -> 1
Cell (Polygonia_satyrus,Plantaginaceae): 0 -> 1
Cell (Polygonia_interrogationis,Siparunaceae): 0 -> 1
Cell (Polygonia_interrogationis,Fabaceae): 0 -> 1
Cell (Polygonia_comma,Amborellaceae): 0 -> 1
Cell (Polygonia_comma,Nymphaeaceae): 0 -> 1
Cell (Polygonia_comma,Siparunaceae): 0 -> 1
Cell (Polygonia_comma,Potamogetonaceae): 0 -> 1
Cell (Polygonia_comma,Acoraceae): 0 -> 1
Cell (Polygonia_oreas,Schisandraceae): 0 -> 1
Cell (Polygonia_oreas,Chloranthaceae): 0 -> 1
Cell (Polygonia_oreas,Potamogetonaceae): 0 -> 1
Cell (Polygonia_oreas,Asteraceae): 0 -> 1
Cell (Polygonia_oreas,Boraginaceae): 0 -> 1
Cell (Polygonia_progne,Acoraceae): 0 -> 1
Cell (Polygonia_progne,Fabaceae): 0 -> 1
Cell (Polygonia_progne,Cannabaceae): 0 -> 1
Cell (Polygonia_progne,Malvaceae): 0 -> 1
Cell (Polygonia_zephyrus,Chloranthaceae): 0 -> 1
Cell (Polygonia_zephyrus,Smilacaceae): 0 -> 1
Cell (Polygonia_zephyrus,Rosaceae): 0 -> 1
Cell (Polygonia_zephyrus,Urticaceae): 0 -> 1
Cell (Polygonia_zephyrus,Salicaceae): 0 -> 1
Cell (Polygonia_zephyrus,Grossulariaceae): 0 -> 1
Cell (Polygonia_gracilis,Smilacaceae): 0 -> 1
Cell (Polygonia_gracilis,Salicaceae): 0 -> 1
Cell (Polygonia_gracilis,Grossulariaceae): 0 -> 1
Matrix saved as results/42/corrupt50/r010.7_r100.6/flipped_matrix_elbow.png
Elbow Metrics: {'precision': 0.5769230769230769, 'recall': 0.9, 'f1': 0.7031249999999999, 'TP': 45, 'FP': 33, 'FN': 5}
