[iter 0] λ=0.5000 → flips=1266
[iter 1] λ=0.7500 → flips=11309
[iter 2] λ=0.6250 → flips=9483
[iter 3] λ=0.6875 → flips=10160
[iter 4] λ=0.6562 → flips=9866
[iter 5] λ=0.6719 → flips=10041
[iter 6] λ=0.6641 → flips=9980
[iter 7] λ=0.6680 → flips=10026
[iter 8] λ=0.6660 → flips=9995
[iter 9] λ=0.6670 → flips=10014
[iter 10] λ=0.6665 → flips=9995
[iter 11] λ=0.6667 → flips=10014
[iter 12] λ=0.6666 → flips=9995
[iter 13] λ=0.6667 → flips=10005
[iter 14] λ=0.6667 → flips=10005
[iter 15] λ=0.6666 → flips=10005
[iter 16] λ=0.6666 → flips=9995
[iter 17] λ=0.6666 → flips=10005
[iter 18] λ=0.6666 → flips=10005
[iter 19] λ=0.6666 → flips=10005

Best λ=0.6660 → flips=9995, correct=9454/10000
Number of flips performed: 9995
Metrics: {'precision': 0.9458729364682341, 'recall': 0.9454, 'f1': 0.9456364091022755, 'TP': 9454, 'FP': 541, 'FN': 546}
[Elbow detection] flip ≈ 9259, λ ≈ 0.6122448979591836
Number of flips performed (elbow): 9259
Elbow Metrics: {'precision': 0.9553947510530295, 'recall': 0.8846, 'f1': 0.9186354431694274, 'TP': 8846, 'FP': 413, 'FN': 1154}
