Matrix saved as results/163/corrupt800/r010.3_r100.5/original_matrix.svg
Matrix saved as results/163/corrupt800/r010.3_r100.5/corrupted.svg
[iter 0] λ=0.5000 → flips=64
[iter 1] λ=0.7500 → flips=807
[iter 2] λ=0.6250 → flips=199
[iter 3] λ=0.6875 → flips=450
[iter 4] λ=0.7188 → flips=602
[iter 5] λ=0.7344 → flips=740
[iter 6] λ=0.7422 → flips=781
[iter 7] λ=0.7461 → flips=801
[iter 8] λ=0.7441 → flips=799
[iter 9] λ=0.7451 → flips=800

Best λ=0.7451 → flips=800, correct=492/800
Number of flips performed: 800
Matrix saved as results/163/corrupt800/r010.3_r100.5/flipped_matrix.svg
Metrics: {'precision': 0.615, 'recall': 0.615, 'f1': 0.615, 'TP': 492, 'FP': 308, 'FN': 308}
[Elbow detection] flip ≈ 1219, λ ≈ 0.7755102040816326
Number of flips performed (elbow): 1219
Matrix saved as results/163/corrupt800/r010.3_r100.5/flipped_matrix_elbow.svg
Elbow Metrics: {'precision': 0.47333880229696473, 'recall': 0.72125, 'f1': 0.571570084200099, 'TP': 577, 'FP': 642, 'FN': 223}
