[iter 0] λ=0.5000 → flips=2081
[iter 1] λ=0.2500 → flips=0
[iter 2] λ=0.3750 → flips=636
[iter 3] λ=0.4375 → flips=1601
[iter 4] λ=0.4688 → flips=1852
[iter 5] λ=0.4844 → flips=1932
[iter 6] λ=0.4922 → flips=1991
[iter 7] λ=0.4961 → flips=2036
[iter 8] λ=0.4941 → flips=2012
[iter 9] λ=0.4932 → flips=2001
[iter 10] λ=0.4927 → flips=1998
[iter 11] λ=0.4929 → flips=1998
[iter 12] λ=0.4930 → flips=1998
[iter 13] λ=0.4931 → flips=1998
[iter 14] λ=0.4931 → flips=2001
[iter 15] λ=0.4931 → flips=2001
[iter 16] λ=0.4931 → flips=1998
[iter 17] λ=0.4931 → flips=1998
[iter 18] λ=0.4931 → flips=2001
[iter 19] λ=0.4931 → flips=2001

Best λ=0.4932 → flips=2001, correct=1667/2000
Number of flips performed: 2001
Metrics: {'precision': 0.8330834582708646, 'recall': 0.8335, 'f1': 0.8332916770807299, 'TP': 1667, 'FP': 334, 'FN': 333}
[Elbow detection] flip ≈ 2971, λ ≈ 0.6326530612244897
Number of flips performed (elbow): 2971
Elbow Metrics: {'precision': 0.6418714237630427, 'recall': 0.9535, 'f1': 0.7672500502916918, 'TP': 1907, 'FP': 1064, 'FN': 93}
