Matrix saved as results/53/corrupt1000/r010.6_r100.4/original_matrix.svg
Matrix saved as results/53/corrupt1000/r010.6_r100.4/corrupted.svg
[iter 0] λ=0.5000 → flips=317
[iter 1] λ=0.7500 → flips=1567
[iter 2] λ=0.6250 → flips=810
[iter 3] λ=0.6875 → flips=1107
[iter 4] λ=0.6562 → flips=980
[iter 5] λ=0.6719 → flips=1065
[iter 6] λ=0.6641 → flips=1035
[iter 7] λ=0.6602 → flips=1024
[iter 8] λ=0.6582 → flips=994
[iter 9] λ=0.6592 → flips=1020
[iter 10] λ=0.6587 → flips=1008
[iter 11] λ=0.6584 → flips=994
[iter 12] λ=0.6586 → flips=996
[iter 13] λ=0.6586 → flips=1002
[iter 14] λ=0.6586 → flips=996
[iter 15] λ=0.6586 → flips=998
[iter 16] λ=0.6586 → flips=998
[iter 17] λ=0.6586 → flips=998
[iter 18] λ=0.6586 → flips=998
[iter 19] λ=0.6586 → flips=1002

Best λ=0.6586 → flips=1002, correct=719/1000
Number of flips performed: 1002
Matrix saved as results/53/corrupt1000/r010.6_r100.4/flipped_matrix.svg
Metrics: {'precision': 0.717564870259481, 'recall': 0.719, 'f1': 0.7182817182817182, 'TP': 719, 'FP': 283, 'FN': 281}
[Elbow detection] flip ≈ 1065, λ ≈ 0.673469387755102
Number of flips performed (elbow): 1065
Matrix saved as results/53/corrupt1000/r010.6_r100.4/flipped_matrix_elbow.svg
Elbow Metrics: {'precision': 0.7107981220657277, 'recall': 0.757, 'f1': 0.7331719128329297, 'TP': 757, 'FP': 308, 'FN': 243}
