Matrix saved as results/braga/9/b4_c0.1/original_matrix.png
Matrix saved as results/braga/9/b4_c0.1/corrupted.png
[iter 0] λ=0.5000 → flips=35
[iter 1] λ=0.7500 → flips=385
[iter 2] λ=0.6250 → flips=363
[iter 3] λ=0.5625 → flips=66
[iter 4] λ=0.5938 → flips=177
[iter 5] λ=0.5781 → flips=66
[iter 6] λ=0.5859 → flips=66
[iter 7] λ=0.5898 → flips=143
[iter 8] λ=0.5879 → flips=98
[iter 9] λ=0.5869 → flips=66
[iter 10] λ=0.5874 → flips=66
[iter 11] λ=0.5876 → flips=98
[iter 12] λ=0.5875 → flips=98
[iter 13] λ=0.5875 → flips=66
[iter 14] λ=0.5875 → flips=66
[iter 15] λ=0.5875 → flips=98
[iter 16] λ=0.5875 → flips=98
[iter 17] λ=0.5875 → flips=98
[iter 18] λ=0.5875 → flips=66
[iter 19] λ=0.5875 → flips=66

Best λ=0.5879 → flips=98, correct=64/94
Number of flips performed: 98
Cell (Hypanartia_lethe,Potamogetonaceae): 0 -> 1
Cell (Hypanartia_lethe,Betulaceae): 0 -> 1
Cell (Hypanartia_bella,Nymphaeaceae): 0 -> 1
Cell (Hypanartia_bella,Ulmaceae): 0 -> 1
Cell (Hypanartia_bella,Betulaceae): 0 -> 1
Cell (Hypanartia_bella,Malvaceae): 0 -> 1
Cell (Vanessa_itea,Nymphaeaceae): 0 -> 1
Cell (Vanessa_itea,Ulmaceae): 0 -> 1
Cell (Vanessa_itea,Urticaceae): 0 -> 1
Cell (Vanessa_itea,Betulaceae): 0 -> 1
Cell (Vanessa_itea,Asteraceae): 0 -> 1
Cell (Vanessa_annabella,Amborellaceae): 0 -> 1
Cell (Vanessa_annabella,Aristolochiaceae): 0 -> 1
Cell (Vanessa_annabella,Fabaceae): 0 -> 1
Cell (Vanessa_annabella,Rosaceae): 0 -> 1
Cell (Vanessa_annabella,Rhamnaceae): 0 -> 1
Cell (Vanessa_annabella,Ulmaceae): 0 -> 1
Cell (Vanessa_annabella,Cannabaceae): 0 -> 1
Cell (Vanessa_annabella,Betulaceae): 0 -> 1
Cell (Vanessa_hippomene,Aristolochiaceae): 0 -> 1
Cell (Vanessa_kershawi,Nymphaeaceae): 0 -> 1
Cell (Vanessa_kershawi,Chloranthaceae): 0 -> 1
Cell (Vanessa_kershawi,Betulaceae): 0 -> 1
Cell (Vanessa_cardui,Chloranthaceae): 0 -> 1
Cell (Vanessa_cardui,Betulaceae): 0 -> 1
Cell (Vanessa_cardui,Plantaginaceae): 0 -> 1
Cell (Vanessa_virginiensis,Chloranthaceae): 0 -> 1
Cell (Vanessa_virginiensis,Ulmaceae): 0 -> 1
Cell (Vanessa_virginiensis,Cannabaceae): 0 -> 1
Cell (Vanessa_virginiensis,Betulaceae): 0 -> 1
Cell (Vanessa_abyssinica,Betulaceae): 0 -> 1
Cell (Vanessa_atalanta,Rosaceae): 0 -> 1
Cell (Vanessa_atalanta,Betulaceae): 0 -> 1
Cell (Vanessa_tameamea,Ulmaceae): 0 -> 1
Cell (Vanessa_tameamea,Betulaceae): 0 -> 1
Cell (Vanessa_indica,Ulmaceae): 0 -> 1
Cell (Vanessa_indica,Betulaceae): 0 -> 1
Cell (Antanartia_delius,Siparunaceae): 0 -> 1
Cell (Antanartia_delius,Aristolochiaceae): 0 -> 1
Cell (Antanartia_delius,Typhaceae): 0 -> 1
Cell (Antanartia_delius,Betulaceae): 0 -> 1
Cell (Antanartia_delius,Asteraceae): 0 -> 1
Cell (Aglais_io,Chloranthaceae): 0 -> 1
Cell (Aglais_io,Rhamnaceae): 0 -> 1
Cell (Aglais_io,Ulmaceae): 0 -> 1
Cell (Aglais_io,Betulaceae): 0 -> 1
Cell (Aglais_milberti,Betulaceae): 0 -> 1
Cell (Aglais_urticae,Ulmaceae): 0 -> 1
Cell (Aglais_urticae,Betulaceae): 0 -> 1
Cell (Kaniska_canace,Potamogetonaceae): 0 -> 1
Cell (Kaniska_canace,Ulmaceae): 0 -> 1
Cell (Kaniska_canace,Betulaceae): 0 -> 1
Cell (Kaniska_canace,Malvaceae): 0 -> 1
Cell (Nymphalis_l_album,Nymphaeaceae): 0 -> 1
Cell (Nymphalis_l_album,Betulaceae): 0 -> 1
Cell (Nymphalis_l_album,Malvaceae): 0 -> 1
Cell (Nymphalis_polychloros,Nymphaeaceae): 0 -> 1
Cell (Nymphalis_polychloros,Ceratophyllaceae): 0 -> 1
Cell (Nymphalis_polychloros,Ulmaceae): 0 -> 1
Cell (Nymphalis_polychloros,Betulaceae): 0 -> 1
Cell (Nymphalis_californica,Betulaceae): 0 -> 1
Cell (Nymphalis_xanthomelas,Ulmaceae): 0 -> 1
Cell (Nymphalis_xanthomelas,Cannabaceae): 0 -> 1
Cell (Nymphalis_xanthomelas,Betulaceae): 0 -> 1
Cell (Nymphalis_antiopa,Typhaceae): 0 -> 1
Cell (Nymphalis_antiopa,Ulmaceae): 0 -> 1
Cell (Nymphalis_antiopa,Betulaceae): 0 -> 1
Cell (Polygonia_c_aureum,Nymphaeaceae): 0 -> 1
Cell (Polygonia_c_aureum,Betulaceae): 0 -> 1
Cell (Polygonia_egea,Siparunaceae): 0 -> 1
Cell (Polygonia_egea,Rosaceae): 0 -> 1
Cell (Polygonia_egea,Ulmaceae): 0 -> 1
Cell (Polygonia_egea,Urticaceae): 0 -> 1
Cell (Polygonia_egea,Betulaceae): 0 -> 1
Cell (Polygonia_faunus,Ulmaceae): 0 -> 1
Cell (Polygonia_faunus,Betulaceae): 0 -> 1
Cell (Polygonia_c_album,Nymphaeaceae): 0 -> 1
Cell (Polygonia_c_album,Ulmaceae): 0 -> 1
Cell (Polygonia_c_album,Betulaceae): 0 -> 1
Cell (Polygonia_satyrus,Ulmaceae): 0 -> 1
Cell (Polygonia_satyrus,Betulaceae): 0 -> 1
Cell (Polygonia_interrogationis,Ulmaceae): 0 -> 1
Cell (Polygonia_interrogationis,Betulaceae): 0 -> 1
Cell (Polygonia_comma,Rhamnaceae): 0 -> 1
Cell (Polygonia_comma,Ulmaceae): 0 -> 1
Cell (Polygonia_comma,Betulaceae): 0 -> 1
Cell (Polygonia_oreas,Ulmaceae): 0 -> 1
Cell (Polygonia_oreas,Urticaceae): 0 -> 1
Cell (Polygonia_oreas,Betulaceae): 0 -> 1
Cell (Polygonia_progne,Ulmaceae): 0 -> 1
Cell (Polygonia_progne,Urticaceae): 0 -> 1
Cell (Polygonia_progne,Betulaceae): 0 -> 1
Cell (Polygonia_zephyrus,Ulmaceae): 0 -> 1
Cell (Polygonia_zephyrus,Urticaceae): 0 -> 1
Cell (Polygonia_zephyrus,Betulaceae): 0 -> 1
Cell (Polygonia_gracilis,Ulmaceae): 0 -> 1
Cell (Polygonia_gracilis,Urticaceae): 0 -> 1
Cell (Polygonia_gracilis,Betulaceae): 0 -> 1
Matrix saved as results/braga/9/b4_c0.1/flipped_matrix.png
Metrics: {'precision': 0.6530612244897959, 'recall': 0.6808510638297872, 'f1': 0.6666666666666666, 'TP': 64, 'FP': 34, 'FN': 30}
[Elbow detection] flip ≈ 66, λ ≈ 0.5306122448979591
Number of flips performed (elbow): 66
Cell (Hypanartia_lethe,Potamogetonaceae): 0 -> 1
Cell (Hypanartia_bella,Nymphaeaceae): 0 -> 1
Cell (Hypanartia_bella,Ulmaceae): 0 -> 1
Cell (Hypanartia_bella,Malvaceae): 0 -> 1
Cell (Vanessa_itea,Nymphaeaceae): 0 -> 1
Cell (Vanessa_itea,Ulmaceae): 0 -> 1
Cell (Vanessa_itea,Urticaceae): 0 -> 1
Cell (Vanessa_itea,Asteraceae): 0 -> 1
Cell (Vanessa_annabella,Amborellaceae): 0 -> 1
Cell (Vanessa_annabella,Aristolochiaceae): 0 -> 1
Cell (Vanessa_annabella,Fabaceae): 0 -> 1
Cell (Vanessa_annabella,Rosaceae): 0 -> 1
Cell (Vanessa_annabella,Rhamnaceae): 0 -> 1
Cell (Vanessa_annabella,Ulmaceae): 0 -> 1
Cell (Vanessa_annabella,Cannabaceae): 0 -> 1
Cell (Vanessa_hippomene,Aristolochiaceae): 0 -> 1
Cell (Vanessa_kershawi,Nymphaeaceae): 0 -> 1
Cell (Vanessa_kershawi,Chloranthaceae): 0 -> 1
Cell (Vanessa_cardui,Chloranthaceae): 0 -> 1
Cell (Vanessa_cardui,Plantaginaceae): 0 -> 1
Cell (Vanessa_virginiensis,Chloranthaceae): 0 -> 1
Cell (Vanessa_virginiensis,Ulmaceae): 0 -> 1
Cell (Vanessa_virginiensis,Cannabaceae): 0 -> 1
Cell (Vanessa_atalanta,Rosaceae): 0 -> 1
Cell (Vanessa_tameamea,Ulmaceae): 0 -> 1
Cell (Vanessa_indica,Ulmaceae): 0 -> 1
Cell (Antanartia_delius,Siparunaceae): 0 -> 1
Cell (Antanartia_delius,Aristolochiaceae): 0 -> 1
Cell (Antanartia_delius,Typhaceae): 0 -> 1
Cell (Antanartia_delius,Asteraceae): 0 -> 1
Cell (Aglais_io,Chloranthaceae): 0 -> 1
Cell (Aglais_io,Rhamnaceae): 0 -> 1
Cell (Aglais_io,Ulmaceae): 0 -> 1
Cell (Aglais_urticae,Ulmaceae): 0 -> 1
Cell (Kaniska_canace,Potamogetonaceae): 0 -> 1
Cell (Kaniska_canace,Ulmaceae): 0 -> 1
Cell (Kaniska_canace,Malvaceae): 0 -> 1
Cell (Nymphalis_l_album,Nymphaeaceae): 0 -> 1
Cell (Nymphalis_l_album,Malvaceae): 0 -> 1
Cell (Nymphalis_polychloros,Nymphaeaceae): 0 -> 1
Cell (Nymphalis_polychloros,Ceratophyllaceae): 0 -> 1
Cell (Nymphalis_polychloros,Ulmaceae): 0 -> 1
Cell (Nymphalis_xanthomelas,Ulmaceae): 0 -> 1
Cell (Nymphalis_xanthomelas,Cannabaceae): 0 -> 1
Cell (Nymphalis_antiopa,Typhaceae): 0 -> 1
Cell (Nymphalis_antiopa,Ulmaceae): 0 -> 1
Cell (Polygonia_c_aureum,Nymphaeaceae): 0 -> 1
Cell (Polygonia_egea,Siparunaceae): 0 -> 1
Cell (Polygonia_egea,Rosaceae): 0 -> 1
Cell (Polygonia_egea,Ulmaceae): 0 -> 1
Cell (Polygonia_egea,Urticaceae): 0 -> 1
Cell (Polygonia_faunus,Ulmaceae): 0 -> 1
Cell (Polygonia_c_album,Nymphaeaceae): 0 -> 1
Cell (Polygonia_c_album,Ulmaceae): 0 -> 1
Cell (Polygonia_satyrus,Ulmaceae): 0 -> 1
Cell (Polygonia_interrogationis,Ulmaceae): 0 -> 1
Cell (Polygonia_comma,Rhamnaceae): 0 -> 1
Cell (Polygonia_comma,Ulmaceae): 0 -> 1
Cell (Polygonia_oreas,Ulmaceae): 0 -> 1
Cell (Polygonia_oreas,Urticaceae): 0 -> 1
Cell (Polygonia_progne,Ulmaceae): 0 -> 1
Cell (Polygonia_progne,Urticaceae): 0 -> 1
Cell (Polygonia_zephyrus,Ulmaceae): 0 -> 1
Cell (Polygonia_zephyrus,Urticaceae): 0 -> 1
Cell (Polygonia_gracilis,Ulmaceae): 0 -> 1
Cell (Polygonia_gracilis,Urticaceae): 0 -> 1
Matrix saved as results/braga/9/b4_c0.1/flipped_matrix_elbow.png
Elbow Metrics: {'precision': 0.9696969696969697, 'recall': 0.6808510638297872, 'f1': 0.7999999999999999, 'TP': 64, 'FP': 2, 'FN': 30}
