[iter 0] λ=0.5000 → flips=436
[iter 1] λ=0.7500 → flips=1170
[iter 2] λ=0.6250 → flips=736
[iter 3] λ=0.6875 → flips=919
[iter 4] λ=0.7188 → flips=985
[iter 5] λ=0.7344 → flips=1071
[iter 6] λ=0.7266 → flips=995
[iter 7] λ=0.7305 → flips=1047
[iter 8] λ=0.7285 → flips=1026
[iter 9] λ=0.7275 → flips=1026
[iter 10] λ=0.7271 → flips=999
[iter 11] λ=0.7273 → flips=1023
[iter 12] λ=0.7272 → flips=1023
[iter 13] λ=0.7271 → flips=995
[iter 14] λ=0.7271 → flips=1027
[iter 15] λ=0.7271 → flips=1023
[iter 16] λ=0.7271 → flips=995
[iter 17] λ=0.7271 → flips=1027
[iter 18] λ=0.7271 → flips=1023
[iter 19] λ=0.7271 → flips=1023

Best λ=0.7271 → flips=999, correct=761/1000
Number of flips performed: 999
Metrics: {'precision': 0.7617617617617618, 'recall': 0.761, 'f1': 0.7613806903451728, 'TP': 761, 'FP': 238, 'FN': 239}
[Elbow detection] flip ≈ 1756, λ ≈ 0.836734693877551
Number of flips performed (elbow): 1756
Elbow Metrics: {'precision': 0.4760820045558087, 'recall': 0.836, 'f1': 0.6066763425253991, 'TP': 836, 'FP': 920, 'FN': 164}
