[iter 0] λ=0.5000 → flips=1724
[iter 1] λ=0.7500 → flips=7520
[iter 2] λ=0.6250 → flips=4995
[iter 3] λ=0.6875 → flips=5750
[iter 4] λ=0.6562 → flips=5406
[iter 5] λ=0.6406 → flips=5185
[iter 6] λ=0.6328 → flips=5047
[iter 7] λ=0.6289 → flips=5035
[iter 8] λ=0.6270 → flips=5021
[iter 9] λ=0.6260 → flips=5017
[iter 10] λ=0.6255 → flips=5107
[iter 11] λ=0.6252 → flips=4995
[iter 12] λ=0.6254 → flips=4995
[iter 13] λ=0.6254 → flips=4995
[iter 14] λ=0.6255 → flips=5017
[iter 15] λ=0.6254 → flips=4995
[iter 16] λ=0.6255 → flips=4995
[iter 17] λ=0.6255 → flips=4995
[iter 18] λ=0.6255 → flips=5107
[iter 19] λ=0.6255 → flips=4995

Best λ=0.6250 → flips=4995, correct=4091/5000
Number of flips performed: 4995
Metrics: {'precision': 0.819019019019019, 'recall': 0.8182, 'f1': 0.8186093046523262, 'TP': 4091, 'FP': 904, 'FN': 909}
[Elbow detection] flip ≈ 5378, λ ≈ 0.6530612244897959
Number of flips performed (elbow): 5378
Elbow Metrics: {'precision': 0.7965786537746374, 'recall': 0.8568, 'f1': 0.8255925997301985, 'TP': 4284, 'FP': 1094, 'FN': 716}
