[iter 0] λ=0.5000 → flips=507
[iter 1] λ=0.7500 → flips=2255
[iter 2] λ=0.6250 → flips=1197
[iter 3] λ=0.6875 → flips=1725
[iter 4] λ=0.7188 → flips=1882
[iter 5] λ=0.7344 → flips=2074
[iter 6] λ=0.7266 → flips=1921
[iter 7] λ=0.7305 → flips=1990
[iter 8] λ=0.7324 → flips=1999
[iter 9] λ=0.7334 → flips=2044
[iter 10] λ=0.7329 → flips=2044
[iter 11] λ=0.7327 → flips=1999
[iter 12] λ=0.7328 → flips=2044
[iter 13] λ=0.7327 → flips=1999
[iter 14] λ=0.7328 → flips=1999
[iter 15] λ=0.7328 → flips=1999
[iter 16] λ=0.7328 → flips=2044
[iter 17] λ=0.7328 → flips=2044
[iter 18] λ=0.7328 → flips=2044
[iter 19] λ=0.7328 → flips=2066

Best λ=0.7324 → flips=1999, correct=1497/2000
Number of flips performed: 1999
Metrics: {'precision': 0.7488744372186094, 'recall': 0.7485, 'f1': 0.7486871717929483, 'TP': 1497, 'FP': 502, 'FN': 503}
[Elbow detection] flip ≈ 5366, λ ≈ 0.836734693877551
Number of flips performed (elbow): 5366
Elbow Metrics: {'precision': 0.3361908311591502, 'recall': 0.902, 'f1': 0.48981808308444197, 'TP': 1804, 'FP': 3562, 'FN': 196}
