Matrix saved as results/64/corrupt1000/r010.7_r100.5/original_matrix.svg
Matrix saved as results/64/corrupt1000/r010.7_r100.5/corrupted.svg
[iter 0] λ=0.5000 → flips=94
[iter 1] λ=0.7500 → flips=928
[iter 2] λ=0.8750 → flips=3682
[iter 3] λ=0.8125 → flips=1673
[iter 4] λ=0.7812 → flips=1070
[iter 5] λ=0.7656 → flips=1001
[iter 6] λ=0.7578 → flips=950
[iter 7] λ=0.7617 → flips=984
[iter 8] λ=0.7637 → flips=995
[iter 9] λ=0.7646 → flips=1001
[iter 10] λ=0.7642 → flips=995
[iter 11] λ=0.7644 → flips=1001
[iter 12] λ=0.7643 → flips=1001
[iter 13] λ=0.7642 → flips=1001
[iter 14] λ=0.7642 → flips=1001
[iter 15] λ=0.7642 → flips=995
[iter 16] λ=0.7642 → flips=995
[iter 17] λ=0.7642 → flips=1001
[iter 18] λ=0.7642 → flips=1001
[iter 19] λ=0.7642 → flips=995

Best λ=0.7656 → flips=1001, correct=630/1000
Number of flips performed: 1001
Matrix saved as results/64/corrupt1000/r010.7_r100.5/flipped_matrix.svg
Metrics: {'precision': 0.6293706293706294, 'recall': 0.63, 'f1': 0.6296851574212894, 'TP': 630, 'FP': 371, 'FN': 370}
[Elbow detection] flip ≈ 1050, λ ≈ 0.7755102040816326
Number of flips performed (elbow): 1050
Matrix saved as results/64/corrupt1000/r010.7_r100.5/flipped_matrix_elbow.svg
Elbow Metrics: {'precision': 0.6257142857142857, 'recall': 0.657, 'f1': 0.6409756097560976, 'TP': 657, 'FP': 393, 'FN': 343}
