Matrix saved as results/20/corrupt100/r010.4_r100.4/original_matrix.svg
Matrix saved as results/20/corrupt100/r010.4_r100.4/corrupted.svg
[iter 0] λ=0.5000 → flips=62
[iter 1] λ=0.7500 → flips=1382
[iter 2] λ=0.6250 → flips=224
[iter 3] λ=0.5625 → flips=118
[iter 4] λ=0.5312 → flips=80
[iter 5] λ=0.5469 → flips=102
[iter 6] λ=0.5391 → flips=91
[iter 7] λ=0.5430 → flips=98
[iter 8] λ=0.5449 → flips=98
[iter 9] λ=0.5459 → flips=102
[iter 10] λ=0.5454 → flips=98
[iter 11] λ=0.5457 → flips=98
[iter 12] λ=0.5458 → flips=98
[iter 13] λ=0.5458 → flips=102
[iter 14] λ=0.5458 → flips=98
[iter 15] λ=0.5458 → flips=102
[iter 16] λ=0.5458 → flips=98
[iter 17] λ=0.5458 → flips=98
[iter 18] λ=0.5458 → flips=102
[iter 19] λ=0.5458 → flips=98

Best λ=0.5469 → flips=102, correct=42/100
Number of flips performed: 102
Matrix saved as results/20/corrupt100/r010.4_r100.4/flipped_matrix.svg
Metrics: {'precision': 0.4117647058823529, 'recall': 0.42, 'f1': 0.41584158415841577, 'TP': 42, 'FP': 60, 'FN': 58}
[Elbow detection] flip ≈ 762, λ ≈ 0.7142857142857142
Number of flips performed (elbow): 762
Matrix saved as results/20/corrupt100/r010.4_r100.4/flipped_matrix_elbow.svg
Elbow Metrics: {'precision': 0.1062992125984252, 'recall': 0.81, 'f1': 0.18793503480278423, 'TP': 81, 'FP': 681, 'FN': 19}
