[iter 0] λ=0.5000 → flips=961
[iter 1] λ=0.7500 → flips=2228
[iter 2] λ=0.6250 → flips=1561
[iter 3] λ=0.5625 → flips=1361
[iter 4] λ=0.5312 → flips=1164
[iter 5] λ=0.5156 → flips=1062
[iter 6] λ=0.5078 → flips=1008
[iter 7] λ=0.5039 → flips=978
[iter 8] λ=0.5059 → flips=997
[iter 9] λ=0.5068 → flips=1004
[iter 10] λ=0.5063 → flips=1004
[iter 11] λ=0.5061 → flips=998
[iter 12] λ=0.5062 → flips=1004
[iter 13] λ=0.5062 → flips=1001
[iter 14] λ=0.5061 → flips=1001
[iter 15] λ=0.5061 → flips=998
[iter 16] λ=0.5061 → flips=1001
[iter 17] λ=0.5061 → flips=998
[iter 18] λ=0.5061 → flips=1001
[iter 19] λ=0.5061 → flips=1001

Best λ=0.5062 → flips=1001, correct=735/1000
Number of flips performed: 1001
Metrics: {'precision': 0.7342657342657343, 'recall': 0.735, 'f1': 0.7346326836581709, 'TP': 735, 'FP': 266, 'FN': 265}
[Elbow detection] flip ≈ 0, λ ≈ 0.0
Number of flips performed (elbow): 0
Elbow Metrics: {'precision': 0, 'recall': 0.0, 'f1': 0, 'TP': 0, 'FP': 0, 'FN': 1000}
