Matrix saved as results/20/corrupt500/r010.6_r100.5/original_matrix.svg
Matrix saved as results/20/corrupt500/r010.6_r100.5/corrupted.svg
[iter 0] λ=0.5000 → flips=170
[iter 1] λ=0.7500 → flips=1464
[iter 2] λ=0.6250 → flips=381
[iter 3] λ=0.6875 → flips=650
[iter 4] λ=0.6562 → flips=492
[iter 5] λ=0.6719 → flips=591
[iter 6] λ=0.6641 → flips=553
[iter 7] λ=0.6602 → flips=509
[iter 8] λ=0.6582 → flips=504
[iter 9] λ=0.6572 → flips=503
[iter 10] λ=0.6567 → flips=498
[iter 11] λ=0.6570 → flips=503
[iter 12] λ=0.6569 → flips=502
[iter 13] λ=0.6568 → flips=498
[iter 14] λ=0.6568 → flips=502
[iter 15] λ=0.6568 → flips=500

Best λ=0.6568 → flips=500, correct=318/500
Number of flips performed: 500
Matrix saved as results/20/corrupt500/r010.6_r100.5/flipped_matrix.svg
Metrics: {'precision': 0.636, 'recall': 0.636, 'f1': 0.636, 'TP': 318, 'FP': 182, 'FN': 182}
[Elbow detection] flip ≈ 777, λ ≈ 0.7142857142857142
Number of flips performed (elbow): 777
Matrix saved as results/20/corrupt500/r010.6_r100.5/flipped_matrix_elbow.svg
Elbow Metrics: {'precision': 0.5122265122265123, 'recall': 0.796, 'f1': 0.6233359436178545, 'TP': 398, 'FP': 379, 'FN': 102}
