Matrix saved as results/64/corrupt1000/r010.7_r100.3/original_matrix.svg
Matrix saved as results/64/corrupt1000/r010.7_r100.3/corrupted.svg
[iter 0] λ=0.5000 → flips=313
[iter 1] λ=0.7500 → flips=2314
[iter 2] λ=0.6250 → flips=802
[iter 3] λ=0.6875 → flips=1421
[iter 4] λ=0.6562 → flips=1096
[iter 5] λ=0.6406 → flips=957
[iter 6] λ=0.6484 → flips=992
[iter 7] λ=0.6523 → flips=994
[iter 8] λ=0.6543 → flips=1079
[iter 9] λ=0.6533 → flips=1079
[iter 10] λ=0.6528 → flips=1079
[iter 11] λ=0.6526 → flips=994
[iter 12] λ=0.6527 → flips=994
[iter 13] λ=0.6528 → flips=1079
[iter 14] λ=0.6527 → flips=994
[iter 15] λ=0.6528 → flips=994
[iter 16] λ=0.6528 → flips=1079
[iter 17] λ=0.6528 → flips=1079
[iter 18] λ=0.6528 → flips=994
[iter 19] λ=0.6528 → flips=1079

Best λ=0.6523 → flips=994, correct=720/1000
Number of flips performed: 994
Matrix saved as results/64/corrupt1000/r010.7_r100.3/flipped_matrix.svg
Metrics: {'precision': 0.7243460764587525, 'recall': 0.72, 'f1': 0.7221664994984953, 'TP': 720, 'FP': 274, 'FN': 280}
[Elbow detection] flip ≈ 1079, λ ≈ 0.6530612244897959
Number of flips performed (elbow): 1079
Matrix saved as results/64/corrupt1000/r010.7_r100.3/flipped_matrix_elbow.svg
Elbow Metrics: {'precision': 0.6932344763670065, 'recall': 0.748, 'f1': 0.7195767195767196, 'TP': 748, 'FP': 331, 'FN': 252}
