[iter 0] λ=0.5000 → flips=632
[iter 1] λ=0.7500 → flips=10429
[iter 2] λ=0.6250 → flips=7264
[iter 3] λ=0.6875 → flips=8928
[iter 4] λ=0.7188 → flips=9560
[iter 5] λ=0.7344 → flips=9977
[iter 6] λ=0.7422 → flips=10016
[iter 7] λ=0.7383 → flips=10015
[iter 8] λ=0.7363 → flips=9989
[iter 9] λ=0.7373 → flips=10021
[iter 10] λ=0.7368 → flips=9989
[iter 11] λ=0.7371 → flips=9995
[iter 12] λ=0.7372 → flips=9995
[iter 13] λ=0.7372 → flips=9995
[iter 14] λ=0.7373 → flips=10021
[iter 15] λ=0.7373 → flips=9995
[iter 16] λ=0.7373 → flips=9995
[iter 17] λ=0.7373 → flips=9995
[iter 18] λ=0.7373 → flips=9995
[iter 19] λ=0.7373 → flips=9995

Best λ=0.7371 → flips=9995, correct=9089/10000
Number of flips performed: 9995
Metrics: {'precision': 0.9093546773386694, 'recall': 0.9089, 'f1': 0.9091272818204551, 'TP': 9089, 'FP': 906, 'FN': 911}
[Elbow detection] flip ≈ 8274, λ ≈ 0.6530612244897959
Number of flips performed (elbow): 8274
Elbow Metrics: {'precision': 0.9660381919265169, 'recall': 0.7993, 'f1': 0.8747947904126081, 'TP': 7993, 'FP': 281, 'FN': 2007}
