[iter 0] λ=0.5000 → flips=2187
[iter 1] λ=0.7500 → flips=12539
[iter 2] λ=0.6250 → flips=8896
[iter 3] λ=0.6875 → flips=10705
[iter 4] λ=0.6562 → flips=9845
[iter 5] λ=0.6719 → flips=10208
[iter 6] λ=0.6641 → flips=9983
[iter 7] λ=0.6680 → flips=10082
[iter 8] λ=0.6660 → flips=10003
[iter 9] λ=0.6650 → flips=10003
[iter 10] λ=0.6646 → flips=9998
[iter 11] λ=0.6648 → flips=9983
[iter 12] λ=0.6649 → flips=10003
[iter 13] λ=0.6649 → flips=10093
[iter 14] λ=0.6648 → flips=10000

Best λ=0.6648 → flips=10000, correct=9166/10000
Number of flips performed: 10000
Metrics: {'precision': 0.9166, 'recall': 0.9166, 'f1': 0.9166, 'TP': 9166, 'FP': 834, 'FN': 834}
[Elbow detection] flip ≈ 7809, λ ≈ 0.5918367346938775
Number of flips performed (elbow): 7809
Elbow Metrics: {'precision': 0.9652964528108593, 'recall': 0.7538, 'f1': 0.8465382671682856, 'TP': 7538, 'FP': 271, 'FN': 2462}
