[iter 0] λ=0.5000 → flips=345
[iter 1] λ=0.7500 → flips=4575
[iter 2] λ=0.8750 → flips=10677
[iter 3] λ=0.8125 → flips=6185
[iter 4] λ=0.7812 → flips=5108
[iter 5] λ=0.7656 → flips=4830
[iter 6] λ=0.7734 → flips=5016
[iter 7] λ=0.7695 → flips=4950
[iter 8] λ=0.7715 → flips=5016
[iter 9] λ=0.7705 → flips=4954
[iter 10] λ=0.7710 → flips=4959
[iter 11] λ=0.7712 → flips=4969
[iter 12] λ=0.7714 → flips=5018
[iter 13] λ=0.7713 → flips=4959
[iter 14] λ=0.7713 → flips=5006
[iter 15] λ=0.7713 → flips=4959
[iter 16] λ=0.7713 → flips=4959
[iter 17] λ=0.7713 → flips=4959
[iter 18] λ=0.7713 → flips=4959
[iter 19] λ=0.7713 → flips=4969

Best λ=0.7713 → flips=5006, correct=4034/5000
Number of flips performed: 5006
Metrics: {'precision': 0.8058330003995205, 'recall': 0.8068, 'f1': 0.8063162102738356, 'TP': 4034, 'FP': 972, 'FN': 966}
[Elbow detection] flip ≈ 5459, λ ≈ 0.7959183673469387
Number of flips performed (elbow): 5459
Elbow Metrics: {'precision': 0.7706539659278256, 'recall': 0.8414, 'f1': 0.8044746151639737, 'TP': 4207, 'FP': 1252, 'FN': 793}
