[iter 0] λ=0.5000 → flips=552
[iter 1] λ=0.2500 → flips=0
[iter 2] λ=0.3750 → flips=143
[iter 3] λ=0.4375 → flips=334
[iter 4] λ=0.4688 → flips=479
[iter 5] λ=0.4844 → flips=499
[iter 6] λ=0.4922 → flips=529
[iter 7] λ=0.4883 → flips=518
[iter 8] λ=0.4863 → flips=514
[iter 9] λ=0.4854 → flips=510
[iter 10] λ=0.4849 → flips=504
[iter 11] λ=0.4846 → flips=499
[iter 12] λ=0.4847 → flips=501
[iter 13] λ=0.4847 → flips=501
[iter 14] λ=0.4846 → flips=499
[iter 15] λ=0.4847 → flips=499
[iter 16] λ=0.4847 → flips=499
[iter 17] λ=0.4847 → flips=501
[iter 18] λ=0.4847 → flips=499
[iter 19] λ=0.4847 → flips=499

Best λ=0.4844 → flips=499, correct=314/500
Number of flips performed: 499
Metrics: {'precision': 0.6292585170340681, 'recall': 0.628, 'f1': 0.6286286286286286, 'TP': 314, 'FP': 185, 'FN': 186}
[Elbow detection] flip ≈ 4897, λ ≈ 0.836734693877551
Number of flips performed (elbow): 4897
Elbow Metrics: {'precision': 0.099040228711456, 'recall': 0.97, 'f1': 0.17972947934037428, 'TP': 485, 'FP': 4412, 'FN': 15}
