[iter 0] λ=0.5000 → flips=886
[iter 1] λ=0.7500 → flips=2388
[iter 2] λ=0.6250 → flips=1546
[iter 3] λ=0.6875 → flips=2060
[iter 4] λ=0.6562 → flips=1817
[iter 5] λ=0.6719 → flips=1910
[iter 6] λ=0.6797 → flips=2015
[iter 7] λ=0.6758 → flips=1962
[iter 8] λ=0.6777 → flips=1992
[iter 9] λ=0.6787 → flips=2006
[iter 10] λ=0.6782 → flips=1998
[iter 11] λ=0.6785 → flips=2006
[iter 12] λ=0.6783 → flips=2006
[iter 13] λ=0.6783 → flips=2004
[iter 14] λ=0.6783 → flips=1998
[iter 15] λ=0.6783 → flips=1998
[iter 16] λ=0.6783 → flips=1998
[iter 17] λ=0.6783 → flips=1998
[iter 18] λ=0.6783 → flips=2004
[iter 19] λ=0.6783 → flips=2004

Best λ=0.6782 → flips=1998, correct=1564/2000
Number of flips performed: 1998
Metrics: {'precision': 0.7827827827827828, 'recall': 0.782, 'f1': 0.7823911955977989, 'TP': 1564, 'FP': 434, 'FN': 436}
[Elbow detection] flip ≈ 5349, λ ≈ 0.836734693877551
Number of flips performed (elbow): 5349
Elbow Metrics: {'precision': 0.34212002243409984, 'recall': 0.915, 'f1': 0.4980269424411484, 'TP': 1830, 'FP': 3519, 'FN': 170}
