[iter 0] λ=0.5000 → flips=525
[iter 1] λ=0.2500 → flips=0
[iter 2] λ=0.3750 → flips=127
[iter 3] λ=0.4375 → flips=349
[iter 4] λ=0.4688 → flips=409
[iter 5] λ=0.4844 → flips=461
[iter 6] λ=0.4922 → flips=487
[iter 7] λ=0.4961 → flips=508
[iter 8] λ=0.4941 → flips=502
[iter 9] λ=0.4932 → flips=494
[iter 10] λ=0.4937 → flips=497
[iter 11] λ=0.4939 → flips=499
[iter 12] λ=0.4940 → flips=499
[iter 13] λ=0.4941 → flips=499
[iter 14] λ=0.4941 → flips=499
[iter 15] λ=0.4941 → flips=502
[iter 16] λ=0.4941 → flips=502
[iter 17] λ=0.4941 → flips=502
[iter 18] λ=0.4941 → flips=499
[iter 19] λ=0.4941 → flips=502

Best λ=0.4939 → flips=499, correct=334/500
Number of flips performed: 499
Metrics: {'precision': 0.6693386773547094, 'recall': 0.668, 'f1': 0.6686686686686686, 'TP': 334, 'FP': 165, 'FN': 166}
[Elbow detection] flip ≈ 2734, λ ≈ 0.8571428571428571
Number of flips performed (elbow): 2734
Elbow Metrics: {'precision': 0.1781272860277981, 'recall': 0.974, 'f1': 0.3011750154607298, 'TP': 487, 'FP': 2247, 'FN': 13}
