[iter 0] λ=0.5000 → flips=943
[iter 1] λ=0.7500 → flips=2671
[iter 2] λ=0.6250 → flips=1518
[iter 3] λ=0.5625 → flips=1209
[iter 4] λ=0.5312 → flips=1086
[iter 5] λ=0.5156 → flips=1027
[iter 6] λ=0.5078 → flips=987
[iter 7] λ=0.5117 → flips=1006
[iter 8] λ=0.5098 → flips=999
[iter 9] λ=0.5107 → flips=1002
[iter 10] λ=0.5103 → flips=1001
[iter 11] λ=0.5100 → flips=1001
[iter 12] λ=0.5099 → flips=999
[iter 13] λ=0.5099 → flips=1001
[iter 14] λ=0.5099 → flips=999
[iter 15] λ=0.5099 → flips=1001
[iter 16] λ=0.5099 → flips=999
[iter 17] λ=0.5099 → flips=1001
[iter 18] λ=0.5099 → flips=999
[iter 19] λ=0.5099 → flips=1001

Best λ=0.5098 → flips=999, correct=769/1000
Number of flips performed: 999
Metrics: {'precision': 0.7697697697697697, 'recall': 0.769, 'f1': 0.769384692346173, 'TP': 769, 'FP': 230, 'FN': 231}
[Elbow detection] flip ≈ 4156, λ ≈ 0.7959183673469387
Number of flips performed (elbow): 4156
Elbow Metrics: {'precision': 0.23123195380173245, 'recall': 0.961, 'f1': 0.3727695888285493, 'TP': 961, 'FP': 3195, 'FN': 39}
