Matrix saved as results/64/corrupt1000/r010.7_r100.7/original_matrix.svg
Matrix saved as results/64/corrupt1000/r010.7_r100.7/corrupted.svg
[iter 0] λ=0.5000 → flips=1
[iter 1] λ=0.7500 → flips=18
[iter 2] λ=0.8750 → flips=100
[iter 3] λ=0.9375 → flips=4590
[iter 4] λ=0.9062 → flips=862
[iter 5] λ=0.9219 → flips=4590
[iter 6] λ=0.9141 → flips=1754
[iter 7] λ=0.9102 → flips=862
[iter 8] λ=0.9121 → flips=862
[iter 9] λ=0.9131 → flips=1469
[iter 10] λ=0.9126 → flips=1469
[iter 11] λ=0.9124 → flips=1469
[iter 12] λ=0.9122 → flips=1469
[iter 13] λ=0.9122 → flips=1469
[iter 14] λ=0.9121 → flips=862
[iter 15] λ=0.9122 → flips=1469
[iter 16] λ=0.9121 → flips=862
[iter 17] λ=0.9122 → flips=1469
[iter 18] λ=0.9121 → flips=862
[iter 19] λ=0.9122 → flips=862

Best λ=0.9062 → flips=862, correct=371/1000
Number of flips performed: 862
Matrix saved as results/64/corrupt1000/r010.7_r100.7/flipped_matrix.svg
Metrics: {'precision': 0.43039443155452434, 'recall': 0.371, 'f1': 0.39849624060150374, 'TP': 371, 'FP': 491, 'FN': 629}
[Elbow detection] flip ≈ 1952, λ ≈ 0.9183673469387754
Number of flips performed (elbow): 1952
Matrix saved as results/64/corrupt1000/r010.7_r100.7/flipped_matrix_elbow.svg
Elbow Metrics: {'precision': 0.3099385245901639, 'recall': 0.605, 'f1': 0.40989159891598914, 'TP': 605, 'FP': 1347, 'FN': 395}
