[iter 0] λ=0.5000 → flips=146
[iter 1] λ=0.7500 → flips=11086
[iter 2] λ=0.6250 → flips=1275
[iter 3] λ=0.6875 → flips=7852
[iter 4] λ=0.7188 → flips=9491
[iter 5] λ=0.7344 → flips=10088
[iter 6] λ=0.7266 → flips=9694
[iter 7] λ=0.7305 → flips=9935
[iter 8] λ=0.7324 → flips=9991
[iter 9] λ=0.7334 → flips=10006
[iter 10] λ=0.7329 → flips=9991
[iter 11] λ=0.7332 → flips=10109
[iter 12] λ=0.7330 → flips=9991
[iter 13] λ=0.7331 → flips=10006
[iter 14] λ=0.7331 → flips=10006
[iter 15] λ=0.7330 → flips=10045
[iter 16] λ=0.7330 → flips=9991
[iter 17] λ=0.7330 → flips=10006
[iter 18] λ=0.7330 → flips=10006
[iter 19] λ=0.7330 → flips=9991

Best λ=0.7334 → flips=10006, correct=8933/10000
Number of flips performed: 10006
Metrics: {'precision': 0.8927643413951629, 'recall': 0.8933, 'f1': 0.8930320903728882, 'TP': 8933, 'FP': 1073, 'FN': 1067}
[Elbow detection] flip ≈ 13645, λ ≈ 0.7959183673469387
Number of flips performed (elbow): 13645
Elbow Metrics: {'precision': 0.7102968120190546, 'recall': 0.9692, 'f1': 0.8197927680270669, 'TP': 9692, 'FP': 3953, 'FN': 308}
