[iter 0] λ=0.5000 → flips=1795
[iter 1] λ=0.7500 → flips=3871
[iter 2] λ=0.6250 → flips=2428
[iter 3] λ=0.5625 → flips=2140
[iter 4] λ=0.5312 → flips=1975
[iter 5] λ=0.5469 → flips=2053
[iter 6] λ=0.5391 → flips=2025
[iter 7] λ=0.5352 → flips=1996
[iter 8] λ=0.5371 → flips=2019
[iter 9] λ=0.5361 → flips=2006
[iter 10] λ=0.5356 → flips=1996
[iter 11] λ=0.5359 → flips=2005
[iter 12] λ=0.5358 → flips=1996
[iter 13] λ=0.5358 → flips=2005
[iter 14] λ=0.5358 → flips=1996
[iter 15] λ=0.5358 → flips=2005
[iter 16] λ=0.5358 → flips=2005
[iter 17] λ=0.5358 → flips=1996
[iter 18] λ=0.5358 → flips=1996
[iter 19] λ=0.5358 → flips=2005

Best λ=0.5352 → flips=1996, correct=1672/2000
Number of flips performed: 1996
Metrics: {'precision': 0.8376753507014028, 'recall': 0.836, 'f1': 0.8368368368368367, 'TP': 1672, 'FP': 324, 'FN': 328}
[Elbow detection] flip ≈ 2727, λ ≈ 0.6530612244897959
Number of flips performed (elbow): 2727
Elbow Metrics: {'precision': 0.6802346901356803, 'recall': 0.9275, 'f1': 0.7848529722868626, 'TP': 1855, 'FP': 872, 'FN': 145}
