[iter 0] λ=0.5000 → flips=5366
[iter 1] λ=0.7500 → flips=10799
[iter 2] λ=0.6250 → flips=9834
[iter 3] λ=0.6875 → flips=10144
[iter 4] λ=0.6562 → flips=10026
[iter 5] λ=0.6406 → flips=9901
[iter 6] λ=0.6484 → flips=9939
[iter 7] λ=0.6523 → flips=10019
[iter 8] λ=0.6504 → flips=9955
[iter 9] λ=0.6514 → flips=9955
[iter 10] λ=0.6519 → flips=9955
[iter 11] λ=0.6521 → flips=10019
[iter 12] λ=0.6520 → flips=10019
[iter 13] λ=0.6519 → flips=10019
[iter 14] λ=0.6519 → flips=9955
[iter 15] λ=0.6519 → flips=9955
[iter 16] λ=0.6519 → flips=9955
[iter 17] λ=0.6519 → flips=9955
[iter 18] λ=0.6519 → flips=10019
[iter 19] λ=0.6519 → flips=10019

Best λ=0.6523 → flips=10019, correct=9575/10000
Number of flips performed: 10019
Metrics: {'precision': 0.9556842000199621, 'recall': 0.9575, 'f1': 0.9565912383235927, 'TP': 9575, 'FP': 444, 'FN': 425}
[Elbow detection] flip ≈ 8522, λ ≈ 0.5510204081632653
Number of flips performed (elbow): 8522
Elbow Metrics: {'precision': 0.9754752405538606, 'recall': 0.8313, 'f1': 0.8976352445740201, 'TP': 8313, 'FP': 209, 'FN': 1687}
