[iter 0] λ=0.5000 → flips=921
[iter 1] λ=0.7500 → flips=2049
[iter 2] λ=0.6250 → flips=1363
[iter 3] λ=0.5625 → flips=1106
[iter 4] λ=0.5312 → flips=1023
[iter 5] λ=0.5156 → flips=958
[iter 6] λ=0.5234 → flips=996
[iter 7] λ=0.5273 → flips=1021
[iter 8] λ=0.5254 → flips=999
[iter 9] λ=0.5264 → flips=1008
[iter 10] λ=0.5259 → flips=1001
[iter 11] λ=0.5256 → flips=999
[iter 12] λ=0.5258 → flips=1001
[iter 13] λ=0.5257 → flips=999
[iter 14] λ=0.5257 → flips=1001
[iter 15] λ=0.5257 → flips=1001
[iter 16] λ=0.5257 → flips=1001
[iter 17] λ=0.5257 → flips=999
[iter 18] λ=0.5257 → flips=999
[iter 19] λ=0.5257 → flips=999

Best λ=0.5254 → flips=999, correct=755/1000
Number of flips performed: 999
Metrics: {'precision': 0.7557557557557557, 'recall': 0.755, 'f1': 0.7553776888444221, 'TP': 755, 'FP': 244, 'FN': 245}
[Elbow detection] flip ≈ 3489, λ ≈ 0.8163265306122448
Number of flips performed (elbow): 3489
Elbow Metrics: {'precision': 0.2762969332186873, 'recall': 0.964, 'f1': 0.42949431944753846, 'TP': 964, 'FP': 2525, 'FN': 36}
