[iter 0] λ=0.5000 → flips=1807
[iter 1] λ=0.7500 → flips=4302
[iter 2] λ=0.6250 → flips=2449
[iter 3] λ=0.5625 → flips=2101
[iter 4] λ=0.5312 → flips=1951
[iter 5] λ=0.5469 → flips=2015
[iter 6] λ=0.5391 → flips=1984
[iter 7] λ=0.5430 → flips=2007
[iter 8] λ=0.5410 → flips=1989
[iter 9] λ=0.5420 → flips=2001
[iter 10] λ=0.5415 → flips=1997
[iter 11] λ=0.5417 → flips=1997
[iter 12] λ=0.5419 → flips=2001
[iter 13] λ=0.5418 → flips=1997
[iter 14] λ=0.5418 → flips=1999
[iter 15] λ=0.5419 → flips=1999
[iter 16] λ=0.5419 → flips=1999
[iter 17] λ=0.5419 → flips=2001
[iter 18] λ=0.5419 → flips=2001
[iter 19] λ=0.5419 → flips=1999

Best λ=0.5420 → flips=2001, correct=1646/2000
Number of flips performed: 2001
Metrics: {'precision': 0.8225887056471765, 'recall': 0.823, 'f1': 0.8227943014246439, 'TP': 1646, 'FP': 355, 'FN': 354}
[Elbow detection] flip ≈ 2736, λ ≈ 0.673469387755102
Number of flips performed (elbow): 2736
Elbow Metrics: {'precision': 0.6779970760233918, 'recall': 0.9275, 'f1': 0.7833614864864864, 'TP': 1855, 'FP': 881, 'FN': 145}
