Matrix saved as results/42/corrupt10/r010.5_r100.6/original_matrix.png
Matrix saved as results/42/corrupt10/r010.5_r100.6/corrupted.png
[iter 0] λ=0.5000 → flips=0
[iter 1] λ=0.7500 → flips=7
[iter 2] λ=0.8750 → flips=7
[iter 3] λ=0.9375 → flips=7
[iter 4] λ=0.9688 → flips=791
[iter 5] λ=0.9531 → flips=791
[iter 6] λ=0.9453 → flips=791
[iter 7] λ=0.9414 → flips=7
[iter 8] λ=0.9434 → flips=791
[iter 9] λ=0.9424 → flips=791
[iter 10] λ=0.9419 → flips=791
[iter 11] λ=0.9417 → flips=791
[iter 12] λ=0.9415 → flips=791
[iter 13] λ=0.9415 → flips=791
[iter 14] λ=0.9414 → flips=791
[iter 15] λ=0.9414 → flips=7
[iter 16] λ=0.9414 → flips=7
[iter 17] λ=0.9414 → flips=7
[iter 18] λ=0.9414 → flips=791
[iter 19] λ=0.9414 → flips=7

Best λ=0.7500 → flips=7, correct=6/10
Number of flips performed: 7
Cell (Polygonia_faunus,Acoraceae): 0 -> 1
Cell (Polygonia_faunus,Rosaceae): 0 -> 1
Cell (Polygonia_faunus,Rhamnaceae): 0 -> 1
Cell (Polygonia_faunus,Betulaceae): 0 -> 1
Cell (Polygonia_c_album,Amborellaceae): 0 -> 1
Cell (Polygonia_c_album,Aristolochiaceae): 0 -> 1
Cell (Polygonia_c_album,Malvaceae): 0 -> 1
Matrix saved as results/42/corrupt10/r010.5_r100.6/flipped_matrix.png
Metrics: {'precision': 0.8571428571428571, 'recall': 0.6, 'f1': 0.7058823529411764, 'TP': 6, 'FP': 1, 'FN': 4}
[Elbow detection] flip ≈ 7, λ ≈ 0.6122448979591836
Number of flips performed (elbow): 7
Cell (Polygonia_faunus,Acoraceae): 0 -> 1
Cell (Polygonia_faunus,Rosaceae): 0 -> 1
Cell (Polygonia_faunus,Rhamnaceae): 0 -> 1
Cell (Polygonia_faunus,Betulaceae): 0 -> 1
Cell (Polygonia_c_album,Amborellaceae): 0 -> 1
Cell (Polygonia_c_album,Aristolochiaceae): 0 -> 1
Cell (Polygonia_c_album,Malvaceae): 0 -> 1
Matrix saved as results/42/corrupt10/r010.5_r100.6/flipped_matrix_elbow.png
Elbow Metrics: {'precision': 0.8571428571428571, 'recall': 0.6, 'f1': 0.7058823529411764, 'TP': 6, 'FP': 1, 'FN': 4}
