Matrix saved as ml_parsimony_matrices/seed119_ratio2.1892.png
Matrix saved as results/119/corrupt10/r010.4_r100.3/original_matrix.png
Matrix saved as results/119/corrupt10/r010.4_r100.3/corrupted.png
[iter 0] λ=0.5000 → flips=16
[iter 1] λ=0.2500 → flips=0
[iter 2] λ=0.3750 → flips=12
[iter 3] λ=0.3125 → flips=0
[iter 4] λ=0.3438 → flips=0
[iter 5] λ=0.3594 → flips=4
[iter 6] λ=0.3672 → flips=9
[iter 7] λ=0.3711 → flips=11
[iter 8] λ=0.3691 → flips=9
[iter 9] λ=0.3701 → flips=9
[iter 10] λ=0.3706 → flips=10

Best λ=0.3706 → flips=10, correct=8/10
Number of flips performed: 10
Cell (Hypanartia_lethe,Ulmaceae): 0 -> 1
Cell (Vanessa_cardui,Rhamnaceae): 0 -> 1
Cell (Vanessa_abyssinica,Chloranthaceae): 0 -> 1
Cell (Vanessa_tameamea,Asteraceae): 0 -> 1
Cell (Kaniska_canace,Boraginaceae): 0 -> 1
Cell (Nymphalis_antiopa,Smilacaceae): 0 -> 1
Cell (Nymphalis_antiopa,Asteraceae): 0 -> 1
Cell (Polygonia_satyrus,Rosaceae): 0 -> 1
Cell (Polygonia_oreas,Rosaceae): 0 -> 1
Cell (Polygonia_zephyrus,Potamogetonaceae): 0 -> 1
Matrix saved as results/119/corrupt10/r010.4_r100.3/flipped_matrix.png
Metrics: {'precision': 0.8, 'recall': 0.8, 'f1': 0.8000000000000002, 'TP': 8, 'FP': 2, 'FN': 2}
[Elbow detection] λ ≈ 0.376 (cutoff=0.354)
Elbow Metrics: {'precision': 0.6153846153846154, 'recall': 0.8, 'f1': 0.6956521739130435, 'TP': 8, 'FP': 5, 'FN': 2}
