[iter 0] λ=0.5000 → flips=6297
[iter 1] λ=0.7500 → flips=12398
[iter 2] λ=0.6250 → flips=9777
[iter 3] λ=0.6875 → flips=10684
[iter 4] λ=0.6562 → flips=10055
[iter 5] λ=0.6406 → flips=9888
[iter 6] λ=0.6484 → flips=10009
[iter 7] λ=0.6445 → flips=9905
[iter 8] λ=0.6465 → flips=10005
[iter 9] λ=0.6455 → flips=9907
[iter 10] λ=0.6460 → flips=9985
[iter 11] λ=0.6462 → flips=9985
[iter 12] λ=0.6464 → flips=9985
[iter 13] λ=0.6464 → flips=9985
[iter 14] λ=0.6465 → flips=10005
[iter 15] λ=0.6464 → flips=10005
[iter 16] λ=0.6464 → flips=10005
[iter 17] λ=0.6464 → flips=9985
[iter 18] λ=0.6464 → flips=10005
[iter 19] λ=0.6464 → flips=10005

Best λ=0.6465 → flips=10005, correct=9461/10000
Number of flips performed: 10005
Metrics: {'precision': 0.9456271864067965, 'recall': 0.9461, 'f1': 0.945863534116471, 'TP': 9461, 'FP': 544, 'FN': 539}
[Elbow detection] flip ≈ 6961, λ ≈ 0.5102040816326531
Number of flips performed (elbow): 6961
Elbow Metrics: {'precision': 0.99640856198822, 'recall': 0.6936, 'f1': 0.8178763044631802, 'TP': 6936, 'FP': 25, 'FN': 3064}
