[iter 0] λ=0.5000 → flips=1495
[iter 1] λ=0.7500 → flips=3312
[iter 2] λ=0.6250 → flips=2191
[iter 3] λ=0.5625 → flips=1854
[iter 4] λ=0.5938 → flips=2025
[iter 5] λ=0.5781 → flips=1925
[iter 6] λ=0.5859 → flips=1979
[iter 7] λ=0.5898 → flips=1997
[iter 8] λ=0.5918 → flips=2013
[iter 9] λ=0.5908 → flips=2001
[iter 10] λ=0.5903 → flips=2001
[iter 11] λ=0.5901 → flips=1997
[iter 12] λ=0.5902 → flips=1997
[iter 13] λ=0.5903 → flips=2001
[iter 14] λ=0.5902 → flips=2001
[iter 15] λ=0.5902 → flips=1997
[iter 16] λ=0.5902 → flips=1997
[iter 17] λ=0.5902 → flips=1997
[iter 18] λ=0.5902 → flips=2001
[iter 19] λ=0.5902 → flips=2001

Best λ=0.5908 → flips=2001, correct=1652/2000
Number of flips performed: 2001
Metrics: {'precision': 0.8255872063968016, 'recall': 0.826, 'f1': 0.825793551612097, 'TP': 1652, 'FP': 349, 'FN': 348}
[Elbow detection] flip ≈ 0, λ ≈ 0.0
Number of flips performed (elbow): 0
Elbow Metrics: {'precision': 0, 'recall': 0.0, 'f1': 0, 'TP': 0, 'FP': 0, 'FN': 2000}
