[iter 0] λ=0.5000 → flips=1388
[iter 1] λ=0.7500 → flips=7249
[iter 2] λ=0.6250 → flips=3429
[iter 3] λ=0.6875 → flips=4912
[iter 4] λ=0.7188 → flips=5785
[iter 5] λ=0.7031 → flips=5197
[iter 6] λ=0.6953 → flips=5083
[iter 7] λ=0.6914 → flips=5018
[iter 8] λ=0.6895 → flips=4990
[iter 9] λ=0.6904 → flips=5007
[iter 10] λ=0.6899 → flips=4966
[iter 11] λ=0.6902 → flips=5007
[iter 12] λ=0.6901 → flips=4969
[iter 13] λ=0.6901 → flips=5007
[iter 14] λ=0.6901 → flips=4969
[iter 15] λ=0.6901 → flips=4969
[iter 16] λ=0.6901 → flips=4969
[iter 17] λ=0.6901 → flips=5007
[iter 18] λ=0.6901 → flips=5007
[iter 19] λ=0.6901 → flips=4969

Best λ=0.6904 → flips=5007, correct=3751/5000
Number of flips performed: 5007
Metrics: {'precision': 0.7491511883363291, 'recall': 0.7502, 'f1': 0.7496752273408613, 'TP': 3751, 'FP': 1256, 'FN': 1249}
[Elbow detection] flip ≈ 4494, λ ≈ 0.673469387755102
Number of flips performed (elbow): 4494
Elbow Metrics: {'precision': 0.7854917668001781, 'recall': 0.706, 'f1': 0.7436275542447863, 'TP': 3530, 'FP': 964, 'FN': 1470}
