Matrix saved as results/53/corrupt1000/r010.7_r100.7/original_matrix.svg
Matrix saved as results/53/corrupt1000/r010.7_r100.7/corrupted.svg
[iter 0] λ=0.5000 → flips=9
[iter 1] λ=0.7500 → flips=183
[iter 2] λ=0.8750 → flips=1179
[iter 3] λ=0.8125 → flips=498
[iter 4] λ=0.8438 → flips=566
[iter 5] λ=0.8594 → flips=591
[iter 6] λ=0.8672 → flips=1093
[iter 7] λ=0.8633 → flips=1093
[iter 8] λ=0.8613 → flips=594
[iter 9] λ=0.8623 → flips=1093
[iter 10] λ=0.8618 → flips=600
[iter 11] λ=0.8621 → flips=1093
[iter 12] λ=0.8619 → flips=1083
[iter 13] λ=0.8619 → flips=1083
[iter 14] λ=0.8618 → flips=1083
[iter 15] λ=0.8618 → flips=600
[iter 16] λ=0.8618 → flips=600
[iter 17] λ=0.8618 → flips=1083
[iter 18] λ=0.8618 → flips=1083
[iter 19] λ=0.8618 → flips=600

Best λ=0.8619 → flips=1083, correct=538/1000
Number of flips performed: 1083
Matrix saved as results/53/corrupt1000/r010.7_r100.7/flipped_matrix.svg
Metrics: {'precision': 0.4967682363804247, 'recall': 0.538, 'f1': 0.5165626500240038, 'TP': 538, 'FP': 545, 'FN': 462}
[Elbow detection] flip ≈ 1179, λ ≈ 0.8775510204081632
Number of flips performed (elbow): 1179
Matrix saved as results/53/corrupt1000/r010.7_r100.7/flipped_matrix_elbow.svg
Elbow Metrics: {'precision': 0.48346055979643765, 'recall': 0.57, 'f1': 0.5231757687012392, 'TP': 570, 'FP': 609, 'FN': 430}
