Matrix saved as ml_parsimony_matrices/seed163_ratio1.0891.png
Matrix saved as results/163/corrupt10/r010.6_r100.7/original_matrix.png
Matrix saved as results/163/corrupt10/r010.6_r100.7/corrupted.png
[iter 0] λ=0.5000 → flips=46
[iter 1] λ=0.2500 → flips=0
[iter 2] λ=0.3750 → flips=3
[iter 3] λ=0.4375 → flips=46
[iter 4] λ=0.4062 → flips=41
[iter 5] λ=0.3906 → flips=26
[iter 6] λ=0.3828 → flips=16
[iter 7] λ=0.3789 → flips=11
[iter 8] λ=0.3770 → flips=5
[iter 9] λ=0.3779 → flips=10

Best λ=0.3779 → flips=10, correct=2/10
Number of flips performed: 10
Cell (Vanessa_cardui,Urticaceae): 0 -> 1
Cell (Vanessa_virginiensis,Boraginaceae): 0 -> 1
Cell (Aglais_io,Ulmaceae): 0 -> 1
Cell (Nymphalis_antiopa,Betulaceae): 0 -> 1
Cell (Polygonia_c_aureum,Rhamnaceae): 0 -> 1
Cell (Polygonia_c_album,Rhamnaceae): 0 -> 1
Cell (Polygonia_c_album,Malvaceae): 0 -> 1
Cell (Polygonia_interrogationis,Cannabaceae): 0 -> 1
Cell (Polygonia_oreas,Malvaceae): 0 -> 1
Cell (Polygonia_progne,Typhaceae): 0 -> 1
Matrix saved as results/163/corrupt10/r010.6_r100.7/flipped_matrix.png
Metrics: {'precision': 0.2, 'recall': 0.2, 'f1': 0.20000000000000004, 'TP': 2, 'FP': 8, 'FN': 8}
[Elbow detection] λ ≈ 0.406 (cutoff=0.372)
Elbow Metrics: {'precision': 0.21951219512195122, 'recall': 0.9, 'f1': 0.3529411764705882, 'TP': 9, 'FP': 32, 'FN': 1}
