Matrix saved as results/20/corrupt1000/r010.5_r100.5/original_matrix.svg
Matrix saved as results/20/corrupt1000/r010.5_r100.5/corrupted.svg
[iter 0] λ=0.5000 → flips=31
[iter 1] λ=0.7500 → flips=1023
[iter 2] λ=0.6250 → flips=140
[iter 3] λ=0.6875 → flips=449
[iter 4] λ=0.7188 → flips=696
[iter 5] λ=0.7344 → flips=887
[iter 6] λ=0.7422 → flips=976
[iter 7] λ=0.7461 → flips=988
[iter 8] λ=0.7480 → flips=1023
[iter 9] λ=0.7471 → flips=1023
[iter 10] λ=0.7466 → flips=1000

Best λ=0.7466 → flips=1000, correct=611/1000
Number of flips performed: 1000
Matrix saved as results/20/corrupt1000/r010.5_r100.5/flipped_matrix.svg
Metrics: {'precision': 0.611, 'recall': 0.611, 'f1': 0.611, 'TP': 611, 'FP': 389, 'FN': 389}
[Elbow detection] flip ≈ 1081, λ ≈ 0.7551020408163265
Number of flips performed (elbow): 1081
Matrix saved as results/20/corrupt1000/r010.5_r100.5/flipped_matrix_elbow.svg
Elbow Metrics: {'precision': 0.5809435707678076, 'recall': 0.628, 'f1': 0.6035559827006247, 'TP': 628, 'FP': 453, 'FN': 372}
