Matrix saved as results/53/corrupt10/r010.6_r100.5/original_matrix.png
Matrix saved as results/53/corrupt10/r010.6_r100.5/corrupted.png
[iter 0] λ=0.5000 → flips=30
[iter 1] λ=0.2500 → flips=0
[iter 2] λ=0.3750 → flips=17
[iter 3] λ=0.3125 → flips=0
[iter 4] λ=0.3438 → flips=0
[iter 5] λ=0.3594 → flips=1
[iter 6] λ=0.3672 → flips=7
[iter 7] λ=0.3711 → flips=13
[iter 8] λ=0.3691 → flips=9
[iter 9] λ=0.3701 → flips=11
[iter 10] λ=0.3696 → flips=9
[iter 11] λ=0.3699 → flips=10

Best λ=0.3699 → flips=10, correct=2/10
Number of flips performed: 10
Cell (Nymphalis_californica,Plantaginaceae): 0 -> 1
Cell (Nymphalis_xanthomelas,Plantaginaceae): 0 -> 1
Cell (Nymphalis_antiopa,Ulmaceae): 0 -> 1
Cell (Polygonia_c_aureum,Cannabaceae): 0 -> 1
Cell (Polygonia_egea,Urticaceae): 0 -> 1
Cell (Polygonia_interrogationis,Rhamnaceae): 0 -> 1
Cell (Polygonia_comma,Asteraceae): 0 -> 1
Cell (Polygonia_oreas,Cannabaceae): 0 -> 1
Cell (Polygonia_gracilis,Rosaceae): 0 -> 1
Cell (Polygonia_gracilis,Ulmaceae): 0 -> 1
Matrix saved as results/53/corrupt10/r010.6_r100.5/flipped_matrix.png
Metrics: {'precision': 0.2, 'recall': 0.2, 'f1': 0.20000000000000004, 'TP': 2, 'FP': 8, 'FN': 8}
[Elbow detection] flip ≈ 33, λ ≈ 0.5714285714285714
Number of flips performed (elbow): 33
Cell (Hypanartia_lethe,Rosaceae): 0 -> 1
Cell (Hypanartia_lethe,Urticaceae): 0 -> 1
Cell (Hypanartia_bella,Plantaginaceae): 0 -> 1
Cell (Nymphalis_l_album,Aristolochiaceae): 0 -> 1
Cell (Nymphalis_l_album,Chloranthaceae): 0 -> 1
Cell (Nymphalis_l_album,Fabaceae): 0 -> 1
Cell (Nymphalis_polychloros,Nymphaeaceae): 0 -> 1
Cell (Nymphalis_polychloros,Fabaceae): 0 -> 1
Cell (Nymphalis_californica,Malvaceae): 0 -> 1
Cell (Nymphalis_californica,Plantaginaceae): 0 -> 1
Cell (Nymphalis_xanthomelas,Plantaginaceae): 0 -> 1
Cell (Nymphalis_antiopa,Ulmaceae): 0 -> 1
Cell (Polygonia_c_aureum,Ceratophyllaceae): 0 -> 1
Cell (Polygonia_c_aureum,Cannabaceae): 0 -> 1
Cell (Polygonia_c_aureum,Salicaceae): 0 -> 1
Cell (Polygonia_c_aureum,Malvaceae): 0 -> 1
Cell (Polygonia_egea,Potamogetonaceae): 0 -> 1
Cell (Polygonia_egea,Urticaceae): 0 -> 1
Cell (Polygonia_egea,Plantaginaceae): 0 -> 1
Cell (Polygonia_egea,Boraginaceae): 0 -> 1
Cell (Polygonia_faunus,Acoraceae): 0 -> 1
Cell (Polygonia_faunus,Salicaceae): 0 -> 1
Cell (Polygonia_faunus,Grossulariaceae): 0 -> 1
Cell (Polygonia_satyrus,Salicaceae): 0 -> 1
Cell (Polygonia_interrogationis,Rhamnaceae): 0 -> 1
Cell (Polygonia_interrogationis,Betulaceae): 0 -> 1
Cell (Polygonia_comma,Malvaceae): 0 -> 1
Cell (Polygonia_comma,Asteraceae): 0 -> 1
Cell (Polygonia_oreas,Cannabaceae): 0 -> 1
Cell (Polygonia_zephyrus,Siparunaceae): 0 -> 1
Cell (Polygonia_zephyrus,Salicaceae): 0 -> 1
Cell (Polygonia_gracilis,Rosaceae): 0 -> 1
Cell (Polygonia_gracilis,Ulmaceae): 0 -> 1
Matrix saved as results/53/corrupt10/r010.6_r100.5/flipped_matrix_elbow.png
Elbow Metrics: {'precision': 0.30303030303030304, 'recall': 1.0, 'f1': 0.4651162790697675, 'TP': 10, 'FP': 23, 'FN': 0}
