Matrix saved as results/31/corrupt500/r010.3_r100.4/original_matrix.svg
Matrix saved as results/31/corrupt500/r010.3_r100.4/corrupted.svg
[iter 0] λ=0.5000 → flips=17
[iter 1] λ=0.7500 → flips=231
[iter 2] λ=0.8750 → flips=1838
[iter 3] λ=0.8125 → flips=386
[iter 4] λ=0.8438 → flips=844
[iter 5] λ=0.8281 → flips=638
[iter 6] λ=0.8203 → flips=530
[iter 7] λ=0.8164 → flips=393
[iter 8] λ=0.8184 → flips=396
[iter 9] λ=0.8193 → flips=403
[iter 10] λ=0.8198 → flips=405
[iter 11] λ=0.8201 → flips=530
[iter 12] λ=0.8199 → flips=406
[iter 13] λ=0.8200 → flips=405
[iter 14] λ=0.8200 → flips=530
[iter 15] λ=0.8200 → flips=530
[iter 16] λ=0.8200 → flips=405
[iter 17] λ=0.8200 → flips=405
[iter 18] λ=0.8200 → flips=405
[iter 19] λ=0.8200 → flips=405

Best λ=0.8203 → flips=530, correct=218/500
Number of flips performed: 530
Matrix saved as results/31/corrupt500/r010.3_r100.4/flipped_matrix.svg
Metrics: {'precision': 0.41132075471698115, 'recall': 0.436, 'f1': 0.4233009708737864, 'TP': 218, 'FP': 312, 'FN': 282}
[Elbow detection] flip ≈ 1838, λ ≈ 0.8775510204081632
Number of flips performed (elbow): 1838
Matrix saved as results/31/corrupt500/r010.3_r100.4/flipped_matrix_elbow.svg
Elbow Metrics: {'precision': 0.2192600652883569, 'recall': 0.806, 'f1': 0.34473909324208724, 'TP': 403, 'FP': 1435, 'FN': 97}
