[iter 0] λ=0.5000 → flips=1221
[iter 1] λ=0.7500 → flips=3316
[iter 2] λ=0.6250 → flips=2098
[iter 3] λ=0.5625 → flips=1650
[iter 4] λ=0.5938 → flips=1810
[iter 5] λ=0.6094 → flips=1914
[iter 6] λ=0.6172 → flips=2047
[iter 7] λ=0.6133 → flips=2021
[iter 8] λ=0.6113 → flips=1913
[iter 9] λ=0.6123 → flips=2019
[iter 10] λ=0.6118 → flips=2018
[iter 11] λ=0.6116 → flips=2002
[iter 12] λ=0.6115 → flips=1928
[iter 13] λ=0.6115 → flips=2002
[iter 14] λ=0.6115 → flips=2002
[iter 15] λ=0.6115 → flips=2002
[iter 16] λ=0.6115 → flips=1913
[iter 17] λ=0.6115 → flips=2002
[iter 18] λ=0.6115 → flips=1928
[iter 19] λ=0.6115 → flips=2002

Best λ=0.6116 → flips=2002, correct=1559/2000
Number of flips performed: 2002
Metrics: {'precision': 0.7787212787212787, 'recall': 0.7795, 'f1': 0.7791104447776112, 'TP': 1559, 'FP': 443, 'FN': 441}
[Elbow detection] flip ≈ 3124, λ ≈ 0.7346938775510203
Number of flips performed (elbow): 3124
Elbow Metrics: {'precision': 0.5912291933418694, 'recall': 0.9235, 'f1': 0.7209211553473849, 'TP': 1847, 'FP': 1277, 'FN': 153}
