Matrix saved as results/163/corrupt500/r010.7_r100.6/original_matrix.svg
Matrix saved as results/163/corrupt500/r010.7_r100.6/corrupted.svg
[iter 0] λ=0.5000 → flips=210
[iter 1] λ=0.7500 → flips=1438
[iter 2] λ=0.6250 → flips=433
[iter 3] λ=0.6875 → flips=922
[iter 4] λ=0.6562 → flips=564
[iter 5] λ=0.6406 → flips=494
[iter 6] λ=0.6484 → flips=539
[iter 7] λ=0.6445 → flips=522
[iter 8] λ=0.6426 → flips=513
[iter 9] λ=0.6416 → flips=505
[iter 10] λ=0.6411 → flips=494
[iter 11] λ=0.6414 → flips=496
[iter 12] λ=0.6415 → flips=505
[iter 13] λ=0.6414 → flips=505
[iter 14] λ=0.6414 → flips=505
[iter 15] λ=0.6414 → flips=505
[iter 16] λ=0.6414 → flips=505
[iter 17] λ=0.6414 → flips=496
[iter 18] λ=0.6414 → flips=496
[iter 19] λ=0.6414 → flips=496

Best λ=0.6414 → flips=496, correct=334/500
Number of flips performed: 496
Matrix saved as results/163/corrupt500/r010.7_r100.6/flipped_matrix.svg
Metrics: {'precision': 0.6733870967741935, 'recall': 0.668, 'f1': 0.6706827309236947, 'TP': 334, 'FP': 162, 'FN': 166}
[Elbow detection] flip ≈ 922, λ ≈ 0.6938775510204082
Number of flips performed (elbow): 922
Matrix saved as results/163/corrupt500/r010.7_r100.6/flipped_matrix_elbow.svg
Elbow Metrics: {'precision': 0.4566160520607375, 'recall': 0.842, 'f1': 0.5921237693389592, 'TP': 421, 'FP': 501, 'FN': 79}
