Matrix saved as ml_parsimony_matrices/seed152_ratio2.0851.png
Matrix saved as results/152/corrupt10/r010.4_r100.3/original_matrix.png
Matrix saved as results/152/corrupt10/r010.4_r100.3/corrupted.png
[iter 0] λ=0.5000 → flips=15
[iter 1] λ=0.2500 → flips=0
[iter 2] λ=0.3750 → flips=15
[iter 3] λ=0.3125 → flips=0
[iter 4] λ=0.3438 → flips=0
[iter 5] λ=0.3594 → flips=3
[iter 6] λ=0.3672 → flips=12
[iter 7] λ=0.3633 → flips=7
[iter 8] λ=0.3652 → flips=9
[iter 9] λ=0.3662 → flips=10

Best λ=0.3662 → flips=10, correct=8/10
Number of flips performed: 10
Cell (Hypanartia_lethe,Betulaceae): 0 -> 1
Cell (Vanessa_annabella,Ulmaceae): 0 -> 1
Cell (Vanessa_atalanta,Urticaceae): 0 -> 1
Cell (Aglais_milberti,Malvaceae): 0 -> 1
Cell (Aglais_urticae,Siparunaceae): 0 -> 1
Cell (Polygonia_c_aureum,Fabaceae): 0 -> 1
Cell (Polygonia_faunus,Malvaceae): 0 -> 1
Cell (Polygonia_faunus,Asteraceae): 0 -> 1
Cell (Polygonia_progne,Aristolochiaceae): 0 -> 1
Cell (Polygonia_zephyrus,Asteraceae): 0 -> 1
Matrix saved as results/152/corrupt10/r010.4_r100.3/flipped_matrix.png
Metrics: {'precision': 0.8, 'recall': 0.8, 'f1': 0.8000000000000002, 'TP': 8, 'FP': 2, 'FN': 2}
[Elbow detection] λ ≈ 0.372 (cutoff=0.361)
Elbow Metrics: {'precision': 0.7142857142857143, 'recall': 1.0, 'f1': 0.8333333333333333, 'TP': 10, 'FP': 4, 'FN': 0}
