Matrix saved as results/9/corrupt500/r010.7_r100.3/original_matrix.svg
Matrix saved as results/9/corrupt500/r010.7_r100.3/corrupted.svg
[iter 0] λ=0.5000 → flips=428
[iter 1] λ=0.7500 → flips=1504
[iter 2] λ=0.6250 → flips=741
[iter 3] λ=0.5625 → flips=626
[iter 4] λ=0.5312 → flips=509
[iter 5] λ=0.5156 → flips=475
[iter 6] λ=0.5234 → flips=483
[iter 7] λ=0.5273 → flips=486
[iter 8] λ=0.5293 → flips=492
[iter 9] λ=0.5303 → flips=498
[iter 10] λ=0.5308 → flips=503
[iter 11] λ=0.5305 → flips=501
[iter 12] λ=0.5304 → flips=501
[iter 13] λ=0.5303 → flips=501
[iter 14] λ=0.5303 → flips=498
[iter 15] λ=0.5303 → flips=498
[iter 16] λ=0.5303 → flips=501
[iter 17] λ=0.5303 → flips=501
[iter 18] λ=0.5303 → flips=501
[iter 19] λ=0.5303 → flips=498

Best λ=0.5305 → flips=501, correct=367/500
Number of flips performed: 501
Matrix saved as results/9/corrupt500/r010.7_r100.3/flipped_matrix.svg
Metrics: {'precision': 0.7325349301397206, 'recall': 0.734, 'f1': 0.7332667332667333, 'TP': 367, 'FP': 134, 'FN': 133}
[Elbow detection] flip ≈ 697, λ ≈ 0.5918367346938775
Number of flips performed (elbow): 697
Matrix saved as results/9/corrupt500/r010.7_r100.3/flipped_matrix_elbow.svg
Elbow Metrics: {'precision': 0.6226685796269728, 'recall': 0.868, 'f1': 0.7251461988304093, 'TP': 434, 'FP': 263, 'FN': 66}
