[iter 0] λ=0.5000 → flips=796
[iter 1] λ=0.7500 → flips=5137
[iter 2] λ=0.6250 → flips=3420
[iter 3] λ=0.6875 → flips=4480
[iter 4] λ=0.7188 → flips=5050
[iter 5] λ=0.7031 → flips=4639
[iter 6] λ=0.7109 → flips=4989
[iter 7] λ=0.7148 → flips=4822
[iter 8] λ=0.7168 → flips=4850
[iter 9] λ=0.7178 → flips=4850
[iter 10] λ=0.7183 → flips=4850
[iter 11] λ=0.7185 → flips=4850
[iter 12] λ=0.7186 → flips=4850
[iter 13] λ=0.7187 → flips=4850
[iter 14] λ=0.7187 → flips=4850
[iter 15] λ=0.7187 → flips=4862
[iter 16] λ=0.7187 → flips=4850
[iter 17] λ=0.7187 → flips=4850
[iter 18] λ=0.7187 → flips=4850
[iter 19] λ=0.7187 → flips=4862

Best λ=0.7109 → flips=4989, correct=4079/5000
Number of flips performed: 4989
Metrics: {'precision': 0.8175987171777911, 'recall': 0.8158, 'f1': 0.8166983682050255, 'TP': 4079, 'FP': 910, 'FN': 921}
[Elbow detection] flip ≈ 5992, λ ≈ 0.7959183673469387
Number of flips performed (elbow): 5992
Elbow Metrics: {'precision': 0.7319759679572764, 'recall': 0.8772, 'f1': 0.7980349344978166, 'TP': 4386, 'FP': 1606, 'FN': 614}
