[iter 0] λ=0.5000 → flips=938
[iter 1] λ=0.7500 → flips=3766
[iter 2] λ=0.6250 → flips=1745
[iter 3] λ=0.5625 → flips=1373
[iter 4] λ=0.5312 → flips=1152
[iter 5] λ=0.5156 → flips=1041
[iter 6] λ=0.5078 → flips=1003
[iter 7] λ=0.5039 → flips=965
[iter 8] λ=0.5059 → flips=984
[iter 9] λ=0.5068 → flips=994
[iter 10] λ=0.5073 → flips=995
[iter 11] λ=0.5076 → flips=995
[iter 12] λ=0.5077 → flips=995
[iter 13] λ=0.5078 → flips=995
[iter 14] λ=0.5078 → flips=995
[iter 15] λ=0.5078 → flips=1003
[iter 16] λ=0.5078 → flips=1003
[iter 17] λ=0.5078 → flips=1003
[iter 18] λ=0.5078 → flips=995
[iter 19] λ=0.5078 → flips=1003

Best λ=0.5078 → flips=1003, correct=612/1000
Number of flips performed: 1003
Metrics: {'precision': 0.6101694915254238, 'recall': 0.612, 'f1': 0.6110833749375937, 'TP': 612, 'FP': 391, 'FN': 388}
[Elbow detection] flip ≈ 4376, λ ≈ 0.7755102040816326
Number of flips performed (elbow): 4376
Elbow Metrics: {'precision': 0.2173217550274223, 'recall': 0.951, 'f1': 0.3537946428571428, 'TP': 951, 'FP': 3425, 'FN': 49}
