[iter 0] λ=0.5000 → flips=939
[iter 1] λ=0.7500 → flips=2178
[iter 2] λ=0.6250 → flips=1404
[iter 3] λ=0.5625 → flips=1176
[iter 4] λ=0.5312 → flips=1050
[iter 5] λ=0.5156 → flips=977
[iter 6] λ=0.5234 → flips=1021
[iter 7] λ=0.5195 → flips=986
[iter 8] λ=0.5215 → flips=1009
[iter 9] λ=0.5205 → flips=1006
[iter 10] λ=0.5200 → flips=999
[iter 11] λ=0.5203 → flips=1004
[iter 12] λ=0.5201 → flips=999
[iter 13] λ=0.5202 → flips=999
[iter 14] λ=0.5202 → flips=999
[iter 15] λ=0.5202 → flips=1004
[iter 16] λ=0.5202 → flips=1004
[iter 17] λ=0.5202 → flips=1004
[iter 18] λ=0.5202 → flips=1004
[iter 19] λ=0.5202 → flips=999

Best λ=0.5200 → flips=999, correct=728/1000
Number of flips performed: 999
Metrics: {'precision': 0.7287287287287287, 'recall': 0.728, 'f1': 0.7283641820910455, 'TP': 728, 'FP': 271, 'FN': 272}
[Elbow detection] flip ≈ 3897, λ ≈ 0.8163265306122448
Number of flips performed (elbow): 3897
Elbow Metrics: {'precision': 0.24762637926610212, 'recall': 0.965, 'f1': 0.3941188482744537, 'TP': 965, 'FP': 2932, 'FN': 35}
