[iter 0] λ=0.5000 → flips=1402
[iter 1] λ=0.7500 → flips=3391
[iter 2] λ=0.6250 → flips=2159
[iter 3] λ=0.5625 → flips=1809
[iter 4] λ=0.5938 → flips=2028
[iter 5] λ=0.5781 → flips=1913
[iter 6] λ=0.5859 → flips=1981
[iter 7] λ=0.5898 → flips=2009
[iter 8] λ=0.5879 → flips=1993
[iter 9] λ=0.5889 → flips=1999
[iter 10] λ=0.5894 → flips=2001
[iter 11] λ=0.5891 → flips=1999
[iter 12] λ=0.5892 → flips=2001
[iter 13] λ=0.5892 → flips=1999
[iter 14] λ=0.5892 → flips=2004
[iter 15] λ=0.5892 → flips=1999
[iter 16] λ=0.5892 → flips=1999
[iter 17] λ=0.5892 → flips=1999
[iter 18] λ=0.5892 → flips=1999
[iter 19] λ=0.5892 → flips=1999

Best λ=0.5889 → flips=1999, correct=1588/2000
Number of flips performed: 1999
Metrics: {'precision': 0.7943971985992997, 'recall': 0.794, 'f1': 0.7941985496374094, 'TP': 1588, 'FP': 411, 'FN': 412}
[Elbow detection] flip ≈ 2695, λ ≈ 0.6938775510204082
Number of flips performed (elbow): 2695
Elbow Metrics: {'precision': 0.6730983302411874, 'recall': 0.907, 'f1': 0.7727369542066028, 'TP': 1814, 'FP': 881, 'FN': 186}
