[iter 0] λ=0.5000 → flips=652
[iter 1] λ=0.7500 → flips=5046
[iter 2] λ=0.6250 → flips=3191
[iter 3] λ=0.6875 → flips=4076
[iter 4] λ=0.7188 → flips=4603
[iter 5] λ=0.7344 → flips=4768
[iter 6] λ=0.7422 → flips=4864
[iter 7] λ=0.7461 → flips=4934
[iter 8] λ=0.7480 → flips=5136
[iter 9] λ=0.7471 → flips=5016
[iter 10] λ=0.7466 → flips=5066
[iter 11] λ=0.7463 → flips=5062
[iter 12] λ=0.7462 → flips=4934
[iter 13] λ=0.7463 → flips=4934
[iter 14] λ=0.7463 → flips=4934
[iter 15] λ=0.7463 → flips=4985
[iter 16] λ=0.7463 → flips=4985
[iter 17] λ=0.7463 → flips=4985
[iter 18] λ=0.7463 → flips=4985
[iter 19] λ=0.7463 → flips=4985

Best λ=0.7463 → flips=4985, correct=4158/5000
Number of flips performed: 4985
Metrics: {'precision': 0.8341023069207623, 'recall': 0.8316, 'f1': 0.8328492739108664, 'TP': 4158, 'FP': 827, 'FN': 842}
[Elbow detection] flip ≈ 6078, λ ≈ 0.7959183673469387
Number of flips performed (elbow): 6078
Elbow Metrics: {'precision': 0.7201382033563672, 'recall': 0.8754, 'f1': 0.7902148402238671, 'TP': 4377, 'FP': 1701, 'FN': 623}
