Matrix saved as ml_parsimony_matrices/seed119_ratio1.3764.png
Matrix saved as results/119/corrupt10/r010.3_r100.7/original_matrix.png
Matrix saved as results/119/corrupt10/r010.3_r100.7/corrupted.png
[iter 0] λ=0.5000 → flips=75
[iter 1] λ=0.2500 → flips=0
[iter 2] λ=0.3750 → flips=43
[iter 3] λ=0.3125 → flips=0
[iter 4] λ=0.3438 → flips=0
[iter 5] λ=0.3594 → flips=11
[iter 6] λ=0.3516 → flips=0
[iter 7] λ=0.3555 → flips=4
[iter 8] λ=0.3574 → flips=8
[iter 9] λ=0.3584 → flips=9
[iter 10] λ=0.3589 → flips=9
[iter 11] λ=0.3591 → flips=10

Best λ=0.3591 → flips=10, correct=0/10
Number of flips performed: 10
Cell (Vanessa_cardui,Ulmaceae): 0 -> 1
Cell (Vanessa_atalanta,Ulmaceae): 0 -> 1
Cell (Vanessa_tameamea,Urticaceae): 0 -> 1
Cell (Polygonia_faunus,Urticaceae): 0 -> 1
Cell (Polygonia_satyrus,Ulmaceae): 0 -> 1
Cell (Polygonia_comma,Ulmaceae): 0 -> 1
Cell (Polygonia_comma,Urticaceae): 0 -> 1
Cell (Polygonia_oreas,Rosaceae): 0 -> 1
Cell (Polygonia_oreas,Urticaceae): 0 -> 1
Cell (Polygonia_zephyrus,Cannabaceae): 0 -> 1
Matrix saved as results/119/corrupt10/r010.3_r100.7/flipped_matrix.png
Metrics: {'precision': 0.0, 'recall': 0.0, 'f1': 0, 'TP': 0, 'FP': 10, 'FN': 10}
[Elbow detection] λ ≈ 0.376 (cutoff=0.365)
Elbow Metrics: {'precision': 0.1956521739130435, 'recall': 0.9, 'f1': 0.3214285714285714, 'TP': 9, 'FP': 37, 'FN': 1}
