Matrix saved as results/119/corrupt500/r010.7_r100.5/original_matrix.svg
Matrix saved as results/119/corrupt500/r010.7_r100.5/corrupted.svg
[iter 0] λ=0.5000 → flips=172
[iter 1] λ=0.7500 → flips=1469
[iter 2] λ=0.6250 → flips=408
[iter 3] λ=0.6875 → flips=842
[iter 4] λ=0.6562 → flips=620
[iter 5] λ=0.6406 → flips=510
[iter 6] λ=0.6328 → flips=413
[iter 7] λ=0.6367 → flips=451
[iter 8] λ=0.6387 → flips=461
[iter 9] λ=0.6396 → flips=465
[iter 10] λ=0.6401 → flips=465
[iter 11] λ=0.6404 → flips=487
[iter 12] λ=0.6405 → flips=510
[iter 13] λ=0.6404 → flips=510
[iter 14] λ=0.6404 → flips=487
[iter 15] λ=0.6404 → flips=510
[iter 16] λ=0.6404 → flips=510
[iter 17] λ=0.6404 → flips=487
[iter 18] λ=0.6404 → flips=487
[iter 19] λ=0.6404 → flips=487

Best λ=0.6406 → flips=510, correct=314/500
Number of flips performed: 510
Matrix saved as results/119/corrupt500/r010.7_r100.5/flipped_matrix.svg
Metrics: {'precision': 0.615686274509804, 'recall': 0.628, 'f1': 0.6217821782178218, 'TP': 314, 'FP': 196, 'FN': 186}
[Elbow detection] flip ≈ 848, λ ≈ 0.6938775510204082
Number of flips performed (elbow): 848
Matrix saved as results/119/corrupt500/r010.7_r100.5/flipped_matrix_elbow.svg
Elbow Metrics: {'precision': 0.45872641509433965, 'recall': 0.778, 'f1': 0.5771513353115727, 'TP': 389, 'FP': 459, 'FN': 111}
