[iter 0] λ=0.5000 → flips=924
[iter 1] λ=0.7500 → flips=3031
[iter 2] λ=0.6250 → flips=1668
[iter 3] λ=0.5625 → flips=1232
[iter 4] λ=0.5312 → flips=1117
[iter 5] λ=0.5156 → flips=1035
[iter 6] λ=0.5078 → flips=961
[iter 7] λ=0.5117 → flips=1010
[iter 8] λ=0.5098 → flips=969
[iter 9] λ=0.5107 → flips=978
[iter 10] λ=0.5112 → flips=1010
[iter 11] λ=0.5110 → flips=1008
[iter 12] λ=0.5109 → flips=1008
[iter 13] λ=0.5108 → flips=1008
[iter 14] λ=0.5108 → flips=1007
[iter 15] λ=0.5108 → flips=978
[iter 16] λ=0.5108 → flips=1007
[iter 17] λ=0.5108 → flips=978
[iter 18] λ=0.5108 → flips=1007
[iter 19] λ=0.5108 → flips=1007

Best λ=0.5108 → flips=1007, correct=749/1000
Number of flips performed: 1007
Metrics: {'precision': 0.7437934458788481, 'recall': 0.749, 'f1': 0.7463876432486298, 'TP': 749, 'FP': 258, 'FN': 251}
[Elbow detection] flip ≈ 2844, λ ≈ 0.7346938775510203
Number of flips performed (elbow): 2844
Elbow Metrics: {'precision': 0.339662447257384, 'recall': 0.966, 'f1': 0.5026014568158169, 'TP': 966, 'FP': 1878, 'FN': 34}
