Matrix saved as ml_parsimony_matrices/seed75_ratio2.4086.png
Matrix saved as results/75/corrupt10/r010.7_r100.5/original_matrix.png
Matrix saved as results/75/corrupt10/r010.7_r100.5/corrupted.png
[iter 0] λ=0.5000 → flips=23
[iter 1] λ=0.2500 → flips=0
[iter 2] λ=0.3750 → flips=5
[iter 3] λ=0.4375 → flips=23
[iter 4] λ=0.4062 → flips=23
[iter 5] λ=0.3906 → flips=22
[iter 6] λ=0.3828 → flips=14
[iter 7] λ=0.3789 → flips=10

Best λ=0.3789 → flips=10, correct=4/10
Number of flips performed: 10
Cell (Vanessa_dimorphica,Ericaceae): 0 -> 1
Cell (Vanessa_virginiensis,Rhamnaceae): 0 -> 1
Cell (Aglais_milberti,Ericaceae): 0 -> 1
Cell (Kaniska_canace,Plantaginaceae): 0 -> 1
Cell (Nymphalis_polychloros,Ericaceae): 0 -> 1
Cell (Nymphalis_xanthomelas,Rhamnaceae): 0 -> 1
Cell (Polygonia_c_aureum,Urticaceae): 0 -> 1
Cell (Polygonia_satyrus,Boraginaceae): 0 -> 1
Cell (Polygonia_oreas,Acoraceae): 0 -> 1
Cell (Polygonia_progne,Boraginaceae): 0 -> 1
Matrix saved as results/75/corrupt10/r010.7_r100.5/flipped_matrix.png
Metrics: {'precision': 0.4, 'recall': 0.4, 'f1': 0.4000000000000001, 'TP': 4, 'FP': 6, 'FN': 6}
[Elbow detection] λ ≈ 0.396 (cutoff=0.373)
Elbow Metrics: {'precision': 0.45454545454545453, 'recall': 1.0, 'f1': 0.625, 'TP': 10, 'FP': 12, 'FN': 0}
