[iter 0] λ=0.5000 → flips=0
[iter 1] λ=0.7500 → flips=1
[iter 2] λ=0.8750 → flips=1
[iter 3] λ=0.9375 → flips=11
[iter 4] λ=0.9688 → flips=20
[iter 5] λ=0.9844 → flips=21691
[iter 6] λ=0.9766 → flips=361
[iter 7] λ=0.9805 → flips=361
[iter 8] λ=0.9824 → flips=361
[iter 9] λ=0.9834 → flips=361
[iter 10] λ=0.9839 → flips=361
[iter 11] λ=0.9841 → flips=21691
[iter 12] λ=0.9840 → flips=21691
[iter 13] λ=0.9839 → flips=21691
[iter 14] λ=0.9839 → flips=21691
[iter 15] λ=0.9839 → flips=361
[iter 16] λ=0.9839 → flips=21691
[iter 17] λ=0.9839 → flips=21691
[iter 18] λ=0.9839 → flips=361
[iter 19] λ=0.9839 → flips=21691

Best λ=0.9766 → flips=361, correct=268/5000
Number of flips performed: 361
Metrics: {'precision': 0.7423822714681441, 'recall': 0.0536, 'f1': 0.09998134676366349, 'TP': 268, 'FP': 93, 'FN': 4732}
[Elbow detection] flip ≈ None, λ ≈ 1.0
Number of flips performed (elbow): 21691
Elbow Metrics: {'precision': 0.23051034991471117, 'recall': 1.0, 'f1': 0.37465812446142893, 'TP': 5000, 'FP': 16691, 'FN': 0}
