Matrix saved as ml_parsimony_matrices/seed64_ratio1.2092.png
Matrix saved as results/64/corrupt10/r010.5_r100.7/original_matrix.png
Matrix saved as results/64/corrupt10/r010.5_r100.7/corrupted.png
[iter 0] λ=0.5000 → flips=92
[iter 1] λ=0.2500 → flips=0
[iter 2] λ=0.3750 → flips=15
[iter 3] λ=0.3125 → flips=0
[iter 4] λ=0.3438 → flips=0
[iter 5] λ=0.3594 → flips=1
[iter 6] λ=0.3672 → flips=8
[iter 7] λ=0.3711 → flips=12
[iter 8] λ=0.3691 → flips=8
[iter 9] λ=0.3701 → flips=11
[iter 10] λ=0.3696 → flips=9
[iter 11] λ=0.3699 → flips=10

Best λ=0.3699 → flips=10, correct=1/10
Number of flips performed: 10
Cell (Aglais_io,Urticaceae): 0 -> 1
Cell (Aglais_milberti,Cannabaceae): 0 -> 1
Cell (Aglais_urticae,Rhamnaceae): 0 -> 1
Cell (Aglais_urticae,Ulmaceae): 0 -> 1
Cell (Nymphalis_xanthomelas,Cannabaceae): 0 -> 1
Cell (Polygonia_interrogationis,Cannabaceae): 0 -> 1
Cell (Polygonia_comma,Rhamnaceae): 0 -> 1
Cell (Polygonia_progne,Ulmaceae): 0 -> 1
Cell (Polygonia_progne,Urticaceae): 0 -> 1
Cell (Polygonia_gracilis,Plantaginaceae): 0 -> 1
Matrix saved as results/64/corrupt10/r010.5_r100.7/flipped_matrix.png
Metrics: {'precision': 0.1, 'recall': 0.1, 'f1': 0.10000000000000002, 'TP': 1, 'FP': 9, 'FN': 9}
[Elbow detection] λ ≈ 0.398 (cutoff=0.375)
Elbow Metrics: {'precision': 0.15254237288135594, 'recall': 0.9, 'f1': 0.2608695652173913, 'TP': 9, 'FP': 50, 'FN': 1}
