Matrix saved as results/20/corrupt800/r010.5_r100.3/original_matrix.svg
Matrix saved as results/20/corrupt800/r010.5_r100.3/corrupted.svg
[iter 0] λ=0.5000 → flips=402
[iter 1] λ=0.7500 → flips=1805
[iter 2] λ=0.6250 → flips=864
[iter 3] λ=0.5625 → flips=591
[iter 4] λ=0.5938 → flips=709
[iter 5] λ=0.6094 → flips=810
[iter 6] λ=0.6016 → flips=784
[iter 7] λ=0.6055 → flips=793
[iter 8] λ=0.6074 → flips=799
[iter 9] λ=0.6084 → flips=801
[iter 10] λ=0.6079 → flips=799
[iter 11] λ=0.6082 → flips=799
[iter 12] λ=0.6083 → flips=801
[iter 13] λ=0.6082 → flips=801
[iter 14] λ=0.6082 → flips=800

Best λ=0.6082 → flips=800, correct=636/800
Number of flips performed: 800
Matrix saved as results/20/corrupt800/r010.5_r100.3/flipped_matrix.svg
Metrics: {'precision': 0.795, 'recall': 0.795, 'f1': 0.795, 'TP': 636, 'FP': 164, 'FN': 164}
[Elbow detection] flip ≈ 901, λ ≈ 0.6326530612244897
Number of flips performed (elbow): 901
Matrix saved as results/20/corrupt800/r010.5_r100.3/flipped_matrix_elbow.svg
Elbow Metrics: {'precision': 0.7491675915649278, 'recall': 0.84375, 'f1': 0.7936507936507936, 'TP': 675, 'FP': 226, 'FN': 125}
