[iter 0] λ=0.5000 → flips=1879
[iter 1] λ=0.7500 → flips=6625
[iter 2] λ=0.6250 → flips=2868
[iter 3] λ=0.5625 → flips=2294
[iter 4] λ=0.5312 → flips=2052
[iter 5] λ=0.5156 → flips=1986
[iter 6] λ=0.5234 → flips=2025
[iter 7] λ=0.5195 → flips=2002
[iter 8] λ=0.5176 → flips=1997
[iter 9] λ=0.5186 → flips=2001
[iter 10] λ=0.5181 → flips=2001
[iter 11] λ=0.5178 → flips=2001
[iter 12] λ=0.5177 → flips=2001
[iter 13] λ=0.5176 → flips=1997
[iter 14] λ=0.5177 → flips=2001
[iter 15] λ=0.5177 → flips=2001
[iter 16] λ=0.5176 → flips=2001
[iter 17] λ=0.5176 → flips=1997
[iter 18] λ=0.5176 → flips=1997
[iter 19] λ=0.5176 → flips=2001

Best λ=0.5186 → flips=2001, correct=1649/2000
Number of flips performed: 2001
Metrics: {'precision': 0.824087956021989, 'recall': 0.8245, 'f1': 0.8242939265183704, 'TP': 1649, 'FP': 352, 'FN': 351}
[Elbow detection] flip ≈ 2718, λ ≈ 0.6122448979591836
Number of flips performed (elbow): 2718
Elbow Metrics: {'precision': 0.6681383370125092, 'recall': 0.908, 'f1': 0.7698177193726156, 'TP': 1816, 'FP': 902, 'FN': 184}
