Matrix saved as results/75/corrupt10/r010.3_r100.3/original_matrix.png
Matrix saved as results/75/corrupt10/r010.3_r100.3/corrupted.png
[iter 0] λ=0.5000 → flips=33
[iter 1] λ=0.2500 → flips=0
[iter 2] λ=0.3750 → flips=27
[iter 3] λ=0.3125 → flips=0
[iter 4] λ=0.3438 → flips=0
[iter 5] λ=0.3594 → flips=17
[iter 6] λ=0.3516 → flips=0
[iter 7] λ=0.3555 → flips=7
[iter 8] λ=0.3574 → flips=11
[iter 9] λ=0.3564 → flips=7
[iter 10] λ=0.3569 → flips=9
[iter 11] λ=0.3572 → flips=9
[iter 12] λ=0.3573 → flips=10

Best λ=0.3573 → flips=10, correct=1/10
Number of flips performed: 10
Cell (Vanessa_hippomene,Asteraceae): 0 -> 1
Cell (Vanessa_virginiensis,Rhamnaceae): 0 -> 1
Cell (Vanessa_atalanta,Boraginaceae): 0 -> 1
Cell (Vanessa_tameamea,Plantaginaceae): 0 -> 1
Cell (Aglais_urticae,Plantaginaceae): 0 -> 1
Cell (Nymphalis_l_album,Boraginaceae): 0 -> 1
Cell (Polygonia_c_aureum,Urticaceae): 0 -> 1
Cell (Polygonia_c_aureum,Plantaginaceae): 0 -> 1
Cell (Polygonia_satyrus,Boraginaceae): 0 -> 1
Cell (Polygonia_interrogationis,Rosaceae): 0 -> 1
Matrix saved as results/75/corrupt10/r010.3_r100.3/flipped_matrix.png
Metrics: {'precision': 0.1, 'recall': 0.1, 'f1': 0.10000000000000002, 'TP': 1, 'FP': 9, 'FN': 9}
[Elbow detection] flip ≈ 27, λ ≈ 0.36734693877551017
Number of flips performed (elbow): 27
Cell (Hypanartia_bella,Potamogetonaceae): 0 -> 1
Cell (Hypanartia_bella,Salicaceae): 0 -> 1
Cell (Hypanartia_bella,Grossulariaceae): 0 -> 1
Cell (Hypanartia_bella,Boraginaceae): 0 -> 1
Cell (Vanessa_hippomene,Asteraceae): 0 -> 1
Cell (Vanessa_dimorphica,Ericaceae): 0 -> 1
Cell (Vanessa_virginiensis,Rhamnaceae): 0 -> 1
Cell (Vanessa_abyssinica,Boraginaceae): 0 -> 1
Cell (Vanessa_atalanta,Boraginaceae): 0 -> 1
Cell (Vanessa_tameamea,Plantaginaceae): 0 -> 1
Cell (Aglais_milberti,Ericaceae): 0 -> 1
Cell (Aglais_urticae,Plantaginaceae): 0 -> 1
Cell (Nymphalis_l_album,Rosaceae): 0 -> 1
Cell (Nymphalis_l_album,Asteraceae): 0 -> 1
Cell (Nymphalis_l_album,Boraginaceae): 0 -> 1
Cell (Nymphalis_polychloros,Siparunaceae): 0 -> 1
Cell (Nymphalis_polychloros,Smilacaceae): 0 -> 1
Cell (Nymphalis_polychloros,Ericaceae): 0 -> 1
Cell (Nymphalis_xanthomelas,Malvaceae): 0 -> 1
Cell (Polygonia_c_aureum,Urticaceae): 0 -> 1
Cell (Polygonia_c_aureum,Plantaginaceae): 0 -> 1
Cell (Polygonia_egea,Salicaceae): 0 -> 1
Cell (Polygonia_satyrus,Boraginaceae): 0 -> 1
Cell (Polygonia_interrogationis,Acoraceae): 0 -> 1
Cell (Polygonia_interrogationis,Rosaceae): 0 -> 1
Cell (Polygonia_oreas,Malvaceae): 0 -> 1
Cell (Polygonia_zephyrus,Acoraceae): 0 -> 1
Matrix saved as results/75/corrupt10/r010.3_r100.3/flipped_matrix_elbow.png
Elbow Metrics: {'precision': 0.3333333333333333, 'recall': 0.9, 'f1': 0.48648648648648646, 'TP': 9, 'FP': 18, 'FN': 1}
