[iter 0] λ=0.5000 → flips=4077
[iter 1] λ=0.7500 → flips=10945
[iter 2] λ=0.6250 → flips=9687
[iter 3] λ=0.6875 → flips=10095
[iter 4] λ=0.6562 → flips=9971
[iter 5] λ=0.6719 → flips=10049
[iter 6] λ=0.6641 → flips=10015
[iter 7] λ=0.6602 → flips=9999
[iter 8] λ=0.6621 → flips=10002
[iter 9] λ=0.6611 → flips=9999
[iter 10] λ=0.6616 → flips=10002
[iter 11] λ=0.6614 → flips=9999
[iter 12] λ=0.6615 → flips=9999
[iter 13] λ=0.6616 → flips=10002
[iter 14] λ=0.6615 → flips=10002
[iter 15] λ=0.6615 → flips=10002
[iter 16] λ=0.6615 → flips=10002
[iter 17] λ=0.6615 → flips=9999
[iter 18] λ=0.6615 → flips=9999
[iter 19] λ=0.6615 → flips=10002

Best λ=0.6602 → flips=9999, correct=9719/10000
Number of flips performed: 9999
Metrics: {'precision': 0.971997199719972, 'recall': 0.9719, 'f1': 0.9719485974298715, 'TP': 9719, 'FP': 280, 'FN': 281}
[Elbow detection] flip ≈ 8980, λ ≈ 0.5714285714285714
Number of flips performed (elbow): 8980
Elbow Metrics: {'precision': 0.9856347438752784, 'recall': 0.8851, 'f1': 0.9326659641728134, 'TP': 8851, 'FP': 129, 'FN': 1149}
