Matrix saved as results/141/corrupt500/r010.5_r100.4/original_matrix.svg
Matrix saved as results/141/corrupt500/r010.5_r100.4/corrupted.svg
[iter 0] λ=0.5000 → flips=241
[iter 1] λ=0.7500 → flips=2010
[iter 2] λ=0.6250 → flips=617
[iter 3] λ=0.5625 → flips=367
[iter 4] λ=0.5938 → flips=462
[iter 5] λ=0.6094 → flips=549
[iter 6] λ=0.6016 → flips=523
[iter 7] λ=0.5977 → flips=503
[iter 8] λ=0.5957 → flips=474
[iter 9] λ=0.5967 → flips=488
[iter 10] λ=0.5972 → flips=488
[iter 11] λ=0.5974 → flips=489
[iter 12] λ=0.5975 → flips=489
[iter 13] λ=0.5976 → flips=489
[iter 14] λ=0.5976 → flips=499
[iter 15] λ=0.5976 → flips=502
[iter 16] λ=0.5976 → flips=499
[iter 17] λ=0.5976 → flips=499
[iter 18] λ=0.5976 → flips=499
[iter 19] λ=0.5976 → flips=499

Best λ=0.5976 → flips=499, correct=349/500
Number of flips performed: 499
Matrix saved as results/141/corrupt500/r010.5_r100.4/flipped_matrix.svg
Metrics: {'precision': 0.6993987975951904, 'recall': 0.698, 'f1': 0.6986986986986987, 'TP': 349, 'FP': 150, 'FN': 151}
[Elbow detection] flip ≈ 864, λ ≈ 0.673469387755102
Number of flips performed (elbow): 864
Matrix saved as results/141/corrupt500/r010.5_r100.4/flipped_matrix_elbow.svg
Elbow Metrics: {'precision': 0.49189814814814814, 'recall': 0.85, 'f1': 0.62316715542522, 'TP': 425, 'FP': 439, 'FN': 75}
