[iter 0] λ=0.5000 → flips=1133
[iter 1] λ=0.2500 → flips=0
[iter 2] λ=0.3750 → flips=307
[iter 3] λ=0.4375 → flips=845
[iter 4] λ=0.4688 → flips=992
[iter 5] λ=0.4844 → flips=1051
[iter 6] λ=0.4766 → flips=1016
[iter 7] λ=0.4727 → flips=1001
[iter 8] λ=0.4707 → flips=997
[iter 9] λ=0.4717 → flips=998
[iter 10] λ=0.4722 → flips=998
[iter 11] λ=0.4724 → flips=1001
[iter 12] λ=0.4723 → flips=1001
[iter 13] λ=0.4722 → flips=998
[iter 14] λ=0.4723 → flips=1001
[iter 15] λ=0.4722 → flips=1001
[iter 16] λ=0.4722 → flips=1001
[iter 17] λ=0.4722 → flips=1001
[iter 18] λ=0.4722 → flips=998
[iter 19] λ=0.4722 → flips=998

Best λ=0.4727 → flips=1001, correct=764/1000
Number of flips performed: 1001
Metrics: {'precision': 0.7632367632367633, 'recall': 0.764, 'f1': 0.7636181909045476, 'TP': 764, 'FP': 237, 'FN': 236}
[Elbow detection] flip ≈ 2388, λ ≈ 0.6938775510204082
Number of flips performed (elbow): 2388
Elbow Metrics: {'precision': 0.40326633165829145, 'recall': 0.963, 'f1': 0.5684769775678866, 'TP': 963, 'FP': 1425, 'FN': 37}
