Matrix saved as results/108/corrupt800/r010.7_r100.5/original_matrix.svg
Matrix saved as results/108/corrupt800/r010.7_r100.5/corrupted.svg
[iter 0] λ=0.5000 → flips=247
[iter 1] λ=0.7500 → flips=1935
[iter 2] λ=0.6250 → flips=590
[iter 3] λ=0.6875 → flips=992
[iter 4] λ=0.6562 → flips=696
[iter 5] λ=0.6719 → flips=847
[iter 6] λ=0.6641 → flips=766
[iter 7] λ=0.6680 → flips=836
[iter 8] λ=0.6660 → flips=771
[iter 9] λ=0.6670 → flips=789
[iter 10] λ=0.6675 → flips=836
[iter 11] λ=0.6672 → flips=794
[iter 12] λ=0.6674 → flips=836
[iter 13] λ=0.6673 → flips=836
[iter 14] λ=0.6673 → flips=794
[iter 15] λ=0.6673 → flips=794
[iter 16] λ=0.6673 → flips=794
[iter 17] λ=0.6673 → flips=794
[iter 18] λ=0.6673 → flips=836
[iter 19] λ=0.6673 → flips=794

Best λ=0.6672 → flips=794, correct=576/800
Number of flips performed: 794
Matrix saved as results/108/corrupt800/r010.7_r100.5/flipped_matrix.svg
Metrics: {'precision': 0.72544080604534, 'recall': 0.72, 'f1': 0.7227101631116687, 'TP': 576, 'FP': 218, 'FN': 224}
[Elbow detection] flip ≈ 1018, λ ≈ 0.6938775510204082
Number of flips performed (elbow): 1018
Matrix saved as results/108/corrupt800/r010.7_r100.5/flipped_matrix_elbow.svg
Elbow Metrics: {'precision': 0.6267190569744597, 'recall': 0.7975, 'f1': 0.7018701870187019, 'TP': 638, 'FP': 380, 'FN': 162}
