Matrix saved as results/braga/119/b1_c1/original_matrix.png
Matrix saved as results/braga/119/b1_c1/corrupted.png
[iter 0] λ=0.5000 → flips=39
[iter 1] λ=0.7500 → flips=471
[iter 2] λ=0.6250 → flips=448
[iter 3] λ=0.5625 → flips=327
[iter 4] λ=0.5312 → flips=84
[iter 5] λ=0.5469 → flips=279
[iter 6] λ=0.5391 → flips=186
[iter 7] λ=0.5430 → flips=245
[iter 8] λ=0.5410 → flips=238
[iter 9] λ=0.5400 → flips=233
[iter 10] λ=0.5396 → flips=233
[iter 11] λ=0.5393 → flips=186
[iter 12] λ=0.5394 → flips=186
[iter 13] λ=0.5395 → flips=186
[iter 14] λ=0.5395 → flips=186
[iter 15] λ=0.5395 → flips=186
[iter 16] λ=0.5395 → flips=186
[iter 17] λ=0.5395 → flips=186
[iter 18] λ=0.5395 → flips=186
[iter 19] λ=0.5395 → flips=186

Best λ=0.5391 → flips=186, correct=90/191
Number of flips performed: 186
Cell (Hypanartia_lethe,Nymphaeaceae): 0 -> 1
Cell (Hypanartia_lethe,Smilacaceae): 0 -> 1
Cell (Hypanartia_lethe,Acoraceae): 0 -> 1
Cell (Hypanartia_lethe,Ceratophyllaceae): 0 -> 1
Cell (Hypanartia_lethe,Grossulariaceae): 0 -> 1
Cell (Hypanartia_lethe,Ericaceae): 0 -> 1
Cell (Hypanartia_lethe,Asteraceae): 0 -> 1
Cell (Hypanartia_lethe,Plantaginaceae): 0 -> 1
Cell (Hypanartia_bella,Amborellaceae): 0 -> 1
Cell (Hypanartia_bella,Nymphaeaceae): 0 -> 1
Cell (Hypanartia_bella,Typhaceae): 0 -> 1
Cell (Hypanartia_bella,Acoraceae): 0 -> 1
Cell (Hypanartia_bella,Boraginaceae): 0 -> 1
Cell (Vanessa_itea,Nymphaeaceae): 0 -> 1
Cell (Vanessa_itea,Siparunaceae): 0 -> 1
Cell (Vanessa_itea,Chloranthaceae): 0 -> 1
Cell (Vanessa_itea,Typhaceae): 0 -> 1
Cell (Vanessa_itea,Smilacaceae): 0 -> 1
Cell (Vanessa_itea,Acoraceae): 0 -> 1
Cell (Vanessa_itea,Ceratophyllaceae): 0 -> 1
Cell (Vanessa_itea,Grossulariaceae): 0 -> 1
Cell (Vanessa_annabella,Amborellaceae): 0 -> 1
Cell (Vanessa_annabella,Siparunaceae): 0 -> 1
Cell (Vanessa_annabella,Chloranthaceae): 0 -> 1
Cell (Vanessa_annabella,Potamogetonaceae): 0 -> 1
Cell (Vanessa_annabella,Betulaceae): 0 -> 1
Cell (Vanessa_annabella,Asteraceae): 0 -> 1
Cell (Vanessa_hippomene,Amborellaceae): 0 -> 1
Cell (Vanessa_hippomene,Nymphaeaceae): 0 -> 1
Cell (Vanessa_hippomene,Schisandraceae): 0 -> 1
Cell (Vanessa_hippomene,Typhaceae): 0 -> 1
Cell (Vanessa_hippomene,Acoraceae): 0 -> 1
Cell (Vanessa_hippomene,Fabaceae): 0 -> 1
Cell (Vanessa_hippomene,Grossulariaceae): 0 -> 1
Cell (Vanessa_hippomene,Ericaceae): 0 -> 1
Cell (Vanessa_hippomene,Asteraceae): 0 -> 1
Cell (Vanessa_hippomene,Plantaginaceae): 0 -> 1
Cell (Vanessa_hippomene,Boraginaceae): 0 -> 1
Cell (Vanessa_dimorphica,Nymphaeaceae): 0 -> 1
Cell (Vanessa_dimorphica,Schisandraceae): 0 -> 1
Cell (Vanessa_dimorphica,Siparunaceae): 0 -> 1
Cell (Vanessa_dimorphica,Chloranthaceae): 0 -> 1
Cell (Vanessa_dimorphica,Typhaceae): 0 -> 1
Cell (Vanessa_dimorphica,Smilacaceae): 0 -> 1
Cell (Vanessa_dimorphica,Acoraceae): 0 -> 1
Cell (Vanessa_dimorphica,Rhamnaceae): 0 -> 1
Cell (Vanessa_dimorphica,Betulaceae): 0 -> 1
Cell (Vanessa_dimorphica,Grossulariaceae): 0 -> 1
Cell (Vanessa_dimorphica,Asteraceae): 0 -> 1
Cell (Vanessa_dimorphica,Plantaginaceae): 0 -> 1
Cell (Vanessa_kershawi,Nymphaeaceae): 0 -> 1
Cell (Vanessa_kershawi,Schisandraceae): 0 -> 1
Cell (Vanessa_kershawi,Chloranthaceae): 0 -> 1
Cell (Vanessa_kershawi,Smilacaceae): 0 -> 1
Cell (Vanessa_kershawi,Potamogetonaceae): 0 -> 1
Cell (Vanessa_kershawi,Grossulariaceae): 0 -> 1
Cell (Vanessa_kershawi,Ericaceae): 0 -> 1
Cell (Vanessa_kershawi,Plantaginaceae): 0 -> 1
Cell (Vanessa_cardui,Amborellaceae): 0 -> 1
Cell (Vanessa_cardui,Chloranthaceae): 0 -> 1
Cell (Vanessa_cardui,Typhaceae): 0 -> 1
Cell (Vanessa_cardui,Smilacaceae): 0 -> 1
Cell (Vanessa_cardui,Potamogetonaceae): 0 -> 1
Cell (Vanessa_cardui,Acoraceae): 0 -> 1
Cell (Vanessa_cardui,Salicaceae): 0 -> 1
Cell (Vanessa_cardui,Malvaceae): 0 -> 1
Cell (Vanessa_cardui,Asteraceae): 0 -> 1
Cell (Vanessa_virginiensis,Amborellaceae): 0 -> 1
Cell (Vanessa_virginiensis,Nymphaeaceae): 0 -> 1
Cell (Vanessa_virginiensis,Chloranthaceae): 0 -> 1
Cell (Vanessa_virginiensis,Potamogetonaceae): 0 -> 1
Cell (Vanessa_virginiensis,Ceratophyllaceae): 0 -> 1
Cell (Vanessa_virginiensis,Rhamnaceae): 0 -> 1
Cell (Vanessa_virginiensis,Betulaceae): 0 -> 1
Cell (Vanessa_virginiensis,Salicaceae): 0 -> 1
Cell (Vanessa_virginiensis,Malvaceae): 0 -> 1
Cell (Vanessa_virginiensis,Ericaceae): 0 -> 1
Cell (Vanessa_virginiensis,Asteraceae): 0 -> 1
Cell (Vanessa_abyssinica,Amborellaceae): 0 -> 1
Cell (Vanessa_abyssinica,Nymphaeaceae): 0 -> 1
Cell (Vanessa_abyssinica,Chloranthaceae): 0 -> 1
Cell (Vanessa_abyssinica,Typhaceae): 0 -> 1
Cell (Vanessa_abyssinica,Acoraceae): 0 -> 1
Cell (Vanessa_abyssinica,Ceratophyllaceae): 0 -> 1
Cell (Vanessa_abyssinica,Rosaceae): 0 -> 1
Cell (Vanessa_abyssinica,Betulaceae): 0 -> 1
Cell (Vanessa_abyssinica,Malvaceae): 0 -> 1
Cell (Vanessa_abyssinica,Grossulariaceae): 0 -> 1
Cell (Vanessa_abyssinica,Ericaceae): 0 -> 1
Cell (Vanessa_abyssinica,Boraginaceae): 0 -> 1
Cell (Vanessa_atalanta,Amborellaceae): 0 -> 1
Cell (Vanessa_atalanta,Schisandraceae): 0 -> 1
Cell (Vanessa_atalanta,Chloranthaceae): 0 -> 1
Cell (Vanessa_atalanta,Typhaceae): 0 -> 1
Cell (Vanessa_atalanta,Rosaceae): 0 -> 1
Cell (Vanessa_atalanta,Malvaceae): 0 -> 1
Cell (Vanessa_atalanta,Ericaceae): 0 -> 1
Cell (Vanessa_atalanta,Plantaginaceae): 0 -> 1
Cell (Vanessa_atalanta,Boraginaceae): 0 -> 1
Cell (Vanessa_tameamea,Amborellaceae): 0 -> 1
Cell (Vanessa_tameamea,Schisandraceae): 0 -> 1
Cell (Vanessa_tameamea,Chloranthaceae): 0 -> 1
Cell (Vanessa_tameamea,Typhaceae): 0 -> 1
Cell (Vanessa_tameamea,Smilacaceae): 0 -> 1
Cell (Vanessa_tameamea,Potamogetonaceae): 0 -> 1
Cell (Vanessa_tameamea,Acoraceae): 0 -> 1
Cell (Vanessa_tameamea,Grossulariaceae): 0 -> 1
Cell (Vanessa_tameamea,Ericaceae): 0 -> 1
Cell (Vanessa_tameamea,Plantaginaceae): 0 -> 1
Cell (Vanessa_tameamea,Boraginaceae): 0 -> 1
Cell (Vanessa_indica,Siparunaceae): 0 -> 1
Cell (Vanessa_indica,Typhaceae): 0 -> 1
Cell (Vanessa_indica,Potamogetonaceae): 0 -> 1
Cell (Vanessa_indica,Acoraceae): 0 -> 1
Cell (Vanessa_indica,Ceratophyllaceae): 0 -> 1
Cell (Vanessa_indica,Grossulariaceae): 0 -> 1
Cell (Vanessa_indica,Asteraceae): 0 -> 1
Cell (Vanessa_indica,Plantaginaceae): 0 -> 1
Cell (Antanartia_delius,Nymphaeaceae): 0 -> 1
Cell (Antanartia_delius,Schisandraceae): 0 -> 1
Cell (Antanartia_delius,Typhaceae): 0 -> 1
Cell (Antanartia_delius,Acoraceae): 0 -> 1
Cell (Aglais_io,Amborellaceae): 0 -> 1
Cell (Aglais_io,Nymphaeaceae): 0 -> 1
Cell (Aglais_io,Chloranthaceae): 0 -> 1
Cell (Aglais_io,Typhaceae): 0 -> 1
Cell (Aglais_io,Potamogetonaceae): 0 -> 1
Cell (Aglais_io,Rhamnaceae): 0 -> 1
Cell (Aglais_io,Betulaceae): 0 -> 1
Cell (Aglais_milberti,Amborellaceae): 0 -> 1
Cell (Aglais_milberti,Smilacaceae): 0 -> 1
Cell (Aglais_milberti,Potamogetonaceae): 0 -> 1
Cell (Aglais_milberti,Acoraceae): 0 -> 1
Cell (Aglais_milberti,Betulaceae): 0 -> 1
Cell (Aglais_urticae,Nymphaeaceae): 0 -> 1
Cell (Aglais_urticae,Typhaceae): 0 -> 1
Cell (Aglais_urticae,Smilacaceae): 0 -> 1
Cell (Aglais_urticae,Potamogetonaceae): 0 -> 1
Cell (Aglais_urticae,Acoraceae): 0 -> 1
Cell (Aglais_urticae,Fabaceae): 0 -> 1
Cell (Aglais_urticae,Betulaceae): 0 -> 1
Cell (Nymphalis_l_album,Amborellaceae): 0 -> 1
Cell (Nymphalis_l_album,Nymphaeaceae): 0 -> 1
Cell (Nymphalis_l_album,Betulaceae): 0 -> 1
Cell (Nymphalis_l_album,Grossulariaceae): 0 -> 1
Cell (Nymphalis_polychloros,Nymphaeaceae): 0 -> 1
Cell (Nymphalis_polychloros,Typhaceae): 0 -> 1
Cell (Nymphalis_polychloros,Fabaceae): 0 -> 1
Cell (Nymphalis_polychloros,Grossulariaceae): 0 -> 1
Cell (Nymphalis_antiopa,Betulaceae): 0 -> 1
Cell (Polygonia_c_aureum,Amborellaceae): 0 -> 1
Cell (Polygonia_c_aureum,Chloranthaceae): 0 -> 1
Cell (Polygonia_c_aureum,Typhaceae): 0 -> 1
Cell (Polygonia_egea,Amborellaceae): 0 -> 1
Cell (Polygonia_egea,Schisandraceae): 0 -> 1
Cell (Polygonia_egea,Siparunaceae): 0 -> 1
Cell (Polygonia_egea,Smilacaceae): 0 -> 1
Cell (Polygonia_faunus,Schisandraceae): 0 -> 1
Cell (Polygonia_faunus,Aristolochiaceae): 0 -> 1
Cell (Polygonia_faunus,Chloranthaceae): 0 -> 1
Cell (Polygonia_faunus,Fabaceae): 0 -> 1
Cell (Polygonia_c_album,Schisandraceae): 0 -> 1
Cell (Polygonia_c_album,Aristolochiaceae): 0 -> 1
Cell (Polygonia_c_album,Chloranthaceae): 0 -> 1
Cell (Polygonia_c_album,Typhaceae): 0 -> 1
Cell (Polygonia_satyrus,Nymphaeaceae): 0 -> 1
Cell (Polygonia_satyrus,Schisandraceae): 0 -> 1
Cell (Polygonia_satyrus,Aristolochiaceae): 0 -> 1
Cell (Polygonia_satyrus,Typhaceae): 0 -> 1
Cell (Polygonia_satyrus,Acoraceae): 0 -> 1
Cell (Polygonia_interrogationis,Amborellaceae): 0 -> 1
Cell (Polygonia_interrogationis,Aristolochiaceae): 0 -> 1
Cell (Polygonia_interrogationis,Rosaceae): 0 -> 1
Cell (Polygonia_comma,Amborellaceae): 0 -> 1
Cell (Polygonia_comma,Schisandraceae): 0 -> 1
Cell (Polygonia_comma,Siparunaceae): 0 -> 1
Cell (Polygonia_comma,Malvaceae): 0 -> 1
Cell (Polygonia_oreas,Amborellaceae): 0 -> 1
Cell (Polygonia_progne,Amborellaceae): 0 -> 1
Cell (Polygonia_progne,Siparunaceae): 0 -> 1
Cell (Polygonia_progne,Malvaceae): 0 -> 1
Cell (Polygonia_zephyrus,Amborellaceae): 0 -> 1
Cell (Polygonia_zephyrus,Typhaceae): 0 -> 1
Cell (Polygonia_gracilis,Amborellaceae): 0 -> 1
Cell (Polygonia_gracilis,Chloranthaceae): 0 -> 1
Cell (Polygonia_gracilis,Malvaceae): 0 -> 1
Matrix saved as results/braga/119/b1_c1/flipped_matrix.png
Metrics: {'precision': 0.4838709677419355, 'recall': 0.4712041884816754, 'f1': 0.4774535809018568, 'TP': 90, 'FP': 96, 'FN': 101}
[Elbow detection] λ ≈ 0.545 (cutoff=0.534)
Elbow Metrics: {'precision': 0.45323741007194246, 'recall': 0.6596858638743456, 'f1': 0.537313432835821, 'TP': 126, 'FP': 152, 'FN': 65}
