[iter 0] λ=0.5000 → flips=2077
[iter 1] λ=0.7500 → flips=7124
[iter 2] λ=0.6250 → flips=4464
[iter 3] λ=0.6875 → flips=5610
[iter 4] λ=0.6562 → flips=4925
[iter 5] λ=0.6719 → flips=5348
[iter 6] λ=0.6641 → flips=5165
[iter 7] λ=0.6602 → flips=5066
[iter 8] λ=0.6582 → flips=5047
[iter 9] λ=0.6572 → flips=4983
[iter 10] λ=0.6577 → flips=5003
[iter 11] λ=0.6575 → flips=5001
[iter 12] λ=0.6573 → flips=4983
[iter 13] λ=0.6574 → flips=4983
[iter 14] λ=0.6574 → flips=5001
[iter 15] λ=0.6574 → flips=5001
[iter 16] λ=0.6574 → flips=4983
[iter 17] λ=0.6574 → flips=4983
[iter 18] λ=0.6574 → flips=5001
[iter 19] λ=0.6574 → flips=4983

Best λ=0.6575 → flips=5001, correct=4270/5000
Number of flips performed: 5001
Metrics: {'precision': 0.8538292341531694, 'recall': 0.854, 'f1': 0.853914608539146, 'TP': 4270, 'FP': 731, 'FN': 730}
[Elbow detection] flip ≈ 5359, λ ≈ 0.673469387755102
Number of flips performed (elbow): 5359
Elbow Metrics: {'precision': 0.8273931703676058, 'recall': 0.8868, 'f1': 0.8560671879525051, 'TP': 4434, 'FP': 925, 'FN': 566}
