[iter 0] λ=0.5000 → flips=1822
[iter 1] λ=0.7500 → flips=4453
[iter 2] λ=0.6250 → flips=2933
[iter 3] λ=0.5625 → flips=2472
[iter 4] λ=0.5312 → flips=2142
[iter 5] λ=0.5156 → flips=1954
[iter 6] λ=0.5234 → flips=2063
[iter 7] λ=0.5195 → flips=2021
[iter 8] λ=0.5176 → flips=2001
[iter 9] λ=0.5166 → flips=1967
[iter 10] λ=0.5171 → flips=1991
[iter 11] λ=0.5173 → flips=2001
[iter 12] λ=0.5172 → flips=1998
[iter 13] λ=0.5173 → flips=2001
[iter 14] λ=0.5172 → flips=1998
[iter 15] λ=0.5173 → flips=2001
[iter 16] λ=0.5173 → flips=2001
[iter 17] λ=0.5172 → flips=2001
[iter 18] λ=0.5172 → flips=1998
[iter 19] λ=0.5172 → flips=1998

Best λ=0.5176 → flips=2001, correct=1475/2000
Number of flips performed: 2001
Metrics: {'precision': 0.7371314342828585, 'recall': 0.7375, 'f1': 0.7373156710822295, 'TP': 1475, 'FP': 526, 'FN': 525}
[Elbow detection] flip ≈ 3074, λ ≈ 0.6530612244897959
Number of flips performed (elbow): 3074
Elbow Metrics: {'precision': 0.6005204944697463, 'recall': 0.923, 'f1': 0.7276310603074498, 'TP': 1846, 'FP': 1228, 'FN': 154}
