Matrix saved as ml_parsimony_matrices/seed141_ratio2.0893.png
Matrix saved as results/141/corrupt10/r010.3_r100.6/original_matrix.png
Matrix saved as results/141/corrupt10/r010.3_r100.6/corrupted.png
[iter 0] λ=0.5000 → flips=0
[iter 1] λ=0.7500 → flips=12
[iter 2] λ=0.6250 → flips=5
[iter 3] λ=0.6875 → flips=7
[iter 4] λ=0.7188 → flips=7
[iter 5] λ=0.7344 → flips=7
[iter 6] λ=0.7422 → flips=7
[iter 7] λ=0.7461 → flips=9
[iter 8] λ=0.7480 → flips=9
[iter 9] λ=0.7490 → flips=9
[iter 10] λ=0.7495 → flips=12
[iter 11] λ=0.7493 → flips=9
[iter 12] λ=0.7494 → flips=9
[iter 13] λ=0.7495 → flips=12
[iter 14] λ=0.7494 → flips=9
[iter 15] λ=0.7494 → flips=12
[iter 16] λ=0.7494 → flips=9
[iter 17] λ=0.7494 → flips=12
[iter 18] λ=0.7494 → flips=9
[iter 19] λ=0.7494 → flips=9

Best λ=0.7461 → flips=9, correct=1/10
Number of flips performed: 9
Cell (Hypanartia_lethe,Fabaceae): 0 -> 1
Cell (Hypanartia_lethe,Rosaceae): 0 -> 1
Cell (Hypanartia_lethe,Betulaceae): 0 -> 1
Cell (Hypanartia_lethe,Plantaginaceae): 0 -> 1
Cell (Hypanartia_bella,Rhamnaceae): 0 -> 1
Cell (Hypanartia_bella,Betulaceae): 0 -> 1
Cell (Hypanartia_bella,Salicaceae): 0 -> 1
Cell (Hypanartia_bella,Malvaceae): 0 -> 1
Cell (Hypanartia_bella,Grossulariaceae): 0 -> 1
Matrix saved as results/141/corrupt10/r010.3_r100.6/flipped_matrix.png
Metrics: {'precision': 0.1111111111111111, 'recall': 0.1, 'f1': 0.10526315789473685, 'TP': 1, 'FP': 8, 'FN': 9}
[Elbow detection] λ ≈ 0.752 (cutoff=0.741)
Elbow Metrics: {'precision': 0.08333333333333333, 'recall': 0.1, 'f1': 0.0909090909090909, 'TP': 1, 'FP': 11, 'FN': 9}
