[iter 0] λ=0.5000 → flips=808
[iter 1] λ=0.7500 → flips=4870
[iter 2] λ=0.8750 → flips=11155
[iter 3] λ=0.8125 → flips=7136
[iter 4] λ=0.7812 → flips=5331
[iter 5] λ=0.7656 → flips=5141
[iter 6] λ=0.7578 → flips=4993
[iter 7] λ=0.7617 → flips=5021
[iter 8] λ=0.7598 → flips=5009
[iter 9] λ=0.7588 → flips=4999
[iter 10] λ=0.7593 → flips=5007
[iter 11] λ=0.7590 → flips=5007
[iter 12] λ=0.7589 → flips=5007
[iter 13] λ=0.7589 → flips=5303
[iter 14] λ=0.7588 → flips=4999
[iter 15] λ=0.7588 → flips=5007
[iter 16] λ=0.7588 → flips=5007
[iter 17] λ=0.7588 → flips=4999
[iter 18] λ=0.7588 → flips=5295
[iter 19] λ=0.7588 → flips=4999

Best λ=0.7588 → flips=4999, correct=4175/5000
Number of flips performed: 4999
Metrics: {'precision': 0.8351670334066813, 'recall': 0.835, 'f1': 0.835083508350835, 'TP': 4175, 'FP': 824, 'FN': 825}
[Elbow detection] flip ≈ 4924, λ ≈ 0.7551020408163265
Number of flips performed (elbow): 4924
Elbow Metrics: {'precision': 0.8428107229894395, 'recall': 0.83, 'f1': 0.8363563079403465, 'TP': 4150, 'FP': 774, 'FN': 850}
