[iter 0] λ=0.5000 → flips=571
[iter 1] λ=0.2500 → flips=0
[iter 2] λ=0.3750 → flips=103
[iter 3] λ=0.4375 → flips=339
[iter 4] λ=0.4688 → flips=478
[iter 5] λ=0.4844 → flips=537
[iter 6] λ=0.4766 → flips=498
[iter 7] λ=0.4805 → flips=513
[iter 8] λ=0.4785 → flips=507
[iter 9] λ=0.4775 → flips=504
[iter 10] λ=0.4771 → flips=502
[iter 11] λ=0.4768 → flips=498
[iter 12] λ=0.4769 → flips=499
[iter 13] λ=0.4770 → flips=500

Best λ=0.4770 → flips=500, correct=338/500
Number of flips performed: 500
Metrics: {'precision': 0.676, 'recall': 0.676, 'f1': 0.676, 'TP': 338, 'FP': 162, 'FN': 162}
[Elbow detection] flip ≈ 2570, λ ≈ 0.7755102040816326
Number of flips performed (elbow): 2570
Elbow Metrics: {'precision': 0.18988326848249026, 'recall': 0.976, 'f1': 0.31791530944625407, 'TP': 488, 'FP': 2082, 'FN': 12}
