[iter 0] λ=0.5000 → flips=0
[iter 1] λ=0.7500 → flips=0
[iter 2] λ=0.8750 → flips=0
[iter 3] λ=0.9375 → flips=0
[iter 4] λ=0.9688 → flips=0
[iter 5] λ=0.9844 → flips=0
[iter 6] λ=0.9922 → flips=0
[iter 7] λ=0.9961 → flips=21852
[iter 8] λ=0.9941 → flips=0
[iter 9] λ=0.9951 → flips=0
[iter 10] λ=0.9956 → flips=0
[iter 11] λ=0.9958 → flips=0
[iter 12] λ=0.9960 → flips=21852
[iter 13] λ=0.9959 → flips=0
[iter 14] λ=0.9959 → flips=0
[iter 15] λ=0.9960 → flips=0
[iter 16] λ=0.9960 → flips=21852
[iter 17] λ=0.9960 → flips=0
[iter 18] λ=0.9960 → flips=0
[iter 19] λ=0.9960 → flips=0

Best λ=0.5000 → flips=0, correct=0/10000
Number of flips performed: 0
Metrics: {'precision': 0, 'recall': 0.0, 'f1': 0, 'TP': 0, 'FP': 0, 'FN': 10000}
[Elbow detection] flip ≈ None, λ ≈ 1.0
Number of flips performed (elbow): 21852
Elbow Metrics: {'precision': 0.4576240161083654, 'recall': 1.0, 'f1': 0.6279040562602035, 'TP': 10000, 'FP': 11852, 'FN': 0}
