[iter 0] λ=0.5000 → flips=24
[iter 1] λ=0.7500 → flips=170
[iter 2] λ=0.8750 → flips=377
[iter 3] λ=0.9375 → flips=1123
[iter 4] λ=0.9062 → flips=943
[iter 5] λ=0.9219 → flips=1056
[iter 6] λ=0.9141 → flips=981
[iter 7] λ=0.9180 → flips=1021
[iter 8] λ=0.9160 → flips=985
[iter 9] λ=0.9170 → flips=1021
[iter 10] λ=0.9165 → flips=1021
[iter 11] λ=0.9163 → flips=985
[iter 12] λ=0.9164 → flips=1021
[iter 13] λ=0.9163 → flips=985
[iter 14] λ=0.9164 → flips=985
[iter 15] λ=0.9164 → flips=1021
[iter 16] λ=0.9164 → flips=1021
[iter 17] λ=0.9164 → flips=1021
[iter 18] λ=0.9164 → flips=1021
[iter 19] λ=0.9164 → flips=985

Best λ=0.9160 → flips=985, correct=638/1000
Number of flips performed: 985
Metrics: {'precision': 0.6477157360406092, 'recall': 0.638, 'f1': 0.6428211586901764, 'TP': 638, 'FP': 347, 'FN': 362}
[Elbow detection] flip ≈ 8501, λ ≈ 0.9591836734693877
Number of flips performed (elbow): 8501
Elbow Metrics: {'precision': 0.11116339254205387, 'recall': 0.945, 'f1': 0.19892642879696876, 'TP': 945, 'FP': 7556, 'FN': 55}
