Matrix saved as results/75/corrupt800/r010.7_r100.5/original_matrix.svg
Matrix saved as results/75/corrupt800/r010.7_r100.5/corrupted.svg
[iter 0] λ=0.5000 → flips=101
[iter 1] λ=0.7500 → flips=1410
[iter 2] λ=0.6250 → flips=320
[iter 3] λ=0.6875 → flips=780
[iter 4] λ=0.7188 → flips=968
[iter 5] λ=0.7031 → flips=871
[iter 6] λ=0.6953 → flips=845
[iter 7] λ=0.6914 → flips=832
[iter 8] λ=0.6895 → flips=792
[iter 9] λ=0.6904 → flips=796
[iter 10] λ=0.6909 → flips=798
[iter 11] λ=0.6912 → flips=832
[iter 12] λ=0.6910 → flips=832
[iter 13] λ=0.6910 → flips=798
[iter 14] λ=0.6910 → flips=798
[iter 15] λ=0.6910 → flips=832
[iter 16] λ=0.6910 → flips=832
[iter 17] λ=0.6910 → flips=798
[iter 18] λ=0.6910 → flips=832
[iter 19] λ=0.6910 → flips=798

Best λ=0.6909 → flips=798, correct=479/800
Number of flips performed: 798
Matrix saved as results/75/corrupt800/r010.7_r100.5/flipped_matrix.svg
Metrics: {'precision': 0.600250626566416, 'recall': 0.59875, 'f1': 0.5994993742177722, 'TP': 479, 'FP': 319, 'FN': 321}
[Elbow detection] flip ≈ 954, λ ≈ 0.7142857142857142
Number of flips performed (elbow): 954
Matrix saved as results/75/corrupt800/r010.7_r100.5/flipped_matrix_elbow.svg
Elbow Metrics: {'precision': 0.559748427672956, 'recall': 0.6675, 'f1': 0.6088939566704674, 'TP': 534, 'FP': 420, 'FN': 266}
