Matrix saved as ml_parsimony_matrices/seed119_ratio1.4010.png
Matrix saved as results/119/corrupt100/r010.6_r100.6/original_matrix.png
Matrix saved as results/119/corrupt100/r010.6_r100.6/corrupted.png
[iter 0] λ=0.5000 → flips=153
[iter 1] λ=0.2500 → flips=0
[iter 2] λ=0.3750 → flips=26
[iter 3] λ=0.4375 → flips=117
[iter 4] λ=0.4062 → flips=103
[iter 5] λ=0.3906 → flips=93
[iter 6] λ=0.3984 → flips=101
[iter 7] λ=0.3945 → flips=101
[iter 8] λ=0.3926 → flips=100

Best λ=0.3926 → flips=100, correct=75/100
Number of flips performed: 100
Cell (Hypanartia_lethe,Amborellaceae): 0 -> 1
Cell (Hypanartia_lethe,Schisandraceae): 0 -> 1
Cell (Hypanartia_lethe,Chloranthaceae): 0 -> 1
Cell (Hypanartia_lethe,Potamogetonaceae): 0 -> 1
Cell (Hypanartia_lethe,Betulaceae): 0 -> 1
Cell (Hypanartia_bella,Smilacaceae): 0 -> 1
Cell (Hypanartia_bella,Salicaceae): 0 -> 1
Cell (Vanessa_itea,Asteraceae): 0 -> 1
Cell (Vanessa_itea,Boraginaceae): 0 -> 1
Cell (Vanessa_kershawi,Aristolochiaceae): 0 -> 1
Cell (Vanessa_kershawi,Grossulariaceae): 0 -> 1
Cell (Vanessa_kershawi,Ericaceae): 0 -> 1
Cell (Vanessa_cardui,Siparunaceae): 0 -> 1
Cell (Vanessa_virginiensis,Smilacaceae): 0 -> 1
Cell (Vanessa_virginiensis,Ulmaceae): 0 -> 1
Cell (Vanessa_abyssinica,Chloranthaceae): 0 -> 1
Cell (Vanessa_abyssinica,Acoraceae): 0 -> 1
Cell (Vanessa_abyssinica,Ceratophyllaceae): 0 -> 1
Cell (Vanessa_abyssinica,Fabaceae): 0 -> 1
Cell (Vanessa_abyssinica,Grossulariaceae): 0 -> 1
Cell (Vanessa_abyssinica,Asteraceae): 0 -> 1
Cell (Vanessa_atalanta,Nymphaeaceae): 0 -> 1
Cell (Vanessa_atalanta,Asteraceae): 0 -> 1
Cell (Vanessa_tameamea,Amborellaceae): 0 -> 1
Cell (Vanessa_tameamea,Schisandraceae): 0 -> 1
Cell (Vanessa_tameamea,Aristolochiaceae): 0 -> 1
Cell (Vanessa_tameamea,Typhaceae): 0 -> 1
Cell (Vanessa_tameamea,Rhamnaceae): 0 -> 1
Cell (Vanessa_tameamea,Urticaceae): 0 -> 1
Cell (Vanessa_indica,Amborellaceae): 0 -> 1
Cell (Vanessa_indica,Smilacaceae): 0 -> 1
Cell (Vanessa_indica,Potamogetonaceae): 0 -> 1
Cell (Vanessa_indica,Cannabaceae): 0 -> 1
Cell (Aglais_io,Amborellaceae): 0 -> 1
Cell (Aglais_io,Acoraceae): 0 -> 1
Cell (Aglais_io,Fabaceae): 0 -> 1
Cell (Aglais_io,Urticaceae): 0 -> 1
Cell (Aglais_io,Malvaceae): 0 -> 1
Cell (Aglais_milberti,Grossulariaceae): 0 -> 1
Cell (Kaniska_canace,Schisandraceae): 0 -> 1
Cell (Kaniska_canace,Potamogetonaceae): 0 -> 1
Cell (Kaniska_canace,Rosaceae): 0 -> 1
Cell (Kaniska_canace,Asteraceae): 0 -> 1
Cell (Nymphalis_l_album,Schisandraceae): 0 -> 1
Cell (Nymphalis_l_album,Smilacaceae): 0 -> 1
Cell (Nymphalis_l_album,Ceratophyllaceae): 0 -> 1
Cell (Nymphalis_l_album,Rhamnaceae): 0 -> 1
Cell (Nymphalis_l_album,Boraginaceae): 0 -> 1
Cell (Nymphalis_polychloros,Amborellaceae): 0 -> 1
Cell (Nymphalis_polychloros,Smilacaceae): 0 -> 1
Cell (Nymphalis_polychloros,Cannabaceae): 0 -> 1
Cell (Nymphalis_polychloros,Boraginaceae): 0 -> 1
Cell (Nymphalis_californica,Chloranthaceae): 0 -> 1
Cell (Nymphalis_californica,Ceratophyllaceae): 0 -> 1
Cell (Nymphalis_californica,Rhamnaceae): 0 -> 1
Cell (Nymphalis_californica,Urticaceae): 0 -> 1
Cell (Nymphalis_californica,Plantaginaceae): 0 -> 1
Cell (Nymphalis_xanthomelas,Amborellaceae): 0 -> 1
Cell (Nymphalis_xanthomelas,Schisandraceae): 0 -> 1
Cell (Nymphalis_xanthomelas,Aristolochiaceae): 0 -> 1
Cell (Nymphalis_xanthomelas,Asteraceae): 0 -> 1
Cell (Nymphalis_antiopa,Rhamnaceae): 0 -> 1
Cell (Nymphalis_antiopa,Betulaceae): 0 -> 1
Cell (Nymphalis_antiopa,Malvaceae): 0 -> 1
Cell (Nymphalis_antiopa,Ericaceae): 0 -> 1
Cell (Polygonia_c_aureum,Schisandraceae): 0 -> 1
Cell (Polygonia_c_aureum,Smilacaceae): 0 -> 1
Cell (Polygonia_c_aureum,Grossulariaceae): 0 -> 1
Cell (Polygonia_faunus,Betulaceae): 0 -> 1
Cell (Polygonia_faunus,Grossulariaceae): 0 -> 1
Cell (Polygonia_c_album,Typhaceae): 0 -> 1
Cell (Polygonia_c_album,Potamogetonaceae): 0 -> 1
Cell (Polygonia_c_album,Ceratophyllaceae): 0 -> 1
Cell (Polygonia_c_album,Boraginaceae): 0 -> 1
Cell (Polygonia_satyrus,Schisandraceae): 0 -> 1
Cell (Polygonia_satyrus,Typhaceae): 0 -> 1
Cell (Polygonia_satyrus,Ulmaceae): 0 -> 1
Cell (Polygonia_satyrus,Salicaceae): 0 -> 1
Cell (Polygonia_satyrus,Ericaceae): 0 -> 1
Cell (Polygonia_interrogationis,Acoraceae): 0 -> 1
Cell (Polygonia_interrogationis,Ulmaceae): 0 -> 1
Cell (Polygonia_interrogationis,Malvaceae): 0 -> 1
Cell (Polygonia_comma,Siparunaceae): 0 -> 1
Cell (Polygonia_comma,Betulaceae): 0 -> 1
Cell (Polygonia_comma,Grossulariaceae): 0 -> 1
Cell (Polygonia_oreas,Nymphaeaceae): 0 -> 1
Cell (Polygonia_oreas,Rosaceae): 0 -> 1
Cell (Polygonia_oreas,Rhamnaceae): 0 -> 1
Cell (Polygonia_oreas,Malvaceae): 0 -> 1
Cell (Polygonia_oreas,Plantaginaceae): 0 -> 1
Cell (Polygonia_progne,Siparunaceae): 0 -> 1
Cell (Polygonia_progne,Chloranthaceae): 0 -> 1
Cell (Polygonia_progne,Grossulariaceae): 0 -> 1
Cell (Polygonia_zephyrus,Siparunaceae): 0 -> 1
Cell (Polygonia_zephyrus,Typhaceae): 0 -> 1
Cell (Polygonia_zephyrus,Acoraceae): 0 -> 1
Cell (Polygonia_zephyrus,Cannabaceae): 0 -> 1
Cell (Polygonia_zephyrus,Salicaceae): 0 -> 1
Cell (Polygonia_gracilis,Rhamnaceae): 0 -> 1
Cell (Polygonia_gracilis,Grossulariaceae): 0 -> 1
Matrix saved as results/119/corrupt100/r010.6_r100.6/flipped_matrix.png
Metrics: {'precision': 0.75, 'recall': 0.75, 'f1': 0.75, 'TP': 75, 'FP': 25, 'FN': 25}
[Elbow detection] λ ≈ 0.398 (cutoff=0.376)
Elbow Metrics: {'precision': 0.7425742574257426, 'recall': 0.75, 'f1': 0.746268656716418, 'TP': 75, 'FP': 26, 'FN': 25}
