Matrix saved as results/9/corrupt100/r010.3_r100.7/original_matrix.svg
Matrix saved as results/9/corrupt100/r010.3_r100.7/corrupted.svg
[iter 0] λ=0.5000 → flips=97
[iter 1] λ=0.7500 → flips=530
[iter 2] λ=0.6250 → flips=275
[iter 3] λ=0.5625 → flips=150
[iter 4] λ=0.5312 → flips=116
[iter 5] λ=0.5156 → flips=103
[iter 6] λ=0.5078 → flips=98
[iter 7] λ=0.5117 → flips=101
[iter 8] λ=0.5098 → flips=101
[iter 9] λ=0.5088 → flips=100

Best λ=0.5088 → flips=100, correct=40/100
Number of flips performed: 100
Matrix saved as results/9/corrupt100/r010.3_r100.7/flipped_matrix.svg
Metrics: {'precision': 0.4, 'recall': 0.4, 'f1': 0.4000000000000001, 'TP': 40, 'FP': 60, 'FN': 60}
[Elbow detection] flip ≈ 1303, λ ≈ 0.7959183673469387
Number of flips performed (elbow): 1303
Matrix saved as results/9/corrupt100/r010.3_r100.7/flipped_matrix_elbow.svg
Elbow Metrics: {'precision': 0.07290867229470453, 'recall': 0.95, 'f1': 0.135424091233072, 'TP': 95, 'FP': 1208, 'FN': 5}
