Matrix saved as ml_parsimony_matrices/seed141_ratio1.5021.png
Matrix saved as results/141/corrupt10/r010.4_r100.3/original_matrix.png
Matrix saved as results/141/corrupt10/r010.4_r100.3/corrupted.png
[iter 0] λ=0.5000 → flips=3
[iter 1] λ=0.7500 → flips=56
[iter 2] λ=0.6250 → flips=14
[iter 3] λ=0.5625 → flips=8
[iter 4] λ=0.5938 → flips=14
[iter 5] λ=0.5781 → flips=9
[iter 6] λ=0.5859 → flips=9
[iter 7] λ=0.5898 → flips=12
[iter 8] λ=0.5879 → flips=9
[iter 9] λ=0.5889 → flips=12
[iter 10] λ=0.5884 → flips=12
[iter 11] λ=0.5881 → flips=12
[iter 12] λ=0.5880 → flips=9
[iter 13] λ=0.5881 → flips=9
[iter 14] λ=0.5881 → flips=12
[iter 15] λ=0.5881 → flips=9
[iter 16] λ=0.5881 → flips=9
[iter 17] λ=0.5881 → flips=12
[iter 18] λ=0.5881 → flips=12
[iter 19] λ=0.5881 → flips=9

Best λ=0.5781 → flips=9, correct=2/10
Number of flips performed: 9
Cell (Hypanartia_lethe,Siparunaceae): 0 -> 1
Cell (Hypanartia_lethe,Potamogetonaceae): 0 -> 1
Cell (Hypanartia_lethe,Acoraceae): 0 -> 1
Cell (Hypanartia_bella,Aristolochiaceae): 0 -> 1
Cell (Hypanartia_bella,Smilacaceae): 0 -> 1
Cell (Vanessa_itea,Asteraceae): 0 -> 1
Cell (Vanessa_itea,Plantaginaceae): 0 -> 1
Cell (Vanessa_abyssinica,Cannabaceae): 0 -> 1
Cell (Antanartia_delius,Urticaceae): 0 -> 1
Matrix saved as results/141/corrupt10/r010.4_r100.3/flipped_matrix.png
Metrics: {'precision': 0.2222222222222222, 'recall': 0.2, 'f1': 0.2105263157894737, 'TP': 2, 'FP': 7, 'FN': 8}
[Elbow detection] λ ≈ 0.595 (cutoff=0.584)
Elbow Metrics: {'precision': 0.14285714285714285, 'recall': 0.2, 'f1': 0.16666666666666666, 'TP': 2, 'FP': 12, 'FN': 8}
