Matrix saved as results/53/corrupt100/r010.7_r100.6/original_matrix.png
Matrix saved as results/53/corrupt100/r010.7_r100.6/corrupted.png
[iter 0] λ=0.5000 → flips=101
[iter 1] λ=0.2500 → flips=0
[iter 2] λ=0.3750 → flips=17
[iter 3] λ=0.4375 → flips=73
[iter 4] λ=0.4688 → flips=92
[iter 5] λ=0.4844 → flips=98
[iter 6] λ=0.4922 → flips=98
[iter 7] λ=0.4961 → flips=101
[iter 8] λ=0.4941 → flips=101
[iter 9] λ=0.4932 → flips=98
[iter 10] λ=0.4937 → flips=98
[iter 11] λ=0.4939 → flips=101
[iter 12] λ=0.4938 → flips=98
[iter 13] λ=0.4938 → flips=98
[iter 14] λ=0.4939 → flips=98
[iter 15] λ=0.4939 → flips=98
[iter 16] λ=0.4939 → flips=98
[iter 17] λ=0.4939 → flips=101
[iter 18] λ=0.4939 → flips=98
[iter 19] λ=0.4939 → flips=98

Best λ=0.5000 → flips=101, correct=84/100
Number of flips performed: 101
Cell (Kaniska_canace,Aristolochiaceae): 0 -> 1
Cell (Kaniska_canace,Rosaceae): 0 -> 1
Cell (Kaniska_canace,Ulmaceae): 0 -> 1
Cell (Kaniska_canace,Ericaceae): 0 -> 1
Cell (Kaniska_canace,Plantaginaceae): 0 -> 1
Cell (Nymphalis_l_album,Schisandraceae): 0 -> 1
Cell (Nymphalis_l_album,Aristolochiaceae): 0 -> 1
Cell (Nymphalis_l_album,Fabaceae): 0 -> 1
Cell (Nymphalis_l_album,Ulmaceae): 0 -> 1
Cell (Nymphalis_l_album,Betulaceae): 0 -> 1
Cell (Nymphalis_l_album,Grossulariaceae): 0 -> 1
Cell (Nymphalis_l_album,Ericaceae): 0 -> 1
Cell (Nymphalis_l_album,Asteraceae): 0 -> 1
Cell (Nymphalis_l_album,Boraginaceae): 0 -> 1
Cell (Nymphalis_polychloros,Ceratophyllaceae): 0 -> 1
Cell (Nymphalis_polychloros,Fabaceae): 0 -> 1
Cell (Nymphalis_polychloros,Rhamnaceae): 0 -> 1
Cell (Nymphalis_polychloros,Asteraceae): 0 -> 1
Cell (Nymphalis_californica,Betulaceae): 0 -> 1
Cell (Nymphalis_californica,Malvaceae): 0 -> 1
Cell (Nymphalis_californica,Plantaginaceae): 0 -> 1
Cell (Nymphalis_californica,Boraginaceae): 0 -> 1
Cell (Nymphalis_xanthomelas,Amborellaceae): 0 -> 1
Cell (Nymphalis_xanthomelas,Schisandraceae): 0 -> 1
Cell (Nymphalis_xanthomelas,Potamogetonaceae): 0 -> 1
Cell (Nymphalis_xanthomelas,Fabaceae): 0 -> 1
Cell (Nymphalis_xanthomelas,Urticaceae): 0 -> 1
Cell (Nymphalis_xanthomelas,Malvaceae): 0 -> 1
Cell (Nymphalis_xanthomelas,Plantaginaceae): 0 -> 1
Cell (Nymphalis_antiopa,Aristolochiaceae): 0 -> 1
Cell (Nymphalis_antiopa,Typhaceae): 0 -> 1
Cell (Nymphalis_antiopa,Ceratophyllaceae): 0 -> 1
Cell (Nymphalis_antiopa,Ulmaceae): 0 -> 1
Cell (Nymphalis_antiopa,Cannabaceae): 0 -> 1
Cell (Nymphalis_antiopa,Grossulariaceae): 0 -> 1
Cell (Nymphalis_antiopa,Asteraceae): 0 -> 1
Cell (Polygonia_c_aureum,Potamogetonaceae): 0 -> 1
Cell (Polygonia_c_aureum,Acoraceae): 0 -> 1
Cell (Polygonia_c_aureum,Ceratophyllaceae): 0 -> 1
Cell (Polygonia_c_aureum,Rhamnaceae): 0 -> 1
Cell (Polygonia_c_aureum,Cannabaceae): 0 -> 1
Cell (Polygonia_c_aureum,Salicaceae): 0 -> 1
Cell (Polygonia_c_aureum,Malvaceae): 0 -> 1
Cell (Polygonia_c_aureum,Grossulariaceae): 0 -> 1
Cell (Polygonia_c_aureum,Ericaceae): 0 -> 1
Cell (Polygonia_egea,Chloranthaceae): 0 -> 1
Cell (Polygonia_egea,Smilacaceae): 0 -> 1
Cell (Polygonia_egea,Potamogetonaceae): 0 -> 1
Cell (Polygonia_egea,Ceratophyllaceae): 0 -> 1
Cell (Polygonia_egea,Fabaceae): 0 -> 1
Cell (Polygonia_egea,Grossulariaceae): 0 -> 1
Cell (Polygonia_egea,Asteraceae): 0 -> 1
Cell (Polygonia_egea,Plantaginaceae): 0 -> 1
Cell (Polygonia_faunus,Amborellaceae): 0 -> 1
Cell (Polygonia_faunus,Chloranthaceae): 0 -> 1
Cell (Polygonia_faunus,Typhaceae): 0 -> 1
Cell (Polygonia_faunus,Rhamnaceae): 0 -> 1
Cell (Polygonia_faunus,Malvaceae): 0 -> 1
Cell (Polygonia_faunus,Grossulariaceae): 0 -> 1
Cell (Polygonia_faunus,Plantaginaceae): 0 -> 1
Cell (Polygonia_c_album,Salicaceae): 0 -> 1
Cell (Polygonia_satyrus,Chloranthaceae): 0 -> 1
Cell (Polygonia_satyrus,Salicaceae): 0 -> 1
Cell (Polygonia_satyrus,Grossulariaceae): 0 -> 1
Cell (Polygonia_satyrus,Ericaceae): 0 -> 1
Cell (Polygonia_interrogationis,Nymphaeaceae): 0 -> 1
Cell (Polygonia_interrogationis,Siparunaceae): 0 -> 1
Cell (Polygonia_interrogationis,Acoraceae): 0 -> 1
Cell (Polygonia_interrogationis,Fabaceae): 0 -> 1
Cell (Polygonia_interrogationis,Rhamnaceae): 0 -> 1
Cell (Polygonia_interrogationis,Betulaceae): 0 -> 1
Cell (Polygonia_comma,Typhaceae): 0 -> 1
Cell (Polygonia_comma,Acoraceae): 0 -> 1
Cell (Polygonia_comma,Ulmaceae): 0 -> 1
Cell (Polygonia_comma,Betulaceae): 0 -> 1
Cell (Polygonia_comma,Asteraceae): 0 -> 1
Cell (Polygonia_comma,Boraginaceae): 0 -> 1
Cell (Polygonia_oreas,Schisandraceae): 0 -> 1
Cell (Polygonia_oreas,Chloranthaceae): 0 -> 1
Cell (Polygonia_oreas,Potamogetonaceae): 0 -> 1
Cell (Polygonia_oreas,Rosaceae): 0 -> 1
Cell (Polygonia_oreas,Ulmaceae): 0 -> 1
Cell (Polygonia_oreas,Malvaceae): 0 -> 1
Cell (Polygonia_progne,Ceratophyllaceae): 0 -> 1
Cell (Polygonia_progne,Rhamnaceae): 0 -> 1
Cell (Polygonia_progne,Betulaceae): 0 -> 1
Cell (Polygonia_zephyrus,Siparunaceae): 0 -> 1
Cell (Polygonia_zephyrus,Aristolochiaceae): 0 -> 1
Cell (Polygonia_zephyrus,Chloranthaceae): 0 -> 1
Cell (Polygonia_zephyrus,Smilacaceae): 0 -> 1
Cell (Polygonia_zephyrus,Ulmaceae): 0 -> 1
Cell (Polygonia_zephyrus,Salicaceae): 0 -> 1
Cell (Polygonia_zephyrus,Malvaceae): 0 -> 1
Cell (Polygonia_zephyrus,Grossulariaceae): 0 -> 1
Cell (Polygonia_zephyrus,Plantaginaceae): 0 -> 1
Cell (Polygonia_zephyrus,Boraginaceae): 0 -> 1
Cell (Polygonia_gracilis,Chloranthaceae): 0 -> 1
Cell (Polygonia_gracilis,Typhaceae): 0 -> 1
Cell (Polygonia_gracilis,Rhamnaceae): 0 -> 1
Cell (Polygonia_gracilis,Ulmaceae): 0 -> 1
Cell (Polygonia_gracilis,Plantaginaceae): 0 -> 1
Matrix saved as results/53/corrupt100/r010.7_r100.6/flipped_matrix.png
Metrics: {'precision': 0.8316831683168316, 'recall': 0.84, 'f1': 0.835820895522388, 'TP': 84, 'FP': 17, 'FN': 16}
[Elbow detection] flip ≈ 114, λ ≈ 0.5918367346938775
Number of flips performed (elbow): 114
Cell (Hypanartia_lethe,Rosaceae): 0 -> 1
Cell (Hypanartia_lethe,Urticaceae): 0 -> 1
Cell (Hypanartia_lethe,Betulaceae): 0 -> 1
Cell (Hypanartia_lethe,Malvaceae): 0 -> 1
Cell (Hypanartia_bella,Amborellaceae): 0 -> 1
Cell (Hypanartia_bella,Schisandraceae): 0 -> 1
Cell (Hypanartia_bella,Aristolochiaceae): 0 -> 1
Cell (Hypanartia_bella,Urticaceae): 0 -> 1
Cell (Hypanartia_bella,Asteraceae): 0 -> 1
Cell (Hypanartia_bella,Plantaginaceae): 0 -> 1
Cell (Kaniska_canace,Aristolochiaceae): 0 -> 1
Cell (Kaniska_canace,Chloranthaceae): 0 -> 1
Cell (Kaniska_canace,Rosaceae): 0 -> 1
Cell (Kaniska_canace,Ulmaceae): 0 -> 1
Cell (Kaniska_canace,Ericaceae): 0 -> 1
Cell (Kaniska_canace,Plantaginaceae): 0 -> 1
Cell (Nymphalis_l_album,Schisandraceae): 0 -> 1
Cell (Nymphalis_l_album,Aristolochiaceae): 0 -> 1
Cell (Nymphalis_l_album,Chloranthaceae): 0 -> 1
Cell (Nymphalis_l_album,Fabaceae): 0 -> 1
Cell (Nymphalis_l_album,Ulmaceae): 0 -> 1
Cell (Nymphalis_l_album,Betulaceae): 0 -> 1
Cell (Nymphalis_l_album,Grossulariaceae): 0 -> 1
Cell (Nymphalis_l_album,Ericaceae): 0 -> 1
Cell (Nymphalis_l_album,Asteraceae): 0 -> 1
Cell (Nymphalis_l_album,Boraginaceae): 0 -> 1
Cell (Nymphalis_polychloros,Chloranthaceae): 0 -> 1
Cell (Nymphalis_polychloros,Ceratophyllaceae): 0 -> 1
Cell (Nymphalis_polychloros,Fabaceae): 0 -> 1
Cell (Nymphalis_polychloros,Rhamnaceae): 0 -> 1
Cell (Nymphalis_polychloros,Asteraceae): 0 -> 1
Cell (Nymphalis_californica,Betulaceae): 0 -> 1
Cell (Nymphalis_californica,Malvaceae): 0 -> 1
Cell (Nymphalis_californica,Plantaginaceae): 0 -> 1
Cell (Nymphalis_californica,Boraginaceae): 0 -> 1
Cell (Nymphalis_xanthomelas,Amborellaceae): 0 -> 1
Cell (Nymphalis_xanthomelas,Schisandraceae): 0 -> 1
Cell (Nymphalis_xanthomelas,Potamogetonaceae): 0 -> 1
Cell (Nymphalis_xanthomelas,Fabaceae): 0 -> 1
Cell (Nymphalis_xanthomelas,Urticaceae): 0 -> 1
Cell (Nymphalis_xanthomelas,Malvaceae): 0 -> 1
Cell (Nymphalis_xanthomelas,Plantaginaceae): 0 -> 1
Cell (Nymphalis_antiopa,Aristolochiaceae): 0 -> 1
Cell (Nymphalis_antiopa,Typhaceae): 0 -> 1
Cell (Nymphalis_antiopa,Ceratophyllaceae): 0 -> 1
Cell (Nymphalis_antiopa,Ulmaceae): 0 -> 1
Cell (Nymphalis_antiopa,Cannabaceae): 0 -> 1
Cell (Nymphalis_antiopa,Grossulariaceae): 0 -> 1
Cell (Nymphalis_antiopa,Asteraceae): 0 -> 1
Cell (Polygonia_c_aureum,Potamogetonaceae): 0 -> 1
Cell (Polygonia_c_aureum,Acoraceae): 0 -> 1
Cell (Polygonia_c_aureum,Ceratophyllaceae): 0 -> 1
Cell (Polygonia_c_aureum,Rhamnaceae): 0 -> 1
Cell (Polygonia_c_aureum,Cannabaceae): 0 -> 1
Cell (Polygonia_c_aureum,Salicaceae): 0 -> 1
Cell (Polygonia_c_aureum,Malvaceae): 0 -> 1
Cell (Polygonia_c_aureum,Grossulariaceae): 0 -> 1
Cell (Polygonia_c_aureum,Ericaceae): 0 -> 1
Cell (Polygonia_egea,Chloranthaceae): 0 -> 1
Cell (Polygonia_egea,Smilacaceae): 0 -> 1
Cell (Polygonia_egea,Potamogetonaceae): 0 -> 1
Cell (Polygonia_egea,Ceratophyllaceae): 0 -> 1
Cell (Polygonia_egea,Fabaceae): 0 -> 1
Cell (Polygonia_egea,Grossulariaceae): 0 -> 1
Cell (Polygonia_egea,Asteraceae): 0 -> 1
Cell (Polygonia_egea,Plantaginaceae): 0 -> 1
Cell (Polygonia_faunus,Amborellaceae): 0 -> 1
Cell (Polygonia_faunus,Chloranthaceae): 0 -> 1
Cell (Polygonia_faunus,Typhaceae): 0 -> 1
Cell (Polygonia_faunus,Rhamnaceae): 0 -> 1
Cell (Polygonia_faunus,Malvaceae): 0 -> 1
Cell (Polygonia_faunus,Grossulariaceae): 0 -> 1
Cell (Polygonia_faunus,Plantaginaceae): 0 -> 1
Cell (Polygonia_c_album,Salicaceae): 0 -> 1
Cell (Polygonia_satyrus,Chloranthaceae): 0 -> 1
Cell (Polygonia_satyrus,Salicaceae): 0 -> 1
Cell (Polygonia_satyrus,Grossulariaceae): 0 -> 1
Cell (Polygonia_satyrus,Ericaceae): 0 -> 1
Cell (Polygonia_interrogationis,Nymphaeaceae): 0 -> 1
Cell (Polygonia_interrogationis,Siparunaceae): 0 -> 1
Cell (Polygonia_interrogationis,Acoraceae): 0 -> 1
Cell (Polygonia_interrogationis,Fabaceae): 0 -> 1
Cell (Polygonia_interrogationis,Rhamnaceae): 0 -> 1
Cell (Polygonia_interrogationis,Betulaceae): 0 -> 1
Cell (Polygonia_comma,Typhaceae): 0 -> 1
Cell (Polygonia_comma,Acoraceae): 0 -> 1
Cell (Polygonia_comma,Ulmaceae): 0 -> 1
Cell (Polygonia_comma,Betulaceae): 0 -> 1
Cell (Polygonia_comma,Asteraceae): 0 -> 1
Cell (Polygonia_comma,Boraginaceae): 0 -> 1
Cell (Polygonia_oreas,Schisandraceae): 0 -> 1
Cell (Polygonia_oreas,Chloranthaceae): 0 -> 1
Cell (Polygonia_oreas,Potamogetonaceae): 0 -> 1
Cell (Polygonia_oreas,Rosaceae): 0 -> 1
Cell (Polygonia_oreas,Ulmaceae): 0 -> 1
Cell (Polygonia_oreas,Malvaceae): 0 -> 1
Cell (Polygonia_progne,Ceratophyllaceae): 0 -> 1
Cell (Polygonia_progne,Rhamnaceae): 0 -> 1
Cell (Polygonia_progne,Betulaceae): 0 -> 1
Cell (Polygonia_zephyrus,Siparunaceae): 0 -> 1
Cell (Polygonia_zephyrus,Aristolochiaceae): 0 -> 1
Cell (Polygonia_zephyrus,Chloranthaceae): 0 -> 1
Cell (Polygonia_zephyrus,Smilacaceae): 0 -> 1
Cell (Polygonia_zephyrus,Ulmaceae): 0 -> 1
Cell (Polygonia_zephyrus,Salicaceae): 0 -> 1
Cell (Polygonia_zephyrus,Malvaceae): 0 -> 1
Cell (Polygonia_zephyrus,Grossulariaceae): 0 -> 1
Cell (Polygonia_zephyrus,Plantaginaceae): 0 -> 1
Cell (Polygonia_zephyrus,Boraginaceae): 0 -> 1
Cell (Polygonia_gracilis,Chloranthaceae): 0 -> 1
Cell (Polygonia_gracilis,Typhaceae): 0 -> 1
Cell (Polygonia_gracilis,Rhamnaceae): 0 -> 1
Cell (Polygonia_gracilis,Ulmaceae): 0 -> 1
Cell (Polygonia_gracilis,Plantaginaceae): 0 -> 1
Matrix saved as results/53/corrupt100/r010.7_r100.6/flipped_matrix_elbow.png
Elbow Metrics: {'precision': 0.8245614035087719, 'recall': 0.94, 'f1': 0.8785046728971964, 'TP': 94, 'FP': 20, 'FN': 6}
