Matrix saved as results/75/corrupt1000/r010.6_r100.6/original_matrix.svg
Matrix saved as results/75/corrupt1000/r010.6_r100.6/corrupted.svg
[iter 0] λ=0.5000 → flips=25
[iter 1] λ=0.7500 → flips=800
[iter 2] λ=0.8750 → flips=3804
[iter 3] λ=0.8125 → flips=2263
[iter 4] λ=0.7812 → flips=1101
[iter 5] λ=0.7656 → flips=926
[iter 6] λ=0.7734 → flips=961
[iter 7] λ=0.7773 → flips=1029
[iter 8] λ=0.7754 → flips=1014
[iter 9] λ=0.7744 → flips=985
[iter 10] λ=0.7749 → flips=1014
[iter 11] λ=0.7747 → flips=985
[iter 12] λ=0.7748 → flips=985
[iter 13] λ=0.7748 → flips=985
[iter 14] λ=0.7749 → flips=985
[iter 15] λ=0.7749 → flips=1014
[iter 16] λ=0.7749 → flips=985
[iter 17] λ=0.7749 → flips=1014
[iter 18] λ=0.7749 → flips=985
[iter 19] λ=0.7749 → flips=985

Best λ=0.7754 → flips=1014, correct=564/1000
Number of flips performed: 1014
Matrix saved as results/75/corrupt1000/r010.6_r100.6/flipped_matrix.svg
Metrics: {'precision': 0.5562130177514792, 'recall': 0.564, 'f1': 0.5600794438927508, 'TP': 564, 'FP': 450, 'FN': 436}
[Elbow detection] flip ≈ 1159, λ ≈ 0.7959183673469387
Number of flips performed (elbow): 1159
Matrix saved as results/75/corrupt1000/r010.6_r100.6/flipped_matrix_elbow.svg
Elbow Metrics: {'precision': 0.5418464193270061, 'recall': 0.628, 'f1': 0.5817508105604446, 'TP': 628, 'FP': 531, 'FN': 372}
