[iter 0] λ=0.5000 → flips=913
[iter 1] λ=0.7500 → flips=2410
[iter 2] λ=0.6250 → flips=1225
[iter 3] λ=0.5625 → flips=1103
[iter 4] λ=0.5312 → flips=997
[iter 5] λ=0.5469 → flips=1080
[iter 6] λ=0.5391 → flips=1074
[iter 7] λ=0.5352 → flips=1069
[iter 8] λ=0.5332 → flips=1055
[iter 9] λ=0.5322 → flips=997
[iter 10] λ=0.5327 → flips=1054
[iter 11] λ=0.5325 → flips=997
[iter 12] λ=0.5326 → flips=997
[iter 13] λ=0.5327 → flips=1054
[iter 14] λ=0.5326 → flips=997
[iter 15] λ=0.5326 → flips=997
[iter 16] λ=0.5326 → flips=1054
[iter 17] λ=0.5326 → flips=997
[iter 18] λ=0.5326 → flips=997
[iter 19] λ=0.5326 → flips=1054

Best λ=0.5312 → flips=997, correct=768/1000
Number of flips performed: 997
Metrics: {'precision': 0.7703109327983951, 'recall': 0.768, 'f1': 0.7691537305958939, 'TP': 768, 'FP': 229, 'FN': 232}
[Elbow detection] flip ≈ 4439, λ ≈ 0.8163265306122448
Number of flips performed (elbow): 4439
Elbow Metrics: {'precision': 0.2137868889389502, 'recall': 0.949, 'f1': 0.3489612061040632, 'TP': 949, 'FP': 3490, 'FN': 51}
