Matrix saved as results/97/corrupt800/r010.5_r100.7/original_matrix.svg
Matrix saved as results/97/corrupt800/r010.5_r100.7/corrupted.svg
[iter 0] λ=0.5000 → flips=39
[iter 1] λ=0.7500 → flips=839
[iter 2] λ=0.6250 → flips=198
[iter 3] λ=0.6875 → flips=346
[iter 4] λ=0.7188 → flips=489
[iter 5] λ=0.7344 → flips=505
[iter 6] λ=0.7422 → flips=718
[iter 7] λ=0.7461 → flips=728
[iter 8] λ=0.7480 → flips=728
[iter 9] λ=0.7490 → flips=730
[iter 10] λ=0.7495 → flips=753
[iter 11] λ=0.7498 → flips=839
[iter 12] λ=0.7496 → flips=839
[iter 13] λ=0.7496 → flips=753
[iter 14] λ=0.7496 → flips=839
[iter 15] λ=0.7496 → flips=839
[iter 16] λ=0.7496 → flips=839
[iter 17] λ=0.7496 → flips=753
[iter 18] λ=0.7496 → flips=753
[iter 19] λ=0.7496 → flips=753

Best λ=0.7500 → flips=839, correct=426/800
Number of flips performed: 839
Matrix saved as results/97/corrupt800/r010.5_r100.7/flipped_matrix.svg
Metrics: {'precision': 0.5077473182359953, 'recall': 0.5325, 'f1': 0.5198291641244661, 'TP': 426, 'FP': 413, 'FN': 374}
[Elbow detection] flip ≈ 1473, λ ≈ 0.7959183673469387
Number of flips performed (elbow): 1473
Matrix saved as results/97/corrupt800/r010.5_r100.7/flipped_matrix_elbow.svg
Elbow Metrics: {'precision': 0.39307535641547864, 'recall': 0.72375, 'f1': 0.5094588649362077, 'TP': 579, 'FP': 894, 'FN': 221}
