[iter 0] λ=0.5000 → flips=2139
[iter 1] λ=0.7500 → flips=6517
[iter 2] λ=0.6250 → flips=3964
[iter 3] λ=0.6875 → flips=4946
[iter 4] λ=0.7188 → flips=5323
[iter 5] λ=0.7031 → flips=5058
[iter 6] λ=0.6953 → flips=4988
[iter 7] λ=0.6992 → flips=5035
[iter 8] λ=0.6973 → flips=5008
[iter 9] λ=0.6963 → flips=4988
[iter 10] λ=0.6968 → flips=4993
[iter 11] λ=0.6970 → flips=5004
[iter 12] λ=0.6969 → flips=5007
[iter 13] λ=0.6968 → flips=4999
[iter 14] λ=0.6969 → flips=4999
[iter 15] λ=0.6969 → flips=4999
[iter 16] λ=0.6969 → flips=4999
[iter 17] λ=0.6969 → flips=4999
[iter 18] λ=0.6969 → flips=4999
[iter 19] λ=0.6969 → flips=5007

Best λ=0.6968 → flips=4999, correct=4151/5000
Number of flips performed: 4999
Metrics: {'precision': 0.830366073214643, 'recall': 0.8302, 'f1': 0.8302830283028303, 'TP': 4151, 'FP': 848, 'FN': 849}
[Elbow detection] flip ≈ 4446, λ ≈ 0.6530612244897959
Number of flips performed (elbow): 4446
Elbow Metrics: {'precision': 0.8677462887989204, 'recall': 0.7716, 'f1': 0.8168536946855812, 'TP': 3858, 'FP': 588, 'FN': 1142}
