[iter 0] λ=0.5000 → flips=11
[iter 1] λ=0.7500 → flips=245
[iter 2] λ=0.8750 → flips=6613
[iter 3] λ=0.9375 → flips=19829
[iter 4] λ=0.9062 → flips=17743
[iter 5] λ=0.8906 → flips=17091
[iter 6] λ=0.8828 → flips=15857
[iter 7] λ=0.8789 → flips=15492
[iter 8] λ=0.8770 → flips=10476
[iter 9] λ=0.8760 → flips=8558
[iter 10] λ=0.8765 → flips=8558
[iter 11] λ=0.8767 → flips=15054
[iter 12] λ=0.8766 → flips=15054
[iter 13] λ=0.8765 → flips=10476
[iter 14] λ=0.8765 → flips=8558
[iter 15] λ=0.8765 → flips=8558
[iter 16] λ=0.8765 → flips=15054
[iter 17] λ=0.8765 → flips=10476
[iter 18] λ=0.8765 → flips=8558
[iter 19] λ=0.8765 → flips=8558

Best λ=0.8770 → flips=10476, correct=6922/10000
Number of flips performed: 10476
Metrics: {'precision': 0.6607483772432226, 'recall': 0.6922, 'f1': 0.6761086149638602, 'TP': 6922, 'FP': 3554, 'FN': 3078}
[Elbow detection] flip ≈ 15988, λ ≈ 0.8775510204081632
Number of flips performed (elbow): 15988
Elbow Metrics: {'precision': 0.5989492119089317, 'recall': 0.9576, 'f1': 0.7369555179313528, 'TP': 9576, 'FP': 6412, 'FN': 424}
