Matrix saved as results/141/corrupt500/r010.4_r100.3/original_matrix.svg
Matrix saved as results/141/corrupt500/r010.4_r100.3/corrupted.svg
[iter 0] λ=0.5000 → flips=271
[iter 1] λ=0.7500 → flips=1794
[iter 2] λ=0.6250 → flips=596
[iter 3] λ=0.5625 → flips=390
[iter 4] λ=0.5938 → flips=496
[iter 5] λ=0.6094 → flips=553
[iter 6] λ=0.6016 → flips=513
[iter 7] λ=0.5977 → flips=501
[iter 8] λ=0.5957 → flips=501
[iter 9] λ=0.5947 → flips=496
[iter 10] λ=0.5952 → flips=501
[iter 11] λ=0.5950 → flips=496
[iter 12] λ=0.5951 → flips=501
[iter 13] λ=0.5950 → flips=501
[iter 14] λ=0.5950 → flips=496
[iter 15] λ=0.5950 → flips=496
[iter 16] λ=0.5950 → flips=496
[iter 17] λ=0.5950 → flips=501
[iter 18] λ=0.5950 → flips=501
[iter 19] λ=0.5950 → flips=496

Best λ=0.5977 → flips=501, correct=332/500
Number of flips performed: 501
Matrix saved as results/141/corrupt500/r010.4_r100.3/flipped_matrix.svg
Metrics: {'precision': 0.6626746506986028, 'recall': 0.664, 'f1': 0.6633366633366634, 'TP': 332, 'FP': 169, 'FN': 168}
[Elbow detection] flip ≈ 821, λ ≈ 0.673469387755102
Number of flips performed (elbow): 821
Matrix saved as results/141/corrupt500/r010.4_r100.3/flipped_matrix_elbow.svg
Elbow Metrics: {'precision': 0.48112058465286234, 'recall': 0.79, 'f1': 0.5980317940953822, 'TP': 395, 'FP': 426, 'FN': 105}
