Matrix saved as results/53/corrupt100/r010.7_r100.5/original_matrix.svg
Matrix saved as results/53/corrupt100/r010.7_r100.5/corrupted.svg
[iter 0] λ=0.5000 → flips=169
[iter 1] λ=0.2500 → flips=0
[iter 2] λ=0.3750 → flips=0
[iter 3] λ=0.4375 → flips=32
[iter 4] λ=0.4688 → flips=63
[iter 5] λ=0.4844 → flips=84
[iter 6] λ=0.4922 → flips=141
[iter 7] λ=0.4883 → flips=110
[iter 8] λ=0.4863 → flips=90
[iter 9] λ=0.4873 → flips=107
[iter 10] λ=0.4868 → flips=91
[iter 11] λ=0.4871 → flips=102
[iter 12] λ=0.4869 → flips=91
[iter 13] λ=0.4870 → flips=96
[iter 14] λ=0.4870 → flips=97
[iter 15] λ=0.4870 → flips=98
[iter 16] λ=0.4871 → flips=102
[iter 17] λ=0.4870 → flips=102
[iter 18] λ=0.4870 → flips=99
[iter 19] λ=0.4870 → flips=100

Best λ=0.4870 → flips=100, correct=39/100
Number of flips performed: 100
Matrix saved as results/53/corrupt100/r010.7_r100.5/flipped_matrix.svg
Metrics: {'precision': 0.39, 'recall': 0.39, 'f1': 0.39, 'TP': 39, 'FP': 61, 'FN': 61}
[Elbow detection] flip ≈ 678, λ ≈ 0.6938775510204082
Number of flips performed (elbow): 678
Matrix saved as results/53/corrupt100/r010.7_r100.5/flipped_matrix_elbow.svg
Elbow Metrics: {'precision': 0.13569321533923304, 'recall': 0.92, 'f1': 0.23650385604113108, 'TP': 92, 'FP': 586, 'FN': 8}
