Matrix saved as results/108/corrupt800/r010.5_r100.4/original_matrix.svg
Matrix saved as results/108/corrupt800/r010.5_r100.4/corrupted.svg
[iter 0] λ=0.5000 → flips=164
[iter 1] λ=0.7500 → flips=1761
[iter 2] λ=0.6250 → flips=477
[iter 3] λ=0.6875 → flips=730
[iter 4] λ=0.7188 → flips=939
[iter 5] λ=0.7031 → flips=808
[iter 6] λ=0.6953 → flips=794
[iter 7] λ=0.6992 → flips=794
[iter 8] λ=0.7012 → flips=803
[iter 9] λ=0.7002 → flips=794
[iter 10] λ=0.7007 → flips=803
[iter 11] λ=0.7004 → flips=803
[iter 12] λ=0.7003 → flips=800

Best λ=0.7003 → flips=800, correct=522/800
Number of flips performed: 800
Matrix saved as results/108/corrupt800/r010.5_r100.4/flipped_matrix.svg
Metrics: {'precision': 0.6525, 'recall': 0.6525, 'f1': 0.6525, 'TP': 522, 'FP': 278, 'FN': 278}
[Elbow detection] flip ≈ 877, λ ≈ 0.7142857142857142
Number of flips performed (elbow): 877
Matrix saved as results/108/corrupt800/r010.5_r100.4/flipped_matrix_elbow.svg
Elbow Metrics: {'precision': 0.6180159635119726, 'recall': 0.6775, 'f1': 0.6463923673225999, 'TP': 542, 'FP': 335, 'FN': 258}
