Matrix saved as results/86/corrupt1000/r010.3_r100.6/original_matrix.svg
Matrix saved as results/86/corrupt1000/r010.3_r100.6/corrupted.svg
[iter 0] λ=0.5000 → flips=18
[iter 1] λ=0.7500 → flips=217
[iter 2] λ=0.8750 → flips=3835
[iter 3] λ=0.8125 → flips=536
[iter 4] λ=0.8438 → flips=1394
[iter 5] λ=0.8281 → flips=584
[iter 6] λ=0.8359 → flips=856
[iter 7] λ=0.8398 → flips=1376
[iter 8] λ=0.8379 → flips=1343
[iter 9] λ=0.8369 → flips=1228
[iter 10] λ=0.8364 → flips=1228
[iter 11] λ=0.8362 → flips=1228
[iter 12] λ=0.8361 → flips=1253
[iter 13] λ=0.8360 → flips=1253
[iter 14] λ=0.8360 → flips=856
[iter 15] λ=0.8360 → flips=856
[iter 16] λ=0.8360 → flips=856
[iter 17] λ=0.8360 → flips=1253
[iter 18] λ=0.8360 → flips=856
[iter 19] λ=0.8360 → flips=856

Best λ=0.8359 → flips=856, correct=457/1000
Number of flips performed: 856
Matrix saved as results/86/corrupt1000/r010.3_r100.6/flipped_matrix.svg
Metrics: {'precision': 0.5338785046728972, 'recall': 0.457, 'f1': 0.4924568965517242, 'TP': 457, 'FP': 399, 'FN': 543}
[Elbow detection] flip ≈ 1228, λ ≈ 0.836734693877551
Number of flips performed (elbow): 1228
Matrix saved as results/86/corrupt1000/r010.3_r100.6/flipped_matrix_elbow.svg
Elbow Metrics: {'precision': 0.4381107491856677, 'recall': 0.538, 'f1': 0.4829443447037702, 'TP': 538, 'FP': 690, 'FN': 462}
