Matrix saved as results/130/corrupt800/r010.3_r100.7/original_matrix.svg
Matrix saved as results/130/corrupt800/r010.3_r100.7/corrupted.svg
[iter 0] λ=0.5000 → flips=16
[iter 1] λ=0.7500 → flips=248
[iter 2] λ=0.8750 → flips=2480
[iter 3] λ=0.8125 → flips=399
[iter 4] λ=0.8438 → flips=874
[iter 5] λ=0.8281 → flips=481
[iter 6] λ=0.8359 → flips=622
[iter 7] λ=0.8398 → flips=623
[iter 8] λ=0.8418 → flips=623
[iter 9] λ=0.8428 → flips=623
[iter 10] λ=0.8433 → flips=874
[iter 11] λ=0.8430 → flips=623
[iter 12] λ=0.8431 → flips=874
[iter 13] λ=0.8431 → flips=623
[iter 14] λ=0.8431 → flips=623
[iter 15] λ=0.8431 → flips=874
[iter 16] λ=0.8431 → flips=623
[iter 17] λ=0.8431 → flips=874
[iter 18] λ=0.8431 → flips=623
[iter 19] λ=0.8431 → flips=874

Best λ=0.8438 → flips=874, correct=395/800
Number of flips performed: 874
Matrix saved as results/130/corrupt800/r010.3_r100.7/flipped_matrix.svg
Metrics: {'precision': 0.45194508009153317, 'recall': 0.49375, 'f1': 0.4719235364396655, 'TP': 395, 'FP': 479, 'FN': 405}
[Elbow detection] flip ≈ 1102, λ ≈ 0.8571428571428571
Number of flips performed (elbow): 1102
Matrix saved as results/130/corrupt800/r010.3_r100.7/flipped_matrix_elbow.svg
Elbow Metrics: {'precision': 0.39655172413793105, 'recall': 0.54625, 'f1': 0.45951629863301785, 'TP': 437, 'FP': 665, 'FN': 363}
