Matrix saved as results/97/corrupt50/r010.4_r100.6/original_matrix.png
Matrix saved as results/97/corrupt50/r010.4_r100.6/corrupted.png
[iter 0] λ=0.5000 → flips=30
[iter 1] λ=0.7500 → flips=65
[iter 2] λ=0.6250 → flips=62
[iter 3] λ=0.5625 → flips=40
[iter 4] λ=0.5938 → flips=56
[iter 5] λ=0.5781 → flips=47
[iter 6] λ=0.5859 → flips=52
[iter 7] λ=0.5820 → flips=50

Best λ=0.5820 → flips=50, correct=30/50
Number of flips performed: 50
Cell (Nymphalis_l_album,Nymphaeaceae): 0 -> 1
Cell (Nymphalis_l_album,Acoraceae): 0 -> 1
Cell (Nymphalis_l_album,Ceratophyllaceae): 0 -> 1
Cell (Nymphalis_l_album,Cannabaceae): 0 -> 1
Cell (Nymphalis_l_album,Betulaceae): 0 -> 1
Cell (Nymphalis_l_album,Malvaceae): 0 -> 1
Cell (Nymphalis_l_album,Ericaceae): 0 -> 1
Cell (Nymphalis_l_album,Asteraceae): 0 -> 1
Cell (Nymphalis_polychloros,Nymphaeaceae): 0 -> 1
Cell (Nymphalis_polychloros,Typhaceae): 0 -> 1
Cell (Nymphalis_polychloros,Acoraceae): 0 -> 1
Cell (Nymphalis_polychloros,Ceratophyllaceae): 0 -> 1
Cell (Nymphalis_polychloros,Rhamnaceae): 0 -> 1
Cell (Nymphalis_polychloros,Malvaceae): 0 -> 1
Cell (Nymphalis_polychloros,Grossulariaceae): 0 -> 1
Cell (Nymphalis_polychloros,Plantaginaceae): 0 -> 1
Cell (Nymphalis_californica,Smilacaceae): 0 -> 1
Cell (Nymphalis_californica,Ceratophyllaceae): 0 -> 1
Cell (Nymphalis_californica,Rhamnaceae): 0 -> 1
Cell (Nymphalis_californica,Ulmaceae): 0 -> 1
Cell (Nymphalis_californica,Urticaceae): 0 -> 1
Cell (Nymphalis_californica,Betulaceae): 0 -> 1
Cell (Nymphalis_xanthomelas,Amborellaceae): 0 -> 1
Cell (Nymphalis_xanthomelas,Nymphaeaceae): 0 -> 1
Cell (Nymphalis_xanthomelas,Schisandraceae): 0 -> 1
Cell (Nymphalis_xanthomelas,Siparunaceae): 0 -> 1
Cell (Nymphalis_xanthomelas,Aristolochiaceae): 0 -> 1
Cell (Nymphalis_xanthomelas,Typhaceae): 0 -> 1
Cell (Nymphalis_xanthomelas,Potamogetonaceae): 0 -> 1
Cell (Nymphalis_xanthomelas,Ceratophyllaceae): 0 -> 1
Cell (Nymphalis_xanthomelas,Rosaceae): 0 -> 1
Cell (Nymphalis_xanthomelas,Rhamnaceae): 0 -> 1
Cell (Nymphalis_xanthomelas,Ulmaceae): 0 -> 1
Cell (Nymphalis_xanthomelas,Urticaceae): 0 -> 1
Cell (Nymphalis_xanthomelas,Betulaceae): 0 -> 1
Cell (Nymphalis_xanthomelas,Salicaceae): 0 -> 1
Cell (Nymphalis_xanthomelas,Ericaceae): 0 -> 1
Cell (Nymphalis_xanthomelas,Asteraceae): 0 -> 1
Cell (Nymphalis_antiopa,Nymphaeaceae): 0 -> 1
Cell (Nymphalis_antiopa,Schisandraceae): 0 -> 1
Cell (Nymphalis_antiopa,Aristolochiaceae): 0 -> 1
Cell (Nymphalis_antiopa,Smilacaceae): 0 -> 1
Cell (Nymphalis_antiopa,Rosaceae): 0 -> 1
Cell (Nymphalis_antiopa,Rhamnaceae): 0 -> 1
Cell (Nymphalis_antiopa,Cannabaceae): 0 -> 1
Cell (Nymphalis_antiopa,Salicaceae): 0 -> 1
Cell (Nymphalis_antiopa,Grossulariaceae): 0 -> 1
Cell (Nymphalis_antiopa,Asteraceae): 0 -> 1
Cell (Nymphalis_antiopa,Plantaginaceae): 0 -> 1
Cell (Nymphalis_antiopa,Boraginaceae): 0 -> 1
Matrix saved as results/97/corrupt50/r010.4_r100.6/flipped_matrix.png
Metrics: {'precision': 0.6, 'recall': 0.6, 'f1': 0.6, 'TP': 30, 'FP': 20, 'FN': 20}
[Elbow detection] flip ≈ 69, λ ≈ 0.8163265306122448
Number of flips performed (elbow): 69
Cell (Kaniska_canace,Amborellaceae): 0 -> 1
Cell (Kaniska_canace,Schisandraceae): 0 -> 1
Cell (Kaniska_canace,Aristolochiaceae): 0 -> 1
Cell (Kaniska_canace,Chloranthaceae): 0 -> 1
Cell (Kaniska_canace,Smilacaceae): 0 -> 1
Cell (Kaniska_canace,Potamogetonaceae): 0 -> 1
Cell (Kaniska_canace,Rhamnaceae): 0 -> 1
Cell (Kaniska_canace,Ulmaceae): 0 -> 1
Cell (Kaniska_canace,Cannabaceae): 0 -> 1
Cell (Kaniska_canace,Urticaceae): 0 -> 1
Cell (Kaniska_canace,Ericaceae): 0 -> 1
Cell (Kaniska_canace,Asteraceae): 0 -> 1
Cell (Kaniska_canace,Boraginaceae): 0 -> 1
Cell (Nymphalis_l_album,Amborellaceae): 0 -> 1
Cell (Nymphalis_l_album,Nymphaeaceae): 0 -> 1
Cell (Nymphalis_l_album,Aristolochiaceae): 0 -> 1
Cell (Nymphalis_l_album,Chloranthaceae): 0 -> 1
Cell (Nymphalis_l_album,Acoraceae): 0 -> 1
Cell (Nymphalis_l_album,Ceratophyllaceae): 0 -> 1
Cell (Nymphalis_l_album,Cannabaceae): 0 -> 1
Cell (Nymphalis_l_album,Betulaceae): 0 -> 1
Cell (Nymphalis_l_album,Malvaceae): 0 -> 1
Cell (Nymphalis_l_album,Ericaceae): 0 -> 1
Cell (Nymphalis_l_album,Asteraceae): 0 -> 1
Cell (Nymphalis_polychloros,Amborellaceae): 0 -> 1
Cell (Nymphalis_polychloros,Nymphaeaceae): 0 -> 1
Cell (Nymphalis_polychloros,Chloranthaceae): 0 -> 1
Cell (Nymphalis_polychloros,Typhaceae): 0 -> 1
Cell (Nymphalis_polychloros,Acoraceae): 0 -> 1
Cell (Nymphalis_polychloros,Ceratophyllaceae): 0 -> 1
Cell (Nymphalis_polychloros,Rhamnaceae): 0 -> 1
Cell (Nymphalis_polychloros,Malvaceae): 0 -> 1
Cell (Nymphalis_polychloros,Grossulariaceae): 0 -> 1
Cell (Nymphalis_polychloros,Plantaginaceae): 0 -> 1
Cell (Nymphalis_californica,Chloranthaceae): 0 -> 1
Cell (Nymphalis_californica,Smilacaceae): 0 -> 1
Cell (Nymphalis_californica,Ceratophyllaceae): 0 -> 1
Cell (Nymphalis_californica,Rhamnaceae): 0 -> 1
Cell (Nymphalis_californica,Ulmaceae): 0 -> 1
Cell (Nymphalis_californica,Urticaceae): 0 -> 1
Cell (Nymphalis_californica,Betulaceae): 0 -> 1
Cell (Nymphalis_xanthomelas,Amborellaceae): 0 -> 1
Cell (Nymphalis_xanthomelas,Nymphaeaceae): 0 -> 1
Cell (Nymphalis_xanthomelas,Schisandraceae): 0 -> 1
Cell (Nymphalis_xanthomelas,Siparunaceae): 0 -> 1
Cell (Nymphalis_xanthomelas,Aristolochiaceae): 0 -> 1
Cell (Nymphalis_xanthomelas,Typhaceae): 0 -> 1
Cell (Nymphalis_xanthomelas,Potamogetonaceae): 0 -> 1
Cell (Nymphalis_xanthomelas,Ceratophyllaceae): 0 -> 1
Cell (Nymphalis_xanthomelas,Rosaceae): 0 -> 1
Cell (Nymphalis_xanthomelas,Rhamnaceae): 0 -> 1
Cell (Nymphalis_xanthomelas,Ulmaceae): 0 -> 1
Cell (Nymphalis_xanthomelas,Urticaceae): 0 -> 1
Cell (Nymphalis_xanthomelas,Betulaceae): 0 -> 1
Cell (Nymphalis_xanthomelas,Salicaceae): 0 -> 1
Cell (Nymphalis_xanthomelas,Ericaceae): 0 -> 1
Cell (Nymphalis_xanthomelas,Asteraceae): 0 -> 1
Cell (Nymphalis_antiopa,Nymphaeaceae): 0 -> 1
Cell (Nymphalis_antiopa,Schisandraceae): 0 -> 1
Cell (Nymphalis_antiopa,Aristolochiaceae): 0 -> 1
Cell (Nymphalis_antiopa,Smilacaceae): 0 -> 1
Cell (Nymphalis_antiopa,Rosaceae): 0 -> 1
Cell (Nymphalis_antiopa,Rhamnaceae): 0 -> 1
Cell (Nymphalis_antiopa,Cannabaceae): 0 -> 1
Cell (Nymphalis_antiopa,Salicaceae): 0 -> 1
Cell (Nymphalis_antiopa,Grossulariaceae): 0 -> 1
Cell (Nymphalis_antiopa,Asteraceae): 0 -> 1
Cell (Nymphalis_antiopa,Plantaginaceae): 0 -> 1
Cell (Nymphalis_antiopa,Boraginaceae): 0 -> 1
Matrix saved as results/97/corrupt50/r010.4_r100.6/flipped_matrix_elbow.png
Elbow Metrics: {'precision': 0.6231884057971014, 'recall': 0.86, 'f1': 0.7226890756302521, 'TP': 43, 'FP': 26, 'FN': 7}
