Matrix saved as results/108/corrupt1000/r010.7_r100.6/original_matrix.svg
Matrix saved as results/108/corrupt1000/r010.7_r100.6/corrupted.svg
[iter 0] λ=0.5000 → flips=163
[iter 1] λ=0.7500 → flips=1662
[iter 2] λ=0.6250 → flips=511
[iter 3] λ=0.6875 → flips=860
[iter 4] λ=0.7188 → flips=1177
[iter 5] λ=0.7031 → flips=994
[iter 6] λ=0.7109 → flips=1040
[iter 7] λ=0.7070 → flips=1016
[iter 8] λ=0.7051 → flips=999
[iter 9] λ=0.7061 → flips=1016
[iter 10] λ=0.7056 → flips=999
[iter 11] λ=0.7058 → flips=999
[iter 12] λ=0.7059 → flips=1016
[iter 13] λ=0.7059 → flips=1016
[iter 14] λ=0.7058 → flips=1016
[iter 15] λ=0.7058 → flips=1016
[iter 16] λ=0.7058 → flips=999
[iter 17] λ=0.7058 → flips=1016
[iter 18] λ=0.7058 → flips=999
[iter 19] λ=0.7058 → flips=999

Best λ=0.7051 → flips=999, correct=721/1000
Number of flips performed: 999
Matrix saved as results/108/corrupt1000/r010.7_r100.6/flipped_matrix.svg
Metrics: {'precision': 0.7217217217217218, 'recall': 0.721, 'f1': 0.7213606803401701, 'TP': 721, 'FP': 278, 'FN': 279}
[Elbow detection] flip ≈ 1066, λ ≈ 0.7142857142857142
Number of flips performed (elbow): 1066
Matrix saved as results/108/corrupt1000/r010.7_r100.6/flipped_matrix_elbow.svg
Elbow Metrics: {'precision': 0.6960600375234521, 'recall': 0.742, 'f1': 0.718296224588577, 'TP': 742, 'FP': 324, 'FN': 258}
