Matrix saved as results/53/corrupt1000/r010.7_r100.5/original_matrix.svg
Matrix saved as results/53/corrupt1000/r010.7_r100.5/corrupted.svg
[iter 0] λ=0.5000 → flips=242
[iter 1] λ=0.7500 → flips=1411
[iter 2] λ=0.6250 → flips=731
[iter 3] λ=0.6875 → flips=1021
[iter 4] λ=0.6562 → flips=820
[iter 5] λ=0.6719 → flips=930
[iter 6] λ=0.6797 → flips=980
[iter 7] λ=0.6836 → flips=1009
[iter 8] λ=0.6816 → flips=1001
[iter 9] λ=0.6807 → flips=981
[iter 10] λ=0.6812 → flips=981
[iter 11] λ=0.6814 → flips=1001
[iter 12] λ=0.6813 → flips=1001
[iter 13] λ=0.6812 → flips=981
[iter 14] λ=0.6812 → flips=981
[iter 15] λ=0.6813 → flips=981
[iter 16] λ=0.6813 → flips=1001
[iter 17] λ=0.6813 → flips=981
[iter 18] λ=0.6813 → flips=981
[iter 19] λ=0.6813 → flips=981

Best λ=0.6816 → flips=1001, correct=743/1000
Number of flips performed: 1001
Matrix saved as results/53/corrupt1000/r010.7_r100.5/flipped_matrix.svg
Metrics: {'precision': 0.7422577422577422, 'recall': 0.743, 'f1': 0.7426286856571714, 'TP': 743, 'FP': 258, 'FN': 257}
[Elbow detection] flip ≈ 1202, λ ≈ 0.7142857142857142
Number of flips performed (elbow): 1202
Matrix saved as results/53/corrupt1000/r010.7_r100.5/flipped_matrix_elbow.svg
Elbow Metrics: {'precision': 0.6747088186356073, 'recall': 0.811, 'f1': 0.7366030881017257, 'TP': 811, 'FP': 391, 'FN': 189}
