[iter 0] λ=0.5000 → flips=883
[iter 1] λ=0.2500 → flips=0
[iter 2] λ=0.3750 → flips=253
[iter 3] λ=0.4375 → flips=627
[iter 4] λ=0.4062 → flips=451
[iter 5] λ=0.4219 → flips=577
[iter 6] λ=0.4141 → flips=538
[iter 7] λ=0.4102 → flips=502
[iter 8] λ=0.4082 → flips=476
[iter 9] λ=0.4092 → flips=489
[iter 10] λ=0.4097 → flips=494
[iter 11] λ=0.4099 → flips=497
[iter 12] λ=0.4100 → flips=497
[iter 13] λ=0.4101 → flips=499
[iter 14] λ=0.4101 → flips=501
[iter 15] λ=0.4101 → flips=500

Best λ=0.4101 → flips=500, correct=336/500
Number of flips performed: 500
Metrics: {'precision': 0.672, 'recall': 0.672, 'f1': 0.672, 'TP': 336, 'FP': 164, 'FN': 164}
[Elbow detection] flip ≈ 2402, λ ≈ 0.6938775510204082
Number of flips performed (elbow): 2402
Elbow Metrics: {'precision': 0.2035803497085762, 'recall': 0.978, 'f1': 0.3370089593383873, 'TP': 489, 'FP': 1913, 'FN': 11}
