Matrix saved as results/9/corrupt500/r010.4_r100.4/original_matrix.svg
Matrix saved as results/9/corrupt500/r010.4_r100.4/corrupted.svg
[iter 0] λ=0.5000 → flips=262
[iter 1] λ=0.7500 → flips=1290
[iter 2] λ=0.6250 → flips=633
[iter 3] λ=0.5625 → flips=395
[iter 4] λ=0.5938 → flips=494
[iter 5] λ=0.6094 → flips=537
[iter 6] λ=0.6016 → flips=530
[iter 7] λ=0.5977 → flips=513
[iter 8] λ=0.5957 → flips=504
[iter 9] λ=0.5947 → flips=494
[iter 10] λ=0.5952 → flips=496
[iter 11] λ=0.5955 → flips=504
[iter 12] λ=0.5953 → flips=498
[iter 13] λ=0.5954 → flips=498
[iter 14] λ=0.5954 → flips=500

Best λ=0.5954 → flips=500, correct=336/500
Number of flips performed: 500
Matrix saved as results/9/corrupt500/r010.4_r100.4/flipped_matrix.svg
Metrics: {'precision': 0.672, 'recall': 0.672, 'f1': 0.672, 'TP': 336, 'FP': 164, 'FN': 164}
[Elbow detection] flip ≈ 1035, λ ≈ 0.673469387755102
Number of flips performed (elbow): 1035
Matrix saved as results/9/corrupt500/r010.4_r100.4/flipped_matrix_elbow.svg
Elbow Metrics: {'precision': 0.43381642512077295, 'recall': 0.898, 'f1': 0.5850162866449512, 'TP': 449, 'FP': 586, 'FN': 51}
