Matrix saved as ml_parsimony_matrices/seed130_ratio1.5286.png
Matrix saved as results/130/corrupt10/r010.7_r100.6/original_matrix.png
Matrix saved as results/130/corrupt10/r010.7_r100.6/corrupted.png
[iter 0] λ=0.5000 → flips=27
[iter 1] λ=0.2500 → flips=0
[iter 2] λ=0.3750 → flips=4
[iter 3] λ=0.4375 → flips=27
[iter 4] λ=0.4062 → flips=25
[iter 5] λ=0.3906 → flips=17
[iter 6] λ=0.3828 → flips=12
[iter 7] λ=0.3789 → flips=6
[iter 8] λ=0.3809 → flips=10

Best λ=0.3809 → flips=10, correct=6/10
Number of flips performed: 10
Cell (Vanessa_dimorphica,Ericaceae): 0 -> 1
Cell (Aglais_io,Cannabaceae): 0 -> 1
Cell (Aglais_milberti,Ericaceae): 0 -> 1
Cell (Nymphalis_l_album,Cannabaceae): 0 -> 1
Cell (Polygonia_faunus,Salicaceae): 0 -> 1
Cell (Polygonia_c_album,Potamogetonaceae): 0 -> 1
Cell (Polygonia_c_album,Urticaceae): 0 -> 1
Cell (Polygonia_satyrus,Rhamnaceae): 0 -> 1
Cell (Polygonia_comma,Betulaceae): 0 -> 1
Cell (Polygonia_zephyrus,Chloranthaceae): 0 -> 1
Matrix saved as results/130/corrupt10/r010.7_r100.6/flipped_matrix.png
Metrics: {'precision': 0.6, 'recall': 0.6, 'f1': 0.6, 'TP': 6, 'FP': 4, 'FN': 4}
[Elbow detection] λ ≈ 0.409 (cutoff=0.375)
Elbow Metrics: {'precision': 0.34615384615384615, 'recall': 0.9, 'f1': 0.5, 'TP': 9, 'FP': 17, 'FN': 1}
