Matrix saved as ml_parsimony_matrices/seed42_ratio1.4476.png
Matrix saved as results/42/corrupt50/r010.5_r100.6/original_matrix.png
Matrix saved as results/42/corrupt50/r010.5_r100.6/corrupted.png
[iter 0] λ=0.5000 → flips=0
[iter 1] λ=0.7500 → flips=1
[iter 2] λ=0.8750 → flips=1
[iter 3] λ=0.9375 → flips=1
[iter 4] λ=0.9688 → flips=831
[iter 5] λ=0.9531 → flips=1
[iter 6] λ=0.9609 → flips=1
[iter 7] λ=0.9648 → flips=1
[iter 8] λ=0.9668 → flips=831
[iter 9] λ=0.9658 → flips=831
[iter 10] λ=0.9653 → flips=831
[iter 11] λ=0.9651 → flips=1
[iter 12] λ=0.9652 → flips=1
[iter 13] λ=0.9653 → flips=1
[iter 14] λ=0.9653 → flips=1
[iter 15] λ=0.9653 → flips=831
[iter 16] λ=0.9653 → flips=831
[iter 17] λ=0.9653 → flips=831
[iter 18] λ=0.9653 → flips=1
[iter 19] λ=0.9653 → flips=1

Best λ=0.7500 → flips=1, correct=1/50
Number of flips performed: 1
Cell (Polygonia_c_album,Typhaceae): 0 -> 1
Matrix saved as results/42/corrupt50/r010.5_r100.6/flipped_matrix.png
Metrics: {'precision': 1.0, 'recall': 0.02, 'f1': 0.0392156862745098, 'TP': 1, 'FP': 0, 'FN': 49}
[Elbow detection] λ ≈ 0.711 (cutoff=0.700)
Elbow Metrics: {'precision': 1.0, 'recall': 0.02, 'f1': 0.0392156862745098, 'TP': 1, 'FP': 0, 'FN': 49}
