Matrix saved as results/53/corrupt500/r010.4_r100.3/original_matrix.svg
Matrix saved as results/53/corrupt500/r010.4_r100.3/corrupted.svg
[iter 0] λ=0.5000 → flips=286
[iter 1] λ=0.7500 → flips=1074
[iter 2] λ=0.6250 → flips=591
[iter 3] λ=0.5625 → flips=455
[iter 4] λ=0.5938 → flips=542
[iter 5] λ=0.5781 → flips=501
[iter 6] λ=0.5703 → flips=474
[iter 7] λ=0.5742 → flips=495
[iter 8] λ=0.5762 → flips=499
[iter 9] λ=0.5771 → flips=501
[iter 10] λ=0.5767 → flips=501
[iter 11] λ=0.5764 → flips=499
[iter 12] λ=0.5765 → flips=501
[iter 13] λ=0.5765 → flips=501
[iter 14] λ=0.5764 → flips=501
[iter 15] λ=0.5764 → flips=501
[iter 16] λ=0.5764 → flips=499
[iter 17] λ=0.5764 → flips=501
[iter 18] λ=0.5764 → flips=501
[iter 19] λ=0.5764 → flips=501

Best λ=0.5781 → flips=501, correct=343/500
Number of flips performed: 501
Matrix saved as results/53/corrupt500/r010.4_r100.3/flipped_matrix.svg
Metrics: {'precision': 0.6846307385229541, 'recall': 0.686, 'f1': 0.6853146853146853, 'TP': 343, 'FP': 158, 'FN': 157}
[Elbow detection] flip ≈ 861, λ ≈ 0.7142857142857142
Number of flips performed (elbow): 861
Matrix saved as results/53/corrupt500/r010.4_r100.3/flipped_matrix_elbow.svg
Elbow Metrics: {'precision': 0.5110336817653891, 'recall': 0.88, 'f1': 0.6465833945628214, 'TP': 440, 'FP': 421, 'FN': 60}
