Matrix saved as results/108/corrupt1000/r010.3_r100.3/original_matrix.svg
Matrix saved as results/108/corrupt1000/r010.3_r100.3/corrupted.svg
[iter 0] λ=0.5000 → flips=77
[iter 1] λ=0.7500 → flips=1187
[iter 2] λ=0.6250 → flips=335
[iter 3] λ=0.6875 → flips=566
[iter 4] λ=0.7188 → flips=845
[iter 5] λ=0.7344 → flips=948
[iter 6] λ=0.7422 → flips=1090
[iter 7] λ=0.7383 → flips=1048
[iter 8] λ=0.7363 → flips=1021
[iter 9] λ=0.7354 → flips=966
[iter 10] λ=0.7358 → flips=1021
[iter 11] λ=0.7356 → flips=966
[iter 12] λ=0.7357 → flips=1021
[iter 13] λ=0.7357 → flips=963
[iter 14] λ=0.7357 → flips=966
[iter 15] λ=0.7357 → flips=963
[iter 16] λ=0.7357 → flips=1021
[iter 17] λ=0.7357 → flips=1021
[iter 18] λ=0.7357 → flips=963
[iter 19] λ=0.7357 → flips=1024

Best λ=0.7363 → flips=1021, correct=674/1000
Number of flips performed: 1021
Matrix saved as results/108/corrupt1000/r010.3_r100.3/flipped_matrix.svg
Metrics: {'precision': 0.6601371204701273, 'recall': 0.674, 'f1': 0.6669965363681346, 'TP': 674, 'FP': 347, 'FN': 326}
[Elbow detection] flip ≈ 1502, λ ≈ 0.7755102040816326
Number of flips performed (elbow): 1502
Matrix saved as results/108/corrupt1000/r010.3_r100.3/flipped_matrix_elbow.svg
Elbow Metrics: {'precision': 0.5432756324900133, 'recall': 0.816, 'f1': 0.6522781774580336, 'TP': 816, 'FP': 686, 'FN': 184}
