Matrix saved as results/42/corrupt500/r010.6_r100.6/original_matrix.svg
Matrix saved as results/42/corrupt500/r010.6_r100.6/corrupted.svg
[iter 0] λ=0.5000 → flips=98
[iter 1] λ=0.7500 → flips=769
[iter 2] λ=0.6250 → flips=269
[iter 3] λ=0.6875 → flips=424
[iter 4] λ=0.7188 → flips=631
[iter 5] λ=0.7031 → flips=471
[iter 6] λ=0.7109 → flips=615
[iter 7] λ=0.7070 → flips=567
[iter 8] λ=0.7051 → flips=475
[iter 9] λ=0.7061 → flips=556
[iter 10] λ=0.7056 → flips=477
[iter 11] λ=0.7058 → flips=555
[iter 12] λ=0.7057 → flips=477
[iter 13] λ=0.7057 → flips=555
[iter 14] λ=0.7057 → flips=477
[iter 15] λ=0.7057 → flips=477
[iter 16] λ=0.7057 → flips=477
[iter 17] λ=0.7057 → flips=477
[iter 18] λ=0.7057 → flips=555
[iter 19] λ=0.7057 → flips=477

Best λ=0.7056 → flips=477, correct=306/500
Number of flips performed: 477
Matrix saved as results/42/corrupt500/r010.6_r100.6/flipped_matrix.svg
Metrics: {'precision': 0.6415094339622641, 'recall': 0.612, 'f1': 0.6264073694984647, 'TP': 306, 'FP': 171, 'FN': 194}
[Elbow detection] flip ≈ 982, λ ≈ 0.7755102040816326
Number of flips performed (elbow): 982
Matrix saved as results/42/corrupt500/r010.6_r100.6/flipped_matrix_elbow.svg
Elbow Metrics: {'precision': 0.40427698574338083, 'recall': 0.794, 'f1': 0.5357624831309042, 'TP': 397, 'FP': 585, 'FN': 103}
