Matrix saved as results/86/corrupt100/r010.6_r100.5/original_matrix.svg
Matrix saved as results/86/corrupt100/r010.6_r100.5/corrupted.svg
[iter 0] λ=0.5000 → flips=119
[iter 1] λ=0.2500 → flips=0
[iter 2] λ=0.3750 → flips=1
[iter 3] λ=0.4375 → flips=21
[iter 4] λ=0.4688 → flips=33
[iter 5] λ=0.4844 → flips=43
[iter 6] λ=0.4922 → flips=71
[iter 7] λ=0.4961 → flips=82
[iter 8] λ=0.4980 → flips=116
[iter 9] λ=0.4971 → flips=85
[iter 10] λ=0.4976 → flips=87
[iter 11] λ=0.4978 → flips=92
[iter 12] λ=0.4979 → flips=107
[iter 13] λ=0.4979 → flips=93
[iter 14] λ=0.4979 → flips=95
[iter 15] λ=0.4979 → flips=97
[iter 16] λ=0.4979 → flips=99
[iter 17] λ=0.4979 → flips=99
[iter 18] λ=0.4979 → flips=104
[iter 19] λ=0.4979 → flips=99

Best λ=0.4979 → flips=99, correct=49/100
Number of flips performed: 99
Matrix saved as results/86/corrupt100/r010.6_r100.5/flipped_matrix.svg
Metrics: {'precision': 0.494949494949495, 'recall': 0.49, 'f1': 0.4924623115577889, 'TP': 49, 'FP': 50, 'FN': 51}
[Elbow detection] flip ≈ 665, λ ≈ 0.7142857142857142
Number of flips performed (elbow): 665
Matrix saved as results/86/corrupt100/r010.6_r100.5/flipped_matrix_elbow.svg
Elbow Metrics: {'precision': 0.13834586466165413, 'recall': 0.92, 'f1': 0.24052287581699344, 'TP': 92, 'FP': 573, 'FN': 8}
