Matrix saved as results/31/corrupt1000/r010.5_r100.3/original_matrix.svg
Matrix saved as results/31/corrupt1000/r010.5_r100.3/corrupted.svg
[iter 0] λ=0.5000 → flips=182
[iter 1] λ=0.7500 → flips=1984
[iter 2] λ=0.6250 → flips=536
[iter 3] λ=0.6875 → flips=1040
[iter 4] λ=0.6562 → flips=705
[iter 5] λ=0.6719 → flips=898
[iter 6] λ=0.6797 → flips=903
[iter 7] λ=0.6836 → flips=1039
[iter 8] λ=0.6816 → flips=1039
[iter 9] λ=0.6807 → flips=1004
[iter 10] λ=0.6802 → flips=998
[iter 11] λ=0.6804 → flips=1004
[iter 12] λ=0.6803 → flips=998
[iter 13] λ=0.6804 → flips=1003
[iter 14] λ=0.6803 → flips=998
[iter 15] λ=0.6803 → flips=998
[iter 16] λ=0.6804 → flips=998
[iter 17] λ=0.6804 → flips=1003
[iter 18] λ=0.6804 → flips=998
[iter 19] λ=0.6804 → flips=1003

Best λ=0.6802 → flips=998, correct=659/1000
Number of flips performed: 998
Matrix saved as results/31/corrupt1000/r010.5_r100.3/flipped_matrix.svg
Metrics: {'precision': 0.6603206412825652, 'recall': 0.659, 'f1': 0.6596596596596598, 'TP': 659, 'FP': 339, 'FN': 341}
[Elbow detection] flip ≈ 1554, λ ≈ 0.7142857142857142
Number of flips performed (elbow): 1554
Matrix saved as results/31/corrupt1000/r010.5_r100.3/flipped_matrix_elbow.svg
Elbow Metrics: {'precision': 0.5296010296010296, 'recall': 0.823, 'f1': 0.6444792482380579, 'TP': 823, 'FP': 731, 'FN': 177}
