Matrix saved as ml_parsimony_matrices/seed53_ratio1.1329.png
Matrix saved as results/53/corrupt10/r010.6_r100.7/original_matrix.png
Matrix saved as results/53/corrupt10/r010.6_r100.7/corrupted.png
[iter 0] λ=0.5000 → flips=43
[iter 1] λ=0.2500 → flips=0
[iter 2] λ=0.3750 → flips=13
[iter 3] λ=0.3125 → flips=0
[iter 4] λ=0.3438 → flips=0
[iter 5] λ=0.3594 → flips=0
[iter 6] λ=0.3672 → flips=2
[iter 7] λ=0.3711 → flips=10

Best λ=0.3711 → flips=10, correct=3/10
Number of flips performed: 10
Cell (Nymphalis_polychloros,Urticaceae): 0 -> 1
Cell (Nymphalis_antiopa,Ulmaceae): 0 -> 1
Cell (Polygonia_c_aureum,Cannabaceae): 0 -> 1
Cell (Polygonia_egea,Urticaceae): 0 -> 1
Cell (Polygonia_faunus,Rhamnaceae): 0 -> 1
Cell (Polygonia_faunus,Boraginaceae): 0 -> 1
Cell (Polygonia_interrogationis,Rhamnaceae): 0 -> 1
Cell (Polygonia_oreas,Cannabaceae): 0 -> 1
Cell (Polygonia_gracilis,Rosaceae): 0 -> 1
Cell (Polygonia_gracilis,Ulmaceae): 0 -> 1
Matrix saved as results/53/corrupt10/r010.6_r100.7/flipped_matrix.png
Metrics: {'precision': 0.3, 'recall': 0.3, 'f1': 0.3, 'TP': 3, 'FP': 7, 'FN': 7}
[Elbow detection] λ ≈ 0.388 (cutoff=0.377)
Elbow Metrics: {'precision': 0.24242424242424243, 'recall': 0.8, 'f1': 0.372093023255814, 'TP': 8, 'FP': 25, 'FN': 2}
