[iter 0] λ=0.5000 → flips=1177
[iter 1] λ=0.2500 → flips=0
[iter 2] λ=0.3750 → flips=359
[iter 3] λ=0.4375 → flips=734
[iter 4] λ=0.4688 → flips=993
[iter 5] λ=0.4844 → flips=1063
[iter 6] λ=0.4766 → flips=1041
[iter 7] λ=0.4727 → flips=1018
[iter 8] λ=0.4707 → flips=1003
[iter 9] λ=0.4697 → flips=998
[iter 10] λ=0.4702 → flips=999
[iter 11] λ=0.4705 → flips=1001
[iter 12] λ=0.4703 → flips=1001
[iter 13] λ=0.4703 → flips=999
[iter 14] λ=0.4703 → flips=1001
[iter 15] λ=0.4703 → flips=999
[iter 16] λ=0.4703 → flips=1001
[iter 17] λ=0.4703 → flips=999
[iter 18] λ=0.4703 → flips=1001
[iter 19] λ=0.4703 → flips=1001

Best λ=0.4702 → flips=999, correct=729/1000
Number of flips performed: 999
Metrics: {'precision': 0.7297297297297297, 'recall': 0.729, 'f1': 0.7293646823411706, 'TP': 729, 'FP': 270, 'FN': 271}
[Elbow detection] flip ≈ 0, λ ≈ 0.0
Number of flips performed (elbow): 0
Elbow Metrics: {'precision': 0, 'recall': 0.0, 'f1': 0, 'TP': 0, 'FP': 0, 'FN': 1000}
