Matrix saved as results/42/corrupt1000/r010.4_r100.7/original_matrix.svg
Matrix saved as results/42/corrupt1000/r010.4_r100.7/corrupted.svg
[iter 0] λ=0.5000 → flips=0
[iter 1] λ=0.7500 → flips=6
[iter 2] λ=0.8750 → flips=43
[iter 3] λ=0.9375 → flips=849
[iter 4] λ=0.9688 → flips=4760
[iter 5] λ=0.9531 → flips=4760
[iter 6] λ=0.9453 → flips=4760
[iter 7] λ=0.9414 → flips=4760
[iter 8] λ=0.9395 → flips=1635
[iter 9] λ=0.9385 → flips=849
[iter 10] λ=0.9390 → flips=1282
[iter 11] λ=0.9387 → flips=849
[iter 12] λ=0.9388 → flips=849
[iter 13] λ=0.9389 → flips=849
[iter 14] λ=0.9389 → flips=1282
[iter 15] λ=0.9389 → flips=849
[iter 16] λ=0.9389 → flips=849
[iter 17] λ=0.9389 → flips=849
[iter 18] λ=0.9389 → flips=849
[iter 19] λ=0.9389 → flips=1282

Best λ=0.9375 → flips=849, correct=267/1000
Number of flips performed: 849
Matrix saved as results/42/corrupt1000/r010.4_r100.7/flipped_matrix.svg
Metrics: {'precision': 0.31448763250883394, 'recall': 0.267, 'f1': 0.2888047593293672, 'TP': 267, 'FP': 582, 'FN': 733}
[Elbow detection] flip ≈ None, λ ≈ 1.0
Number of flips performed (elbow): 4760
Matrix saved as results/42/corrupt1000/r010.4_r100.7/flipped_matrix_elbow.svg
Elbow Metrics: {'precision': 0.21008403361344538, 'recall': 1.0, 'f1': 0.34722222222222227, 'TP': 1000, 'FP': 3760, 'FN': 0}
