Matrix saved as results/163/corrupt1000/r010.7_r100.4/original_matrix.svg
Matrix saved as results/163/corrupt1000/r010.7_r100.4/corrupted.svg
[iter 0] λ=0.5000 → flips=443
[iter 1] λ=0.7500 → flips=1690
[iter 2] λ=0.6250 → flips=1239
[iter 3] λ=0.5625 → flips=754
[iter 4] λ=0.5938 → flips=978
[iter 5] λ=0.6094 → flips=1172
[iter 6] λ=0.6016 → flips=1116
[iter 7] λ=0.5977 → flips=1072
[iter 8] λ=0.5957 → flips=997
[iter 9] λ=0.5967 → flips=1055
[iter 10] λ=0.5962 → flips=1005
[iter 11] λ=0.5959 → flips=997
[iter 12] λ=0.5961 → flips=997
[iter 13] λ=0.5961 → flips=997
[iter 14] λ=0.5962 → flips=1005
[iter 15] λ=0.5961 → flips=997
[iter 16] λ=0.5962 → flips=997
[iter 17] λ=0.5962 → flips=997
[iter 18] λ=0.5962 → flips=997
[iter 19] λ=0.5962 → flips=997

Best λ=0.5957 → flips=997, correct=768/1000
Number of flips performed: 997
Matrix saved as results/163/corrupt1000/r010.7_r100.4/flipped_matrix.svg
Metrics: {'precision': 0.7703109327983951, 'recall': 0.768, 'f1': 0.7691537305958939, 'TP': 768, 'FP': 229, 'FN': 232}
[Elbow detection] flip ≈ 1207, λ ≈ 0.6122448979591836
Number of flips performed (elbow): 1207
Matrix saved as results/163/corrupt1000/r010.7_r100.4/flipped_matrix_elbow.svg
Elbow Metrics: {'precision': 0.6975973487986744, 'recall': 0.842, 'f1': 0.7630267331218848, 'TP': 842, 'FP': 365, 'FN': 158}
