Matrix saved as results/42/corrupt800/r010.4_r100.5/original_matrix.svg
Matrix saved as results/42/corrupt800/r010.4_r100.5/corrupted.svg
[iter 0] λ=0.5000 → flips=44
[iter 1] λ=0.7500 → flips=417
[iter 2] λ=0.8750 → flips=3975
[iter 3] λ=0.8125 → flips=844
[iter 4] λ=0.7812 → flips=539
[iter 5] λ=0.7969 → flips=622
[iter 6] λ=0.8047 → flips=695
[iter 7] λ=0.8086 → flips=809
[iter 8] λ=0.8066 → flips=703
[iter 9] λ=0.8076 → flips=791
[iter 10] λ=0.8081 → flips=791
[iter 11] λ=0.8083 → flips=809
[iter 12] λ=0.8082 → flips=809
[iter 13] λ=0.8082 → flips=791
[iter 14] λ=0.8082 → flips=791
[iter 15] λ=0.8082 → flips=791
[iter 16] λ=0.8082 → flips=809
[iter 17] λ=0.8082 → flips=809
[iter 18] λ=0.8082 → flips=791
[iter 19] λ=0.8082 → flips=791

Best λ=0.8086 → flips=809, correct=497/800
Number of flips performed: 809
Matrix saved as results/42/corrupt800/r010.4_r100.5/flipped_matrix.svg
Metrics: {'precision': 0.6143386897404203, 'recall': 0.62125, 'f1': 0.617775015537601, 'TP': 497, 'FP': 312, 'FN': 303}
[Elbow detection] flip ≈ 869, λ ≈ 0.8163265306122448
Number of flips performed (elbow): 869
Matrix saved as results/42/corrupt800/r010.4_r100.5/flipped_matrix_elbow.svg
Elbow Metrics: {'precision': 0.5891829689298044, 'recall': 0.64, 'f1': 0.6135410425404434, 'TP': 512, 'FP': 357, 'FN': 288}
