Matrix saved as results/75/corrupt100/r010.5_r100.5/original_matrix.svg
Matrix saved as results/75/corrupt100/r010.5_r100.5/corrupted.svg
[iter 0] λ=0.5000 → flips=55
[iter 1] λ=0.7500 → flips=998
[iter 2] λ=0.6250 → flips=175
[iter 3] λ=0.5625 → flips=87
[iter 4] λ=0.5938 → flips=134
[iter 5] λ=0.5781 → flips=110
[iter 6] λ=0.5703 → flips=101
[iter 7] λ=0.5664 → flips=97
[iter 8] λ=0.5684 → flips=99
[iter 9] λ=0.5693 → flips=100

Best λ=0.5693 → flips=100, correct=45/100
Number of flips performed: 100
Matrix saved as results/75/corrupt100/r010.5_r100.5/flipped_matrix.svg
Metrics: {'precision': 0.45, 'recall': 0.45, 'f1': 0.45, 'TP': 45, 'FP': 55, 'FN': 55}
[Elbow detection] flip ≈ 1004, λ ≈ 0.7551020408163265
Number of flips performed (elbow): 1004
Matrix saved as results/75/corrupt100/r010.5_r100.5/flipped_matrix_elbow.svg
Elbow Metrics: {'precision': 0.08366533864541832, 'recall': 0.84, 'f1': 0.15217391304347824, 'TP': 84, 'FP': 920, 'FN': 16}
