Matrix saved as results/108/corrupt500/r010.5_r100.5/original_matrix.svg
Matrix saved as results/108/corrupt500/r010.5_r100.5/corrupted.svg
[iter 0] λ=0.5000 → flips=137
[iter 1] λ=0.7500 → flips=905
[iter 2] λ=0.6250 → flips=353
[iter 3] λ=0.6875 → flips=587
[iter 4] λ=0.6562 → flips=431
[iter 5] λ=0.6719 → flips=495
[iter 6] λ=0.6797 → flips=523
[iter 7] λ=0.6758 → flips=512
[iter 8] λ=0.6738 → flips=501
[iter 9] λ=0.6729 → flips=496
[iter 10] λ=0.6733 → flips=496
[iter 11] λ=0.6736 → flips=497
[iter 12] λ=0.6737 → flips=501
[iter 13] λ=0.6736 → flips=499
[iter 14] λ=0.6737 → flips=500

Best λ=0.6737 → flips=500, correct=322/500
Number of flips performed: 500
Matrix saved as results/108/corrupt500/r010.5_r100.5/flipped_matrix.svg
Metrics: {'precision': 0.644, 'recall': 0.644, 'f1': 0.644, 'TP': 322, 'FP': 178, 'FN': 178}
[Elbow detection] flip ≈ 911, λ ≈ 0.7551020408163265
Number of flips performed (elbow): 911
Matrix saved as results/108/corrupt500/r010.5_r100.5/flipped_matrix_elbow.svg
Elbow Metrics: {'precision': 0.43907793633369924, 'recall': 0.8, 'f1': 0.5669737774627924, 'TP': 400, 'FP': 511, 'FN': 100}
