Matrix saved as results/31/corrupt1000/r010.7_r100.4/original_matrix.svg
Matrix saved as results/31/corrupt1000/r010.7_r100.4/corrupted.svg
[iter 0] λ=0.5000 → flips=191
[iter 1] λ=0.7500 → flips=1938
[iter 2] λ=0.6250 → flips=523
[iter 3] λ=0.6875 → flips=1180
[iter 4] λ=0.6562 → flips=790
[iter 5] λ=0.6719 → flips=861
[iter 6] λ=0.6797 → flips=962
[iter 7] λ=0.6836 → flips=1066
[iter 8] λ=0.6816 → flips=965
[iter 9] λ=0.6826 → flips=965
[iter 10] λ=0.6831 → flips=1066
[iter 11] λ=0.6829 → flips=1066
[iter 12] λ=0.6827 → flips=965
[iter 13] λ=0.6828 → flips=965
[iter 14] λ=0.6828 → flips=1066
[iter 15] λ=0.6828 → flips=965
[iter 16] λ=0.6828 → flips=1066
[iter 17] λ=0.6828 → flips=1066
[iter 18] λ=0.6828 → flips=1066
[iter 19] λ=0.6828 → flips=965

Best λ=0.6816 → flips=965, correct=662/1000
Number of flips performed: 965
Matrix saved as results/31/corrupt1000/r010.7_r100.4/flipped_matrix.svg
Metrics: {'precision': 0.6860103626943005, 'recall': 0.662, 'f1': 0.6737913486005089, 'TP': 662, 'FP': 303, 'FN': 338}
[Elbow detection] flip ≈ 1242, λ ≈ 0.6938775510204082
Number of flips performed (elbow): 1242
Matrix saved as results/31/corrupt1000/r010.7_r100.4/flipped_matrix_elbow.svg
Elbow Metrics: {'precision': 0.5933977455716586, 'recall': 0.737, 'f1': 0.6574487065120427, 'TP': 737, 'FP': 505, 'FN': 263}
