[iter 0] λ=0.5000 → flips=1004
[iter 1] λ=0.2500 → flips=0
[iter 2] λ=0.3750 → flips=217
[iter 3] λ=0.4375 → flips=697
[iter 4] λ=0.4688 → flips=865
[iter 5] λ=0.4844 → flips=934
[iter 6] λ=0.4922 → flips=968
[iter 7] λ=0.4961 → flips=980
[iter 8] λ=0.4980 → flips=988
[iter 9] λ=0.4990 → flips=992
[iter 10] λ=0.4995 → flips=999
[iter 11] λ=0.4998 → flips=999
[iter 12] λ=0.4999 → flips=999
[iter 13] λ=0.4999 → flips=999
[iter 14] λ=0.5000 → flips=1001
[iter 15] λ=0.5000 → flips=1001
[iter 16] λ=0.4999 → flips=999
[iter 17] λ=0.5000 → flips=999
[iter 18] λ=0.5000 → flips=999
[iter 19] λ=0.5000 → flips=999

Best λ=0.4995 → flips=999, correct=766/1000
Number of flips performed: 999
Metrics: {'precision': 0.7667667667667668, 'recall': 0.766, 'f1': 0.7663831915957979, 'TP': 766, 'FP': 233, 'FN': 234}
[Elbow detection] flip ≈ 2547, λ ≈ 0.7142857142857142
Number of flips performed (elbow): 2547
Elbow Metrics: {'precision': 0.37966234786022773, 'recall': 0.967, 'f1': 0.5452495066253171, 'TP': 967, 'FP': 1580, 'FN': 33}
