[iter 0] λ=0.5000 → flips=1230
[iter 1] λ=0.7500 → flips=12189
[iter 2] λ=0.6250 → flips=9157
[iter 3] λ=0.6875 → flips=10437
[iter 4] λ=0.6562 → flips=9961
[iter 5] λ=0.6719 → flips=10182
[iter 6] λ=0.6641 → flips=10026
[iter 7] λ=0.6602 → flips=9999
[iter 8] λ=0.6621 → flips=10008
[iter 9] λ=0.6611 → flips=10002
[iter 10] λ=0.6606 → flips=10017
[iter 11] λ=0.6604 → flips=9999
[iter 12] λ=0.6605 → flips=9999
[iter 13] λ=0.6606 → flips=9999
[iter 14] λ=0.6606 → flips=10017
[iter 15] λ=0.6606 → flips=9999
[iter 16] λ=0.6606 → flips=9999
[iter 17] λ=0.6606 → flips=9999
[iter 18] λ=0.6606 → flips=10017
[iter 19] λ=0.6606 → flips=9999

Best λ=0.6602 → flips=9999, correct=9127/10000
Number of flips performed: 9999
Metrics: {'precision': 0.9127912791279128, 'recall': 0.9127, 'f1': 0.9127456372818641, 'TP': 9127, 'FP': 872, 'FN': 873}
[Elbow detection] flip ≈ 8364, λ ≈ 0.6122448979591836
Number of flips performed (elbow): 8364
Elbow Metrics: {'precision': 0.9557627929220469, 'recall': 0.7994, 'f1': 0.8706164234371596, 'TP': 7994, 'FP': 370, 'FN': 2006}
