[iter 0] λ=0.5000 → flips=1015
[iter 1] λ=0.2500 → flips=0
[iter 2] λ=0.3750 → flips=247
[iter 3] λ=0.4375 → flips=775
[iter 4] λ=0.4688 → flips=923
[iter 5] λ=0.4844 → flips=977
[iter 6] λ=0.4922 → flips=997
[iter 7] λ=0.4961 → flips=1005
[iter 8] λ=0.4941 → flips=1003
[iter 9] λ=0.4932 → flips=1001
[iter 10] λ=0.4927 → flips=1002
[iter 11] λ=0.4924 → flips=999
[iter 12] λ=0.4926 → flips=1001
[iter 13] λ=0.4925 → flips=999
[iter 14] λ=0.4925 → flips=999
[iter 15] λ=0.4925 → flips=999
[iter 16] λ=0.4925 → flips=999
[iter 17] λ=0.4925 → flips=1001
[iter 18] λ=0.4925 → flips=1001
[iter 19] λ=0.4925 → flips=1001

Best λ=0.4932 → flips=1001, correct=783/1000
Number of flips performed: 1001
Metrics: {'precision': 0.7822177822177823, 'recall': 0.783, 'f1': 0.782608695652174, 'TP': 783, 'FP': 218, 'FN': 217}
[Elbow detection] flip ≈ 1718, λ ≈ 0.6530612244897959
Number of flips performed (elbow): 1718
Elbow Metrics: {'precision': 0.5488940628637952, 'recall': 0.943, 'f1': 0.6938925680647534, 'TP': 943, 'FP': 775, 'FN': 57}
