[iter 0] λ=0.5000 → flips=1
[iter 1] λ=0.7500 → flips=45
[iter 2] λ=0.8750 → flips=105
[iter 3] λ=0.9375 → flips=20774
[iter 4] λ=0.9062 → flips=426
[iter 5] λ=0.9219 → flips=463
[iter 6] λ=0.9297 → flips=20774
[iter 7] λ=0.9258 → flips=8344
[iter 8] λ=0.9277 → flips=8345
[iter 9] λ=0.9287 → flips=20774
[iter 10] λ=0.9282 → flips=8382
[iter 11] λ=0.9285 → flips=20774
[iter 12] λ=0.9283 → flips=8382
[iter 13] λ=0.9284 → flips=20774
[iter 14] λ=0.9284 → flips=20774
[iter 15] λ=0.9284 → flips=20774
[iter 16] λ=0.9284 → flips=8382
[iter 17] λ=0.9284 → flips=20774
[iter 18] λ=0.9284 → flips=8382
[iter 19] λ=0.9284 → flips=8382

Best λ=0.9282 → flips=8382, correct=4992/10000
Number of flips performed: 8382
Metrics: {'precision': 0.595561918396564, 'recall': 0.4992, 'f1': 0.5431400282885431, 'TP': 4992, 'FP': 3390, 'FN': 5008}
[Elbow detection] flip ≈ 3, λ ≈ 0.6122448979591836
Number of flips performed (elbow): 3
Elbow Metrics: {'precision': 1.0, 'recall': 0.0003, 'f1': 0.0005998200539838048, 'TP': 3, 'FP': 0, 'FN': 9997}
