[iter 0] λ=0.5000 → flips=842
[iter 1] λ=0.2500 → flips=0
[iter 2] λ=0.3750 → flips=242
[iter 3] λ=0.4375 → flips=533
[iter 4] λ=0.4062 → flips=404
[iter 5] λ=0.4219 → flips=460
[iter 6] λ=0.4297 → flips=491
[iter 7] λ=0.4336 → flips=519
[iter 8] λ=0.4316 → flips=514
[iter 9] λ=0.4307 → flips=499
[iter 10] λ=0.4312 → flips=504
[iter 11] λ=0.4309 → flips=503
[iter 12] λ=0.4308 → flips=503
[iter 13] λ=0.4307 → flips=501
[iter 14] λ=0.4307 → flips=499
[iter 15] λ=0.4307 → flips=499
[iter 16] λ=0.4307 → flips=500

Best λ=0.4307 → flips=500, correct=352/500
Number of flips performed: 500
Metrics: {'precision': 0.704, 'recall': 0.704, 'f1': 0.704, 'TP': 352, 'FP': 148, 'FN': 148}
[Elbow detection] flip ≈ 2043, λ ≈ 0.6938775510204082
Number of flips performed (elbow): 2043
Elbow Metrics: {'precision': 0.23641703377386197, 'recall': 0.966, 'f1': 0.3798662996460873, 'TP': 483, 'FP': 1560, 'FN': 17}
