[iter 0] λ=0.5000 → flips=491
[iter 1] λ=0.7500 → flips=1500
[iter 2] λ=0.6250 → flips=814
[iter 3] λ=0.5625 → flips=619
[iter 4] λ=0.5312 → flips=584
[iter 5] λ=0.5156 → flips=568
[iter 6] λ=0.5078 → flips=541
[iter 7] λ=0.5039 → flips=526
[iter 8] λ=0.5020 → flips=521
[iter 9] λ=0.5010 → flips=494
[iter 10] λ=0.5015 → flips=521
[iter 11] λ=0.5012 → flips=521
[iter 12] λ=0.5011 → flips=494
[iter 13] λ=0.5012 → flips=521
[iter 14] λ=0.5011 → flips=521
[iter 15] λ=0.5011 → flips=521
[iter 16] λ=0.5011 → flips=521
[iter 17] λ=0.5011 → flips=521
[iter 18] λ=0.5011 → flips=521
[iter 19] λ=0.5011 → flips=521

Best λ=0.5010 → flips=494, correct=324/500
Number of flips performed: 494
Metrics: {'precision': 0.6558704453441295, 'recall': 0.648, 'f1': 0.6519114688128773, 'TP': 324, 'FP': 170, 'FN': 176}
[Elbow detection] flip ≈ 3019, λ ≈ 0.8775510204081632
Number of flips performed (elbow): 3019
Elbow Metrics: {'precision': 0.15435574693607154, 'recall': 0.932, 'f1': 0.26484796817277634, 'TP': 466, 'FP': 2553, 'FN': 34}
