Matrix saved as results/163/corrupt800/r010.4_r100.6/original_matrix.svg
Matrix saved as results/163/corrupt800/r010.4_r100.6/corrupted.svg
[iter 0] λ=0.5000 → flips=87
[iter 1] λ=0.7500 → flips=733
[iter 2] λ=0.8750 → flips=3629
[iter 3] λ=0.8125 → flips=2944
[iter 4] λ=0.7812 → flips=1102
[iter 5] λ=0.7656 → flips=905
[iter 6] λ=0.7578 → flips=841
[iter 7] λ=0.7539 → flips=763
[iter 8] λ=0.7559 → flips=772
[iter 9] λ=0.7568 → flips=789
[iter 10] λ=0.7573 → flips=841
[iter 11] λ=0.7571 → flips=789
[iter 12] λ=0.7572 → flips=790
[iter 13] λ=0.7573 → flips=841
[iter 14] λ=0.7572 → flips=841
[iter 15] λ=0.7572 → flips=790
[iter 16] λ=0.7572 → flips=790
[iter 17] λ=0.7572 → flips=790
[iter 18] λ=0.7572 → flips=790
[iter 19] λ=0.7572 → flips=790

Best λ=0.7572 → flips=790, correct=482/800
Number of flips performed: 790
Matrix saved as results/163/corrupt800/r010.4_r100.6/flipped_matrix.svg
Metrics: {'precision': 0.610126582278481, 'recall': 0.6025, 'f1': 0.6062893081761006, 'TP': 482, 'FP': 308, 'FN': 318}
[Elbow detection] flip ≈ 1024, λ ≈ 0.7755102040816326
Number of flips performed (elbow): 1024
Matrix saved as results/163/corrupt800/r010.4_r100.6/flipped_matrix_elbow.svg
Elbow Metrics: {'precision': 0.537109375, 'recall': 0.6875, 'f1': 0.6030701754385965, 'TP': 550, 'FP': 474, 'FN': 250}
