Matrix saved as results/163/corrupt1000/r010.5_r100.5/original_matrix.svg
Matrix saved as results/163/corrupt1000/r010.5_r100.5/corrupted.svg
[iter 0] λ=0.5000 → flips=99
[iter 1] λ=0.7500 → flips=1349
[iter 2] λ=0.6250 → flips=318
[iter 3] λ=0.6875 → flips=780
[iter 4] λ=0.7188 → flips=1045
[iter 5] λ=0.7031 → flips=960
[iter 6] λ=0.7109 → flips=1007
[iter 7] λ=0.7070 → flips=980
[iter 8] λ=0.7090 → flips=982
[iter 9] λ=0.7100 → flips=994
[iter 10] λ=0.7104 → flips=994
[iter 11] λ=0.7107 → flips=1003
[iter 12] λ=0.7106 → flips=1003
[iter 13] λ=0.7105 → flips=1003
[iter 14] λ=0.7105 → flips=994
[iter 15] λ=0.7105 → flips=994
[iter 16] λ=0.7105 → flips=1003
[iter 17] λ=0.7105 → flips=994
[iter 18] λ=0.7105 → flips=1003
[iter 19] λ=0.7105 → flips=1003

Best λ=0.7107 → flips=1003, correct=688/1000
Number of flips performed: 1003
Matrix saved as results/163/corrupt1000/r010.5_r100.5/flipped_matrix.svg
Metrics: {'precision': 0.6859421734795613, 'recall': 0.688, 'f1': 0.6869695456814777, 'TP': 688, 'FP': 315, 'FN': 312}
[Elbow detection] flip ≈ 1130, λ ≈ 0.7346938775510203
Number of flips performed (elbow): 1130
Matrix saved as results/163/corrupt1000/r010.5_r100.5/flipped_matrix_elbow.svg
Elbow Metrics: {'precision': 0.643362831858407, 'recall': 0.727, 'f1': 0.6826291079812206, 'TP': 727, 'FP': 403, 'FN': 273}
