[iter 0] λ=0.5000 → flips=867
[iter 1] λ=0.7500 → flips=2506
[iter 2] λ=0.6250 → flips=1429
[iter 3] λ=0.5625 → flips=1091
[iter 4] λ=0.5312 → flips=984
[iter 5] λ=0.5469 → flips=1039
[iter 6] λ=0.5391 → flips=1016
[iter 7] λ=0.5352 → flips=1004
[iter 8] λ=0.5332 → flips=1004
[iter 9] λ=0.5322 → flips=995
[iter 10] λ=0.5327 → flips=995
[iter 11] λ=0.5330 → flips=1004
[iter 12] λ=0.5328 → flips=995
[iter 13] λ=0.5329 → flips=1004
[iter 14] λ=0.5329 → flips=1004
[iter 15] λ=0.5329 → flips=1004
[iter 16] λ=0.5328 → flips=995
[iter 17] λ=0.5328 → flips=995
[iter 18] λ=0.5329 → flips=995
[iter 19] λ=0.5329 → flips=1004

Best λ=0.5352 → flips=1004, correct=754/1000
Number of flips performed: 1004
Metrics: {'precision': 0.750996015936255, 'recall': 0.754, 'f1': 0.7524950099800398, 'TP': 754, 'FP': 250, 'FN': 246}
[Elbow detection] flip ≈ 3184, λ ≈ 0.7755102040816326
Number of flips performed (elbow): 3184
Elbow Metrics: {'precision': 0.30370603015075376, 'recall': 0.967, 'f1': 0.46223709369024857, 'TP': 967, 'FP': 2217, 'FN': 33}
