[iter 0] λ=0.5000 → flips=619
[iter 1] λ=0.2500 → flips=0
[iter 2] λ=0.3750 → flips=134
[iter 3] λ=0.4375 → flips=417
[iter 4] λ=0.4688 → flips=525
[iter 5] λ=0.4531 → flips=488
[iter 6] λ=0.4609 → flips=505
[iter 7] λ=0.4570 → flips=499
[iter 8] λ=0.4590 → flips=502
[iter 9] λ=0.4580 → flips=501
[iter 10] λ=0.4575 → flips=499
[iter 11] λ=0.4578 → flips=499
[iter 12] λ=0.4579 → flips=499
[iter 13] λ=0.4579 → flips=499
[iter 14] λ=0.4580 → flips=499
[iter 15] λ=0.4580 → flips=499
[iter 16] λ=0.4580 → flips=499
[iter 17] λ=0.4580 → flips=501
[iter 18] λ=0.4580 → flips=499
[iter 19] λ=0.4580 → flips=501

Best λ=0.4570 → flips=499, correct=366/500
Number of flips performed: 499
Metrics: {'precision': 0.7334669338677354, 'recall': 0.732, 'f1': 0.7327327327327328, 'TP': 366, 'FP': 133, 'FN': 134}
[Elbow detection] flip ≈ 2894, λ ≈ 0.7755102040816326
Number of flips performed (elbow): 2894
Elbow Metrics: {'precision': 0.16724257083621286, 'recall': 0.968, 'f1': 0.2852091926929876, 'TP': 484, 'FP': 2410, 'FN': 16}
