Matrix saved as results/152/corrupt1000/r010.7_r100.5/original_matrix.svg
Matrix saved as results/152/corrupt1000/r010.7_r100.5/corrupted.svg
[iter 0] λ=0.5000 → flips=67
[iter 1] λ=0.7500 → flips=713
[iter 2] λ=0.8750 → flips=3676
[iter 3] λ=0.8125 → flips=2087
[iter 4] λ=0.7812 → flips=871
[iter 5] λ=0.7969 → flips=980
[iter 6] λ=0.8047 → flips=1502
[iter 7] λ=0.8008 → flips=1012
[iter 8] λ=0.7988 → flips=998
[iter 9] λ=0.7998 → flips=1004
[iter 10] λ=0.7993 → flips=1004
[iter 11] λ=0.7991 → flips=1002
[iter 12] λ=0.7990 → flips=998
[iter 13] λ=0.7990 → flips=998
[iter 14] λ=0.7990 → flips=998
[iter 15] λ=0.7991 → flips=1002
[iter 16] λ=0.7990 → flips=998
[iter 17] λ=0.7991 → flips=998
[iter 18] λ=0.7991 → flips=1002
[iter 19] λ=0.7991 → flips=998

Best λ=0.7988 → flips=998, correct=642/1000
Number of flips performed: 998
Matrix saved as results/152/corrupt1000/r010.7_r100.5/flipped_matrix.svg
Metrics: {'precision': 0.6432865731462926, 'recall': 0.642, 'f1': 0.6426426426426426, 'TP': 642, 'FP': 356, 'FN': 358}
[Elbow detection] flip ≈ 848, λ ≈ 0.7755102040816326
Number of flips performed (elbow): 848
Matrix saved as results/152/corrupt1000/r010.7_r100.5/flipped_matrix_elbow.svg
Elbow Metrics: {'precision': 0.6875, 'recall': 0.583, 'f1': 0.6309523809523809, 'TP': 583, 'FP': 265, 'FN': 417}
