[iter 0] λ=0.5000 → flips=3946
[iter 1] λ=0.7500 → flips=7411
[iter 2] λ=0.6250 → flips=4944
[iter 3] λ=0.6875 → flips=5719
[iter 4] λ=0.6562 → flips=5290
[iter 5] λ=0.6406 → flips=5112
[iter 6] λ=0.6328 → flips=5046
[iter 7] λ=0.6289 → flips=5012
[iter 8] λ=0.6270 → flips=4989
[iter 9] λ=0.6279 → flips=5008
[iter 10] λ=0.6274 → flips=4992
[iter 11] λ=0.6277 → flips=4992
[iter 12] λ=0.6278 → flips=5003
[iter 13] λ=0.6277 → flips=4993
[iter 14] λ=0.6278 → flips=4993
[iter 15] λ=0.6278 → flips=4993
[iter 16] λ=0.6278 → flips=4993
[iter 17] λ=0.6278 → flips=4993
[iter 18] λ=0.6278 → flips=5003
[iter 19] λ=0.6278 → flips=5003

Best λ=0.6278 → flips=5003, correct=4693/5000
Number of flips performed: 5003
Metrics: {'precision': 0.938037177693384, 'recall': 0.9386, 'f1': 0.9383185044486654, 'TP': 4693, 'FP': 310, 'FN': 307}
[Elbow detection] flip ≈ 4589, λ ≈ 0.5714285714285714
Number of flips performed (elbow): 4589
Elbow Metrics: {'precision': 0.9666594029200262, 'recall': 0.8872, 'f1': 0.9252268224006673, 'TP': 4436, 'FP': 153, 'FN': 564}
