Matrix saved as results/86/corrupt100/r010.5_r100.7/original_matrix.png
Matrix saved as results/86/corrupt100/r010.5_r100.7/corrupted.png
[iter 0] λ=0.5000 → flips=14
[iter 1] λ=0.7500 → flips=106
[iter 2] λ=0.6250 → flips=74
[iter 3] λ=0.6875 → flips=84
[iter 4] λ=0.7188 → flips=96
[iter 5] λ=0.7344 → flips=106
[iter 6] λ=0.7266 → flips=106
[iter 7] λ=0.7227 → flips=106
[iter 8] λ=0.7207 → flips=96
[iter 9] λ=0.7217 → flips=106
[iter 10] λ=0.7212 → flips=96
[iter 11] λ=0.7214 → flips=96
[iter 12] λ=0.7216 → flips=96
[iter 13] λ=0.7216 → flips=96
[iter 14] λ=0.7216 → flips=96
[iter 15] λ=0.7217 → flips=106
[iter 16] λ=0.7217 → flips=106
[iter 17] λ=0.7217 → flips=106
[iter 18] λ=0.7217 → flips=96
[iter 19] λ=0.7217 → flips=106

Best λ=0.7188 → flips=96, correct=74/100
Number of flips performed: 96
Cell (Nymphalis_polychloros,Typhaceae): 0 -> 1
Cell (Nymphalis_polychloros,Ceratophyllaceae): 0 -> 1
Cell (Nymphalis_polychloros,Rosaceae): 0 -> 1
Cell (Nymphalis_polychloros,Cannabaceae): 0 -> 1
Cell (Nymphalis_polychloros,Urticaceae): 0 -> 1
Cell (Nymphalis_polychloros,Salicaceae): 0 -> 1
Cell (Nymphalis_polychloros,Malvaceae): 0 -> 1
Cell (Nymphalis_polychloros,Grossulariaceae): 0 -> 1
Cell (Nymphalis_californica,Amborellaceae): 0 -> 1
Cell (Nymphalis_californica,Schisandraceae): 0 -> 1
Cell (Nymphalis_californica,Aristolochiaceae): 0 -> 1
Cell (Nymphalis_californica,Chloranthaceae): 0 -> 1
Cell (Nymphalis_californica,Typhaceae): 0 -> 1
Cell (Nymphalis_californica,Smilacaceae): 0 -> 1
Cell (Nymphalis_californica,Potamogetonaceae): 0 -> 1
Cell (Nymphalis_californica,Fabaceae): 0 -> 1
Cell (Nymphalis_californica,Rosaceae): 0 -> 1
Cell (Nymphalis_californica,Urticaceae): 0 -> 1
Cell (Nymphalis_californica,Betulaceae): 0 -> 1
Cell (Nymphalis_californica,Salicaceae): 0 -> 1
Cell (Nymphalis_xanthomelas,Aristolochiaceae): 0 -> 1
Cell (Nymphalis_xanthomelas,Smilacaceae): 0 -> 1
Cell (Nymphalis_xanthomelas,Potamogetonaceae): 0 -> 1
Cell (Nymphalis_xanthomelas,Acoraceae): 0 -> 1
Cell (Nymphalis_xanthomelas,Ceratophyllaceae): 0 -> 1
Cell (Nymphalis_xanthomelas,Rosaceae): 0 -> 1
Cell (Nymphalis_xanthomelas,Rhamnaceae): 0 -> 1
Cell (Nymphalis_xanthomelas,Urticaceae): 0 -> 1
Cell (Nymphalis_xanthomelas,Betulaceae): 0 -> 1
Cell (Nymphalis_xanthomelas,Malvaceae): 0 -> 1
Cell (Nymphalis_antiopa,Amborellaceae): 0 -> 1
Cell (Nymphalis_antiopa,Nymphaeaceae): 0 -> 1
Cell (Nymphalis_antiopa,Siparunaceae): 0 -> 1
Cell (Nymphalis_antiopa,Aristolochiaceae): 0 -> 1
Cell (Nymphalis_antiopa,Chloranthaceae): 0 -> 1
Cell (Nymphalis_antiopa,Smilacaceae): 0 -> 1
Cell (Nymphalis_antiopa,Potamogetonaceae): 0 -> 1
Cell (Nymphalis_antiopa,Acoraceae): 0 -> 1
Cell (Nymphalis_antiopa,Rosaceae): 0 -> 1
Cell (Nymphalis_antiopa,Rhamnaceae): 0 -> 1
Cell (Nymphalis_antiopa,Cannabaceae): 0 -> 1
Cell (Nymphalis_antiopa,Betulaceae): 0 -> 1
Cell (Nymphalis_antiopa,Salicaceae): 0 -> 1
Cell (Nymphalis_antiopa,Malvaceae): 0 -> 1
Cell (Nymphalis_antiopa,Grossulariaceae): 0 -> 1
Cell (Polygonia_oreas,Amborellaceae): 0 -> 1
Cell (Polygonia_oreas,Aristolochiaceae): 0 -> 1
Cell (Polygonia_oreas,Chloranthaceae): 0 -> 1
Cell (Polygonia_oreas,Typhaceae): 0 -> 1
Cell (Polygonia_oreas,Smilacaceae): 0 -> 1
Cell (Polygonia_oreas,Potamogetonaceae): 0 -> 1
Cell (Polygonia_oreas,Ceratophyllaceae): 0 -> 1
Cell (Polygonia_oreas,Rosaceae): 0 -> 1
Cell (Polygonia_oreas,Rhamnaceae): 0 -> 1
Cell (Polygonia_oreas,Urticaceae): 0 -> 1
Cell (Polygonia_oreas,Salicaceae): 0 -> 1
Cell (Polygonia_oreas,Malvaceae): 0 -> 1
Cell (Polygonia_oreas,Grossulariaceae): 0 -> 1
Cell (Polygonia_oreas,Ericaceae): 0 -> 1
Cell (Polygonia_oreas,Asteraceae): 0 -> 1
Cell (Polygonia_progne,Schisandraceae): 0 -> 1
Cell (Polygonia_progne,Aristolochiaceae): 0 -> 1
Cell (Polygonia_progne,Potamogetonaceae): 0 -> 1
Cell (Polygonia_progne,Fabaceae): 0 -> 1
Cell (Polygonia_progne,Urticaceae): 0 -> 1
Cell (Polygonia_progne,Betulaceae): 0 -> 1
Cell (Polygonia_progne,Salicaceae): 0 -> 1
Cell (Polygonia_progne,Malvaceae): 0 -> 1
Cell (Polygonia_progne,Ericaceae): 0 -> 1
Cell (Polygonia_progne,Asteraceae): 0 -> 1
Cell (Polygonia_progne,Plantaginaceae): 0 -> 1
Cell (Polygonia_zephyrus,Nymphaeaceae): 0 -> 1
Cell (Polygonia_zephyrus,Aristolochiaceae): 0 -> 1
Cell (Polygonia_zephyrus,Typhaceae): 0 -> 1
Cell (Polygonia_zephyrus,Smilacaceae): 0 -> 1
Cell (Polygonia_zephyrus,Potamogetonaceae): 0 -> 1
Cell (Polygonia_zephyrus,Ceratophyllaceae): 0 -> 1
Cell (Polygonia_zephyrus,Cannabaceae): 0 -> 1
Cell (Polygonia_zephyrus,Urticaceae): 0 -> 1
Cell (Polygonia_zephyrus,Malvaceae): 0 -> 1
Cell (Polygonia_zephyrus,Grossulariaceae): 0 -> 1
Cell (Polygonia_zephyrus,Asteraceae): 0 -> 1
Cell (Polygonia_zephyrus,Plantaginaceae): 0 -> 1
Cell (Polygonia_gracilis,Schisandraceae): 0 -> 1
Cell (Polygonia_gracilis,Siparunaceae): 0 -> 1
Cell (Polygonia_gracilis,Aristolochiaceae): 0 -> 1
Cell (Polygonia_gracilis,Chloranthaceae): 0 -> 1
Cell (Polygonia_gracilis,Smilacaceae): 0 -> 1
Cell (Polygonia_gracilis,Acoraceae): 0 -> 1
Cell (Polygonia_gracilis,Fabaceae): 0 -> 1
Cell (Polygonia_gracilis,Ulmaceae): 0 -> 1
Cell (Polygonia_gracilis,Cannabaceae): 0 -> 1
Cell (Polygonia_gracilis,Salicaceae): 0 -> 1
Cell (Polygonia_gracilis,Malvaceae): 0 -> 1
Cell (Polygonia_gracilis,Grossulariaceae): 0 -> 1
Cell (Polygonia_gracilis,Boraginaceae): 0 -> 1
Matrix saved as results/86/corrupt100/r010.5_r100.7/flipped_matrix.png
Metrics: {'precision': 0.7708333333333334, 'recall': 0.74, 'f1': 0.7551020408163266, 'TP': 74, 'FP': 22, 'FN': 26}
[Elbow detection] flip ≈ 125, λ ≈ 0.8571428571428571
Number of flips performed (elbow): 125
Cell (Nymphalis_l_album,Amborellaceae): 0 -> 1
Cell (Nymphalis_l_album,Nymphaeaceae): 0 -> 1
Cell (Nymphalis_l_album,Schisandraceae): 0 -> 1
Cell (Nymphalis_l_album,Siparunaceae): 0 -> 1
Cell (Nymphalis_l_album,Aristolochiaceae): 0 -> 1
Cell (Nymphalis_l_album,Typhaceae): 0 -> 1
Cell (Nymphalis_l_album,Potamogetonaceae): 0 -> 1
Cell (Nymphalis_l_album,Ceratophyllaceae): 0 -> 1
Cell (Nymphalis_l_album,Fabaceae): 0 -> 1
Cell (Nymphalis_l_album,Rhamnaceae): 0 -> 1
Cell (Nymphalis_l_album,Ulmaceae): 0 -> 1
Cell (Nymphalis_l_album,Cannabaceae): 0 -> 1
Cell (Nymphalis_l_album,Urticaceae): 0 -> 1
Cell (Nymphalis_l_album,Betulaceae): 0 -> 1
Cell (Nymphalis_l_album,Salicaceae): 0 -> 1
Cell (Nymphalis_l_album,Malvaceae): 0 -> 1
Cell (Nymphalis_l_album,Grossulariaceae): 0 -> 1
Cell (Nymphalis_l_album,Asteraceae): 0 -> 1
Cell (Nymphalis_l_album,Boraginaceae): 0 -> 1
Cell (Nymphalis_polychloros,Typhaceae): 0 -> 1
Cell (Nymphalis_polychloros,Ceratophyllaceae): 0 -> 1
Cell (Nymphalis_polychloros,Rosaceae): 0 -> 1
Cell (Nymphalis_polychloros,Cannabaceae): 0 -> 1
Cell (Nymphalis_polychloros,Urticaceae): 0 -> 1
Cell (Nymphalis_polychloros,Salicaceae): 0 -> 1
Cell (Nymphalis_polychloros,Malvaceae): 0 -> 1
Cell (Nymphalis_polychloros,Grossulariaceae): 0 -> 1
Cell (Nymphalis_polychloros,Asteraceae): 0 -> 1
Cell (Nymphalis_polychloros,Plantaginaceae): 0 -> 1
Cell (Nymphalis_polychloros,Boraginaceae): 0 -> 1
Cell (Nymphalis_californica,Amborellaceae): 0 -> 1
Cell (Nymphalis_californica,Schisandraceae): 0 -> 1
Cell (Nymphalis_californica,Aristolochiaceae): 0 -> 1
Cell (Nymphalis_californica,Chloranthaceae): 0 -> 1
Cell (Nymphalis_californica,Typhaceae): 0 -> 1
Cell (Nymphalis_californica,Smilacaceae): 0 -> 1
Cell (Nymphalis_californica,Potamogetonaceae): 0 -> 1
Cell (Nymphalis_californica,Fabaceae): 0 -> 1
Cell (Nymphalis_californica,Rosaceae): 0 -> 1
Cell (Nymphalis_californica,Urticaceae): 0 -> 1
Cell (Nymphalis_californica,Betulaceae): 0 -> 1
Cell (Nymphalis_californica,Salicaceae): 0 -> 1
Cell (Nymphalis_californica,Asteraceae): 0 -> 1
Cell (Nymphalis_californica,Plantaginaceae): 0 -> 1
Cell (Nymphalis_californica,Boraginaceae): 0 -> 1
Cell (Nymphalis_xanthomelas,Aristolochiaceae): 0 -> 1
Cell (Nymphalis_xanthomelas,Smilacaceae): 0 -> 1
Cell (Nymphalis_xanthomelas,Potamogetonaceae): 0 -> 1
Cell (Nymphalis_xanthomelas,Acoraceae): 0 -> 1
Cell (Nymphalis_xanthomelas,Ceratophyllaceae): 0 -> 1
Cell (Nymphalis_xanthomelas,Rosaceae): 0 -> 1
Cell (Nymphalis_xanthomelas,Rhamnaceae): 0 -> 1
Cell (Nymphalis_xanthomelas,Urticaceae): 0 -> 1
Cell (Nymphalis_xanthomelas,Betulaceae): 0 -> 1
Cell (Nymphalis_xanthomelas,Malvaceae): 0 -> 1
Cell (Nymphalis_xanthomelas,Asteraceae): 0 -> 1
Cell (Nymphalis_xanthomelas,Boraginaceae): 0 -> 1
Cell (Nymphalis_antiopa,Amborellaceae): 0 -> 1
Cell (Nymphalis_antiopa,Nymphaeaceae): 0 -> 1
Cell (Nymphalis_antiopa,Siparunaceae): 0 -> 1
Cell (Nymphalis_antiopa,Aristolochiaceae): 0 -> 1
Cell (Nymphalis_antiopa,Chloranthaceae): 0 -> 1
Cell (Nymphalis_antiopa,Smilacaceae): 0 -> 1
Cell (Nymphalis_antiopa,Potamogetonaceae): 0 -> 1
Cell (Nymphalis_antiopa,Acoraceae): 0 -> 1
Cell (Nymphalis_antiopa,Rosaceae): 0 -> 1
Cell (Nymphalis_antiopa,Rhamnaceae): 0 -> 1
Cell (Nymphalis_antiopa,Cannabaceae): 0 -> 1
Cell (Nymphalis_antiopa,Betulaceae): 0 -> 1
Cell (Nymphalis_antiopa,Salicaceae): 0 -> 1
Cell (Nymphalis_antiopa,Malvaceae): 0 -> 1
Cell (Nymphalis_antiopa,Grossulariaceae): 0 -> 1
Cell (Nymphalis_antiopa,Asteraceae): 0 -> 1
Cell (Nymphalis_antiopa,Boraginaceae): 0 -> 1
Cell (Polygonia_oreas,Amborellaceae): 0 -> 1
Cell (Polygonia_oreas,Aristolochiaceae): 0 -> 1
Cell (Polygonia_oreas,Chloranthaceae): 0 -> 1
Cell (Polygonia_oreas,Typhaceae): 0 -> 1
Cell (Polygonia_oreas,Smilacaceae): 0 -> 1
Cell (Polygonia_oreas,Potamogetonaceae): 0 -> 1
Cell (Polygonia_oreas,Ceratophyllaceae): 0 -> 1
Cell (Polygonia_oreas,Rosaceae): 0 -> 1
Cell (Polygonia_oreas,Rhamnaceae): 0 -> 1
Cell (Polygonia_oreas,Urticaceae): 0 -> 1
Cell (Polygonia_oreas,Salicaceae): 0 -> 1
Cell (Polygonia_oreas,Malvaceae): 0 -> 1
Cell (Polygonia_oreas,Grossulariaceae): 0 -> 1
Cell (Polygonia_oreas,Ericaceae): 0 -> 1
Cell (Polygonia_oreas,Asteraceae): 0 -> 1
Cell (Polygonia_progne,Schisandraceae): 0 -> 1
Cell (Polygonia_progne,Aristolochiaceae): 0 -> 1
Cell (Polygonia_progne,Potamogetonaceae): 0 -> 1
Cell (Polygonia_progne,Fabaceae): 0 -> 1
Cell (Polygonia_progne,Urticaceae): 0 -> 1
Cell (Polygonia_progne,Betulaceae): 0 -> 1
Cell (Polygonia_progne,Salicaceae): 0 -> 1
Cell (Polygonia_progne,Malvaceae): 0 -> 1
Cell (Polygonia_progne,Ericaceae): 0 -> 1
Cell (Polygonia_progne,Asteraceae): 0 -> 1
Cell (Polygonia_progne,Plantaginaceae): 0 -> 1
Cell (Polygonia_zephyrus,Nymphaeaceae): 0 -> 1
Cell (Polygonia_zephyrus,Aristolochiaceae): 0 -> 1
Cell (Polygonia_zephyrus,Typhaceae): 0 -> 1
Cell (Polygonia_zephyrus,Smilacaceae): 0 -> 1
Cell (Polygonia_zephyrus,Potamogetonaceae): 0 -> 1
Cell (Polygonia_zephyrus,Ceratophyllaceae): 0 -> 1
Cell (Polygonia_zephyrus,Cannabaceae): 0 -> 1
Cell (Polygonia_zephyrus,Urticaceae): 0 -> 1
Cell (Polygonia_zephyrus,Malvaceae): 0 -> 1
Cell (Polygonia_zephyrus,Grossulariaceae): 0 -> 1
Cell (Polygonia_zephyrus,Asteraceae): 0 -> 1
Cell (Polygonia_zephyrus,Plantaginaceae): 0 -> 1
Cell (Polygonia_gracilis,Schisandraceae): 0 -> 1
Cell (Polygonia_gracilis,Siparunaceae): 0 -> 1
Cell (Polygonia_gracilis,Aristolochiaceae): 0 -> 1
Cell (Polygonia_gracilis,Chloranthaceae): 0 -> 1
Cell (Polygonia_gracilis,Smilacaceae): 0 -> 1
Cell (Polygonia_gracilis,Acoraceae): 0 -> 1
Cell (Polygonia_gracilis,Fabaceae): 0 -> 1
Cell (Polygonia_gracilis,Ulmaceae): 0 -> 1
Cell (Polygonia_gracilis,Cannabaceae): 0 -> 1
Cell (Polygonia_gracilis,Salicaceae): 0 -> 1
Cell (Polygonia_gracilis,Malvaceae): 0 -> 1
Cell (Polygonia_gracilis,Grossulariaceae): 0 -> 1
Cell (Polygonia_gracilis,Boraginaceae): 0 -> 1
Matrix saved as results/86/corrupt100/r010.5_r100.7/flipped_matrix_elbow.png
Elbow Metrics: {'precision': 0.736, 'recall': 0.92, 'f1': 0.8177777777777778, 'TP': 92, 'FP': 33, 'FN': 8}
