[iter 0] λ=0.5000 → flips=712
[iter 1] λ=0.7500 → flips=11324
[iter 2] λ=0.6250 → flips=7459
[iter 3] λ=0.6875 → flips=9181
[iter 4] λ=0.7188 → flips=9825
[iter 5] λ=0.7344 → flips=10192
[iter 6] λ=0.7266 → flips=9970
[iter 7] λ=0.7305 → flips=10030
[iter 8] λ=0.7285 → flips=10012
[iter 9] λ=0.7275 → flips=10012
[iter 10] λ=0.7271 → flips=9970
[iter 11] λ=0.7273 → flips=9976
[iter 12] λ=0.7274 → flips=9976
[iter 13] λ=0.7275 → flips=9976
[iter 14] λ=0.7275 → flips=10012
[iter 15] λ=0.7275 → flips=10012
[iter 16] λ=0.7275 → flips=10012
[iter 17] λ=0.7275 → flips=10012
[iter 18] λ=0.7275 → flips=9976
[iter 19] λ=0.7275 → flips=9976

Best λ=0.7285 → flips=10012, correct=9203/10000
Number of flips performed: 10012
Metrics: {'precision': 0.9191969636436277, 'recall': 0.9203, 'f1': 0.9197481511093345, 'TP': 9203, 'FP': 809, 'FN': 797}
[Elbow detection] flip ≈ 7765, λ ≈ 0.6326530612244897
Number of flips performed (elbow): 7765
Elbow Metrics: {'precision': 0.9845460399227302, 'recall': 0.7645, 'f1': 0.8606811145510835, 'TP': 7645, 'FP': 120, 'FN': 2355}
