Matrix saved as results/130/corrupt100/r010.7_r100.3/original_matrix.svg
Matrix saved as results/130/corrupt100/r010.7_r100.3/corrupted.svg
[iter 0] λ=0.5000 → flips=198
[iter 1] λ=0.2500 → flips=0
[iter 2] λ=0.3750 → flips=1
[iter 3] λ=0.4375 → flips=41
[iter 4] λ=0.4688 → flips=162
[iter 5] λ=0.4531 → flips=56
[iter 6] λ=0.4609 → flips=94
[iter 7] λ=0.4648 → flips=162
[iter 8] λ=0.4629 → flips=122
[iter 9] λ=0.4619 → flips=106
[iter 10] λ=0.4614 → flips=100

Best λ=0.4614 → flips=100, correct=61/100
Number of flips performed: 100
Matrix saved as results/130/corrupt100/r010.7_r100.3/flipped_matrix.svg
Metrics: {'precision': 0.61, 'recall': 0.61, 'f1': 0.61, 'TP': 61, 'FP': 39, 'FN': 39}
[Elbow detection] flip ≈ 683, λ ≈ 0.5918367346938775
Number of flips performed (elbow): 683
Matrix saved as results/130/corrupt100/r010.7_r100.3/flipped_matrix_elbow.svg
Elbow Metrics: {'precision': 0.1376281112737921, 'recall': 0.94, 'f1': 0.2401021711366539, 'TP': 94, 'FP': 589, 'FN': 6}
