[iter 0] λ=0.5000 → flips=13
[iter 1] λ=0.7500 → flips=413
[iter 2] λ=0.8750 → flips=11352
[iter 3] λ=0.8125 → flips=2728
[iter 4] λ=0.8438 → flips=10001
[iter 5] λ=0.8281 → flips=8152
[iter 6] λ=0.8359 → flips=9912
[iter 7] λ=0.8398 → flips=9841
[iter 8] λ=0.8418 → flips=10056
[iter 9] λ=0.8408 → flips=10001
[iter 10] λ=0.8403 → flips=10347
[iter 11] λ=0.8401 → flips=9841
[iter 12] λ=0.8402 → flips=9841
[iter 13] λ=0.8403 → flips=9841
[iter 14] λ=0.8403 → flips=9841
[iter 15] λ=0.8403 → flips=9841
[iter 16] λ=0.8403 → flips=10549
[iter 17] λ=0.8403 → flips=9841
[iter 18] λ=0.8403 → flips=9841
[iter 19] λ=0.8403 → flips=10370

Best λ=0.8438 → flips=10001, correct=7154/10000
Number of flips performed: 10001
Metrics: {'precision': 0.7153284671532847, 'recall': 0.7154, 'f1': 0.7153642317884106, 'TP': 7154, 'FP': 2847, 'FN': 2846}
[Elbow detection] flip ≈ 10953, λ ≈ 0.8571428571428571
Number of flips performed (elbow): 10953
Elbow Metrics: {'precision': 0.6901305578380352, 'recall': 0.7559, 'f1': 0.7215195914666157, 'TP': 7559, 'FP': 3394, 'FN': 2441}
