[iter 0] λ=0.5000 → flips=371
[iter 1] λ=0.7500 → flips=11121
[iter 2] λ=0.6250 → flips=6548
[iter 3] λ=0.6875 → flips=9114
[iter 4] λ=0.7188 → flips=10052
[iter 5] λ=0.7031 → flips=9802
[iter 6] λ=0.7109 → flips=9972
[iter 7] λ=0.7148 → flips=10034
[iter 8] λ=0.7129 → flips=10062
[iter 9] λ=0.7119 → flips=9996
[iter 10] λ=0.7124 → flips=10002
[iter 11] λ=0.7122 → flips=10062
[iter 12] λ=0.7120 → flips=9996
[iter 13] λ=0.7121 → flips=9996
[iter 14] λ=0.7121 → flips=10002
[iter 15] λ=0.7121 → flips=9996
[iter 16] λ=0.7121 → flips=10002
[iter 17] λ=0.7121 → flips=10002
[iter 18] λ=0.7121 → flips=9996
[iter 19] λ=0.7121 → flips=10002

Best λ=0.7124 → flips=10002, correct=9068/10000
Number of flips performed: 10002
Metrics: {'precision': 0.906618676264747, 'recall': 0.9068, 'f1': 0.9067093290670932, 'TP': 9068, 'FP': 934, 'FN': 932}
[Elbow detection] flip ≈ 7932, λ ≈ 0.6530612244897959
Number of flips performed (elbow): 7932
Elbow Metrics: {'precision': 0.9620524457892082, 'recall': 0.7631, 'f1': 0.8511041713138523, 'TP': 7631, 'FP': 301, 'FN': 2369}
