Matrix saved as results/53/corrupt100/r010.4_r100.7/original_matrix.png
Matrix saved as results/53/corrupt100/r010.4_r100.7/corrupted.png
[iter 0] λ=0.5000 → flips=141
[iter 1] λ=0.2500 → flips=0
[iter 2] λ=0.3750 → flips=41
[iter 3] λ=0.4375 → flips=69
[iter 4] λ=0.4688 → flips=116
[iter 5] λ=0.4531 → flips=81
[iter 6] λ=0.4609 → flips=98
[iter 7] λ=0.4648 → flips=112
[iter 8] λ=0.4629 → flips=98
[iter 9] λ=0.4639 → flips=112
[iter 10] λ=0.4634 → flips=112
[iter 11] λ=0.4631 → flips=98
[iter 12] λ=0.4633 → flips=112
[iter 13] λ=0.4632 → flips=112
[iter 14] λ=0.4632 → flips=98
[iter 15] λ=0.4632 → flips=98
[iter 16] λ=0.4632 → flips=112
[iter 17] λ=0.4632 → flips=112
[iter 18] λ=0.4632 → flips=98
[iter 19] λ=0.4632 → flips=112

Best λ=0.4609 → flips=98, correct=65/100
Number of flips performed: 98
Cell (Kaniska_canace,Amborellaceae): 0 -> 1
Cell (Kaniska_canace,Aristolochiaceae): 0 -> 1
Cell (Kaniska_canace,Typhaceae): 0 -> 1
Cell (Kaniska_canace,Acoraceae): 0 -> 1
Cell (Kaniska_canace,Rhamnaceae): 0 -> 1
Cell (Kaniska_canace,Betulaceae): 0 -> 1
Cell (Kaniska_canace,Grossulariaceae): 0 -> 1
Cell (Nymphalis_l_album,Nymphaeaceae): 0 -> 1
Cell (Nymphalis_l_album,Aristolochiaceae): 0 -> 1
Cell (Nymphalis_l_album,Typhaceae): 0 -> 1
Cell (Nymphalis_l_album,Smilacaceae): 0 -> 1
Cell (Nymphalis_l_album,Acoraceae): 0 -> 1
Cell (Nymphalis_l_album,Ulmaceae): 0 -> 1
Cell (Nymphalis_l_album,Asteraceae): 0 -> 1
Cell (Nymphalis_polychloros,Amborellaceae): 0 -> 1
Cell (Nymphalis_polychloros,Nymphaeaceae): 0 -> 1
Cell (Nymphalis_polychloros,Potamogetonaceae): 0 -> 1
Cell (Nymphalis_polychloros,Ceratophyllaceae): 0 -> 1
Cell (Nymphalis_polychloros,Urticaceae): 0 -> 1
Cell (Nymphalis_californica,Siparunaceae): 0 -> 1
Cell (Nymphalis_californica,Typhaceae): 0 -> 1
Cell (Nymphalis_californica,Acoraceae): 0 -> 1
Cell (Nymphalis_californica,Plantaginaceae): 0 -> 1
Cell (Nymphalis_xanthomelas,Siparunaceae): 0 -> 1
Cell (Nymphalis_xanthomelas,Aristolochiaceae): 0 -> 1
Cell (Nymphalis_xanthomelas,Smilacaceae): 0 -> 1
Cell (Nymphalis_xanthomelas,Ceratophyllaceae): 0 -> 1
Cell (Nymphalis_xanthomelas,Grossulariaceae): 0 -> 1
Cell (Nymphalis_xanthomelas,Ericaceae): 0 -> 1
Cell (Nymphalis_xanthomelas,Plantaginaceae): 0 -> 1
Cell (Nymphalis_antiopa,Typhaceae): 0 -> 1
Cell (Nymphalis_antiopa,Acoraceae): 0 -> 1
Cell (Nymphalis_antiopa,Malvaceae): 0 -> 1
Cell (Nymphalis_antiopa,Boraginaceae): 0 -> 1
Cell (Polygonia_c_aureum,Nymphaeaceae): 0 -> 1
Cell (Polygonia_c_aureum,Smilacaceae): 0 -> 1
Cell (Polygonia_c_aureum,Ceratophyllaceae): 0 -> 1
Cell (Polygonia_c_aureum,Rhamnaceae): 0 -> 1
Cell (Polygonia_c_aureum,Asteraceae): 0 -> 1
Cell (Polygonia_egea,Smilacaceae): 0 -> 1
Cell (Polygonia_egea,Potamogetonaceae): 0 -> 1
Cell (Polygonia_faunus,Siparunaceae): 0 -> 1
Cell (Polygonia_faunus,Chloranthaceae): 0 -> 1
Cell (Polygonia_faunus,Typhaceae): 0 -> 1
Cell (Polygonia_faunus,Potamogetonaceae): 0 -> 1
Cell (Polygonia_faunus,Ulmaceae): 0 -> 1
Cell (Polygonia_faunus,Betulaceae): 0 -> 1
Cell (Polygonia_faunus,Grossulariaceae): 0 -> 1
Cell (Polygonia_c_album,Nymphaeaceae): 0 -> 1
Cell (Polygonia_c_album,Smilacaceae): 0 -> 1
Cell (Polygonia_c_album,Ceratophyllaceae): 0 -> 1
Cell (Polygonia_c_album,Rosaceae): 0 -> 1
Cell (Polygonia_c_album,Ulmaceae): 0 -> 1
Cell (Polygonia_c_album,Cannabaceae): 0 -> 1
Cell (Polygonia_c_album,Ericaceae): 0 -> 1
Cell (Polygonia_satyrus,Siparunaceae): 0 -> 1
Cell (Polygonia_satyrus,Chloranthaceae): 0 -> 1
Cell (Polygonia_satyrus,Potamogetonaceae): 0 -> 1
Cell (Polygonia_satyrus,Acoraceae): 0 -> 1
Cell (Polygonia_satyrus,Plantaginaceae): 0 -> 1
Cell (Polygonia_interrogationis,Nymphaeaceae): 0 -> 1
Cell (Polygonia_interrogationis,Schisandraceae): 0 -> 1
Cell (Polygonia_interrogationis,Aristolochiaceae): 0 -> 1
Cell (Polygonia_interrogationis,Acoraceae): 0 -> 1
Cell (Polygonia_comma,Siparunaceae): 0 -> 1
Cell (Polygonia_comma,Chloranthaceae): 0 -> 1
Cell (Polygonia_comma,Smilacaceae): 0 -> 1
Cell (Polygonia_comma,Rosaceae): 0 -> 1
Cell (Polygonia_comma,Ericaceae): 0 -> 1
Cell (Polygonia_oreas,Schisandraceae): 0 -> 1
Cell (Polygonia_oreas,Siparunaceae): 0 -> 1
Cell (Polygonia_oreas,Chloranthaceae): 0 -> 1
Cell (Polygonia_oreas,Cannabaceae): 0 -> 1
Cell (Polygonia_oreas,Asteraceae): 0 -> 1
Cell (Polygonia_oreas,Boraginaceae): 0 -> 1
Cell (Polygonia_progne,Schisandraceae): 0 -> 1
Cell (Polygonia_progne,Aristolochiaceae): 0 -> 1
Cell (Polygonia_progne,Ceratophyllaceae): 0 -> 1
Cell (Polygonia_progne,Rhamnaceae): 0 -> 1
Cell (Polygonia_progne,Urticaceae): 0 -> 1
Cell (Polygonia_zephyrus,Nymphaeaceae): 0 -> 1
Cell (Polygonia_zephyrus,Siparunaceae): 0 -> 1
Cell (Polygonia_zephyrus,Aristolochiaceae): 0 -> 1
Cell (Polygonia_zephyrus,Potamogetonaceae): 0 -> 1
Cell (Polygonia_zephyrus,Cannabaceae): 0 -> 1
Cell (Polygonia_zephyrus,Betulaceae): 0 -> 1
Cell (Polygonia_zephyrus,Asteraceae): 0 -> 1
Cell (Polygonia_zephyrus,Boraginaceae): 0 -> 1
Cell (Polygonia_gracilis,Amborellaceae): 0 -> 1
Cell (Polygonia_gracilis,Nymphaeaceae): 0 -> 1
Cell (Polygonia_gracilis,Siparunaceae): 0 -> 1
Cell (Polygonia_gracilis,Smilacaceae): 0 -> 1
Cell (Polygonia_gracilis,Ceratophyllaceae): 0 -> 1
Cell (Polygonia_gracilis,Fabaceae): 0 -> 1
Cell (Polygonia_gracilis,Rosaceae): 0 -> 1
Cell (Polygonia_gracilis,Ulmaceae): 0 -> 1
Cell (Polygonia_gracilis,Betulaceae): 0 -> 1
Cell (Polygonia_gracilis,Salicaceae): 0 -> 1
Matrix saved as results/53/corrupt100/r010.4_r100.7/flipped_matrix.png
Metrics: {'precision': 0.6632653061224489, 'recall': 0.65, 'f1': 0.6565656565656566, 'TP': 65, 'FP': 33, 'FN': 35}
[Elbow detection] flip ≈ 159, λ ≈ 0.5306122448979591
Number of flips performed (elbow): 159
Cell (Kaniska_canace,Amborellaceae): 0 -> 1
Cell (Kaniska_canace,Aristolochiaceae): 0 -> 1
Cell (Kaniska_canace,Typhaceae): 0 -> 1
Cell (Kaniska_canace,Acoraceae): 0 -> 1
Cell (Kaniska_canace,Fabaceae): 0 -> 1
Cell (Kaniska_canace,Rhamnaceae): 0 -> 1
Cell (Kaniska_canace,Cannabaceae): 0 -> 1
Cell (Kaniska_canace,Betulaceae): 0 -> 1
Cell (Kaniska_canace,Salicaceae): 0 -> 1
Cell (Kaniska_canace,Grossulariaceae): 0 -> 1
Cell (Kaniska_canace,Plantaginaceae): 0 -> 1
Cell (Kaniska_canace,Boraginaceae): 0 -> 1
Cell (Nymphalis_l_album,Nymphaeaceae): 0 -> 1
Cell (Nymphalis_l_album,Aristolochiaceae): 0 -> 1
Cell (Nymphalis_l_album,Chloranthaceae): 0 -> 1
Cell (Nymphalis_l_album,Typhaceae): 0 -> 1
Cell (Nymphalis_l_album,Smilacaceae): 0 -> 1
Cell (Nymphalis_l_album,Acoraceae): 0 -> 1
Cell (Nymphalis_l_album,Fabaceae): 0 -> 1
Cell (Nymphalis_l_album,Rosaceae): 0 -> 1
Cell (Nymphalis_l_album,Ulmaceae): 0 -> 1
Cell (Nymphalis_l_album,Salicaceae): 0 -> 1
Cell (Nymphalis_l_album,Asteraceae): 0 -> 1
Cell (Nymphalis_polychloros,Amborellaceae): 0 -> 1
Cell (Nymphalis_polychloros,Nymphaeaceae): 0 -> 1
Cell (Nymphalis_polychloros,Chloranthaceae): 0 -> 1
Cell (Nymphalis_polychloros,Potamogetonaceae): 0 -> 1
Cell (Nymphalis_polychloros,Ceratophyllaceae): 0 -> 1
Cell (Nymphalis_polychloros,Fabaceae): 0 -> 1
Cell (Nymphalis_polychloros,Rosaceae): 0 -> 1
Cell (Nymphalis_polychloros,Urticaceae): 0 -> 1
Cell (Nymphalis_californica,Siparunaceae): 0 -> 1
Cell (Nymphalis_californica,Typhaceae): 0 -> 1
Cell (Nymphalis_californica,Acoraceae): 0 -> 1
Cell (Nymphalis_californica,Fabaceae): 0 -> 1
Cell (Nymphalis_californica,Rosaceae): 0 -> 1
Cell (Nymphalis_californica,Betulaceae): 0 -> 1
Cell (Nymphalis_californica,Salicaceae): 0 -> 1
Cell (Nymphalis_californica,Malvaceae): 0 -> 1
Cell (Nymphalis_californica,Grossulariaceae): 0 -> 1
Cell (Nymphalis_californica,Plantaginaceae): 0 -> 1
Cell (Nymphalis_xanthomelas,Siparunaceae): 0 -> 1
Cell (Nymphalis_xanthomelas,Aristolochiaceae): 0 -> 1
Cell (Nymphalis_xanthomelas,Chloranthaceae): 0 -> 1
Cell (Nymphalis_xanthomelas,Smilacaceae): 0 -> 1
Cell (Nymphalis_xanthomelas,Ceratophyllaceae): 0 -> 1
Cell (Nymphalis_xanthomelas,Ulmaceae): 0 -> 1
Cell (Nymphalis_xanthomelas,Urticaceae): 0 -> 1
Cell (Nymphalis_xanthomelas,Grossulariaceae): 0 -> 1
Cell (Nymphalis_xanthomelas,Ericaceae): 0 -> 1
Cell (Nymphalis_xanthomelas,Plantaginaceae): 0 -> 1
Cell (Nymphalis_antiopa,Chloranthaceae): 0 -> 1
Cell (Nymphalis_antiopa,Typhaceae): 0 -> 1
Cell (Nymphalis_antiopa,Acoraceae): 0 -> 1
Cell (Nymphalis_antiopa,Rosaceae): 0 -> 1
Cell (Nymphalis_antiopa,Rhamnaceae): 0 -> 1
Cell (Nymphalis_antiopa,Ulmaceae): 0 -> 1
Cell (Nymphalis_antiopa,Cannabaceae): 0 -> 1
Cell (Nymphalis_antiopa,Urticaceae): 0 -> 1
Cell (Nymphalis_antiopa,Salicaceae): 0 -> 1
Cell (Nymphalis_antiopa,Malvaceae): 0 -> 1
Cell (Nymphalis_antiopa,Boraginaceae): 0 -> 1
Cell (Polygonia_c_aureum,Nymphaeaceae): 0 -> 1
Cell (Polygonia_c_aureum,Chloranthaceae): 0 -> 1
Cell (Polygonia_c_aureum,Smilacaceae): 0 -> 1
Cell (Polygonia_c_aureum,Ceratophyllaceae): 0 -> 1
Cell (Polygonia_c_aureum,Fabaceae): 0 -> 1
Cell (Polygonia_c_aureum,Rhamnaceae): 0 -> 1
Cell (Polygonia_c_aureum,Cannabaceae): 0 -> 1
Cell (Polygonia_c_aureum,Salicaceae): 0 -> 1
Cell (Polygonia_c_aureum,Malvaceae): 0 -> 1
Cell (Polygonia_c_aureum,Asteraceae): 0 -> 1
Cell (Polygonia_c_aureum,Plantaginaceae): 0 -> 1
Cell (Polygonia_egea,Smilacaceae): 0 -> 1
Cell (Polygonia_egea,Potamogetonaceae): 0 -> 1
Cell (Polygonia_egea,Fabaceae): 0 -> 1
Cell (Polygonia_egea,Cannabaceae): 0 -> 1
Cell (Polygonia_egea,Urticaceae): 0 -> 1
Cell (Polygonia_egea,Salicaceae): 0 -> 1
Cell (Polygonia_egea,Malvaceae): 0 -> 1
Cell (Polygonia_egea,Grossulariaceae): 0 -> 1
Cell (Polygonia_egea,Plantaginaceae): 0 -> 1
Cell (Polygonia_egea,Boraginaceae): 0 -> 1
Cell (Polygonia_faunus,Siparunaceae): 0 -> 1
Cell (Polygonia_faunus,Chloranthaceae): 0 -> 1
Cell (Polygonia_faunus,Typhaceae): 0 -> 1
Cell (Polygonia_faunus,Potamogetonaceae): 0 -> 1
Cell (Polygonia_faunus,Ulmaceae): 0 -> 1
Cell (Polygonia_faunus,Betulaceae): 0 -> 1
Cell (Polygonia_faunus,Grossulariaceae): 0 -> 1
Cell (Polygonia_faunus,Plantaginaceae): 0 -> 1
Cell (Polygonia_c_album,Nymphaeaceae): 0 -> 1
Cell (Polygonia_c_album,Smilacaceae): 0 -> 1
Cell (Polygonia_c_album,Ceratophyllaceae): 0 -> 1
Cell (Polygonia_c_album,Fabaceae): 0 -> 1
Cell (Polygonia_c_album,Rosaceae): 0 -> 1
Cell (Polygonia_c_album,Ulmaceae): 0 -> 1
Cell (Polygonia_c_album,Cannabaceae): 0 -> 1
Cell (Polygonia_c_album,Salicaceae): 0 -> 1
Cell (Polygonia_c_album,Malvaceae): 0 -> 1
Cell (Polygonia_c_album,Ericaceae): 0 -> 1
Cell (Polygonia_c_album,Plantaginaceae): 0 -> 1
Cell (Polygonia_satyrus,Siparunaceae): 0 -> 1
Cell (Polygonia_satyrus,Chloranthaceae): 0 -> 1
Cell (Polygonia_satyrus,Potamogetonaceae): 0 -> 1
Cell (Polygonia_satyrus,Acoraceae): 0 -> 1
Cell (Polygonia_satyrus,Fabaceae): 0 -> 1
Cell (Polygonia_satyrus,Rhamnaceae): 0 -> 1
Cell (Polygonia_satyrus,Salicaceae): 0 -> 1
Cell (Polygonia_satyrus,Malvaceae): 0 -> 1
Cell (Polygonia_satyrus,Plantaginaceae): 0 -> 1
Cell (Polygonia_interrogationis,Nymphaeaceae): 0 -> 1
Cell (Polygonia_interrogationis,Schisandraceae): 0 -> 1
Cell (Polygonia_interrogationis,Aristolochiaceae): 0 -> 1
Cell (Polygonia_interrogationis,Acoraceae): 0 -> 1
Cell (Polygonia_interrogationis,Fabaceae): 0 -> 1
Cell (Polygonia_interrogationis,Rhamnaceae): 0 -> 1
Cell (Polygonia_interrogationis,Ulmaceae): 0 -> 1
Cell (Polygonia_interrogationis,Cannabaceae): 0 -> 1
Cell (Polygonia_interrogationis,Betulaceae): 0 -> 1
Cell (Polygonia_interrogationis,Salicaceae): 0 -> 1
Cell (Polygonia_interrogationis,Malvaceae): 0 -> 1
Cell (Polygonia_interrogationis,Grossulariaceae): 0 -> 1
Cell (Polygonia_comma,Siparunaceae): 0 -> 1
Cell (Polygonia_comma,Chloranthaceae): 0 -> 1
Cell (Polygonia_comma,Smilacaceae): 0 -> 1
Cell (Polygonia_comma,Rosaceae): 0 -> 1
Cell (Polygonia_comma,Rhamnaceae): 0 -> 1
Cell (Polygonia_comma,Grossulariaceae): 0 -> 1
Cell (Polygonia_comma,Ericaceae): 0 -> 1
Cell (Polygonia_oreas,Schisandraceae): 0 -> 1
Cell (Polygonia_oreas,Siparunaceae): 0 -> 1
Cell (Polygonia_oreas,Chloranthaceae): 0 -> 1
Cell (Polygonia_oreas,Cannabaceae): 0 -> 1
Cell (Polygonia_oreas,Asteraceae): 0 -> 1
Cell (Polygonia_oreas,Boraginaceae): 0 -> 1
Cell (Polygonia_progne,Schisandraceae): 0 -> 1
Cell (Polygonia_progne,Aristolochiaceae): 0 -> 1
Cell (Polygonia_progne,Ceratophyllaceae): 0 -> 1
Cell (Polygonia_progne,Rhamnaceae): 0 -> 1
Cell (Polygonia_progne,Urticaceae): 0 -> 1
Cell (Polygonia_zephyrus,Nymphaeaceae): 0 -> 1
Cell (Polygonia_zephyrus,Siparunaceae): 0 -> 1
Cell (Polygonia_zephyrus,Aristolochiaceae): 0 -> 1
Cell (Polygonia_zephyrus,Potamogetonaceae): 0 -> 1
Cell (Polygonia_zephyrus,Cannabaceae): 0 -> 1
Cell (Polygonia_zephyrus,Betulaceae): 0 -> 1
Cell (Polygonia_zephyrus,Asteraceae): 0 -> 1
Cell (Polygonia_zephyrus,Boraginaceae): 0 -> 1
Cell (Polygonia_gracilis,Amborellaceae): 0 -> 1
Cell (Polygonia_gracilis,Nymphaeaceae): 0 -> 1
Cell (Polygonia_gracilis,Siparunaceae): 0 -> 1
Cell (Polygonia_gracilis,Smilacaceae): 0 -> 1
Cell (Polygonia_gracilis,Ceratophyllaceae): 0 -> 1
Cell (Polygonia_gracilis,Fabaceae): 0 -> 1
Cell (Polygonia_gracilis,Rosaceae): 0 -> 1
Cell (Polygonia_gracilis,Ulmaceae): 0 -> 1
Cell (Polygonia_gracilis,Betulaceae): 0 -> 1
Cell (Polygonia_gracilis,Salicaceae): 0 -> 1
Matrix saved as results/53/corrupt100/r010.4_r100.7/flipped_matrix_elbow.png
Elbow Metrics: {'precision': 0.6289308176100629, 'recall': 1.0, 'f1': 0.7722007722007722, 'TP': 100, 'FP': 59, 'FN': 0}
