Matrix saved as ml_parsimony_matrices/seed119_ratio1.4010.png
Matrix saved as results/119/corrupt10/r010.6_r100.6/original_matrix.png
Matrix saved as results/119/corrupt10/r010.6_r100.6/corrupted.png
[iter 0] λ=0.5000 → flips=63
[iter 1] λ=0.2500 → flips=0
[iter 2] λ=0.3750 → flips=14
[iter 3] λ=0.3125 → flips=0
[iter 4] λ=0.3438 → flips=0
[iter 5] λ=0.3594 → flips=0
[iter 6] λ=0.3672 → flips=6
[iter 7] λ=0.3711 → flips=11
[iter 8] λ=0.3691 → flips=9
[iter 9] λ=0.3701 → flips=9
[iter 10] λ=0.3706 → flips=10

Best λ=0.3706 → flips=10, correct=0/10
Number of flips performed: 10
Cell (Vanessa_tameamea,Urticaceae): 0 -> 1
Cell (Aglais_io,Urticaceae): 0 -> 1
Cell (Aglais_milberti,Urticaceae): 0 -> 1
Cell (Aglais_urticae,Ulmaceae): 0 -> 1
Cell (Nymphalis_polychloros,Cannabaceae): 0 -> 1
Cell (Nymphalis_californica,Urticaceae): 0 -> 1
Cell (Nymphalis_antiopa,Rhamnaceae): 0 -> 1
Cell (Polygonia_satyrus,Ulmaceae): 0 -> 1
Cell (Polygonia_oreas,Rosaceae): 0 -> 1
Cell (Polygonia_zephyrus,Cannabaceae): 0 -> 1
Matrix saved as results/119/corrupt10/r010.6_r100.6/flipped_matrix.png
Metrics: {'precision': 0.0, 'recall': 0.0, 'f1': 0, 'TP': 0, 'FP': 10, 'FN': 10}
[Elbow detection] λ ≈ 0.398 (cutoff=0.376)
Elbow Metrics: {'precision': 0.2564102564102564, 'recall': 1.0, 'f1': 0.4081632653061224, 'TP': 10, 'FP': 29, 'FN': 0}
