Matrix saved as ml_parsimony_matrices/seed141_ratio1.8488.png
Matrix saved as results/141/corrupt50/r010.3_r100.4/original_matrix.png
Matrix saved as results/141/corrupt50/r010.3_r100.4/corrupted.png
[iter 0] λ=0.5000 → flips=0
[iter 1] λ=0.7500 → flips=0
[iter 2] λ=0.8750 → flips=0
[iter 3] λ=0.9375 → flips=0
[iter 4] λ=0.9688 → flips=0
[iter 5] λ=0.9844 → flips=839
[iter 6] λ=0.9766 → flips=0
[iter 7] λ=0.9805 → flips=839
[iter 8] λ=0.9785 → flips=0
[iter 9] λ=0.9795 → flips=839
[iter 10] λ=0.9790 → flips=839
[iter 11] λ=0.9788 → flips=0
[iter 12] λ=0.9789 → flips=839
[iter 13] λ=0.9788 → flips=0
[iter 14] λ=0.9789 → flips=839
[iter 15] λ=0.9788 → flips=0
[iter 16] λ=0.9788 → flips=839
[iter 17] λ=0.9788 → flips=0
[iter 18] λ=0.9788 → flips=839
[iter 19] λ=0.9788 → flips=839

Best λ=0.5000 → flips=0, correct=0/50
Number of flips performed: 0
Matrix saved as results/141/corrupt50/r010.3_r100.4/flipped_matrix.png
Metrics: {'precision': 0, 'recall': 0.0, 'f1': 0, 'TP': 0, 'FP': 0, 'FN': 50}
[Elbow detection] λ ≈ 0.539 (cutoff=0.539)
Elbow Metrics: {'precision': 0, 'recall': 0.0, 'f1': 0, 'TP': 0, 'FP': 0, 'FN': 50}
