[iter 0] λ=0.5000 → flips=756
[iter 1] λ=0.2500 → flips=0
[iter 2] λ=0.3750 → flips=517
[iter 3] λ=0.3125 → flips=0
[iter 4] λ=0.3438 → flips=163
[iter 5] λ=0.3594 → flips=306
[iter 6] λ=0.3672 → flips=459
[iter 7] λ=0.3711 → flips=493
[iter 8] λ=0.3730 → flips=510
[iter 9] λ=0.3721 → flips=502
[iter 10] λ=0.3716 → flips=499
[iter 11] λ=0.3718 → flips=501
[iter 12] λ=0.3717 → flips=501
[iter 13] λ=0.3716 → flips=500

Best λ=0.3716 → flips=500, correct=438/500
Number of flips performed: 500
Metrics: {'precision': 0.876, 'recall': 0.876, 'f1': 0.8759999999999999, 'TP': 438, 'FP': 62, 'FN': 62}
[Elbow detection] flip ≈ 902, λ ≈ 0.5714285714285714
Number of flips performed (elbow): 902
Elbow Metrics: {'precision': 0.5465631929046563, 'recall': 0.986, 'f1': 0.7032810271041368, 'TP': 493, 'FP': 409, 'FN': 7}
