[iter 0] λ=0.5000 → flips=1455
[iter 1] λ=0.7500 → flips=5302
[iter 2] λ=0.6250 → flips=3611
[iter 3] λ=0.6875 → flips=4633
[iter 4] λ=0.7188 → flips=4917
[iter 5] λ=0.7344 → flips=5068
[iter 6] λ=0.7266 → flips=5024
[iter 7] λ=0.7227 → flips=4943
[iter 8] λ=0.7246 → flips=4950
[iter 9] λ=0.7256 → flips=5024
[iter 10] λ=0.7251 → flips=4950
[iter 11] λ=0.7253 → flips=4950
[iter 12] λ=0.7255 → flips=5024
[iter 13] λ=0.7254 → flips=4950
[iter 14] λ=0.7254 → flips=5039
[iter 15] λ=0.7254 → flips=4950
[iter 16] λ=0.7254 → flips=5024
[iter 17] λ=0.7254 → flips=5024
[iter 18] λ=0.7254 → flips=4950
[iter 19] λ=0.7254 → flips=5067

Best λ=0.7266 → flips=5024, correct=4035/5000
Number of flips performed: 5024
Metrics: {'precision': 0.8031449044585988, 'recall': 0.807, 'f1': 0.8050678371907424, 'TP': 4035, 'FP': 989, 'FN': 965}
[Elbow detection] flip ≈ 3402, λ ≈ 0.6122448979591836
Number of flips performed (elbow): 3402
Elbow Metrics: {'precision': 0.8756613756613757, 'recall': 0.5958, 'f1': 0.7091168769340633, 'TP': 2979, 'FP': 423, 'FN': 2021}
