[iter 0] λ=0.5000 → flips=966
[iter 1] λ=0.7500 → flips=11731
[iter 2] λ=0.6250 → flips=8766
[iter 3] λ=0.6875 → flips=9872
[iter 4] λ=0.7188 → flips=10626
[iter 5] λ=0.7031 → flips=10564
[iter 6] λ=0.6953 → flips=10132
[iter 7] λ=0.6914 → flips=9907
[iter 8] λ=0.6934 → flips=9970
[iter 9] λ=0.6943 → flips=10024
[iter 10] λ=0.6938 → flips=10010
[iter 11] λ=0.6936 → flips=10008
[iter 12] λ=0.6935 → flips=10008
[iter 13] λ=0.6934 → flips=9970
[iter 14] λ=0.6935 → flips=9970
[iter 15] λ=0.6935 → flips=9970
[iter 16] λ=0.6935 → flips=9970
[iter 17] λ=0.6935 → flips=9970
[iter 18] λ=0.6935 → flips=10008
[iter 19] λ=0.6935 → flips=10008

Best λ=0.6936 → flips=10008, correct=9131/10000
Number of flips performed: 10008
Metrics: {'precision': 0.9123701039168665, 'recall': 0.9131, 'f1': 0.912734906037585, 'TP': 9131, 'FP': 877, 'FN': 869}
[Elbow detection] flip ≈ 8391, λ ≈ 0.6122448979591836
Number of flips performed (elbow): 8391
Elbow Metrics: {'precision': 0.9574544154451198, 'recall': 0.8034, 'f1': 0.8736882170626937, 'TP': 8034, 'FP': 357, 'FN': 1966}
