Matrix saved as results/141/corrupt800/r010.7_r100.4/original_matrix.svg
Matrix saved as results/141/corrupt800/r010.7_r100.4/corrupted.svg
[iter 0] λ=0.5000 → flips=319
[iter 1] λ=0.7500 → flips=2097
[iter 2] λ=0.6250 → flips=814
[iter 3] λ=0.5625 → flips=491
[iter 4] λ=0.5938 → flips=630
[iter 5] λ=0.6094 → flips=692
[iter 6] λ=0.6172 → flips=773
[iter 7] λ=0.6211 → flips=805
[iter 8] λ=0.6191 → flips=789
[iter 9] λ=0.6201 → flips=795
[iter 10] λ=0.6206 → flips=795
[iter 11] λ=0.6208 → flips=795
[iter 12] λ=0.6210 → flips=805
[iter 13] λ=0.6209 → flips=795
[iter 14] λ=0.6209 → flips=805
[iter 15] λ=0.6209 → flips=795
[iter 16] λ=0.6209 → flips=795
[iter 17] λ=0.6209 → flips=795
[iter 18] λ=0.6209 → flips=805
[iter 19] λ=0.6209 → flips=795

Best λ=0.6211 → flips=805, correct=589/800
Number of flips performed: 805
Matrix saved as results/141/corrupt800/r010.7_r100.4/flipped_matrix.svg
Metrics: {'precision': 0.7316770186335404, 'recall': 0.73625, 'f1': 0.7339563862928349, 'TP': 589, 'FP': 216, 'FN': 211}
[Elbow detection] flip ≈ 1026, λ ≈ 0.6530612244897959
Number of flips performed (elbow): 1026
Matrix saved as results/141/corrupt800/r010.7_r100.4/flipped_matrix_elbow.svg
Elbow Metrics: {'precision': 0.6442495126705653, 'recall': 0.82625, 'f1': 0.723986856516977, 'TP': 661, 'FP': 365, 'FN': 139}
