Matrix saved as ml_parsimony_matrices/seed53_ratio1.0904.png
Matrix saved as results/53/corrupt10/r010.5_r100.6/original_matrix.png
Matrix saved as results/53/corrupt10/r010.5_r100.6/corrupted.png
[iter 0] λ=0.5000 → flips=42
[iter 1] λ=0.2500 → flips=0
[iter 2] λ=0.3750 → flips=20
[iter 3] λ=0.3125 → flips=0
[iter 4] λ=0.3438 → flips=0
[iter 5] λ=0.3594 → flips=1
[iter 6] λ=0.3672 → flips=9
[iter 7] λ=0.3711 → flips=14
[iter 8] λ=0.3691 → flips=12
[iter 9] λ=0.3682 → flips=11
[iter 10] λ=0.3677 → flips=10

Best λ=0.3677 → flips=10, correct=1/10
Number of flips performed: 10
Cell (Nymphalis_polychloros,Urticaceae): 0 -> 1
Cell (Nymphalis_xanthomelas,Plantaginaceae): 0 -> 1
Cell (Nymphalis_antiopa,Ulmaceae): 0 -> 1
Cell (Polygonia_c_aureum,Cannabaceae): 0 -> 1
Cell (Polygonia_egea,Urticaceae): 0 -> 1
Cell (Polygonia_interrogationis,Rhamnaceae): 0 -> 1
Cell (Polygonia_oreas,Cannabaceae): 0 -> 1
Cell (Polygonia_progne,Rhamnaceae): 0 -> 1
Cell (Polygonia_zephyrus,Rhamnaceae): 0 -> 1
Cell (Polygonia_gracilis,Ulmaceae): 0 -> 1
Matrix saved as results/53/corrupt10/r010.5_r100.6/flipped_matrix.png
Metrics: {'precision': 0.1, 'recall': 0.1, 'f1': 0.10000000000000002, 'TP': 1, 'FP': 9, 'FN': 9}
[Elbow detection] λ ≈ 0.384 (cutoff=0.362)
Elbow Metrics: {'precision': 0.23529411764705882, 'recall': 0.8, 'f1': 0.3636363636363636, 'TP': 8, 'FP': 26, 'FN': 2}
