[iter 0] λ=0.5000 → flips=1012
[iter 1] λ=0.7500 → flips=2956
[iter 2] λ=0.6250 → flips=1846
[iter 3] λ=0.6875 → flips=2275
[iter 4] λ=0.6562 → flips=2020
[iter 5] λ=0.6406 → flips=1918
[iter 6] λ=0.6484 → flips=1972
[iter 7] λ=0.6523 → flips=1992
[iter 8] λ=0.6543 → flips=2015
[iter 9] λ=0.6533 → flips=2006
[iter 10] λ=0.6528 → flips=2002
[iter 11] λ=0.6526 → flips=1992
[iter 12] λ=0.6527 → flips=1992
[iter 13] λ=0.6528 → flips=2002
[iter 14] λ=0.6527 → flips=2002
[iter 15] λ=0.6527 → flips=2002
[iter 16] λ=0.6527 → flips=2002
[iter 17] λ=0.6527 → flips=1992
[iter 18] λ=0.6527 → flips=2002
[iter 19] λ=0.6527 → flips=1992

Best λ=0.6528 → flips=2002, correct=1589/2000
Number of flips performed: 2002
Metrics: {'precision': 0.7937062937062938, 'recall': 0.7945, 'f1': 0.7941029485257372, 'TP': 1589, 'FP': 413, 'FN': 411}
[Elbow detection] flip ≈ 3931, λ ≈ 0.8163265306122448
Number of flips performed (elbow): 3931
Elbow Metrics: {'precision': 0.4685830577461206, 'recall': 0.921, 'f1': 0.6211431461810825, 'TP': 1842, 'FP': 2089, 'FN': 158}
