Matrix saved as results/9/corrupt500/r010.3_r100.5/original_matrix.svg
Matrix saved as results/9/corrupt500/r010.3_r100.5/corrupted.svg
[iter 0] λ=0.5000 → flips=230
[iter 1] λ=0.7500 → flips=1413
[iter 2] λ=0.6250 → flips=564
[iter 3] λ=0.5625 → flips=369
[iter 4] λ=0.5938 → flips=481
[iter 5] λ=0.6094 → flips=526
[iter 6] λ=0.6016 → flips=491
[iter 7] λ=0.6055 → flips=511
[iter 8] λ=0.6035 → flips=495
[iter 9] λ=0.6045 → flips=507
[iter 10] λ=0.6040 → flips=498
[iter 11] λ=0.6042 → flips=498
[iter 12] λ=0.6044 → flips=498
[iter 13] λ=0.6044 → flips=498
[iter 14] λ=0.6045 → flips=504
[iter 15] λ=0.6044 → flips=498
[iter 16] λ=0.6045 → flips=498
[iter 17] λ=0.6045 → flips=498
[iter 18] λ=0.6045 → flips=498
[iter 19] λ=0.6045 → flips=498

Best λ=0.6040 → flips=498, correct=318/500
Number of flips performed: 498
Matrix saved as results/9/corrupt500/r010.3_r100.5/flipped_matrix.svg
Metrics: {'precision': 0.6385542168674698, 'recall': 0.636, 'f1': 0.6372745490981964, 'TP': 318, 'FP': 180, 'FN': 182}
[Elbow detection] flip ≈ 1242, λ ≈ 0.7142857142857142
Number of flips performed (elbow): 1242
Matrix saved as results/9/corrupt500/r010.3_r100.5/flipped_matrix_elbow.svg
Elbow Metrics: {'precision': 0.3695652173913043, 'recall': 0.918, 'f1': 0.5269804822043628, 'TP': 459, 'FP': 783, 'FN': 41}
