[iter 0] λ=0.5000 → flips=246
[iter 1] λ=0.7500 → flips=4603
[iter 2] λ=0.8750 → flips=7715
[iter 3] λ=0.8125 → flips=6132
[iter 4] λ=0.7812 → flips=5042
[iter 5] λ=0.7656 → flips=4688
[iter 6] λ=0.7734 → flips=5025
[iter 7] λ=0.7695 → flips=4726
[iter 8] λ=0.7715 → flips=4913
[iter 9] λ=0.7725 → flips=4922
[iter 10] λ=0.7729 → flips=4931
[iter 11] λ=0.7732 → flips=5025
[iter 12] λ=0.7731 → flips=4922
[iter 13] λ=0.7731 → flips=4922
[iter 14] λ=0.7732 → flips=4922
[iter 15] λ=0.7732 → flips=5025
[iter 16] λ=0.7732 → flips=4922
[iter 17] λ=0.7732 → flips=5034
[iter 18] λ=0.7732 → flips=5025
[iter 19] λ=0.7732 → flips=5025

Best λ=0.7734 → flips=5025, correct=4041/5000
Number of flips performed: 5025
Metrics: {'precision': 0.804179104477612, 'recall': 0.8082, 'f1': 0.8061845386533666, 'TP': 4041, 'FP': 984, 'FN': 959}
[Elbow detection] flip ≈ 5843, λ ≈ 0.7959183673469387
Number of flips performed (elbow): 5843
Elbow Metrics: {'precision': 0.7131610474071539, 'recall': 0.8334, 'f1': 0.7686064742230011, 'TP': 4167, 'FP': 1676, 'FN': 833}
