[iter 0] λ=0.5000 → flips=1734
[iter 1] λ=0.7500 → flips=4767
[iter 2] λ=0.6250 → flips=3225
[iter 3] λ=0.5625 → flips=2491
[iter 4] λ=0.5312 → flips=2141
[iter 5] λ=0.5156 → flips=2002
[iter 6] λ=0.5078 → flips=1869
[iter 7] λ=0.5117 → flips=1940
[iter 8] λ=0.5137 → flips=1978
[iter 9] λ=0.5146 → flips=1990
[iter 10] λ=0.5151 → flips=1991
[iter 11] λ=0.5154 → flips=1999
[iter 12] λ=0.5155 → flips=2002
[iter 13] λ=0.5154 → flips=2002
[iter 14] λ=0.5154 → flips=1999
[iter 15] λ=0.5154 → flips=1999
[iter 16] λ=0.5154 → flips=2002
[iter 17] λ=0.5154 → flips=1999
[iter 18] λ=0.5154 → flips=1999
[iter 19] λ=0.5154 → flips=1999

Best λ=0.5154 → flips=1999, correct=1394/2000
Number of flips performed: 1999
Metrics: {'precision': 0.6973486743371686, 'recall': 0.697, 'f1': 0.6971742935733933, 'TP': 1394, 'FP': 605, 'FN': 606}
[Elbow detection] flip ≈ 3713, λ ≈ 0.7142857142857142
Number of flips performed (elbow): 3713
Elbow Metrics: {'precision': 0.4966334500403986, 'recall': 0.922, 'f1': 0.6455452476807283, 'TP': 1844, 'FP': 1869, 'FN': 156}
