Matrix saved as results/130/corrupt800/r010.7_r100.5/original_matrix.svg
Matrix saved as results/130/corrupt800/r010.7_r100.5/corrupted.svg
[iter 0] λ=0.5000 → flips=306
[iter 1] λ=0.7500 → flips=2202
[iter 2] λ=0.6250 → flips=953
[iter 3] λ=0.5625 → flips=449
[iter 4] λ=0.5938 → flips=673
[iter 5] λ=0.6094 → flips=785
[iter 6] λ=0.6172 → flips=893
[iter 7] λ=0.6133 → flips=836
[iter 8] λ=0.6113 → flips=831
[iter 9] λ=0.6104 → flips=830
[iter 10] λ=0.6099 → flips=830
[iter 11] λ=0.6096 → flips=826
[iter 12] λ=0.6095 → flips=785
[iter 13] λ=0.6096 → flips=794
[iter 14] λ=0.6096 → flips=794
[iter 15] λ=0.6096 → flips=826
[iter 16] λ=0.6096 → flips=826
[iter 17] λ=0.6096 → flips=826
[iter 18] λ=0.6096 → flips=826
[iter 19] λ=0.6096 → flips=826

Best λ=0.6096 → flips=794, correct=552/800
Number of flips performed: 794
Matrix saved as results/130/corrupt800/r010.7_r100.5/flipped_matrix.svg
Metrics: {'precision': 0.6952141057934509, 'recall': 0.69, 'f1': 0.6925972396486826, 'TP': 552, 'FP': 242, 'FN': 248}
[Elbow detection] flip ≈ 836, λ ≈ 0.6122448979591836
Number of flips performed (elbow): 836
Matrix saved as results/130/corrupt800/r010.7_r100.5/flipped_matrix_elbow.svg
Elbow Metrics: {'precision': 0.6782296650717703, 'recall': 0.70875, 'f1': 0.6931540342298288, 'TP': 567, 'FP': 269, 'FN': 233}
