Matrix saved as ml_parsimony_matrices/seed53_ratio1.2615.png
Matrix saved as results/53/corrupt10/r010.7_r100.7/original_matrix.png
Matrix saved as results/53/corrupt10/r010.7_r100.7/corrupted.png
[iter 0] λ=0.5000 → flips=35
[iter 1] λ=0.2500 → flips=0
[iter 2] λ=0.3750 → flips=7
[iter 3] λ=0.4375 → flips=31
[iter 4] λ=0.4062 → flips=30
[iter 5] λ=0.3906 → flips=25
[iter 6] λ=0.3828 → flips=17
[iter 7] λ=0.3789 → flips=11
[iter 8] λ=0.3770 → flips=10

Best λ=0.3770 → flips=10, correct=4/10
Number of flips performed: 10
Cell (Nymphalis_californica,Plantaginaceae): 0 -> 1
Cell (Nymphalis_xanthomelas,Plantaginaceae): 0 -> 1
Cell (Nymphalis_antiopa,Ulmaceae): 0 -> 1
Cell (Polygonia_faunus,Ulmaceae): 0 -> 1
Cell (Polygonia_satyrus,Cannabaceae): 0 -> 1
Cell (Polygonia_interrogationis,Rhamnaceae): 0 -> 1
Cell (Polygonia_comma,Urticaceae): 0 -> 1
Cell (Polygonia_oreas,Asteraceae): 0 -> 1
Cell (Polygonia_zephyrus,Cannabaceae): 0 -> 1
Cell (Polygonia_gracilis,Ulmaceae): 0 -> 1
Matrix saved as results/53/corrupt10/r010.7_r100.7/flipped_matrix.png
Metrics: {'precision': 0.4, 'recall': 0.4, 'f1': 0.4000000000000001, 'TP': 4, 'FP': 6, 'FN': 6}
[Elbow detection] λ ≈ 0.394 (cutoff=0.383)
Elbow Metrics: {'precision': 0.32142857142857145, 'recall': 0.9, 'f1': 0.4736842105263158, 'TP': 9, 'FP': 19, 'FN': 1}
