Matrix saved as results/31/corrupt500/r010.4_r100.4/original_matrix.svg
Matrix saved as results/31/corrupt500/r010.4_r100.4/corrupted.svg
[iter 0] λ=0.5000 → flips=155
[iter 1] λ=0.7500 → flips=1454
[iter 2] λ=0.6250 → flips=375
[iter 3] λ=0.6875 → flips=640
[iter 4] λ=0.6562 → flips=462
[iter 5] λ=0.6719 → flips=538
[iter 6] λ=0.6641 → flips=486
[iter 7] λ=0.6680 → flips=509
[iter 8] λ=0.6660 → flips=495
[iter 9] λ=0.6670 → flips=505
[iter 10] λ=0.6665 → flips=501
[iter 11] λ=0.6663 → flips=498
[iter 12] λ=0.6664 → flips=501
[iter 13] λ=0.6663 → flips=500

Best λ=0.6663 → flips=500, correct=303/500
Number of flips performed: 500
Matrix saved as results/31/corrupt500/r010.4_r100.4/flipped_matrix.svg
Metrics: {'precision': 0.606, 'recall': 0.606, 'f1': 0.606, 'TP': 303, 'FP': 197, 'FN': 197}
[Elbow detection] flip ≈ 924, λ ≈ 0.7142857142857142
Number of flips performed (elbow): 924
Matrix saved as results/31/corrupt500/r010.4_r100.4/flipped_matrix_elbow.svg
Elbow Metrics: {'precision': 0.4134199134199134, 'recall': 0.764, 'f1': 0.5365168539325842, 'TP': 382, 'FP': 542, 'FN': 118}
