Matrix saved as results/130/corrupt100/r010.3_r100.7/original_matrix.png
Matrix saved as results/130/corrupt100/r010.3_r100.7/corrupted.png
[iter 0] λ=0.5000 → flips=123
[iter 1] λ=0.2500 → flips=0
[iter 2] λ=0.3750 → flips=71
[iter 3] λ=0.4375 → flips=98
[iter 4] λ=0.4688 → flips=108
[iter 5] λ=0.4531 → flips=105
[iter 6] λ=0.4453 → flips=103
[iter 7] λ=0.4414 → flips=101
[iter 8] λ=0.4395 → flips=98
[iter 9] λ=0.4404 → flips=98
[iter 10] λ=0.4409 → flips=98
[iter 11] λ=0.4412 → flips=98
[iter 12] λ=0.4413 → flips=101
[iter 13] λ=0.4412 → flips=101
[iter 14] λ=0.4412 → flips=101
[iter 15] λ=0.4412 → flips=101
[iter 16] λ=0.4412 → flips=98
[iter 17] λ=0.4412 → flips=101
[iter 18] λ=0.4412 → flips=101
[iter 19] λ=0.4412 → flips=101

Best λ=0.4414 → flips=101, correct=77/100
Number of flips performed: 101
Cell (Vanessa_itea,Nymphaeaceae): 0 -> 1
Cell (Vanessa_itea,Malvaceae): 0 -> 1
Cell (Vanessa_itea,Grossulariaceae): 0 -> 1
Cell (Vanessa_itea,Asteraceae): 0 -> 1
Cell (Vanessa_itea,Plantaginaceae): 0 -> 1
Cell (Vanessa_annabella,Schisandraceae): 0 -> 1
Cell (Vanessa_annabella,Siparunaceae): 0 -> 1
Cell (Vanessa_annabella,Aristolochiaceae): 0 -> 1
Cell (Vanessa_annabella,Chloranthaceae): 0 -> 1
Cell (Vanessa_annabella,Potamogetonaceae): 0 -> 1
Cell (Vanessa_annabella,Betulaceae): 0 -> 1
Cell (Vanessa_hippomene,Siparunaceae): 0 -> 1
Cell (Vanessa_hippomene,Typhaceae): 0 -> 1
Cell (Vanessa_hippomene,Fabaceae): 0 -> 1
Cell (Vanessa_hippomene,Betulaceae): 0 -> 1
Cell (Vanessa_dimorphica,Schisandraceae): 0 -> 1
Cell (Vanessa_dimorphica,Ulmaceae): 0 -> 1
Cell (Vanessa_dimorphica,Cannabaceae): 0 -> 1
Cell (Vanessa_dimorphica,Salicaceae): 0 -> 1
Cell (Vanessa_dimorphica,Asteraceae): 0 -> 1
Cell (Vanessa_abyssinica,Fabaceae): 0 -> 1
Cell (Vanessa_abyssinica,Ulmaceae): 0 -> 1
Cell (Vanessa_abyssinica,Salicaceae): 0 -> 1
Cell (Vanessa_atalanta,Schisandraceae): 0 -> 1
Cell (Vanessa_atalanta,Ulmaceae): 0 -> 1
Cell (Vanessa_atalanta,Salicaceae): 0 -> 1
Cell (Vanessa_atalanta,Malvaceae): 0 -> 1
Cell (Vanessa_tameamea,Amborellaceae): 0 -> 1
Cell (Vanessa_tameamea,Aristolochiaceae): 0 -> 1
Cell (Vanessa_tameamea,Chloranthaceae): 0 -> 1
Cell (Vanessa_tameamea,Rosaceae): 0 -> 1
Cell (Vanessa_tameamea,Betulaceae): 0 -> 1
Cell (Vanessa_indica,Amborellaceae): 0 -> 1
Cell (Vanessa_indica,Acoraceae): 0 -> 1
Cell (Vanessa_indica,Ericaceae): 0 -> 1
Cell (Antanartia_delius,Schisandraceae): 0 -> 1
Cell (Antanartia_delius,Siparunaceae): 0 -> 1
Cell (Antanartia_delius,Chloranthaceae): 0 -> 1
Cell (Antanartia_delius,Grossulariaceae): 0 -> 1
Cell (Aglais_io,Ceratophyllaceae): 0 -> 1
Cell (Aglais_io,Rosaceae): 0 -> 1
Cell (Aglais_io,Cannabaceae): 0 -> 1
Cell (Aglais_io,Salicaceae): 0 -> 1
Cell (Aglais_io,Plantaginaceae): 0 -> 1
Cell (Aglais_milberti,Schisandraceae): 0 -> 1
Cell (Aglais_milberti,Siparunaceae): 0 -> 1
Cell (Aglais_milberti,Rosaceae): 0 -> 1
Cell (Aglais_milberti,Urticaceae): 0 -> 1
Cell (Aglais_milberti,Malvaceae): 0 -> 1
Cell (Aglais_urticae,Acoraceae): 0 -> 1
Cell (Aglais_urticae,Asteraceae): 0 -> 1
Cell (Aglais_urticae,Boraginaceae): 0 -> 1
Cell (Kaniska_canace,Nymphaeaceae): 0 -> 1
Cell (Kaniska_canace,Rosaceae): 0 -> 1
Cell (Kaniska_canace,Betulaceae): 0 -> 1
Cell (Polygonia_c_aureum,Aristolochiaceae): 0 -> 1
Cell (Polygonia_c_aureum,Asteraceae): 0 -> 1
Cell (Polygonia_c_aureum,Plantaginaceae): 0 -> 1
Cell (Polygonia_c_aureum,Boraginaceae): 0 -> 1
Cell (Polygonia_egea,Nymphaeaceae): 0 -> 1
Cell (Polygonia_egea,Schisandraceae): 0 -> 1
Cell (Polygonia_egea,Ulmaceae): 0 -> 1
Cell (Polygonia_egea,Salicaceae): 0 -> 1
Cell (Polygonia_egea,Malvaceae): 0 -> 1
Cell (Polygonia_faunus,Nymphaeaceae): 0 -> 1
Cell (Polygonia_faunus,Typhaceae): 0 -> 1
Cell (Polygonia_faunus,Fabaceae): 0 -> 1
Cell (Polygonia_c_album,Aristolochiaceae): 0 -> 1
Cell (Polygonia_c_album,Ulmaceae): 0 -> 1
Cell (Polygonia_c_album,Urticaceae): 0 -> 1
Cell (Polygonia_c_album,Boraginaceae): 0 -> 1
Cell (Polygonia_satyrus,Schisandraceae): 0 -> 1
Cell (Polygonia_satyrus,Typhaceae): 0 -> 1
Cell (Polygonia_satyrus,Acoraceae): 0 -> 1
Cell (Polygonia_satyrus,Rosaceae): 0 -> 1
Cell (Polygonia_satyrus,Rhamnaceae): 0 -> 1
Cell (Polygonia_satyrus,Ulmaceae): 0 -> 1
Cell (Polygonia_satyrus,Cannabaceae): 0 -> 1
Cell (Polygonia_satyrus,Plantaginaceae): 0 -> 1
Cell (Polygonia_interrogationis,Nymphaeaceae): 0 -> 1
Cell (Polygonia_interrogationis,Aristolochiaceae): 0 -> 1
Cell (Polygonia_interrogationis,Rhamnaceae): 0 -> 1
Cell (Polygonia_interrogationis,Ulmaceae): 0 -> 1
Cell (Polygonia_interrogationis,Plantaginaceae): 0 -> 1
Cell (Polygonia_comma,Amborellaceae): 0 -> 1
Cell (Polygonia_comma,Chloranthaceae): 0 -> 1
Cell (Polygonia_comma,Malvaceae): 0 -> 1
Cell (Polygonia_oreas,Chloranthaceae): 0 -> 1
Cell (Polygonia_oreas,Salicaceae): 0 -> 1
Cell (Polygonia_oreas,Malvaceae): 0 -> 1
Cell (Polygonia_progne,Amborellaceae): 0 -> 1
Cell (Polygonia_progne,Nymphaeaceae): 0 -> 1
Cell (Polygonia_progne,Schisandraceae): 0 -> 1
Cell (Polygonia_progne,Typhaceae): 0 -> 1
Cell (Polygonia_progne,Rosaceae): 0 -> 1
Cell (Polygonia_progne,Ericaceae): 0 -> 1
Cell (Polygonia_zephyrus,Siparunaceae): 0 -> 1
Cell (Polygonia_zephyrus,Chloranthaceae): 0 -> 1
Cell (Polygonia_zephyrus,Ceratophyllaceae): 0 -> 1
Cell (Polygonia_gracilis,Nymphaeaceae): 0 -> 1
Cell (Polygonia_gracilis,Ericaceae): 0 -> 1
Matrix saved as results/130/corrupt100/r010.3_r100.7/flipped_matrix.png
Metrics: {'precision': 0.7623762376237624, 'recall': 0.77, 'f1': 0.7661691542288558, 'TP': 77, 'FP': 24, 'FN': 23}
[Elbow detection] flip ≈ 136, λ ≈ 0.5918367346938775
Number of flips performed (elbow): 136
Cell (Vanessa_itea,Nymphaeaceae): 0 -> 1
Cell (Vanessa_itea,Smilacaceae): 0 -> 1
Cell (Vanessa_itea,Malvaceae): 0 -> 1
Cell (Vanessa_itea,Grossulariaceae): 0 -> 1
Cell (Vanessa_itea,Ericaceae): 0 -> 1
Cell (Vanessa_itea,Asteraceae): 0 -> 1
Cell (Vanessa_itea,Plantaginaceae): 0 -> 1
Cell (Vanessa_annabella,Schisandraceae): 0 -> 1
Cell (Vanessa_annabella,Siparunaceae): 0 -> 1
Cell (Vanessa_annabella,Aristolochiaceae): 0 -> 1
Cell (Vanessa_annabella,Chloranthaceae): 0 -> 1
Cell (Vanessa_annabella,Smilacaceae): 0 -> 1
Cell (Vanessa_annabella,Potamogetonaceae): 0 -> 1
Cell (Vanessa_annabella,Betulaceae): 0 -> 1
Cell (Vanessa_annabella,Ericaceae): 0 -> 1
Cell (Vanessa_hippomene,Siparunaceae): 0 -> 1
Cell (Vanessa_hippomene,Typhaceae): 0 -> 1
Cell (Vanessa_hippomene,Fabaceae): 0 -> 1
Cell (Vanessa_hippomene,Betulaceae): 0 -> 1
Cell (Vanessa_dimorphica,Schisandraceae): 0 -> 1
Cell (Vanessa_dimorphica,Ulmaceae): 0 -> 1
Cell (Vanessa_dimorphica,Cannabaceae): 0 -> 1
Cell (Vanessa_dimorphica,Salicaceae): 0 -> 1
Cell (Vanessa_dimorphica,Ericaceae): 0 -> 1
Cell (Vanessa_dimorphica,Asteraceae): 0 -> 1
Cell (Vanessa_abyssinica,Fabaceae): 0 -> 1
Cell (Vanessa_abyssinica,Ulmaceae): 0 -> 1
Cell (Vanessa_abyssinica,Salicaceae): 0 -> 1
Cell (Vanessa_abyssinica,Boraginaceae): 0 -> 1
Cell (Vanessa_atalanta,Schisandraceae): 0 -> 1
Cell (Vanessa_atalanta,Typhaceae): 0 -> 1
Cell (Vanessa_atalanta,Potamogetonaceae): 0 -> 1
Cell (Vanessa_atalanta,Ulmaceae): 0 -> 1
Cell (Vanessa_atalanta,Salicaceae): 0 -> 1
Cell (Vanessa_atalanta,Malvaceae): 0 -> 1
Cell (Vanessa_atalanta,Boraginaceae): 0 -> 1
Cell (Vanessa_tameamea,Amborellaceae): 0 -> 1
Cell (Vanessa_tameamea,Aristolochiaceae): 0 -> 1
Cell (Vanessa_tameamea,Chloranthaceae): 0 -> 1
Cell (Vanessa_tameamea,Typhaceae): 0 -> 1
Cell (Vanessa_tameamea,Potamogetonaceae): 0 -> 1
Cell (Vanessa_tameamea,Rosaceae): 0 -> 1
Cell (Vanessa_tameamea,Betulaceae): 0 -> 1
Cell (Vanessa_indica,Amborellaceae): 0 -> 1
Cell (Vanessa_indica,Typhaceae): 0 -> 1
Cell (Vanessa_indica,Smilacaceae): 0 -> 1
Cell (Vanessa_indica,Acoraceae): 0 -> 1
Cell (Vanessa_indica,Ericaceae): 0 -> 1
Cell (Vanessa_indica,Plantaginaceae): 0 -> 1
Cell (Vanessa_indica,Boraginaceae): 0 -> 1
Cell (Antanartia_delius,Schisandraceae): 0 -> 1
Cell (Antanartia_delius,Siparunaceae): 0 -> 1
Cell (Antanartia_delius,Chloranthaceae): 0 -> 1
Cell (Antanartia_delius,Typhaceae): 0 -> 1
Cell (Antanartia_delius,Smilacaceae): 0 -> 1
Cell (Antanartia_delius,Grossulariaceae): 0 -> 1
Cell (Aglais_io,Typhaceae): 0 -> 1
Cell (Aglais_io,Smilacaceae): 0 -> 1
Cell (Aglais_io,Ceratophyllaceae): 0 -> 1
Cell (Aglais_io,Rosaceae): 0 -> 1
Cell (Aglais_io,Cannabaceae): 0 -> 1
Cell (Aglais_io,Salicaceae): 0 -> 1
Cell (Aglais_io,Plantaginaceae): 0 -> 1
Cell (Aglais_milberti,Schisandraceae): 0 -> 1
Cell (Aglais_milberti,Siparunaceae): 0 -> 1
Cell (Aglais_milberti,Typhaceae): 0 -> 1
Cell (Aglais_milberti,Rosaceae): 0 -> 1
Cell (Aglais_milberti,Urticaceae): 0 -> 1
Cell (Aglais_milberti,Malvaceae): 0 -> 1
Cell (Aglais_urticae,Acoraceae): 0 -> 1
Cell (Aglais_urticae,Asteraceae): 0 -> 1
Cell (Aglais_urticae,Boraginaceae): 0 -> 1
Cell (Kaniska_canace,Nymphaeaceae): 0 -> 1
Cell (Kaniska_canace,Schisandraceae): 0 -> 1
Cell (Kaniska_canace,Typhaceae): 0 -> 1
Cell (Kaniska_canace,Rosaceae): 0 -> 1
Cell (Kaniska_canace,Betulaceae): 0 -> 1
Cell (Nymphalis_l_album,Schisandraceae): 0 -> 1
Cell (Nymphalis_l_album,Aristolochiaceae): 0 -> 1
Cell (Nymphalis_l_album,Typhaceae): 0 -> 1
Cell (Nymphalis_l_album,Ceratophyllaceae): 0 -> 1
Cell (Polygonia_c_aureum,Aristolochiaceae): 0 -> 1
Cell (Polygonia_c_aureum,Typhaceae): 0 -> 1
Cell (Polygonia_c_aureum,Asteraceae): 0 -> 1
Cell (Polygonia_c_aureum,Plantaginaceae): 0 -> 1
Cell (Polygonia_c_aureum,Boraginaceae): 0 -> 1
Cell (Polygonia_egea,Nymphaeaceae): 0 -> 1
Cell (Polygonia_egea,Schisandraceae): 0 -> 1
Cell (Polygonia_egea,Ulmaceae): 0 -> 1
Cell (Polygonia_egea,Salicaceae): 0 -> 1
Cell (Polygonia_egea,Malvaceae): 0 -> 1
Cell (Polygonia_faunus,Nymphaeaceae): 0 -> 1
Cell (Polygonia_faunus,Typhaceae): 0 -> 1
Cell (Polygonia_faunus,Fabaceae): 0 -> 1
Cell (Polygonia_c_album,Aristolochiaceae): 0 -> 1
Cell (Polygonia_c_album,Ulmaceae): 0 -> 1
Cell (Polygonia_c_album,Urticaceae): 0 -> 1
Cell (Polygonia_c_album,Boraginaceae): 0 -> 1
Cell (Polygonia_satyrus,Schisandraceae): 0 -> 1
Cell (Polygonia_satyrus,Typhaceae): 0 -> 1
Cell (Polygonia_satyrus,Acoraceae): 0 -> 1
Cell (Polygonia_satyrus,Rosaceae): 0 -> 1
Cell (Polygonia_satyrus,Rhamnaceae): 0 -> 1
Cell (Polygonia_satyrus,Ulmaceae): 0 -> 1
Cell (Polygonia_satyrus,Cannabaceae): 0 -> 1
Cell (Polygonia_satyrus,Plantaginaceae): 0 -> 1
Cell (Polygonia_interrogationis,Nymphaeaceae): 0 -> 1
Cell (Polygonia_interrogationis,Aristolochiaceae): 0 -> 1
Cell (Polygonia_interrogationis,Rhamnaceae): 0 -> 1
Cell (Polygonia_interrogationis,Ulmaceae): 0 -> 1
Cell (Polygonia_interrogationis,Plantaginaceae): 0 -> 1
Cell (Polygonia_comma,Amborellaceae): 0 -> 1
Cell (Polygonia_comma,Chloranthaceae): 0 -> 1
Cell (Polygonia_comma,Malvaceae): 0 -> 1
Cell (Polygonia_oreas,Chloranthaceae): 0 -> 1
Cell (Polygonia_oreas,Urticaceae): 0 -> 1
Cell (Polygonia_oreas,Salicaceae): 0 -> 1
Cell (Polygonia_oreas,Malvaceae): 0 -> 1
Cell (Polygonia_progne,Amborellaceae): 0 -> 1
Cell (Polygonia_progne,Nymphaeaceae): 0 -> 1
Cell (Polygonia_progne,Schisandraceae): 0 -> 1
Cell (Polygonia_progne,Typhaceae): 0 -> 1
Cell (Polygonia_progne,Rosaceae): 0 -> 1
Cell (Polygonia_progne,Cannabaceae): 0 -> 1
Cell (Polygonia_progne,Urticaceae): 0 -> 1
Cell (Polygonia_progne,Ericaceae): 0 -> 1
Cell (Polygonia_zephyrus,Siparunaceae): 0 -> 1
Cell (Polygonia_zephyrus,Chloranthaceae): 0 -> 1
Cell (Polygonia_zephyrus,Typhaceae): 0 -> 1
Cell (Polygonia_zephyrus,Ceratophyllaceae): 0 -> 1
Cell (Polygonia_zephyrus,Cannabaceae): 0 -> 1
Cell (Polygonia_zephyrus,Urticaceae): 0 -> 1
Cell (Polygonia_gracilis,Nymphaeaceae): 0 -> 1
Cell (Polygonia_gracilis,Typhaceae): 0 -> 1
Cell (Polygonia_gracilis,Urticaceae): 0 -> 1
Cell (Polygonia_gracilis,Ericaceae): 0 -> 1
Matrix saved as results/130/corrupt100/r010.3_r100.7/flipped_matrix_elbow.png
Elbow Metrics: {'precision': 0.7205882352941176, 'recall': 0.98, 'f1': 0.8305084745762712, 'TP': 98, 'FP': 38, 'FN': 2}
