Matrix saved as results/141/corrupt500/r010.3_r100.6/original_matrix.svg
Matrix saved as results/141/corrupt500/r010.3_r100.6/corrupted.svg
[iter 0] λ=0.5000 → flips=20
[iter 1] λ=0.7500 → flips=282
[iter 2] λ=0.8750 → flips=2483
[iter 3] λ=0.8125 → flips=501
[iter 4] λ=0.7812 → flips=367
[iter 5] λ=0.7969 → flips=411
[iter 6] λ=0.8047 → flips=454
[iter 7] λ=0.8086 → flips=472
[iter 8] λ=0.8105 → flips=473
[iter 9] λ=0.8115 → flips=478
[iter 10] λ=0.8120 → flips=501
[iter 11] λ=0.8118 → flips=501
[iter 12] λ=0.8116 → flips=496
[iter 13] λ=0.8117 → flips=496
[iter 14] λ=0.8117 → flips=501
[iter 15] λ=0.8117 → flips=496
[iter 16] λ=0.8117 → flips=496
[iter 17] λ=0.8117 → flips=496
[iter 18] λ=0.8117 → flips=496
[iter 19] λ=0.8117 → flips=501

Best λ=0.8125 → flips=501, correct=246/500
Number of flips performed: 501
Matrix saved as results/141/corrupt500/r010.3_r100.6/flipped_matrix.svg
Metrics: {'precision': 0.49101796407185627, 'recall': 0.492, 'f1': 0.4915084915084915, 'TP': 246, 'FP': 255, 'FN': 254}
[Elbow detection] flip ≈ 1510, λ ≈ 0.8571428571428571
Number of flips performed (elbow): 1510
Matrix saved as results/141/corrupt500/r010.3_r100.6/flipped_matrix_elbow.svg
Elbow Metrics: {'precision': 0.2543046357615894, 'recall': 0.768, 'f1': 0.3820895522388059, 'TP': 384, 'FP': 1126, 'FN': 116}
