Matrix saved as results/141/corrupt10/r010.4_r100.7/original_matrix.png
Matrix saved as results/141/corrupt10/r010.4_r100.7/corrupted.png
[iter 0] λ=0.5000 → flips=0
[iter 1] λ=0.7500 → flips=9
[iter 2] λ=0.8750 → flips=17
[iter 3] λ=0.8125 → flips=17
[iter 4] λ=0.7812 → flips=15
[iter 5] λ=0.7656 → flips=11
[iter 6] λ=0.7578 → flips=9
[iter 7] λ=0.7617 → flips=11
[iter 8] λ=0.7598 → flips=9
[iter 9] λ=0.7607 → flips=9
[iter 10] λ=0.7612 → flips=11
[iter 11] λ=0.7610 → flips=9
[iter 12] λ=0.7611 → flips=9
[iter 13] λ=0.7612 → flips=11
[iter 14] λ=0.7611 → flips=9
[iter 15] λ=0.7612 → flips=9
[iter 16] λ=0.7612 → flips=11
[iter 17] λ=0.7612 → flips=9
[iter 18] λ=0.7612 → flips=9
[iter 19] λ=0.7612 → flips=9

Best λ=0.7500 → flips=9, correct=3/10
Number of flips performed: 9
Cell (Hypanartia_lethe,Aristolochiaceae): 0 -> 1
Cell (Hypanartia_lethe,Potamogetonaceae): 0 -> 1
Cell (Hypanartia_lethe,Ceratophyllaceae): 0 -> 1
Cell (Hypanartia_lethe,Fabaceae): 0 -> 1
Cell (Hypanartia_lethe,Rosaceae): 0 -> 1
Cell (Hypanartia_bella,Urticaceae): 0 -> 1
Cell (Hypanartia_bella,Salicaceae): 0 -> 1
Cell (Hypanartia_bella,Grossulariaceae): 0 -> 1
Cell (Hypanartia_bella,Ericaceae): 0 -> 1
Matrix saved as results/141/corrupt10/r010.4_r100.7/flipped_matrix.png
Metrics: {'precision': 0.3333333333333333, 'recall': 0.3, 'f1': 0.3157894736842105, 'TP': 3, 'FP': 6, 'FN': 7}
[Elbow detection] flip ≈ 17, λ ≈ 0.7959183673469387
Number of flips performed (elbow): 17
Cell (Hypanartia_lethe,Aristolochiaceae): 0 -> 1
Cell (Hypanartia_lethe,Smilacaceae): 0 -> 1
Cell (Hypanartia_lethe,Potamogetonaceae): 0 -> 1
Cell (Hypanartia_lethe,Acoraceae): 0 -> 1
Cell (Hypanartia_lethe,Ceratophyllaceae): 0 -> 1
Cell (Hypanartia_lethe,Fabaceae): 0 -> 1
Cell (Hypanartia_lethe,Rosaceae): 0 -> 1
Cell (Hypanartia_lethe,Betulaceae): 0 -> 1
Cell (Hypanartia_lethe,Malvaceae): 0 -> 1
Cell (Hypanartia_bella,Smilacaceae): 0 -> 1
Cell (Hypanartia_bella,Acoraceae): 0 -> 1
Cell (Hypanartia_bella,Urticaceae): 0 -> 1
Cell (Hypanartia_bella,Betulaceae): 0 -> 1
Cell (Hypanartia_bella,Salicaceae): 0 -> 1
Cell (Hypanartia_bella,Malvaceae): 0 -> 1
Cell (Hypanartia_bella,Grossulariaceae): 0 -> 1
Cell (Hypanartia_bella,Ericaceae): 0 -> 1
Matrix saved as results/141/corrupt10/r010.4_r100.7/flipped_matrix_elbow.png
Elbow Metrics: {'precision': 0.23529411764705882, 'recall': 0.4, 'f1': 0.29629629629629634, 'TP': 4, 'FP': 13, 'FN': 6}
