[iter 0] λ=0.5000 → flips=0
[iter 1] λ=0.7500 → flips=0
[iter 2] λ=0.8750 → flips=1
[iter 3] λ=0.9375 → flips=1
[iter 4] λ=0.9688 → flips=1
[iter 5] λ=0.9844 → flips=2
[iter 6] λ=0.9922 → flips=2
[iter 7] λ=0.9961 → flips=21846
[iter 8] λ=0.9941 → flips=3
[iter 9] λ=0.9951 → flips=3
[iter 10] λ=0.9956 → flips=3
[iter 11] λ=0.9958 → flips=3
[iter 12] λ=0.9960 → flips=21846
[iter 13] λ=0.9959 → flips=21846
[iter 14] λ=0.9959 → flips=21846
[iter 15] λ=0.9959 → flips=3
[iter 16] λ=0.9959 → flips=3
[iter 17] λ=0.9959 → flips=21846
[iter 18] λ=0.9959 → flips=21846
[iter 19] λ=0.9959 → flips=3

Best λ=0.9941 → flips=3, correct=3/10000
Number of flips performed: 3
Metrics: {'precision': 1.0, 'recall': 0.0003, 'f1': 0.0005998200539838048, 'TP': 3, 'FP': 0, 'FN': 9997}
[Elbow detection] flip ≈ 0, λ ≈ 0.0
Number of flips performed (elbow): 0
Elbow Metrics: {'precision': 0, 'recall': 0.0, 'f1': 0, 'TP': 0, 'FP': 0, 'FN': 10000}
