[iter 0] λ=0.5000 → flips=65
[iter 1] λ=0.7500 → flips=2175
[iter 2] λ=0.8750 → flips=10338
[iter 3] λ=0.8125 → flips=3665
[iter 4] λ=0.8438 → flips=5827
[iter 5] λ=0.8281 → flips=4920
[iter 6] λ=0.8359 → flips=5542
[iter 7] λ=0.8320 → flips=5261
[iter 8] λ=0.8301 → flips=5063
[iter 9] λ=0.8291 → flips=4966
[iter 10] λ=0.8296 → flips=4966
[iter 11] λ=0.8298 → flips=5060
[iter 12] λ=0.8297 → flips=5060
[iter 13] λ=0.8297 → flips=4966
[iter 14] λ=0.8297 → flips=4966
[iter 15] λ=0.8297 → flips=5010
[iter 16] λ=0.8297 → flips=5010
[iter 17] λ=0.8297 → flips=5010
[iter 18] λ=0.8297 → flips=5010
[iter 19] λ=0.8297 → flips=5010

Best λ=0.8297 → flips=5010, correct=3408/5000
Number of flips performed: 5010
Metrics: {'precision': 0.6802395209580838, 'recall': 0.6816, 'f1': 0.6809190809190809, 'TP': 3408, 'FP': 1602, 'FN': 1592}
[Elbow detection] flip ≈ 7403, λ ≈ 0.8571428571428571
Number of flips performed (elbow): 7403
Elbow Metrics: {'precision': 0.5326219100364717, 'recall': 0.7886, 'f1': 0.6358139159880674, 'TP': 3943, 'FP': 3460, 'FN': 1057}
