Matrix saved as results/20/corrupt800/r010.3_r100.7/original_matrix.svg
Matrix saved as results/20/corrupt800/r010.3_r100.7/corrupted.svg
[iter 0] λ=0.5000 → flips=1
[iter 1] λ=0.7500 → flips=20
[iter 2] λ=0.8750 → flips=206
[iter 3] λ=0.9375 → flips=4600
[iter 4] λ=0.9062 → flips=3361
[iter 5] λ=0.8906 → flips=272
[iter 6] λ=0.8984 → flips=614
[iter 7] λ=0.9023 → flips=614
[iter 8] λ=0.9043 → flips=1932
[iter 9] λ=0.9033 → flips=1932
[iter 10] λ=0.9028 → flips=1932
[iter 11] λ=0.9026 → flips=614
[iter 12] λ=0.9027 → flips=1932
[iter 13] λ=0.9026 → flips=1932
[iter 14] λ=0.9026 → flips=1932
[iter 15] λ=0.9026 → flips=1932
[iter 16] λ=0.9026 → flips=614
[iter 17] λ=0.9026 → flips=1932
[iter 18] λ=0.9026 → flips=614
[iter 19] λ=0.9026 → flips=614

Best λ=0.8984 → flips=614, correct=265/800
Number of flips performed: 614
Matrix saved as results/20/corrupt800/r010.3_r100.7/flipped_matrix.svg
Metrics: {'precision': 0.43159609120521175, 'recall': 0.33125, 'f1': 0.37482319660537483, 'TP': 265, 'FP': 349, 'FN': 535}
[Elbow detection] flip ≈ 3361, λ ≈ 0.9183673469387754
Number of flips performed (elbow): 3361
Matrix saved as results/20/corrupt800/r010.3_r100.7/flipped_matrix_elbow.svg
Elbow Metrics: {'precision': 0.19309729247247842, 'recall': 0.81125, 'f1': 0.31194424417207406, 'TP': 649, 'FP': 2712, 'FN': 151}
