[iter 0] λ=0.5000 → flips=175
[iter 1] λ=0.7500 → flips=648
[iter 2] λ=0.8750 → flips=980
[iter 3] λ=0.9375 → flips=1338
[iter 4] λ=0.9062 → flips=1124
[iter 5] λ=0.8906 → flips=1066
[iter 6] λ=0.8828 → flips=1008
[iter 7] λ=0.8789 → flips=993
[iter 8] λ=0.8809 → flips=1007
[iter 9] λ=0.8799 → flips=1007
[iter 10] λ=0.8794 → flips=1007
[iter 11] λ=0.8792 → flips=993
[iter 12] λ=0.8793 → flips=1007
[iter 13] λ=0.8792 → flips=1007
[iter 14] λ=0.8792 → flips=1007
[iter 15] λ=0.8792 → flips=1007
[iter 16] λ=0.8792 → flips=993
[iter 17] λ=0.8792 → flips=1007
[iter 18] λ=0.8792 → flips=1007
[iter 19] λ=0.8792 → flips=993

Best λ=0.8789 → flips=993, correct=716/1000
Number of flips performed: 993
Metrics: {'precision': 0.7210473313192346, 'recall': 0.716, 'f1': 0.7185148018063221, 'TP': 716, 'FP': 277, 'FN': 284}
[Elbow detection] flip ≈ 1109, λ ≈ 0.8979591836734693
Number of flips performed (elbow): 1109
Elbow Metrics: {'precision': 0.6717763751127142, 'recall': 0.745, 'f1': 0.7064959696538644, 'TP': 745, 'FP': 364, 'FN': 255}
