Assuming unrestricted shared filesystem usage.
None
host: CS-5095.local
Building DAG of jobs...
Using shell: /bin/bash
Provided cores: 1 (use --cores to define parallelism)
Rules claiming more threads will be scaled down.
Job stats:
job         count
--------  -------
all             1
simulate      100
total         101

Select jobs to execute...
Execute 1 jobs...
[Wed Sep  3 22:05:32 2025]
localrule simulate:
    output: results/ml_parsimony_matrices/seed17.done
    jobid: 18
    reason: Missing output files: results/ml_parsimony_matrices/seed17.done
    wildcards: mode=ml, seed=17
    resources: tmpdir=/var/folders/81/_4qkc5w17kd767vqrndc8k440000gp/T
RuleException:
CalledProcessError in file "/Users/PSLabMonisha/Desktop/braga_data/Snakefile", line 22:
Command 'set -euo pipefail;  
        python simulation.py             --seed 17             --mode ml             --host_tree angio_25tips_origin.phy             --virus_tree Nymphalini.phy' returned non-zero exit status 1.
[Wed Sep  3 22:05:32 2025]
Error in rule simulate:
    message: None
    jobid: 18
    output: results/ml_parsimony_matrices/seed17.done
    shell:
        
        python simulation.py             --seed 17             --mode ml             --host_tree angio_25tips_origin.phy             --virus_tree Nymphalini.phy
        
        (command exited with non-zero exit code)
Shutting down, this might take some time.
Exiting because a job execution failed. Look below for error messages
[Wed Sep  3 22:05:32 2025]
Error in rule simulate:
    message: None
    jobid: 18
    output: results/ml_parsimony_matrices/seed17.done
    shell:
        
        python simulation.py             --seed 17             --mode ml             --host_tree angio_25tips_origin.phy             --virus_tree Nymphalini.phy
        
        (command exited with non-zero exit code)
Complete log(s): /Users/PSLabMonisha/Desktop/braga_data/.snakemake/log/2025-09-03T220532.699947.snakemake.log
WorkflowError:
At least one job did not complete successfully.
