Assuming unrestricted shared filesystem usage.
None
host: CS-5095.local
Building DAG of jobs...
Using shell: /bin/bash
Provided cores: 1 (use --cores to define parallelism)
Rules claiming more threads will be scaled down.
Job stats:
job                 count
----------------  -------
all                     1
simulate_network        6
total                   7

Select jobs to execute...
Execute 1 jobs...
[Tue Sep  9 00:30:20 2025]
localrule simulate_network:
    input: angio_25tips_origin.phy, Nymphalini.phy
    output: results/56/corrupt50/original_matrix.png, results/56/corrupt50/corrupted.png, results/56/corrupt50/flipped_matrix.png
    log: logs/simulate_56_corrupt50.out, logs/simulate_56_corrupt50.err
    jobid: 2
    benchmark: benchmarks/simulate_56_corrupt50.txt
    reason: Missing output files: results/56/corrupt50/flipped_matrix.png; Code has changed since last execution
    wildcards: seed=56, corrupt=50
    resources: tmpdir=/var/folders/81/_4qkc5w17kd767vqrndc8k440000gp/T
Select jobs to execute...
[Tue Sep  9 00:30:28 2025]
Finished jobid: 2 (Rule: simulate_network)
1 of 7 steps (14%) done
Execute 1 jobs...
[Tue Sep  9 00:30:28 2025]
localrule simulate_network:
    input: angio_25tips_origin.phy, Nymphalini.phy
    output: results/86/corrupt0/original_matrix.png, results/86/corrupt0/corrupted.png, results/86/corrupt0/flipped_matrix.png
    log: logs/simulate_86_corrupt0.out, logs/simulate_86_corrupt0.err
    jobid: 4
    benchmark: benchmarks/simulate_86_corrupt0.txt
    reason: Missing output files: results/86/corrupt0/flipped_matrix.png
    wildcards: seed=86, corrupt=0
    resources: tmpdir=/var/folders/81/_4qkc5w17kd767vqrndc8k440000gp/T
Select jobs to execute...
Waiting at most 5 seconds for missing files:
results/86/corrupt0/corrupted.png (missing locally)
MissingOutputException in rule simulate_network in file "/Users/PSLabMonisha/Desktop/braga_data/Snakefile", line 13:
Job 4  completed successfully, but some output files are missing. Missing files after 5 seconds. This might be due to filesystem latency. If that is the case, consider to increase the wait time with --latency-wait:
results/86/corrupt0/corrupted.png (missing locally, parent dir contents: flipped_matrix.png, original_matrix.png)
Removing output files of failed job simulate_network since they might be corrupted:
results/86/corrupt0/original_matrix.png, results/86/corrupt0/flipped_matrix.png
Shutting down, this might take some time.
Exiting because a job execution failed. Look below for error messages
[Tue Sep  9 00:30:37 2025]
Error in rule simulate_network:
    message: None
    jobid: 4
    input: angio_25tips_origin.phy, Nymphalini.phy
    output: results/86/corrupt0/original_matrix.png, results/86/corrupt0/corrupted.png, results/86/corrupt0/flipped_matrix.png
    log: logs/simulate_86_corrupt0.out, logs/simulate_86_corrupt0.err (check log file(s) for error details)
    shell:
        
        mkdir -p results/86/corrupt0
        mkdir -p logs benchmarks

        python simulation.py             --seed 86             --host_tree angio_25tips_origin.phy             --virus_tree Nymphalini.phy             --corrupt 0             --lambda_param 0.7             > logs/simulate_86_corrupt0.out 2> logs/simulate_86_corrupt0.err

        # Move outputs into unique result folder
        mv experiments/original_matrix.png results/86/corrupt0/original_matrix.png
        mv experiments/corrupted.png results/86/corrupt0/corrupted.png || true
        mv experiments/flipped_matrix.png results/86/corrupt0/flipped_matrix.png
        
        (command exited with non-zero exit code)
Complete log(s): /Users/PSLabMonisha/Desktop/braga_data/.snakemake/log/2025-09-09T003020.340559.snakemake.log
WorkflowError:
At least one job did not complete successfully.
