Assuming unrestricted shared filesystem usage.
None
host: CS-5095.local
Building DAG of jobs...
Using shell: /bin/bash
Provided cores: 10
Rules claiming more threads will be scaled down.
Job stats:
job                count
---------------  -------
all                    1
braga_pipeline       135
braga_simulator      135
total                271

Select jobs to execute...
Execute 10 jobs...
[Sun Sep 14 11:20:00 2025]
localrule braga_simulator:
    output: results/braga/163/sim163-b0-c1.nex, results/braga/163/sim163-b0-c1.settings.txt
    jobid: 1384
    reason: Missing output files: results/braga/163/sim163-b0-c1.settings.txt, results/braga/163/sim163-b0-c1.nex
    wildcards: seed=163, beta=0, clock=1
    resources: tmpdir=/var/folders/81/_4qkc5w17kd767vqrndc8k440000gp/T
[Sun Sep 14 11:20:00 2025]
localrule braga_simulator:
    output: results/braga/119/sim119-b1-c0.5.nex, results/braga/119/sim119-b1-c0.5.settings.txt
    jobid: 1316
    reason: Missing output files: results/braga/119/sim119-b1-c0.5.settings.txt, results/braga/119/sim119-b1-c0.5.nex
    wildcards: seed=119, beta=1, clock=0.5
    resources: tmpdir=/var/folders/81/_4qkc5w17kd767vqrndc8k440000gp/T
[Sun Sep 14 11:20:00 2025]
localrule braga_simulator:
    output: results/braga/141/sim141-b1-c0.5.nex, results/braga/141/sim141-b1-c0.5.settings.txt
    jobid: 1352
    reason: Missing output files: results/braga/141/sim141-b1-c0.5.nex, results/braga/141/sim141-b1-c0.5.settings.txt
    wildcards: seed=141, beta=1, clock=0.5
    resources: tmpdir=/var/folders/81/_4qkc5w17kd767vqrndc8k440000gp/T
[Sun Sep 14 11:20:00 2025]
localrule braga_simulator:
    output: results/braga/141/sim141-b4-c0.1.nex, results/braga/141/sim141-b4-c0.1.settings.txt
    jobid: 1356
    reason: Missing output files: results/braga/141/sim141-b4-c0.1.settings.txt, results/braga/141/sim141-b4-c0.1.nex
    wildcards: seed=141, beta=4, clock=0.1
    resources: tmpdir=/var/folders/81/_4qkc5w17kd767vqrndc8k440000gp/T
[Sun Sep 14 11:20:00 2025]
localrule braga_simulator:
    output: results/braga/75/sim75-b0-c0.1.nex, results/braga/75/sim75-b0-c0.1.settings.txt
    jobid: 1236
    reason: Missing output files: results/braga/75/sim75-b0-c0.1.nex, results/braga/75/sim75-b0-c0.1.settings.txt
    wildcards: seed=75, beta=0, clock=0.1
    resources: tmpdir=/var/folders/81/_4qkc5w17kd767vqrndc8k440000gp/T
[Sun Sep 14 11:20:00 2025]
localrule braga_simulator:
    output: results/braga/31/sim31-b4-c0.1.nex, results/braga/31/sim31-b4-c0.1.settings.txt
    jobid: 1176
    reason: Missing output files: results/braga/31/sim31-b4-c0.1.settings.txt, results/braga/31/sim31-b4-c0.1.nex
    wildcards: seed=31, beta=4, clock=0.1
    resources: tmpdir=/var/folders/81/_4qkc5w17kd767vqrndc8k440000gp/T
[Sun Sep 14 11:20:00 2025]
localrule braga_simulator:
    output: results/braga/108/sim108-b1-c0.1.nex, results/braga/108/sim108-b1-c0.1.settings.txt
    jobid: 1296
    reason: Missing output files: results/braga/108/sim108-b1-c0.1.settings.txt, results/braga/108/sim108-b1-c0.1.nex
    wildcards: seed=108, beta=1, clock=0.1
    resources: tmpdir=/var/folders/81/_4qkc5w17kd767vqrndc8k440000gp/T
[Sun Sep 14 11:20:00 2025]
localrule braga_simulator:
    output: results/braga/53/sim53-b0-c0.5.nex, results/braga/53/sim53-b0-c0.5.settings.txt
    jobid: 1202
    reason: Missing output files: results/braga/53/sim53-b0-c0.5.nex, results/braga/53/sim53-b0-c0.5.settings.txt
    wildcards: seed=53, beta=0, clock=0.5
    resources: tmpdir=/var/folders/81/_4qkc5w17kd767vqrndc8k440000gp/T
[Sun Sep 14 11:20:00 2025]
localrule braga_simulator:
    output: results/braga/119/sim119-b4-c0.5.nex, results/braga/119/sim119-b4-c0.5.settings.txt
    jobid: 1322
    reason: Missing output files: results/braga/119/sim119-b4-c0.5.nex, results/braga/119/sim119-b4-c0.5.settings.txt
    wildcards: seed=119, beta=4, clock=0.5
    resources: tmpdir=/var/folders/81/_4qkc5w17kd767vqrndc8k440000gp/T
[Sun Sep 14 11:20:00 2025]
localrule braga_simulator:
    output: results/braga/9/sim9-b4-c0.5.nex, results/braga/9/sim9-b4-c0.5.settings.txt
    jobid: 1142
    reason: Missing output files: results/braga/9/sim9-b4-c0.5.nex, results/braga/9/sim9-b4-c0.5.settings.txt
    wildcards: seed=9, beta=4, clock=0.5
    resources: tmpdir=/var/folders/81/_4qkc5w17kd767vqrndc8k440000gp/T
[Sun Sep 14 11:20:00 2025]
Finished jobid: 1352 (Rule: braga_simulator)
1 of 271 steps (0.4%) done
Select jobs to execute...
Execute 1 jobs...
[Sun Sep 14 11:20:00 2025]
localrule braga_simulator:
    output: results/braga/86/sim86-b0-c0.5.nex, results/braga/86/sim86-b0-c0.5.settings.txt
    jobid: 1256
    reason: Missing output files: results/braga/86/sim86-b0-c0.5.nex, results/braga/86/sim86-b0-c0.5.settings.txt
    wildcards: seed=86, beta=0, clock=0.5
    resources: tmpdir=/var/folders/81/_4qkc5w17kd767vqrndc8k440000gp/T
[Sun Sep 14 11:20:00 2025]
Finished jobid: 1356 (Rule: braga_simulator)
2 of 271 steps (1%) done
[Sun Sep 14 11:20:00 2025]
Finished jobid: 1236 (Rule: braga_simulator)
3 of 271 steps (1%) done
[Sun Sep 14 11:20:00 2025]
Finished jobid: 1176 (Rule: braga_simulator)
4 of 271 steps (1%) done
[Sun Sep 14 11:20:00 2025]
Finished jobid: 1296 (Rule: braga_simulator)
5 of 271 steps (2%) done
Select jobs to execute...
Execute 4 jobs...
[Sun Sep 14 11:20:01 2025]
localrule braga_simulator:
    output: results/braga/86/sim86-b1-c1.nex, results/braga/86/sim86-b1-c1.settings.txt
    jobid: 1264
    reason: Missing output files: results/braga/86/sim86-b1-c1.nex, results/braga/86/sim86-b1-c1.settings.txt
    wildcards: seed=86, beta=1, clock=1
    resources: tmpdir=/var/folders/81/_4qkc5w17kd767vqrndc8k440000gp/T
[Sun Sep 14 11:20:01 2025]
localrule braga_simulator:
    output: results/braga/152/sim152-b4-c0.5.nex, results/braga/152/sim152-b4-c0.5.settings.txt
    jobid: 1376
    reason: Missing output files: results/braga/152/sim152-b4-c0.5.nex, results/braga/152/sim152-b4-c0.5.settings.txt
    wildcards: seed=152, beta=4, clock=0.5
    resources: tmpdir=/var/folders/81/_4qkc5w17kd767vqrndc8k440000gp/T
[Sun Sep 14 11:20:01 2025]
localrule braga_simulator:
    output: results/braga/86/sim86-b0-c1.nex, results/braga/86/sim86-b0-c1.settings.txt
    jobid: 1258
    reason: Missing output files: results/braga/86/sim86-b0-c1.nex, results/braga/86/sim86-b0-c1.settings.txt
    wildcards: seed=86, beta=0, clock=1
    resources: tmpdir=/var/folders/81/_4qkc5w17kd767vqrndc8k440000gp/T
[Sun Sep 14 11:20:01 2025]
localrule braga_simulator:
    output: results/braga/86/sim86-b1-c0.5.nex, results/braga/86/sim86-b1-c0.5.settings.txt
    jobid: 1262
    reason: Missing output files: results/braga/86/sim86-b1-c0.5.settings.txt, results/braga/86/sim86-b1-c0.5.nex
    wildcards: seed=86, beta=1, clock=0.5
    resources: tmpdir=/var/folders/81/_4qkc5w17kd767vqrndc8k440000gp/T
[Sun Sep 14 11:20:01 2025]
Finished jobid: 1316 (Rule: braga_simulator)
6 of 271 steps (2%) done
[Sun Sep 14 11:20:01 2025]
Finished jobid: 1384 (Rule: braga_simulator)
7 of 271 steps (3%) done
[Sun Sep 14 11:20:01 2025]
Finished jobid: 1142 (Rule: braga_simulator)
8 of 271 steps (3%) done
[Sun Sep 14 11:20:01 2025]
Finished jobid: 1322 (Rule: braga_simulator)
9 of 271 steps (3%) done
[Sun Sep 14 11:20:01 2025]
Finished jobid: 1202 (Rule: braga_simulator)
10 of 271 steps (4%) done
Select jobs to execute...
Execute 5 jobs...
[Sun Sep 14 11:20:01 2025]
localrule braga_simulator:
    output: results/braga/53/sim53-b0-c1.nex, results/braga/53/sim53-b0-c1.settings.txt
    jobid: 1204
    reason: Missing output files: results/braga/53/sim53-b0-c1.settings.txt, results/braga/53/sim53-b0-c1.nex
    wildcards: seed=53, beta=0, clock=1
    resources: tmpdir=/var/folders/81/_4qkc5w17kd767vqrndc8k440000gp/T
[Sun Sep 14 11:20:01 2025]
localrule braga_simulator:
    output: results/braga/97/sim97-b1-c1.nex, results/braga/97/sim97-b1-c1.settings.txt
    jobid: 1282
    reason: Missing output files: results/braga/97/sim97-b1-c1.nex, results/braga/97/sim97-b1-c1.settings.txt
    wildcards: seed=97, beta=1, clock=1
    resources: tmpdir=/var/folders/81/_4qkc5w17kd767vqrndc8k440000gp/T
[Sun Sep 14 11:20:01 2025]
localrule braga_simulator:
    output: results/braga/97/sim97-b4-c0.1.nex, results/braga/97/sim97-b4-c0.1.settings.txt
    jobid: 1284
    reason: Missing output files: results/braga/97/sim97-b4-c0.1.nex, results/braga/97/sim97-b4-c0.1.settings.txt
    wildcards: seed=97, beta=4, clock=0.1
    resources: tmpdir=/var/folders/81/_4qkc5w17kd767vqrndc8k440000gp/T
[Sun Sep 14 11:20:01 2025]
localrule braga_simulator:
    output: results/braga/31/sim31-b0-c1.nex, results/braga/31/sim31-b0-c1.settings.txt
    jobid: 1168
    reason: Missing output files: results/braga/31/sim31-b0-c1.nex, results/braga/31/sim31-b0-c1.settings.txt
    wildcards: seed=31, beta=0, clock=1
    resources: tmpdir=/var/folders/81/_4qkc5w17kd767vqrndc8k440000gp/T
[Sun Sep 14 11:20:01 2025]
localrule braga_simulator:
    output: results/braga/97/sim97-b4-c1.nex, results/braga/97/sim97-b4-c1.settings.txt
    jobid: 1288
    reason: Missing output files: results/braga/97/sim97-b4-c1.settings.txt, results/braga/97/sim97-b4-c1.nex
    wildcards: seed=97, beta=4, clock=1
    resources: tmpdir=/var/folders/81/_4qkc5w17kd767vqrndc8k440000gp/T
[Sun Sep 14 11:20:01 2025]
Finished jobid: 1256 (Rule: braga_simulator)
11 of 271 steps (4%) done
[Sun Sep 14 11:20:01 2025]
Finished jobid: 1376 (Rule: braga_simulator)
12 of 271 steps (4%) done
Select jobs to execute...
Execute 2 jobs...
[Sun Sep 14 11:20:01 2025]
localrule braga_simulator:
    output: results/braga/9/sim9-b4-c1.nex, results/braga/9/sim9-b4-c1.settings.txt
    jobid: 1144
    reason: Missing output files: results/braga/9/sim9-b4-c1.settings.txt, results/braga/9/sim9-b4-c1.nex
    wildcards: seed=9, beta=4, clock=1
    resources: tmpdir=/var/folders/81/_4qkc5w17kd767vqrndc8k440000gp/T
[Sun Sep 14 11:20:01 2025]
localrule braga_simulator:
    output: results/braga/119/sim119-b4-c1.nex, results/braga/119/sim119-b4-c1.settings.txt
    jobid: 1324
    reason: Missing output files: results/braga/119/sim119-b4-c1.settings.txt, results/braga/119/sim119-b4-c1.nex
    wildcards: seed=119, beta=4, clock=1
    resources: tmpdir=/var/folders/81/_4qkc5w17kd767vqrndc8k440000gp/T
[Sun Sep 14 11:20:01 2025]
Finished jobid: 1264 (Rule: braga_simulator)
13 of 271 steps (5%) done
[Sun Sep 14 11:20:01 2025]
Finished jobid: 1262 (Rule: braga_simulator)
14 of 271 steps (5%) done
[Sun Sep 14 11:20:01 2025]
Finished jobid: 1258 (Rule: braga_simulator)
15 of 271 steps (6%) done
Select jobs to execute...
Execute 3 jobs...
[Sun Sep 14 11:20:01 2025]
localrule braga_simulator:
    output: results/braga/64/sim64-b4-c0.1.nex, results/braga/64/sim64-b4-c0.1.settings.txt
    jobid: 1230
    reason: Missing output files: results/braga/64/sim64-b4-c0.1.nex, results/braga/64/sim64-b4-c0.1.settings.txt
    wildcards: seed=64, beta=4, clock=0.1
    resources: tmpdir=/var/folders/81/_4qkc5w17kd767vqrndc8k440000gp/T
[Sun Sep 14 11:20:01 2025]
localrule braga_simulator:
    output: results/braga/141/sim141-b1-c0.1.nex, results/braga/141/sim141-b1-c0.1.settings.txt
    jobid: 1350
    reason: Missing output files: results/braga/141/sim141-b1-c0.1.nex, results/braga/141/sim141-b1-c0.1.settings.txt
    wildcards: seed=141, beta=1, clock=0.1
    resources: tmpdir=/var/folders/81/_4qkc5w17kd767vqrndc8k440000gp/T
[Sun Sep 14 11:20:01 2025]
localrule braga_simulator:
    output: results/braga/75/sim75-b4-c0.1.nex, results/braga/75/sim75-b4-c0.1.settings.txt
    jobid: 1248
    reason: Missing output files: results/braga/75/sim75-b4-c0.1.nex, results/braga/75/sim75-b4-c0.1.settings.txt
    wildcards: seed=75, beta=4, clock=0.1
    resources: tmpdir=/var/folders/81/_4qkc5w17kd767vqrndc8k440000gp/T
[Sun Sep 14 11:20:01 2025]
Finished jobid: 1284 (Rule: braga_simulator)
16 of 271 steps (6%) done
Select jobs to execute...
Execute 1 jobs...
[Sun Sep 14 11:20:01 2025]
localrule braga_simulator:
    output: results/braga/119/sim119-b0-c0.1.nex, results/braga/119/sim119-b0-c0.1.settings.txt
    jobid: 1308
    reason: Missing output files: results/braga/119/sim119-b0-c0.1.nex, results/braga/119/sim119-b0-c0.1.settings.txt
    wildcards: seed=119, beta=0, clock=0.1
    resources: tmpdir=/var/folders/81/_4qkc5w17kd767vqrndc8k440000gp/T
[Sun Sep 14 11:20:01 2025]
Finished jobid: 1282 (Rule: braga_simulator)
17 of 271 steps (6%) done
Select jobs to execute...
Execute 1 jobs...
[Sun Sep 14 11:20:01 2025]
localrule braga_pipeline:
    input: results/braga/86/sim86-b0-c1.nex, results/braga/86/sim86-b0-c1.settings.txt
    output: results/braga/86/b0_c1/original_matrix.png, results/braga/86/b0_c1/flipped_matrix.png, results/braga/86/b0_c1/metrics.json, results/braga/86/b0_c1/simulate.out, results/braga/86/b0_c1/simulate.err
    jobid: 1257
    reason: Missing output files: results/braga/86/b0_c1/metrics.json; Input files updated by another job: results/braga/86/sim86-b0-c1.nex, results/braga/86/sim86-b0-c1.settings.txt
    wildcards: seed=86, beta=0, clock=1
    resources: tmpdir=/var/folders/81/_4qkc5w17kd767vqrndc8k440000gp/T
[Sun Sep 14 11:20:01 2025]
Finished jobid: 1230 (Rule: braga_simulator)
18 of 271 steps (7%) done
[Sun Sep 14 11:20:01 2025]
Finished jobid: 1204 (Rule: braga_simulator)
19 of 271 steps (7%) done
[Sun Sep 14 11:20:01 2025]
Finished jobid: 1144 (Rule: braga_simulator)
20 of 271 steps (7%) done
[Sun Sep 14 11:20:01 2025]
Finished jobid: 1350 (Rule: braga_simulator)
21 of 271 steps (8%) done
[Sun Sep 14 11:20:01 2025]
Finished jobid: 1288 (Rule: braga_simulator)
22 of 271 steps (8%) done
[Sun Sep 14 11:20:01 2025]
Finished jobid: 1248 (Rule: braga_simulator)
23 of 271 steps (8%) done
Select jobs to execute...
Execute 6 jobs...
[Sun Sep 14 11:20:01 2025]
localrule braga_simulator:
    output: results/braga/108/sim108-b0-c0.1.nex, results/braga/108/sim108-b0-c0.1.settings.txt
    jobid: 1290
    reason: Missing output files: results/braga/108/sim108-b0-c0.1.settings.txt, results/braga/108/sim108-b0-c0.1.nex
    wildcards: seed=108, beta=0, clock=0.1
    resources: tmpdir=/var/folders/81/_4qkc5w17kd767vqrndc8k440000gp/T
[Sun Sep 14 11:20:01 2025]
localrule braga_simulator:
    output: results/braga/20/sim20-b4-c1.nex, results/braga/20/sim20-b4-c1.settings.txt
    jobid: 1162
    reason: Missing output files: results/braga/20/sim20-b4-c1.nex, results/braga/20/sim20-b4-c1.settings.txt
    wildcards: seed=20, beta=4, clock=1
    resources: tmpdir=/var/folders/81/_4qkc5w17kd767vqrndc8k440000gp/T
[Sun Sep 14 11:20:01 2025]
localrule braga_pipeline:
    input: results/braga/75/sim75-b4-c0.1.nex, results/braga/75/sim75-b4-c0.1.settings.txt
    output: results/braga/75/b4_c0.1/original_matrix.png, results/braga/75/b4_c0.1/flipped_matrix.png, results/braga/75/b4_c0.1/metrics.json, results/braga/75/b4_c0.1/simulate.out, results/braga/75/b4_c0.1/simulate.err
    jobid: 1247
    reason: Missing output files: results/braga/75/b4_c0.1/metrics.json; Input files updated by another job: results/braga/75/sim75-b4-c0.1.nex, results/braga/75/sim75-b4-c0.1.settings.txt
    wildcards: seed=75, beta=4, clock=0.1
    resources: tmpdir=/var/folders/81/_4qkc5w17kd767vqrndc8k440000gp/T
[Sun Sep 14 11:20:01 2025]
localrule braga_simulator:
    output: results/braga/163/sim163-b0-c0.5.nex, results/braga/163/sim163-b0-c0.5.settings.txt
    jobid: 1382
    reason: Missing output files: results/braga/163/sim163-b0-c0.5.settings.txt, results/braga/163/sim163-b0-c0.5.nex
    wildcards: seed=163, beta=0, clock=0.5
    resources: tmpdir=/var/folders/81/_4qkc5w17kd767vqrndc8k440000gp/T
[Sun Sep 14 11:20:01 2025]
localrule braga_simulator:
    output: results/braga/64/sim64-b1-c1.nex, results/braga/64/sim64-b1-c1.settings.txt
    jobid: 1228
    reason: Missing output files: results/braga/64/sim64-b1-c1.nex, results/braga/64/sim64-b1-c1.settings.txt
    wildcards: seed=64, beta=1, clock=1
    resources: tmpdir=/var/folders/81/_4qkc5w17kd767vqrndc8k440000gp/T
[Sun Sep 14 11:20:01 2025]
localrule braga_simulator:
    output: results/braga/141/sim141-b0-c1.nex, results/braga/141/sim141-b0-c1.settings.txt
    jobid: 1348
    reason: Missing output files: results/braga/141/sim141-b0-c1.nex, results/braga/141/sim141-b0-c1.settings.txt
    wildcards: seed=141, beta=0, clock=1
    resources: tmpdir=/var/folders/81/_4qkc5w17kd767vqrndc8k440000gp/T
[Sun Sep 14 11:20:01 2025]
Finished jobid: 1168 (Rule: braga_simulator)
24 of 271 steps (9%) done
[Sun Sep 14 11:20:01 2025]
Finished jobid: 1308 (Rule: braga_simulator)
25 of 271 steps (9%) done
Select jobs to execute...
Execute 2 jobs...
[Sun Sep 14 11:20:01 2025]
localrule braga_simulator:
    output: results/braga/31/sim31-b1-c0.1.nex, results/braga/31/sim31-b1-c0.1.settings.txt
    jobid: 1170
    reason: Missing output files: results/braga/31/sim31-b1-c0.1.settings.txt, results/braga/31/sim31-b1-c0.1.nex
    wildcards: seed=31, beta=1, clock=0.1
    resources: tmpdir=/var/folders/81/_4qkc5w17kd767vqrndc8k440000gp/T
[Sun Sep 14 11:20:01 2025]
localrule braga_simulator:
    output: results/braga/42/sim42-b4-c0.5.nex, results/braga/42/sim42-b4-c0.5.settings.txt
    jobid: 1196
    reason: Missing output files: results/braga/42/sim42-b4-c0.5.settings.txt, results/braga/42/sim42-b4-c0.5.nex
    wildcards: seed=42, beta=4, clock=0.5
    resources: tmpdir=/var/folders/81/_4qkc5w17kd767vqrndc8k440000gp/T
[Sun Sep 14 11:20:01 2025]
Finished jobid: 1324 (Rule: braga_simulator)
26 of 271 steps (10%) done
[Sun Sep 14 11:20:01 2025]
Finished jobid: 1290 (Rule: braga_simulator)
27 of 271 steps (10%) done
Select jobs to execute...
Execute 2 jobs...
[Sun Sep 14 11:20:01 2025]
localrule braga_simulator:
    output: results/braga/9/sim9-b1-c0.5.nex, results/braga/9/sim9-b1-c0.5.settings.txt
    jobid: 1136
    reason: Missing output files: results/braga/9/sim9-b1-c0.5.settings.txt, results/braga/9/sim9-b1-c0.5.nex
    wildcards: seed=9, beta=1, clock=0.5
    resources: tmpdir=/var/folders/81/_4qkc5w17kd767vqrndc8k440000gp/T
[Sun Sep 14 11:20:01 2025]
localrule braga_simulator:
    output: results/braga/64/sim64-b0-c1.nex, results/braga/64/sim64-b0-c1.settings.txt
    jobid: 1222
    reason: Missing output files: results/braga/64/sim64-b0-c1.settings.txt, results/braga/64/sim64-b0-c1.nex
    wildcards: seed=64, beta=0, clock=1
    resources: tmpdir=/var/folders/81/_4qkc5w17kd767vqrndc8k440000gp/T
[Sun Sep 14 11:20:01 2025]
Finished jobid: 1382 (Rule: braga_simulator)
28 of 271 steps (10%) done
Select jobs to execute...
Execute 1 jobs...
[Sun Sep 14 11:20:01 2025]
localrule braga_simulator:
    output: results/braga/163/sim163-b4-c0.5.nex, results/braga/163/sim163-b4-c0.5.settings.txt
    jobid: 1394
    reason: Missing output files: results/braga/163/sim163-b4-c0.5.settings.txt, results/braga/163/sim163-b4-c0.5.nex
    wildcards: seed=163, beta=4, clock=0.5
    resources: tmpdir=/var/folders/81/_4qkc5w17kd767vqrndc8k440000gp/T
[Sun Sep 14 11:20:01 2025]
Finished jobid: 1348 (Rule: braga_simulator)
29 of 271 steps (11%) done
[Sun Sep 14 11:20:01 2025]
Finished jobid: 1170 (Rule: braga_simulator)
30 of 271 steps (11%) done
Select jobs to execute...
Execute 2 jobs...
[Sun Sep 14 11:20:01 2025]
localrule braga_simulator:
    output: results/braga/130/sim130-b4-c1.nex, results/braga/130/sim130-b4-c1.settings.txt
    jobid: 1342
    reason: Missing output files: results/braga/130/sim130-b4-c1.settings.txt, results/braga/130/sim130-b4-c1.nex
    wildcards: seed=130, beta=4, clock=1
    resources: tmpdir=/var/folders/81/_4qkc5w17kd767vqrndc8k440000gp/T
[Sun Sep 14 11:20:01 2025]
localrule braga_simulator:
    output: results/braga/152/sim152-b1-c0.1.nex, results/braga/152/sim152-b1-c0.1.settings.txt
    jobid: 1368
    reason: Missing output files: results/braga/152/sim152-b1-c0.1.nex, results/braga/152/sim152-b1-c0.1.settings.txt
    wildcards: seed=152, beta=1, clock=0.1
    resources: tmpdir=/var/folders/81/_4qkc5w17kd767vqrndc8k440000gp/T
[Sun Sep 14 11:20:01 2025]
Finished jobid: 1196 (Rule: braga_simulator)
31 of 271 steps (11%) done
[Sun Sep 14 11:20:01 2025]
Finished jobid: 1228 (Rule: braga_simulator)
32 of 271 steps (12%) done
Select jobs to execute...
Execute 2 jobs...
[Sun Sep 14 11:20:01 2025]
localrule braga_simulator:
    output: results/braga/9/sim9-b0-c0.1.nex, results/braga/9/sim9-b0-c0.1.settings.txt
    jobid: 1128
    reason: Missing output files: results/braga/9/sim9-b0-c0.1.nex, results/braga/9/sim9-b0-c0.1.settings.txt
    wildcards: seed=9, beta=0, clock=0.1
    resources: tmpdir=/var/folders/81/_4qkc5w17kd767vqrndc8k440000gp/T
[Sun Sep 14 11:20:01 2025]
localrule braga_pipeline:
    input: results/braga/31/sim31-b0-c1.nex, results/braga/31/sim31-b0-c1.settings.txt
    output: results/braga/31/b0_c1/original_matrix.png, results/braga/31/b0_c1/flipped_matrix.png, results/braga/31/b0_c1/metrics.json, results/braga/31/b0_c1/simulate.out, results/braga/31/b0_c1/simulate.err
    jobid: 1167
    reason: Missing output files: results/braga/31/b0_c1/metrics.json; Input files updated by another job: results/braga/31/sim31-b0-c1.nex, results/braga/31/sim31-b0-c1.settings.txt
    wildcards: seed=31, beta=0, clock=1
    resources: tmpdir=/var/folders/81/_4qkc5w17kd767vqrndc8k440000gp/T
[Sun Sep 14 11:20:01 2025]
Finished jobid: 1162 (Rule: braga_simulator)
33 of 271 steps (12%) done
[Sun Sep 14 11:20:01 2025]
Finished jobid: 1136 (Rule: braga_simulator)
34 of 271 steps (13%) done
[Sun Sep 14 11:20:01 2025]
Finished jobid: 1368 (Rule: braga_simulator)
35 of 271 steps (13%) done
Select jobs to execute...
Execute 3 jobs...
[Sun Sep 14 11:20:01 2025]
localrule braga_pipeline:
    input: results/braga/152/sim152-b1-c0.1.nex, results/braga/152/sim152-b1-c0.1.settings.txt
    output: results/braga/152/b1_c0.1/original_matrix.png, results/braga/152/b1_c0.1/flipped_matrix.png, results/braga/152/b1_c0.1/metrics.json, results/braga/152/b1_c0.1/simulate.out, results/braga/152/b1_c0.1/simulate.err
    jobid: 1367
    reason: Missing output files: results/braga/152/b1_c0.1/metrics.json; Input files updated by another job: results/braga/152/sim152-b1-c0.1.nex, results/braga/152/sim152-b1-c0.1.settings.txt
    wildcards: seed=152, beta=1, clock=0.1
    resources: tmpdir=/var/folders/81/_4qkc5w17kd767vqrndc8k440000gp/T
[Sun Sep 14 11:20:01 2025]
localrule braga_simulator:
    output: results/braga/42/sim42-b1-c0.1.nex, results/braga/42/sim42-b1-c0.1.settings.txt
    jobid: 1188
    reason: Missing output files: results/braga/42/sim42-b1-c0.1.nex, results/braga/42/sim42-b1-c0.1.settings.txt
    wildcards: seed=42, beta=1, clock=0.1
    resources: tmpdir=/var/folders/81/_4qkc5w17kd767vqrndc8k440000gp/T
[Sun Sep 14 11:20:01 2025]
localrule braga_simulator:
    output: results/braga/31/sim31-b4-c1.nex, results/braga/31/sim31-b4-c1.settings.txt
    jobid: 1180
    reason: Missing output files: results/braga/31/sim31-b4-c1.settings.txt, results/braga/31/sim31-b4-c1.nex
    wildcards: seed=31, beta=4, clock=1
    resources: tmpdir=/var/folders/81/_4qkc5w17kd767vqrndc8k440000gp/T
[Sun Sep 14 11:20:01 2025]
Finished jobid: 1394 (Rule: braga_simulator)
36 of 271 steps (13%) done
[Sun Sep 14 11:20:01 2025]
Finished jobid: 1222 (Rule: braga_simulator)
37 of 271 steps (14%) done
[Sun Sep 14 11:20:01 2025]
Finished jobid: 1342 (Rule: braga_simulator)
38 of 271 steps (14%) done
[Sun Sep 14 11:20:01 2025]
Finished jobid: 1128 (Rule: braga_simulator)
39 of 271 steps (14%) done
Select jobs to execute...
Execute 4 jobs...
[Sun Sep 14 11:20:01 2025]
localrule braga_pipeline:
    input: results/braga/97/sim97-b4-c1.nex, results/braga/97/sim97-b4-c1.settings.txt
    output: results/braga/97/b4_c1/original_matrix.png, results/braga/97/b4_c1/flipped_matrix.png, results/braga/97/b4_c1/metrics.json, results/braga/97/b4_c1/simulate.out, results/braga/97/b4_c1/simulate.err
    jobid: 1287
    reason: Missing output files: results/braga/97/b4_c1/metrics.json; Input files updated by another job: results/braga/97/sim97-b4-c1.settings.txt, results/braga/97/sim97-b4-c1.nex
    wildcards: seed=97, beta=4, clock=1
    resources: tmpdir=/var/folders/81/_4qkc5w17kd767vqrndc8k440000gp/T
[Sun Sep 14 11:20:01 2025]
localrule braga_simulator:
    output: results/braga/75/sim75-b0-c1.nex, results/braga/75/sim75-b0-c1.settings.txt
    jobid: 1240
    reason: Missing output files: results/braga/75/sim75-b0-c1.settings.txt, results/braga/75/sim75-b0-c1.nex
    wildcards: seed=75, beta=0, clock=1
    resources: tmpdir=/var/folders/81/_4qkc5w17kd767vqrndc8k440000gp/T
[Sun Sep 14 11:20:01 2025]
localrule braga_simulator:
    output: results/braga/53/sim53-b4-c1.nex, results/braga/53/sim53-b4-c1.settings.txt
    jobid: 1216
    reason: Missing output files: results/braga/53/sim53-b4-c1.nex, results/braga/53/sim53-b4-c1.settings.txt
    wildcards: seed=53, beta=4, clock=1
    resources: tmpdir=/var/folders/81/_4qkc5w17kd767vqrndc8k440000gp/T
[Sun Sep 14 11:20:01 2025]
localrule braga_simulator:
    output: results/braga/42/sim42-b4-c0.1.nex, results/braga/42/sim42-b4-c0.1.settings.txt
    jobid: 1194
    reason: Missing output files: results/braga/42/sim42-b4-c0.1.settings.txt, results/braga/42/sim42-b4-c0.1.nex
    wildcards: seed=42, beta=4, clock=0.1
    resources: tmpdir=/var/folders/81/_4qkc5w17kd767vqrndc8k440000gp/T
[Sun Sep 14 11:20:01 2025]
Finished jobid: 1188 (Rule: braga_simulator)
40 of 271 steps (15%) done
Select jobs to execute...
Execute 1 jobs...
[Sun Sep 14 11:20:01 2025]
localrule braga_simulator:
    output: results/braga/141/sim141-b4-c1.nex, results/braga/141/sim141-b4-c1.settings.txt
    jobid: 1360
    reason: Missing output files: results/braga/141/sim141-b4-c1.nex, results/braga/141/sim141-b4-c1.settings.txt
    wildcards: seed=141, beta=4, clock=1
    resources: tmpdir=/var/folders/81/_4qkc5w17kd767vqrndc8k440000gp/T
Select jobs to execute...
[Sun Sep 14 11:20:01 2025]
Finished jobid: 1240 (Rule: braga_simulator)
41 of 271 steps (15%) done
Execute 1 jobs...
[Sun Sep 14 11:20:02 2025]
localrule braga_simulator:
    output: results/braga/163/sim163-b1-c0.1.nex, results/braga/163/sim163-b1-c0.1.settings.txt
    jobid: 1386
    reason: Missing output files: results/braga/163/sim163-b1-c0.1.nex, results/braga/163/sim163-b1-c0.1.settings.txt
    wildcards: seed=163, beta=1, clock=0.1
    resources: tmpdir=/var/folders/81/_4qkc5w17kd767vqrndc8k440000gp/T
[Sun Sep 14 11:20:02 2025]
Finished jobid: 1194 (Rule: braga_simulator)
42 of 271 steps (15%) done
[Sun Sep 14 11:20:02 2025]
Finished jobid: 1180 (Rule: braga_simulator)
43 of 271 steps (16%) done
Select jobs to execute...
Execute 2 jobs...
[Sun Sep 14 11:20:02 2025]
localrule braga_pipeline:
    input: results/braga/9/sim9-b0-c0.1.nex, results/braga/9/sim9-b0-c0.1.settings.txt
    output: results/braga/9/b0_c0.1/original_matrix.png, results/braga/9/b0_c0.1/flipped_matrix.png, results/braga/9/b0_c0.1/metrics.json, results/braga/9/b0_c0.1/simulate.out, results/braga/9/b0_c0.1/simulate.err
    jobid: 1127
    reason: Missing output files: results/braga/9/b0_c0.1/metrics.json; Input files updated by another job: results/braga/9/sim9-b0-c0.1.nex, results/braga/9/sim9-b0-c0.1.settings.txt
    wildcards: seed=9, beta=0, clock=0.1
    resources: tmpdir=/var/folders/81/_4qkc5w17kd767vqrndc8k440000gp/T
[Sun Sep 14 11:20:02 2025]
localrule braga_pipeline:
    input: results/braga/119/sim119-b0-c0.1.nex, results/braga/119/sim119-b0-c0.1.settings.txt
    output: results/braga/119/b0_c0.1/original_matrix.png, results/braga/119/b0_c0.1/flipped_matrix.png, results/braga/119/b0_c0.1/metrics.json, results/braga/119/b0_c0.1/simulate.out, results/braga/119/b0_c0.1/simulate.err
    jobid: 1307
    reason: Missing output files: results/braga/119/b0_c0.1/metrics.json; Input files updated by another job: results/braga/119/sim119-b0-c0.1.settings.txt, results/braga/119/sim119-b0-c0.1.nex
    wildcards: seed=119, beta=0, clock=0.1
    resources: tmpdir=/var/folders/81/_4qkc5w17kd767vqrndc8k440000gp/T
Select jobs to execute...
[Sun Sep 14 11:20:02 2025]
Finished jobid: 1386 (Rule: braga_simulator)
44 of 271 steps (16%) done
Execute 1 jobs...
[Sun Sep 14 11:20:02 2025]
localrule braga_simulator:
    output: results/braga/130/sim130-b0-c0.1.nex, results/braga/130/sim130-b0-c0.1.settings.txt
    jobid: 1326
    reason: Missing output files: results/braga/130/sim130-b0-c0.1.nex, results/braga/130/sim130-b0-c0.1.settings.txt
    wildcards: seed=130, beta=0, clock=0.1
    resources: tmpdir=/var/folders/81/_4qkc5w17kd767vqrndc8k440000gp/T
[Sun Sep 14 11:20:02 2025]
Finished jobid: 1216 (Rule: braga_simulator)
45 of 271 steps (17%) done
Select jobs to execute...
Execute 1 jobs...
[Sun Sep 14 11:20:02 2025]
localrule braga_simulator:
    output: results/braga/53/sim53-b1-c0.1.nex, results/braga/53/sim53-b1-c0.1.settings.txt
    jobid: 1206
    reason: Missing output files: results/braga/53/sim53-b1-c0.1.nex, results/braga/53/sim53-b1-c0.1.settings.txt
    wildcards: seed=53, beta=1, clock=0.1
    resources: tmpdir=/var/folders/81/_4qkc5w17kd767vqrndc8k440000gp/T
[Sun Sep 14 11:20:02 2025]
Finished jobid: 1360 (Rule: braga_simulator)
46 of 271 steps (17%) done
Select jobs to execute...
Execute 1 jobs...
[Sun Sep 14 11:20:02 2025]
localrule braga_simulator:
    output: results/braga/64/sim64-b4-c0.5.nex, results/braga/64/sim64-b4-c0.5.settings.txt
    jobid: 1232
    reason: Missing output files: results/braga/64/sim64-b4-c0.5.nex, results/braga/64/sim64-b4-c0.5.settings.txt
    wildcards: seed=64, beta=4, clock=0.5
    resources: tmpdir=/var/folders/81/_4qkc5w17kd767vqrndc8k440000gp/T
[Sun Sep 14 11:20:02 2025]
Finished jobid: 1326 (Rule: braga_simulator)
47 of 271 steps (17%) done
Select jobs to execute...
Execute 1 jobs...
[Sun Sep 14 11:20:02 2025]
localrule braga_simulator:
    output: results/braga/31/sim31-b1-c0.5.nex, results/braga/31/sim31-b1-c0.5.settings.txt
    jobid: 1172
    reason: Missing output files: results/braga/31/sim31-b1-c0.5.nex, results/braga/31/sim31-b1-c0.5.settings.txt
    wildcards: seed=31, beta=1, clock=0.5
    resources: tmpdir=/var/folders/81/_4qkc5w17kd767vqrndc8k440000gp/T
[Sun Sep 14 11:20:02 2025]
Finished jobid: 1206 (Rule: braga_simulator)
48 of 271 steps (18%) done
Select jobs to execute...
Execute 1 jobs...
[Sun Sep 14 11:20:02 2025]
localrule braga_simulator:
    output: results/braga/108/sim108-b0-c0.5.nex, results/braga/108/sim108-b0-c0.5.settings.txt
    jobid: 1292
    reason: Missing output files: results/braga/108/sim108-b0-c0.5.nex, results/braga/108/sim108-b0-c0.5.settings.txt
    wildcards: seed=108, beta=0, clock=0.5
    resources: tmpdir=/var/folders/81/_4qkc5w17kd767vqrndc8k440000gp/T
Select jobs to execute...
[Sun Sep 14 11:20:02 2025]
Finished jobid: 1232 (Rule: braga_simulator)
49 of 271 steps (18%) done
Execute 1 jobs...
[Sun Sep 14 11:20:02 2025]
localrule braga_pipeline:
    input: results/braga/86/sim86-b1-c0.5.nex, results/braga/86/sim86-b1-c0.5.settings.txt
    output: results/braga/86/b1_c0.5/original_matrix.png, results/braga/86/b1_c0.5/flipped_matrix.png, results/braga/86/b1_c0.5/metrics.json, results/braga/86/b1_c0.5/simulate.out, results/braga/86/b1_c0.5/simulate.err
    jobid: 1261
    reason: Missing output files: results/braga/86/b1_c0.5/metrics.json; Input files updated by another job: results/braga/86/sim86-b1-c0.5.settings.txt, results/braga/86/sim86-b1-c0.5.nex
    wildcards: seed=86, beta=1, clock=0.5
    resources: tmpdir=/var/folders/81/_4qkc5w17kd767vqrndc8k440000gp/T
Select jobs to execute...
[Sun Sep 14 11:20:02 2025]
Finished jobid: 1292 (Rule: braga_simulator)
50 of 271 steps (18%) done
Execute 1 jobs...
[Sun Sep 14 11:20:02 2025]
localrule braga_simulator:
    output: results/braga/119/sim119-b1-c1.nex, results/braga/119/sim119-b1-c1.settings.txt
    jobid: 1318
    reason: Missing output files: results/braga/119/sim119-b1-c1.settings.txt, results/braga/119/sim119-b1-c1.nex
    wildcards: seed=119, beta=1, clock=1
    resources: tmpdir=/var/folders/81/_4qkc5w17kd767vqrndc8k440000gp/T
[Sun Sep 14 11:20:02 2025]
Finished jobid: 1172 (Rule: braga_simulator)
51 of 271 steps (19%) done
Select jobs to execute...
Execute 1 jobs...
[Sun Sep 14 11:20:02 2025]
localrule braga_simulator:
    output: results/braga/42/sim42-b4-c1.nex, results/braga/42/sim42-b4-c1.settings.txt
    jobid: 1198
    reason: Missing output files: results/braga/42/sim42-b4-c1.settings.txt, results/braga/42/sim42-b4-c1.nex
    wildcards: seed=42, beta=4, clock=1
    resources: tmpdir=/var/folders/81/_4qkc5w17kd767vqrndc8k440000gp/T
Select jobs to execute...
[Sun Sep 14 11:20:02 2025]
Finished jobid: 1198 (Rule: braga_simulator)
52 of 271 steps (19%) done
Execute 1 jobs...
[Sun Sep 14 11:20:02 2025]
localrule braga_simulator:
    output: results/braga/86/sim86-b4-c0.1.nex, results/braga/86/sim86-b4-c0.1.settings.txt
    jobid: 1266
    reason: Missing output files: results/braga/86/sim86-b4-c0.1.nex, results/braga/86/sim86-b4-c0.1.settings.txt
    wildcards: seed=86, beta=4, clock=0.1
    resources: tmpdir=/var/folders/81/_4qkc5w17kd767vqrndc8k440000gp/T
Select jobs to execute...
[Sun Sep 14 11:20:02 2025]
Finished jobid: 1318 (Rule: braga_simulator)
53 of 271 steps (20%) done
Execute 1 jobs...
[Sun Sep 14 11:20:02 2025]
localrule braga_simulator:
    output: results/braga/20/sim20-b0-c0.1.nex, results/braga/20/sim20-b0-c0.1.settings.txt
    jobid: 1146
    reason: Missing output files: results/braga/20/sim20-b0-c0.1.nex, results/braga/20/sim20-b0-c0.1.settings.txt
    wildcards: seed=20, beta=0, clock=0.1
    resources: tmpdir=/var/folders/81/_4qkc5w17kd767vqrndc8k440000gp/T
[Sun Sep 14 11:20:02 2025]
Finished jobid: 1266 (Rule: braga_simulator)
54 of 271 steps (20%) done
Select jobs to execute...
Execute 1 jobs...
[Sun Sep 14 11:20:03 2025]
localrule braga_simulator:
    output: results/braga/152/sim152-b4-c1.nex, results/braga/152/sim152-b4-c1.settings.txt
    jobid: 1378
    reason: Missing output files: results/braga/152/sim152-b4-c1.nex, results/braga/152/sim152-b4-c1.settings.txt
    wildcards: seed=152, beta=4, clock=1
    resources: tmpdir=/var/folders/81/_4qkc5w17kd767vqrndc8k440000gp/T
Select jobs to execute...
[Sun Sep 14 11:20:03 2025]
Finished jobid: 1146 (Rule: braga_simulator)
55 of 271 steps (20%) done
Execute 1 jobs...
[Sun Sep 14 11:20:03 2025]
localrule braga_simulator:
    output: results/braga/9/sim9-b1-c1.nex, results/braga/9/sim9-b1-c1.settings.txt
    jobid: 1138
    reason: Missing output files: results/braga/9/sim9-b1-c1.nex, results/braga/9/sim9-b1-c1.settings.txt
    wildcards: seed=9, beta=1, clock=1
    resources: tmpdir=/var/folders/81/_4qkc5w17kd767vqrndc8k440000gp/T
Select jobs to execute...
[Sun Sep 14 11:20:03 2025]
Finished jobid: 1378 (Rule: braga_simulator)
56 of 271 steps (21%) done
Execute 1 jobs...
[Sun Sep 14 11:20:03 2025]
localrule braga_simulator:
    output: results/braga/108/sim108-b1-c1.nex, results/braga/108/sim108-b1-c1.settings.txt
    jobid: 1300
    reason: Missing output files: results/braga/108/sim108-b1-c1.settings.txt, results/braga/108/sim108-b1-c1.nex
    wildcards: seed=108, beta=1, clock=1
    resources: tmpdir=/var/folders/81/_4qkc5w17kd767vqrndc8k440000gp/T
[Sun Sep 14 11:20:03 2025]
Finished jobid: 1138 (Rule: braga_simulator)
57 of 271 steps (21%) done
Select jobs to execute...
Execute 1 jobs...
[Sun Sep 14 11:20:03 2025]
localrule braga_simulator:
    output: results/braga/20/sim20-b1-c0.5.nex, results/braga/20/sim20-b1-c0.5.settings.txt
    jobid: 1154
    reason: Missing output files: results/braga/20/sim20-b1-c0.5.settings.txt, results/braga/20/sim20-b1-c0.5.nex
    wildcards: seed=20, beta=1, clock=0.5
    resources: tmpdir=/var/folders/81/_4qkc5w17kd767vqrndc8k440000gp/T
Select jobs to execute...
[Sun Sep 14 11:20:03 2025]
Finished jobid: 1300 (Rule: braga_simulator)
58 of 271 steps (21%) done
Execute 1 jobs...
[Sun Sep 14 11:20:03 2025]
localrule braga_simulator:
    output: results/braga/31/sim31-b0-c0.1.nex, results/braga/31/sim31-b0-c0.1.settings.txt
    jobid: 1164
    reason: Missing output files: results/braga/31/sim31-b0-c0.1.nex, results/braga/31/sim31-b0-c0.1.settings.txt
    wildcards: seed=31, beta=0, clock=0.1
    resources: tmpdir=/var/folders/81/_4qkc5w17kd767vqrndc8k440000gp/T
Select jobs to execute...
[Sun Sep 14 11:20:03 2025]
Finished jobid: 1154 (Rule: braga_simulator)
59 of 271 steps (22%) done
Execute 1 jobs...
[Sun Sep 14 11:20:03 2025]
localrule braga_pipeline:
    input: results/braga/20/sim20-b1-c0.5.nex, results/braga/20/sim20-b1-c0.5.settings.txt
    output: results/braga/20/b1_c0.5/original_matrix.png, results/braga/20/b1_c0.5/flipped_matrix.png, results/braga/20/b1_c0.5/metrics.json, results/braga/20/b1_c0.5/simulate.out, results/braga/20/b1_c0.5/simulate.err
    jobid: 1153
    reason: Missing output files: results/braga/20/b1_c0.5/metrics.json; Input files updated by another job: results/braga/20/sim20-b1-c0.5.settings.txt, results/braga/20/sim20-b1-c0.5.nex
    wildcards: seed=20, beta=1, clock=0.5
    resources: tmpdir=/var/folders/81/_4qkc5w17kd767vqrndc8k440000gp/T
[Sun Sep 14 11:20:03 2025]
Finished jobid: 1164 (Rule: braga_simulator)
60 of 271 steps (22%) done
Select jobs to execute...
Execute 1 jobs...
[Sun Sep 14 11:20:03 2025]
localrule braga_pipeline:
    input: results/braga/31/sim31-b0-c0.1.nex, results/braga/31/sim31-b0-c0.1.settings.txt
    output: results/braga/31/b0_c0.1/original_matrix.png, results/braga/31/b0_c0.1/flipped_matrix.png, results/braga/31/b0_c0.1/metrics.json, results/braga/31/b0_c0.1/simulate.out, results/braga/31/b0_c0.1/simulate.err
    jobid: 1163
    reason: Missing output files: results/braga/31/b0_c0.1/metrics.json; Input files updated by another job: results/braga/31/sim31-b0-c0.1.nex, results/braga/31/sim31-b0-c0.1.settings.txt
    wildcards: seed=31, beta=0, clock=0.1
    resources: tmpdir=/var/folders/81/_4qkc5w17kd767vqrndc8k440000gp/T
Select jobs to execute...
[Sun Sep 14 11:20:09 2025]
Finished jobid: 1257 (Rule: braga_pipeline)
61 of 271 steps (23%) done
Execute 1 jobs...
[Sun Sep 14 11:20:09 2025]
localrule braga_pipeline:
    input: results/braga/86/sim86-b1-c1.nex, results/braga/86/sim86-b1-c1.settings.txt
    output: results/braga/86/b1_c1/original_matrix.png, results/braga/86/b1_c1/flipped_matrix.png, results/braga/86/b1_c1/metrics.json, results/braga/86/b1_c1/simulate.out, results/braga/86/b1_c1/simulate.err
    jobid: 1263
    reason: Missing output files: results/braga/86/b1_c1/metrics.json; Input files updated by another job: results/braga/86/sim86-b1-c1.settings.txt, results/braga/86/sim86-b1-c1.nex
    wildcards: seed=86, beta=1, clock=1
    resources: tmpdir=/var/folders/81/_4qkc5w17kd767vqrndc8k440000gp/T
Select jobs to execute...
[Sun Sep 14 11:20:10 2025]
Finished jobid: 1287 (Rule: braga_pipeline)
62 of 271 steps (23%) done
Execute 1 jobs...
[Sun Sep 14 11:20:10 2025]
localrule braga_pipeline:
    input: results/braga/163/sim163-b0-c1.nex, results/braga/163/sim163-b0-c1.settings.txt
    output: results/braga/163/b0_c1/original_matrix.png, results/braga/163/b0_c1/flipped_matrix.png, results/braga/163/b0_c1/metrics.json, results/braga/163/b0_c1/simulate.out, results/braga/163/b0_c1/simulate.err
    jobid: 1383
    reason: Missing output files: results/braga/163/b0_c1/metrics.json; Input files updated by another job: results/braga/163/sim163-b0-c1.settings.txt, results/braga/163/sim163-b0-c1.nex
    wildcards: seed=163, beta=0, clock=1
    resources: tmpdir=/var/folders/81/_4qkc5w17kd767vqrndc8k440000gp/T
Select jobs to execute...
[Sun Sep 14 11:20:11 2025]
Finished jobid: 1367 (Rule: braga_pipeline)
63 of 271 steps (23%) done
Execute 1 jobs...
[Sun Sep 14 11:20:11 2025]
localrule braga_pipeline:
    input: results/braga/97/sim97-b4-c0.1.nex, results/braga/97/sim97-b4-c0.1.settings.txt
    output: results/braga/97/b4_c0.1/original_matrix.png, results/braga/97/b4_c0.1/flipped_matrix.png, results/braga/97/b4_c0.1/metrics.json, results/braga/97/b4_c0.1/simulate.out, results/braga/97/b4_c0.1/simulate.err
    jobid: 1283
    reason: Missing output files: results/braga/97/b4_c0.1/metrics.json; Input files updated by another job: results/braga/97/sim97-b4-c0.1.nex, results/braga/97/sim97-b4-c0.1.settings.txt
    wildcards: seed=97, beta=4, clock=0.1
    resources: tmpdir=/var/folders/81/_4qkc5w17kd767vqrndc8k440000gp/T
Select jobs to execute...
[Sun Sep 14 11:20:12 2025]
Finished jobid: 1261 (Rule: braga_pipeline)
64 of 271 steps (24%) done
Execute 1 jobs...
[Sun Sep 14 11:20:12 2025]
localrule braga_pipeline:
    input: results/braga/53/sim53-b0-c1.nex, results/braga/53/sim53-b0-c1.settings.txt
    output: results/braga/53/b0_c1/original_matrix.png, results/braga/53/b0_c1/flipped_matrix.png, results/braga/53/b0_c1/metrics.json, results/braga/53/b0_c1/simulate.out, results/braga/53/b0_c1/simulate.err
    jobid: 1203
    reason: Missing output files: results/braga/53/b0_c1/metrics.json; Input files updated by another job: results/braga/53/sim53-b0-c1.settings.txt, results/braga/53/sim53-b0-c1.nex
    wildcards: seed=53, beta=0, clock=1
    resources: tmpdir=/var/folders/81/_4qkc5w17kd767vqrndc8k440000gp/T
Select jobs to execute...
[Sun Sep 14 11:20:13 2025]
Finished jobid: 1127 (Rule: braga_pipeline)
65 of 271 steps (24%) done
Execute 1 jobs...
[Sun Sep 14 11:20:13 2025]
localrule braga_pipeline:
    input: results/braga/9/sim9-b4-c1.nex, results/braga/9/sim9-b4-c1.settings.txt
    output: results/braga/9/b4_c1/original_matrix.png, results/braga/9/b4_c1/flipped_matrix.png, results/braga/9/b4_c1/metrics.json, results/braga/9/b4_c1/simulate.out, results/braga/9/b4_c1/simulate.err
    jobid: 1143
    reason: Missing output files: results/braga/9/b4_c1/metrics.json; Input files updated by another job: results/braga/9/sim9-b4-c1.settings.txt, results/braga/9/sim9-b4-c1.nex
    wildcards: seed=9, beta=4, clock=1
    resources: tmpdir=/var/folders/81/_4qkc5w17kd767vqrndc8k440000gp/T
Select jobs to execute...
[Sun Sep 14 11:20:13 2025]
Finished jobid: 1247 (Rule: braga_pipeline)
66 of 271 steps (24%) done
Execute 1 jobs...
[Sun Sep 14 11:20:13 2025]
localrule braga_pipeline:
    input: results/braga/119/sim119-b4-c1.nex, results/braga/119/sim119-b4-c1.settings.txt
    output: results/braga/119/b4_c1/original_matrix.png, results/braga/119/b4_c1/flipped_matrix.png, results/braga/119/b4_c1/metrics.json, results/braga/119/b4_c1/simulate.out, results/braga/119/b4_c1/simulate.err
    jobid: 1323
    reason: Missing output files: results/braga/119/b4_c1/metrics.json; Input files updated by another job: results/braga/119/sim119-b4-c1.settings.txt, results/braga/119/sim119-b4-c1.nex
    wildcards: seed=119, beta=4, clock=1
    resources: tmpdir=/var/folders/81/_4qkc5w17kd767vqrndc8k440000gp/T
Select jobs to execute...
[Sun Sep 14 11:20:13 2025]
Finished jobid: 1167 (Rule: braga_pipeline)
67 of 271 steps (25%) done
Execute 1 jobs...
[Sun Sep 14 11:20:13 2025]
localrule braga_pipeline:
    input: results/braga/163/sim163-b4-c0.5.nex, results/braga/163/sim163-b4-c0.5.settings.txt
    output: results/braga/163/b4_c0.5/original_matrix.png, results/braga/163/b4_c0.5/flipped_matrix.png, results/braga/163/b4_c0.5/metrics.json, results/braga/163/b4_c0.5/simulate.out, results/braga/163/b4_c0.5/simulate.err
    jobid: 1393
    reason: Missing output files: results/braga/163/b4_c0.5/metrics.json; Input files updated by another job: results/braga/163/sim163-b4-c0.5.settings.txt, results/braga/163/sim163-b4-c0.5.nex
    wildcards: seed=163, beta=4, clock=0.5
    resources: tmpdir=/var/folders/81/_4qkc5w17kd767vqrndc8k440000gp/T
Select jobs to execute...
[Sun Sep 14 11:20:13 2025]
Finished jobid: 1153 (Rule: braga_pipeline)
68 of 271 steps (25%) done
Execute 1 jobs...
[Sun Sep 14 11:20:13 2025]
localrule braga_pipeline:
    input: results/braga/42/sim42-b4-c0.1.nex, results/braga/42/sim42-b4-c0.1.settings.txt
    output: results/braga/42/b4_c0.1/original_matrix.png, results/braga/42/b4_c0.1/flipped_matrix.png, results/braga/42/b4_c0.1/metrics.json, results/braga/42/b4_c0.1/simulate.out, results/braga/42/b4_c0.1/simulate.err
    jobid: 1193
    reason: Missing output files: results/braga/42/b4_c0.1/metrics.json; Input files updated by another job: results/braga/42/sim42-b4-c0.1.settings.txt, results/braga/42/sim42-b4-c0.1.nex
    wildcards: seed=42, beta=4, clock=0.1
    resources: tmpdir=/var/folders/81/_4qkc5w17kd767vqrndc8k440000gp/T
Select jobs to execute...
[Sun Sep 14 11:20:14 2025]
Finished jobid: 1307 (Rule: braga_pipeline)
69 of 271 steps (25%) done
Execute 1 jobs...
[Sun Sep 14 11:20:14 2025]
localrule braga_simulator:
    output: results/braga/141/sim141-b0-c0.1.nex, results/braga/141/sim141-b0-c0.1.settings.txt
    jobid: 1344
    reason: Missing output files: results/braga/141/sim141-b0-c0.1.settings.txt, results/braga/141/sim141-b0-c0.1.nex
    wildcards: seed=141, beta=0, clock=0.1
    resources: tmpdir=/var/folders/81/_4qkc5w17kd767vqrndc8k440000gp/T
Select jobs to execute...
[Sun Sep 14 11:20:14 2025]
Finished jobid: 1344 (Rule: braga_simulator)
70 of 271 steps (26%) done
Execute 1 jobs...
[Sun Sep 14 11:20:14 2025]
localrule braga_pipeline:
    input: results/braga/141/sim141-b0-c0.1.nex, results/braga/141/sim141-b0-c0.1.settings.txt
    output: results/braga/141/b0_c0.1/original_matrix.png, results/braga/141/b0_c0.1/flipped_matrix.png, results/braga/141/b0_c0.1/metrics.json, results/braga/141/b0_c0.1/simulate.out, results/braga/141/b0_c0.1/simulate.err
    jobid: 1343
    reason: Missing output files: results/braga/141/b0_c0.1/metrics.json; Input files updated by another job: results/braga/141/sim141-b0-c0.1.settings.txt, results/braga/141/sim141-b0-c0.1.nex
    wildcards: seed=141, beta=0, clock=0.1
    resources: tmpdir=/var/folders/81/_4qkc5w17kd767vqrndc8k440000gp/T
Select jobs to execute...
[Sun Sep 14 11:20:15 2025]
Finished jobid: 1163 (Rule: braga_pipeline)
71 of 271 steps (26%) done
Execute 1 jobs...
[Sun Sep 14 11:20:15 2025]
localrule braga_simulator:
    output: results/braga/64/sim64-b1-c0.1.nex, results/braga/64/sim64-b1-c0.1.settings.txt
    jobid: 1224
    reason: Missing output files: results/braga/64/sim64-b1-c0.1.nex, results/braga/64/sim64-b1-c0.1.settings.txt
    wildcards: seed=64, beta=1, clock=0.1
    resources: tmpdir=/var/folders/81/_4qkc5w17kd767vqrndc8k440000gp/T
Select jobs to execute...
[Sun Sep 14 11:20:15 2025]
Finished jobid: 1224 (Rule: braga_simulator)
72 of 271 steps (27%) done
Execute 1 jobs...
[Sun Sep 14 11:20:15 2025]
localrule braga_pipeline:
    input: results/braga/64/sim64-b1-c0.1.nex, results/braga/64/sim64-b1-c0.1.settings.txt
    output: results/braga/64/b1_c0.1/original_matrix.png, results/braga/64/b1_c0.1/flipped_matrix.png, results/braga/64/b1_c0.1/metrics.json, results/braga/64/b1_c0.1/simulate.out, results/braga/64/b1_c0.1/simulate.err
    jobid: 1223
    reason: Missing output files: results/braga/64/b1_c0.1/metrics.json; Input files updated by another job: results/braga/64/sim64-b1-c0.1.nex, results/braga/64/sim64-b1-c0.1.settings.txt
    wildcards: seed=64, beta=1, clock=0.1
    resources: tmpdir=/var/folders/81/_4qkc5w17kd767vqrndc8k440000gp/T
Select jobs to execute...
[Sun Sep 14 11:20:18 2025]
Finished jobid: 1263 (Rule: braga_pipeline)
73 of 271 steps (27%) done
Execute 1 jobs...
[Sun Sep 14 11:20:18 2025]
localrule braga_simulator:
    output: results/braga/75/sim75-b4-c0.5.nex, results/braga/75/sim75-b4-c0.5.settings.txt
    jobid: 1250
    reason: Missing output files: results/braga/75/sim75-b4-c0.5.settings.txt, results/braga/75/sim75-b4-c0.5.nex
    wildcards: seed=75, beta=4, clock=0.5
    resources: tmpdir=/var/folders/81/_4qkc5w17kd767vqrndc8k440000gp/T
Select jobs to execute...
[Sun Sep 14 11:20:19 2025]
Finished jobid: 1250 (Rule: braga_simulator)
74 of 271 steps (27%) done
Execute 1 jobs...
[Sun Sep 14 11:20:19 2025]
localrule braga_simulator:
    output: results/braga/9/sim9-b0-c0.5.nex, results/braga/9/sim9-b0-c0.5.settings.txt
    jobid: 1130
    reason: Missing output files: results/braga/9/sim9-b0-c0.5.nex, results/braga/9/sim9-b0-c0.5.settings.txt
    wildcards: seed=9, beta=0, clock=0.5
    resources: tmpdir=/var/folders/81/_4qkc5w17kd767vqrndc8k440000gp/T
Select jobs to execute...
[Sun Sep 14 11:20:19 2025]
Finished jobid: 1130 (Rule: braga_simulator)
75 of 271 steps (28%) done
Execute 1 jobs...
[Sun Sep 14 11:20:19 2025]
localrule braga_simulator:
    output: results/braga/152/sim152-b1-c0.5.nex, results/braga/152/sim152-b1-c0.5.settings.txt
    jobid: 1370
    reason: Missing output files: results/braga/152/sim152-b1-c0.5.nex, results/braga/152/sim152-b1-c0.5.settings.txt
    wildcards: seed=152, beta=1, clock=0.5
    resources: tmpdir=/var/folders/81/_4qkc5w17kd767vqrndc8k440000gp/T
Select jobs to execute...
[Sun Sep 14 11:20:19 2025]
Finished jobid: 1370 (Rule: braga_simulator)
76 of 271 steps (28%) done
Execute 1 jobs...
[Sun Sep 14 11:20:19 2025]
localrule braga_simulator:
    output: results/braga/42/sim42-b1-c0.5.nex, results/braga/42/sim42-b1-c0.5.settings.txt
    jobid: 1190
    reason: Missing output files: results/braga/42/sim42-b1-c0.5.settings.txt, results/braga/42/sim42-b1-c0.5.nex
    wildcards: seed=42, beta=1, clock=0.5
    resources: tmpdir=/var/folders/81/_4qkc5w17kd767vqrndc8k440000gp/T
Select jobs to execute...
[Sun Sep 14 11:20:19 2025]
Finished jobid: 1190 (Rule: braga_simulator)
77 of 271 steps (28%) done
Execute 1 jobs...
[Sun Sep 14 11:20:19 2025]
localrule braga_simulator:
    output: results/braga/119/sim119-b0-c0.5.nex, results/braga/119/sim119-b0-c0.5.settings.txt
    jobid: 1310
    reason: Missing output files: results/braga/119/sim119-b0-c0.5.nex, results/braga/119/sim119-b0-c0.5.settings.txt
    wildcards: seed=119, beta=0, clock=0.5
    resources: tmpdir=/var/folders/81/_4qkc5w17kd767vqrndc8k440000gp/T
Select jobs to execute...
[Sun Sep 14 11:20:19 2025]
Finished jobid: 1310 (Rule: braga_simulator)
78 of 271 steps (29%) done
Execute 1 jobs...
[Sun Sep 14 11:20:19 2025]
localrule braga_simulator:
    output: results/braga/130/sim130-b1-c1.nex, results/braga/130/sim130-b1-c1.settings.txt
    jobid: 1336
    reason: Missing output files: results/braga/130/sim130-b1-c1.settings.txt, results/braga/130/sim130-b1-c1.nex
    wildcards: seed=130, beta=1, clock=1
    resources: tmpdir=/var/folders/81/_4qkc5w17kd767vqrndc8k440000gp/T
Select jobs to execute...
[Sun Sep 14 11:20:20 2025]
Finished jobid: 1336 (Rule: braga_simulator)
79 of 271 steps (29%) done
Execute 1 jobs...
[Sun Sep 14 11:20:20 2025]
localrule braga_simulator:
    output: results/braga/20/sim20-b1-c1.nex, results/braga/20/sim20-b1-c1.settings.txt
    jobid: 1156
    reason: Missing output files: results/braga/20/sim20-b1-c1.settings.txt, results/braga/20/sim20-b1-c1.nex
    wildcards: seed=20, beta=1, clock=1
    resources: tmpdir=/var/folders/81/_4qkc5w17kd767vqrndc8k440000gp/T
Select jobs to execute...
[Sun Sep 14 11:20:20 2025]
Finished jobid: 1156 (Rule: braga_simulator)
80 of 271 steps (30%) done
Execute 1 jobs...
[Sun Sep 14 11:20:20 2025]
localrule braga_simulator:
    output: results/braga/97/sim97-b0-c1.nex, results/braga/97/sim97-b0-c1.settings.txt
    jobid: 1276
    reason: Missing output files: results/braga/97/sim97-b0-c1.nex, results/braga/97/sim97-b0-c1.settings.txt
    wildcards: seed=97, beta=0, clock=1
    resources: tmpdir=/var/folders/81/_4qkc5w17kd767vqrndc8k440000gp/T
Select jobs to execute...
[Sun Sep 14 11:20:20 2025]
Finished jobid: 1276 (Rule: braga_simulator)
81 of 271 steps (30%) done
Execute 1 jobs...
[Sun Sep 14 11:20:20 2025]
localrule braga_pipeline:
    input: results/braga/86/sim86-b0-c0.5.nex, results/braga/86/sim86-b0-c0.5.settings.txt
    output: results/braga/86/b0_c0.5/original_matrix.png, results/braga/86/b0_c0.5/flipped_matrix.png, results/braga/86/b0_c0.5/metrics.json, results/braga/86/b0_c0.5/simulate.out, results/braga/86/b0_c0.5/simulate.err
    jobid: 1255
    reason: Missing output files: results/braga/86/b0_c0.5/metrics.json; Input files updated by another job: results/braga/86/sim86-b0-c0.5.nex, results/braga/86/sim86-b0-c0.5.settings.txt
    wildcards: seed=86, beta=0, clock=0.5
    resources: tmpdir=/var/folders/81/_4qkc5w17kd767vqrndc8k440000gp/T
Select jobs to execute...
[Sun Sep 14 11:20:21 2025]
Finished jobid: 1283 (Rule: braga_pipeline)
82 of 271 steps (30%) done
Execute 1 jobs...
[Sun Sep 14 11:20:21 2025]
localrule braga_simulator:
    output: results/braga/163/sim163-b4-c1.nex, results/braga/163/sim163-b4-c1.settings.txt
    jobid: 1396
    reason: Missing output files: results/braga/163/sim163-b4-c1.nex, results/braga/163/sim163-b4-c1.settings.txt
    wildcards: seed=163, beta=4, clock=1
    resources: tmpdir=/var/folders/81/_4qkc5w17kd767vqrndc8k440000gp/T
Select jobs to execute...
[Sun Sep 14 11:20:21 2025]
Finished jobid: 1396 (Rule: braga_simulator)
83 of 271 steps (31%) done
Execute 1 jobs...
[Sun Sep 14 11:20:21 2025]
localrule braga_pipeline:
    input: results/braga/31/sim31-b1-c0.1.nex, results/braga/31/sim31-b1-c0.1.settings.txt
    output: results/braga/31/b1_c0.1/original_matrix.png, results/braga/31/b1_c0.1/flipped_matrix.png, results/braga/31/b1_c0.1/metrics.json, results/braga/31/b1_c0.1/simulate.out, results/braga/31/b1_c0.1/simulate.err
    jobid: 1169
    reason: Missing output files: results/braga/31/b1_c0.1/metrics.json; Input files updated by another job: results/braga/31/sim31-b1-c0.1.settings.txt, results/braga/31/sim31-b1-c0.1.nex
    wildcards: seed=31, beta=1, clock=0.1
    resources: tmpdir=/var/folders/81/_4qkc5w17kd767vqrndc8k440000gp/T
Select jobs to execute...
[Sun Sep 14 11:20:22 2025]
Finished jobid: 1203 (Rule: braga_pipeline)
84 of 271 steps (31%) done
Execute 1 jobs...
[Sun Sep 14 11:20:22 2025]
localrule braga_simulator:
    output: results/braga/42/sim42-b0-c0.1.nex, results/braga/42/sim42-b0-c0.1.settings.txt
    jobid: 1182
    reason: Missing output files: results/braga/42/sim42-b0-c0.1.nex, results/braga/42/sim42-b0-c0.1.settings.txt
    wildcards: seed=42, beta=0, clock=0.1
    resources: tmpdir=/var/folders/81/_4qkc5w17kd767vqrndc8k440000gp/T
Select jobs to execute...
[Sun Sep 14 11:20:22 2025]
Finished jobid: 1182 (Rule: braga_simulator)
85 of 271 steps (31%) done
Execute 1 jobs...
[Sun Sep 14 11:20:22 2025]
localrule braga_simulator:
    output: results/braga/97/sim97-b0-c0.1.nex, results/braga/97/sim97-b0-c0.1.settings.txt
    jobid: 1272
    reason: Missing output files: results/braga/97/sim97-b0-c0.1.settings.txt, results/braga/97/sim97-b0-c0.1.nex
    wildcards: seed=97, beta=0, clock=0.1
    resources: tmpdir=/var/folders/81/_4qkc5w17kd767vqrndc8k440000gp/T
Select jobs to execute...
[Sun Sep 14 11:20:22 2025]
Finished jobid: 1272 (Rule: braga_simulator)
86 of 271 steps (32%) done
Execute 1 jobs...
[Sun Sep 14 11:20:22 2025]
localrule braga_simulator:
    output: results/braga/108/sim108-b4-c0.1.nex, results/braga/108/sim108-b4-c0.1.settings.txt
    jobid: 1302
    reason: Missing output files: results/braga/108/sim108-b4-c0.1.settings.txt, results/braga/108/sim108-b4-c0.1.nex
    wildcards: seed=108, beta=4, clock=0.1
    resources: tmpdir=/var/folders/81/_4qkc5w17kd767vqrndc8k440000gp/T
[Sun Sep 14 11:20:22 2025]
Finished jobid: 1383 (Rule: braga_pipeline)
87 of 271 steps (32%) done
Select jobs to execute...
Execute 1 jobs...
[Sun Sep 14 11:20:22 2025]
localrule braga_pipeline:
    input: results/braga/86/sim86-b4-c0.1.nex, results/braga/86/sim86-b4-c0.1.settings.txt
    output: results/braga/86/b4_c0.1/original_matrix.png, results/braga/86/b4_c0.1/flipped_matrix.png, results/braga/86/b4_c0.1/metrics.json, results/braga/86/b4_c0.1/simulate.out, results/braga/86/b4_c0.1/simulate.err
    jobid: 1265
    reason: Missing output files: results/braga/86/b4_c0.1/metrics.json; Input files updated by another job: results/braga/86/sim86-b4-c0.1.nex, results/braga/86/sim86-b4-c0.1.settings.txt
    wildcards: seed=86, beta=4, clock=0.1
    resources: tmpdir=/var/folders/81/_4qkc5w17kd767vqrndc8k440000gp/T
Select jobs to execute...
[Sun Sep 14 11:20:22 2025]
Finished jobid: 1302 (Rule: braga_simulator)
88 of 271 steps (32%) done
Execute 1 jobs...
[Sun Sep 14 11:20:22 2025]
localrule braga_pipeline:
    input: results/braga/141/sim141-b1-c0.5.nex, results/braga/141/sim141-b1-c0.5.settings.txt
    output: results/braga/141/b1_c0.5/original_matrix.png, results/braga/141/b1_c0.5/flipped_matrix.png, results/braga/141/b1_c0.5/metrics.json, results/braga/141/b1_c0.5/simulate.out, results/braga/141/b1_c0.5/simulate.err
    jobid: 1351
    reason: Missing output files: results/braga/141/b1_c0.5/metrics.json; Input files updated by another job: results/braga/141/sim141-b1-c0.5.nex, results/braga/141/sim141-b1-c0.5.settings.txt
    wildcards: seed=141, beta=1, clock=0.5
    resources: tmpdir=/var/folders/81/_4qkc5w17kd767vqrndc8k440000gp/T
Select jobs to execute...
[Sun Sep 14 11:20:23 2025]
Finished jobid: 1193 (Rule: braga_pipeline)
89 of 271 steps (33%) done
Execute 1 jobs...
[Sun Sep 14 11:20:23 2025]
localrule braga_simulator:
    output: results/braga/75/sim75-b1-c0.1.nex, results/braga/75/sim75-b1-c0.1.settings.txt
    jobid: 1242
    reason: Missing output files: results/braga/75/sim75-b1-c0.1.settings.txt, results/braga/75/sim75-b1-c0.1.nex
    wildcards: seed=75, beta=1, clock=0.1
    resources: tmpdir=/var/folders/81/_4qkc5w17kd767vqrndc8k440000gp/T
Select jobs to execute...
[Sun Sep 14 11:20:23 2025]
Finished jobid: 1242 (Rule: braga_simulator)
90 of 271 steps (33%) done
Execute 1 jobs...
[Sun Sep 14 11:20:23 2025]
localrule braga_pipeline:
    input: results/braga/53/sim53-b4-c1.nex, results/braga/53/sim53-b4-c1.settings.txt
    output: results/braga/53/b4_c1/original_matrix.png, results/braga/53/b4_c1/flipped_matrix.png, results/braga/53/b4_c1/metrics.json, results/braga/53/b4_c1/simulate.out, results/braga/53/b4_c1/simulate.err
    jobid: 1215
    reason: Missing output files: results/braga/53/b4_c1/metrics.json; Input files updated by another job: results/braga/53/sim53-b4-c1.nex, results/braga/53/sim53-b4-c1.settings.txt
    wildcards: seed=53, beta=4, clock=1
    resources: tmpdir=/var/folders/81/_4qkc5w17kd767vqrndc8k440000gp/T
Select jobs to execute...
[Sun Sep 14 11:20:24 2025]
Finished jobid: 1323 (Rule: braga_pipeline)
91 of 271 steps (34%) done
Execute 1 jobs...
[Sun Sep 14 11:20:24 2025]
localrule braga_pipeline:
    input: results/braga/163/sim163-b4-c1.nex, results/braga/163/sim163-b4-c1.settings.txt
    output: results/braga/163/b4_c1/original_matrix.png, results/braga/163/b4_c1/flipped_matrix.png, results/braga/163/b4_c1/metrics.json, results/braga/163/b4_c1/simulate.out, results/braga/163/b4_c1/simulate.err
    jobid: 1395
    reason: Missing output files: results/braga/163/b4_c1/metrics.json; Input files updated by another job: results/braga/163/sim163-b4-c1.nex, results/braga/163/sim163-b4-c1.settings.txt
    wildcards: seed=163, beta=4, clock=1
    resources: tmpdir=/var/folders/81/_4qkc5w17kd767vqrndc8k440000gp/T
Select jobs to execute...
[Sun Sep 14 11:20:25 2025]
Finished jobid: 1143 (Rule: braga_pipeline)
92 of 271 steps (34%) done
Execute 1 jobs...
[Sun Sep 14 11:20:25 2025]
localrule braga_simulator:
    output: results/braga/152/sim152-b0-c0.1.nex, results/braga/152/sim152-b0-c0.1.settings.txt
    jobid: 1362
    reason: Missing output files: results/braga/152/sim152-b0-c0.1.nex, results/braga/152/sim152-b0-c0.1.settings.txt
    wildcards: seed=152, beta=0, clock=0.1
    resources: tmpdir=/var/folders/81/_4qkc5w17kd767vqrndc8k440000gp/T
Select jobs to execute...
[Sun Sep 14 11:20:25 2025]
Finished jobid: 1362 (Rule: braga_simulator)
93 of 271 steps (34%) done
Execute 1 jobs...
[Sun Sep 14 11:20:25 2025]
localrule braga_simulator:
    output: results/braga/20/sim20-b0-c0.5.nex, results/braga/20/sim20-b0-c0.5.settings.txt
    jobid: 1148
    reason: Missing output files: results/braga/20/sim20-b0-c0.5.nex, results/braga/20/sim20-b0-c0.5.settings.txt
    wildcards: seed=20, beta=0, clock=0.5
    resources: tmpdir=/var/folders/81/_4qkc5w17kd767vqrndc8k440000gp/T
[Sun Sep 14 11:20:25 2025]
Finished jobid: 1223 (Rule: braga_pipeline)
94 of 271 steps (35%) done
Select jobs to execute...
Execute 1 jobs...
[Sun Sep 14 11:20:25 2025]
localrule braga_simulator:
    output: results/braga/86/sim86-b4-c0.5.nex, results/braga/86/sim86-b4-c0.5.settings.txt
    jobid: 1268
    reason: Missing output files: results/braga/86/sim86-b4-c0.5.settings.txt, results/braga/86/sim86-b4-c0.5.nex
    wildcards: seed=86, beta=4, clock=0.5
    resources: tmpdir=/var/folders/81/_4qkc5w17kd767vqrndc8k440000gp/T
Select jobs to execute...
[Sun Sep 14 11:20:25 2025]
Finished jobid: 1148 (Rule: braga_simulator)
95 of 271 steps (35%) done
Execute 1 jobs...
[Sun Sep 14 11:20:26 2025]
localrule braga_simulator:
    output: results/braga/97/sim97-b0-c0.5.nex, results/braga/97/sim97-b0-c0.5.settings.txt
    jobid: 1274
    reason: Missing output files: results/braga/97/sim97-b0-c0.5.nex, results/braga/97/sim97-b0-c0.5.settings.txt
    wildcards: seed=97, beta=0, clock=0.5
    resources: tmpdir=/var/folders/81/_4qkc5w17kd767vqrndc8k440000gp/T
[Sun Sep 14 11:20:26 2025]
Finished jobid: 1268 (Rule: braga_simulator)
96 of 271 steps (35%) done
Select jobs to execute...
Execute 1 jobs...
[Sun Sep 14 11:20:26 2025]
localrule braga_simulator:
    output: results/braga/53/sim53-b4-c0.5.nex, results/braga/53/sim53-b4-c0.5.settings.txt
    jobid: 1214
    reason: Missing output files: results/braga/53/sim53-b4-c0.5.nex, results/braga/53/sim53-b4-c0.5.settings.txt
    wildcards: seed=53, beta=4, clock=0.5
    resources: tmpdir=/var/folders/81/_4qkc5w17kd767vqrndc8k440000gp/T
Select jobs to execute...
[Sun Sep 14 11:20:26 2025]
Finished jobid: 1274 (Rule: braga_simulator)
97 of 271 steps (36%) done
Execute 1 jobs...
[Sun Sep 14 11:20:26 2025]
localrule braga_pipeline:
    input: results/braga/97/sim97-b0-c0.5.nex, results/braga/97/sim97-b0-c0.5.settings.txt
    output: results/braga/97/b0_c0.5/original_matrix.png, results/braga/97/b0_c0.5/flipped_matrix.png, results/braga/97/b0_c0.5/metrics.json, results/braga/97/b0_c0.5/simulate.out, results/braga/97/b0_c0.5/simulate.err
    jobid: 1273
    reason: Missing output files: results/braga/97/b0_c0.5/metrics.json; Input files updated by another job: results/braga/97/sim97-b0-c0.5.nex, results/braga/97/sim97-b0-c0.5.settings.txt
    wildcards: seed=97, beta=0, clock=0.5
    resources: tmpdir=/var/folders/81/_4qkc5w17kd767vqrndc8k440000gp/T
Select jobs to execute...
[Sun Sep 14 11:20:26 2025]
Finished jobid: 1214 (Rule: braga_simulator)
98 of 271 steps (36%) done
Execute 1 jobs...
[Sun Sep 14 11:20:26 2025]
localrule braga_pipeline:
    input: results/braga/53/sim53-b4-c0.5.nex, results/braga/53/sim53-b4-c0.5.settings.txt
    output: results/braga/53/b4_c0.5/original_matrix.png, results/braga/53/b4_c0.5/flipped_matrix.png, results/braga/53/b4_c0.5/metrics.json, results/braga/53/b4_c0.5/simulate.out, results/braga/53/b4_c0.5/simulate.err
    jobid: 1213
    reason: Missing output files: results/braga/53/b4_c0.5/metrics.json; Input files updated by another job: results/braga/53/sim53-b4-c0.5.nex, results/braga/53/sim53-b4-c0.5.settings.txt
    wildcards: seed=53, beta=4, clock=0.5
    resources: tmpdir=/var/folders/81/_4qkc5w17kd767vqrndc8k440000gp/T
Select jobs to execute...
[Sun Sep 14 11:20:26 2025]
Finished jobid: 1393 (Rule: braga_pipeline)
99 of 271 steps (37%) done
Execute 1 jobs...
[Sun Sep 14 11:20:26 2025]
localrule braga_simulator:
    output: results/braga/163/sim163-b1-c0.5.nex, results/braga/163/sim163-b1-c0.5.settings.txt
    jobid: 1388
    reason: Missing output files: results/braga/163/sim163-b1-c0.5.settings.txt, results/braga/163/sim163-b1-c0.5.nex
    wildcards: seed=163, beta=1, clock=0.5
    resources: tmpdir=/var/folders/81/_4qkc5w17kd767vqrndc8k440000gp/T
Select jobs to execute...
[Sun Sep 14 11:20:27 2025]
Finished jobid: 1388 (Rule: braga_simulator)
100 of 271 steps (37%) done
[Sun Sep 14 11:20:27 2025]
Finished jobid: 1343 (Rule: braga_pipeline)
101 of 271 steps (37%) done
Execute 2 jobs...
[Sun Sep 14 11:20:27 2025]
localrule braga_pipeline:
    input: results/braga/152/sim152-b4-c1.nex, results/braga/152/sim152-b4-c1.settings.txt
    output: results/braga/152/b4_c1/original_matrix.png, results/braga/152/b4_c1/flipped_matrix.png, results/braga/152/b4_c1/metrics.json, results/braga/152/b4_c1/simulate.out, results/braga/152/b4_c1/simulate.err
    jobid: 1377
    reason: Missing output files: results/braga/152/b4_c1/metrics.json; Input files updated by another job: results/braga/152/sim152-b4-c1.nex, results/braga/152/sim152-b4-c1.settings.txt
    wildcards: seed=152, beta=4, clock=1
    resources: tmpdir=/var/folders/81/_4qkc5w17kd767vqrndc8k440000gp/T
[Sun Sep 14 11:20:27 2025]
localrule braga_pipeline:
    input: results/braga/42/sim42-b1-c0.1.nex, results/braga/42/sim42-b1-c0.1.settings.txt
    output: results/braga/42/b1_c0.1/original_matrix.png, results/braga/42/b1_c0.1/flipped_matrix.png, results/braga/42/b1_c0.1/metrics.json, results/braga/42/b1_c0.1/simulate.out, results/braga/42/b1_c0.1/simulate.err
    jobid: 1187
    reason: Missing output files: results/braga/42/b1_c0.1/metrics.json; Input files updated by another job: results/braga/42/sim42-b1-c0.1.settings.txt, results/braga/42/sim42-b1-c0.1.nex
    wildcards: seed=42, beta=1, clock=0.1
    resources: tmpdir=/var/folders/81/_4qkc5w17kd767vqrndc8k440000gp/T
Select jobs to execute...
RuleException:
CalledProcessError in file "/Users/PSLabMonisha/Desktop/braga_data/Snakefile", line 86:
Command 'set -euo pipefail;  
        mkdir -p results/braga/141/b1_c0.5
        python simulation.py             --seed 141             --host_tree angio_25tips_origin.phy             --virus_tree Nymphalini.phy             --nexus_file results/braga/141/sim141-b1-c0.5.nex             --braga results/braga/141/sim141-b1-c0.5.settings.txt             --outdir results/braga/141/b1_c0.5             --metrics results/braga/141/b1_c0.5/metrics.json             > results/braga/141/b1_c0.5/simulate.out 2> results/braga/141/b1_c0.5/simulate.err' returned non-zero exit status 1.
[Sun Sep 14 11:20:28 2025]
Error in rule braga_pipeline:
    message: None
    jobid: 1351
    input: results/braga/141/sim141-b1-c0.5.nex, results/braga/141/sim141-b1-c0.5.settings.txt
    output: results/braga/141/b1_c0.5/original_matrix.png, results/braga/141/b1_c0.5/flipped_matrix.png, results/braga/141/b1_c0.5/metrics.json, results/braga/141/b1_c0.5/simulate.out, results/braga/141/b1_c0.5/simulate.err
    shell:
        
        mkdir -p results/braga/141/b1_c0.5
        python simulation.py             --seed 141             --host_tree angio_25tips_origin.phy             --virus_tree Nymphalini.phy             --nexus_file results/braga/141/sim141-b1-c0.5.nex             --braga results/braga/141/sim141-b1-c0.5.settings.txt             --outdir results/braga/141/b1_c0.5             --metrics results/braga/141/b1_c0.5/metrics.json             > results/braga/141/b1_c0.5/simulate.out 2> results/braga/141/b1_c0.5/simulate.err
        
        (command exited with non-zero exit code)
Removing output files of failed job braga_pipeline since they might be corrupted:
results/braga/141/b1_c0.5/original_matrix.png, results/braga/141/b1_c0.5/simulate.out, results/braga/141/b1_c0.5/simulate.err
[Sun Sep 14 11:20:30 2025]
Finished jobid: 1255 (Rule: braga_pipeline)
102 of 271 steps (38%) done
[Sun Sep 14 11:20:32 2025]
Finished jobid: 1265 (Rule: braga_pipeline)
103 of 271 steps (38%) done
[Sun Sep 14 11:20:33 2025]
Finished jobid: 1215 (Rule: braga_pipeline)
104 of 271 steps (38%) done
[Sun Sep 14 11:20:33 2025]
Finished jobid: 1169 (Rule: braga_pipeline)
105 of 271 steps (39%) done
[Sun Sep 14 11:20:34 2025]
Finished jobid: 1273 (Rule: braga_pipeline)
106 of 271 steps (39%) done
[Sun Sep 14 11:20:34 2025]
Finished jobid: 1213 (Rule: braga_pipeline)
107 of 271 steps (39%) done
[Sun Sep 14 11:20:34 2025]
Finished jobid: 1377 (Rule: braga_pipeline)
108 of 271 steps (40%) done
[Sun Sep 14 11:20:35 2025]
Finished jobid: 1395 (Rule: braga_pipeline)
109 of 271 steps (40%) done
[Sun Sep 14 11:20:35 2025]
Finished jobid: 1187 (Rule: braga_pipeline)
110 of 271 steps (41%) done
Shutting down, this might take some time.
Exiting because a job execution failed. Look below for error messages
[Sun Sep 14 11:20:35 2025]
Error in rule braga_pipeline:
    message: None
    jobid: 1351
    input: results/braga/141/sim141-b1-c0.5.nex, results/braga/141/sim141-b1-c0.5.settings.txt
    output: results/braga/141/b1_c0.5/original_matrix.png, results/braga/141/b1_c0.5/flipped_matrix.png, results/braga/141/b1_c0.5/metrics.json, results/braga/141/b1_c0.5/simulate.out, results/braga/141/b1_c0.5/simulate.err
    shell:
        
        mkdir -p results/braga/141/b1_c0.5
        python simulation.py             --seed 141             --host_tree angio_25tips_origin.phy             --virus_tree Nymphalini.phy             --nexus_file results/braga/141/sim141-b1-c0.5.nex             --braga results/braga/141/sim141-b1-c0.5.settings.txt             --outdir results/braga/141/b1_c0.5             --metrics results/braga/141/b1_c0.5/metrics.json             > results/braga/141/b1_c0.5/simulate.out 2> results/braga/141/b1_c0.5/simulate.err
        
        (command exited with non-zero exit code)
Complete log(s): /Users/PSLabMonisha/Desktop/braga_data/.snakemake/log/2025-09-14T111959.339827.snakemake.log
WorkflowError:
At least one job did not complete successfully.
