Assuming unrestricted shared filesystem usage.
None
host: CS-5095.local
Building DAG of jobs...
Using shell: /bin/bash
Provided cores: 1 (use --cores to define parallelism)
Rules claiming more threads will be scaled down.
Job stats:
job         count
--------  -------
all             1
simulate      100
total         101

Select jobs to execute...
Execute 1 jobs...
[Wed Sep  3 22:07:31 2025]
localrule simulate:
    output: results/ml_parsimony_matrices/seed7.done
    jobid: 8
    reason: Missing output files: results/ml_parsimony_matrices/seed7.done
    wildcards: mode=ml, seed=7
    resources: tmpdir=/var/folders/81/_4qkc5w17kd767vqrndc8k440000gp/T
Select jobs to execute...
Touching output file results/ml_parsimony_matrices/seed7.done.
[Wed Sep  3 22:07:34 2025]
Finished jobid: 8 (Rule: simulate)
1 of 101 steps (1%) done
Execute 1 jobs...
[Wed Sep  3 22:07:34 2025]
localrule simulate:
    output: results/ml_parsimony_matrices/seed17.done
    jobid: 18
    reason: Missing output files: results/ml_parsimony_matrices/seed17.done
    wildcards: mode=ml, seed=17
    resources: tmpdir=/var/folders/81/_4qkc5w17kd767vqrndc8k440000gp/T
Touching output file results/ml_parsimony_matrices/seed17.done.
[Wed Sep  3 22:07:35 2025]
Finished jobid: 18 (Rule: simulate)
2 of 101 steps (2%) done
Select jobs to execute...
Execute 1 jobs...
[Wed Sep  3 22:07:35 2025]
localrule simulate:
    output: results/ml_parsimony_matrices/seed22.done
    jobid: 23
    reason: Missing output files: results/ml_parsimony_matrices/seed22.done
    wildcards: mode=ml, seed=22
    resources: tmpdir=/var/folders/81/_4qkc5w17kd767vqrndc8k440000gp/T
Select jobs to execute...
Touching output file results/ml_parsimony_matrices/seed22.done.
[Wed Sep  3 22:07:36 2025]
Finished jobid: 23 (Rule: simulate)
3 of 101 steps (3%) done
Execute 1 jobs...
[Wed Sep  3 22:07:36 2025]
localrule simulate:
    output: results/ml_parsimony_matrices/seed27.done
    jobid: 28
    reason: Missing output files: results/ml_parsimony_matrices/seed27.done
    wildcards: mode=ml, seed=27
    resources: tmpdir=/var/folders/81/_4qkc5w17kd767vqrndc8k440000gp/T
Select jobs to execute...
Touching output file results/ml_parsimony_matrices/seed27.done.
[Wed Sep  3 22:07:37 2025]
Finished jobid: 28 (Rule: simulate)
4 of 101 steps (4%) done
Execute 1 jobs...
[Wed Sep  3 22:07:37 2025]
localrule simulate:
    output: results/ml_parsimony_matrices/seed37.done
    jobid: 38
    reason: Missing output files: results/ml_parsimony_matrices/seed37.done
    wildcards: mode=ml, seed=37
    resources: tmpdir=/var/folders/81/_4qkc5w17kd767vqrndc8k440000gp/T
Select jobs to execute...
Touching output file results/ml_parsimony_matrices/seed37.done.
[Wed Sep  3 22:07:38 2025]
Finished jobid: 38 (Rule: simulate)
5 of 101 steps (5%) done
Execute 1 jobs...
[Wed Sep  3 22:07:38 2025]
localrule simulate:
    output: results/ml_parsimony_matrices/seed32.done
    jobid: 33
    reason: Missing output files: results/ml_parsimony_matrices/seed32.done
    wildcards: mode=ml, seed=32
    resources: tmpdir=/var/folders/81/_4qkc5w17kd767vqrndc8k440000gp/T
Select jobs to execute...
Touching output file results/ml_parsimony_matrices/seed32.done.
[Wed Sep  3 22:07:39 2025]
Finished jobid: 33 (Rule: simulate)
6 of 101 steps (6%) done
Execute 1 jobs...
[Wed Sep  3 22:07:39 2025]
localrule simulate:
    output: results/ml_parsimony_matrices/seed82.done
    jobid: 83
    reason: Missing output files: results/ml_parsimony_matrices/seed82.done
    wildcards: mode=ml, seed=82
    resources: tmpdir=/var/folders/81/_4qkc5w17kd767vqrndc8k440000gp/T
Select jobs to execute...
Touching output file results/ml_parsimony_matrices/seed82.done.
[Wed Sep  3 22:07:40 2025]
Finished jobid: 83 (Rule: simulate)
7 of 101 steps (7%) done
Execute 1 jobs...
[Wed Sep  3 22:07:40 2025]
localrule simulate:
    output: results/ml_parsimony_matrices/seed87.done
    jobid: 88
    reason: Missing output files: results/ml_parsimony_matrices/seed87.done
    wildcards: mode=ml, seed=87
    resources: tmpdir=/var/folders/81/_4qkc5w17kd767vqrndc8k440000gp/T
Select jobs to execute...
Touching output file results/ml_parsimony_matrices/seed87.done.
[Wed Sep  3 22:07:41 2025]
Finished jobid: 88 (Rule: simulate)
8 of 101 steps (8%) done
Execute 1 jobs...
[Wed Sep  3 22:07:41 2025]
localrule simulate:
    output: results/ml_parsimony_matrices/seed92.done
    jobid: 93
    reason: Missing output files: results/ml_parsimony_matrices/seed92.done
    wildcards: mode=ml, seed=92
    resources: tmpdir=/var/folders/81/_4qkc5w17kd767vqrndc8k440000gp/T
Select jobs to execute...
Touching output file results/ml_parsimony_matrices/seed92.done.
[Wed Sep  3 22:07:43 2025]
Finished jobid: 93 (Rule: simulate)
9 of 101 steps (9%) done
Execute 1 jobs...
[Wed Sep  3 22:07:43 2025]
localrule simulate:
    output: results/ml_parsimony_matrices/seed47.done
    jobid: 48
    reason: Missing output files: results/ml_parsimony_matrices/seed47.done
    wildcards: mode=ml, seed=47
    resources: tmpdir=/var/folders/81/_4qkc5w17kd767vqrndc8k440000gp/T
Select jobs to execute...
Touching output file results/ml_parsimony_matrices/seed47.done.
[Wed Sep  3 22:07:44 2025]
Finished jobid: 48 (Rule: simulate)
10 of 101 steps (10%) done
Execute 1 jobs...
[Wed Sep  3 22:07:44 2025]
localrule simulate:
    output: results/ml_parsimony_matrices/seed57.done
    jobid: 58
    reason: Missing output files: results/ml_parsimony_matrices/seed57.done
    wildcards: mode=ml, seed=57
    resources: tmpdir=/var/folders/81/_4qkc5w17kd767vqrndc8k440000gp/T
Select jobs to execute...
Touching output file results/ml_parsimony_matrices/seed57.done.
[Wed Sep  3 22:07:45 2025]
Finished jobid: 58 (Rule: simulate)
11 of 101 steps (11%) done
Execute 1 jobs...
[Wed Sep  3 22:07:45 2025]
localrule simulate:
    output: results/ml_parsimony_matrices/seed97.done
    jobid: 98
    reason: Missing output files: results/ml_parsimony_matrices/seed97.done
    wildcards: mode=ml, seed=97
    resources: tmpdir=/var/folders/81/_4qkc5w17kd767vqrndc8k440000gp/T
Select jobs to execute...
Touching output file results/ml_parsimony_matrices/seed97.done.
[Wed Sep  3 22:07:46 2025]
Finished jobid: 98 (Rule: simulate)
12 of 101 steps (12%) done
Execute 1 jobs...
[Wed Sep  3 22:07:46 2025]
localrule simulate:
    output: results/ml_parsimony_matrices/seed28.done
    jobid: 29
    reason: Missing output files: results/ml_parsimony_matrices/seed28.done
    wildcards: mode=ml, seed=28
    resources: tmpdir=/var/folders/81/_4qkc5w17kd767vqrndc8k440000gp/T
Select jobs to execute...
Touching output file results/ml_parsimony_matrices/seed28.done.
[Wed Sep  3 22:07:47 2025]
Finished jobid: 29 (Rule: simulate)
13 of 101 steps (13%) done
Execute 1 jobs...
[Wed Sep  3 22:07:47 2025]
localrule simulate:
    output: results/ml_parsimony_matrices/seed29.done
    jobid: 30
    reason: Missing output files: results/ml_parsimony_matrices/seed29.done
    wildcards: mode=ml, seed=29
    resources: tmpdir=/var/folders/81/_4qkc5w17kd767vqrndc8k440000gp/T
Select jobs to execute...
Touching output file results/ml_parsimony_matrices/seed29.done.
[Wed Sep  3 22:07:48 2025]
Finished jobid: 30 (Rule: simulate)
14 of 101 steps (14%) done
Execute 1 jobs...
[Wed Sep  3 22:07:48 2025]
localrule simulate:
    output: results/ml_parsimony_matrices/seed80.done
    jobid: 81
    reason: Missing output files: results/ml_parsimony_matrices/seed80.done
    wildcards: mode=ml, seed=80
    resources: tmpdir=/var/folders/81/_4qkc5w17kd767vqrndc8k440000gp/T
Select jobs to execute...
Touching output file results/ml_parsimony_matrices/seed80.done.
[Wed Sep  3 22:07:49 2025]
Finished jobid: 81 (Rule: simulate)
15 of 101 steps (15%) done
Execute 1 jobs...
[Wed Sep  3 22:07:49 2025]
localrule simulate:
    output: results/ml_parsimony_matrices/seed30.done
    jobid: 31
    reason: Missing output files: results/ml_parsimony_matrices/seed30.done
    wildcards: mode=ml, seed=30
    resources: tmpdir=/var/folders/81/_4qkc5w17kd767vqrndc8k440000gp/T
Select jobs to execute...
Touching output file results/ml_parsimony_matrices/seed30.done.
[Wed Sep  3 22:07:49 2025]
Finished jobid: 31 (Rule: simulate)
16 of 101 steps (16%) done
Execute 1 jobs...
[Wed Sep  3 22:07:49 2025]
localrule simulate:
    output: results/ml_parsimony_matrices/seed77.done
    jobid: 78
    reason: Missing output files: results/ml_parsimony_matrices/seed77.done
    wildcards: mode=ml, seed=77
    resources: tmpdir=/var/folders/81/_4qkc5w17kd767vqrndc8k440000gp/T
Select jobs to execute...
Touching output file results/ml_parsimony_matrices/seed77.done.
[Wed Sep  3 22:07:50 2025]
Finished jobid: 78 (Rule: simulate)
17 of 101 steps (17%) done
Execute 1 jobs...
[Wed Sep  3 22:07:50 2025]
localrule simulate:
    output: results/ml_parsimony_matrices/seed36.done
    jobid: 37
    reason: Missing output files: results/ml_parsimony_matrices/seed36.done
    wildcards: mode=ml, seed=36
    resources: tmpdir=/var/folders/81/_4qkc5w17kd767vqrndc8k440000gp/T
Select jobs to execute...
Touching output file results/ml_parsimony_matrices/seed36.done.
[Wed Sep  3 22:07:51 2025]
Finished jobid: 37 (Rule: simulate)
18 of 101 steps (18%) done
Execute 1 jobs...
[Wed Sep  3 22:07:51 2025]
localrule simulate:
    output: results/ml_parsimony_matrices/seed86.done
    jobid: 87
    reason: Missing output files: results/ml_parsimony_matrices/seed86.done
    wildcards: mode=ml, seed=86
    resources: tmpdir=/var/folders/81/_4qkc5w17kd767vqrndc8k440000gp/T
Select jobs to execute...
Touching output file results/ml_parsimony_matrices/seed86.done.
[Wed Sep  3 22:07:52 2025]
Finished jobid: 87 (Rule: simulate)
19 of 101 steps (19%) done
Execute 1 jobs...
[Wed Sep  3 22:07:52 2025]
localrule simulate:
    output: results/ml_parsimony_matrices/seed33.done
    jobid: 34
    reason: Missing output files: results/ml_parsimony_matrices/seed33.done
    wildcards: mode=ml, seed=33
    resources: tmpdir=/var/folders/81/_4qkc5w17kd767vqrndc8k440000gp/T
Select jobs to execute...
Touching output file results/ml_parsimony_matrices/seed33.done.
[Wed Sep  3 22:07:53 2025]
Finished jobid: 34 (Rule: simulate)
20 of 101 steps (20%) done
Execute 1 jobs...
[Wed Sep  3 22:07:53 2025]
localrule simulate:
    output: results/ml_parsimony_matrices/seed83.done
    jobid: 84
    reason: Missing output files: results/ml_parsimony_matrices/seed83.done
    wildcards: mode=ml, seed=83
    resources: tmpdir=/var/folders/81/_4qkc5w17kd767vqrndc8k440000gp/T
Select jobs to execute...
Touching output file results/ml_parsimony_matrices/seed83.done.
[Wed Sep  3 22:07:54 2025]
Finished jobid: 84 (Rule: simulate)
21 of 101 steps (21%) done
Execute 1 jobs...
[Wed Sep  3 22:07:54 2025]
localrule simulate:
    output: results/ml_parsimony_matrices/seed81.done
    jobid: 82
    reason: Missing output files: results/ml_parsimony_matrices/seed81.done
    wildcards: mode=ml, seed=81
    resources: tmpdir=/var/folders/81/_4qkc5w17kd767vqrndc8k440000gp/T
Select jobs to execute...
Touching output file results/ml_parsimony_matrices/seed81.done.
[Wed Sep  3 22:07:55 2025]
Finished jobid: 82 (Rule: simulate)
22 of 101 steps (22%) done
Execute 1 jobs...
[Wed Sep  3 22:07:55 2025]
localrule simulate:
    output: results/ml_parsimony_matrices/seed53.done
    jobid: 54
    reason: Missing output files: results/ml_parsimony_matrices/seed53.done
    wildcards: mode=ml, seed=53
    resources: tmpdir=/var/folders/81/_4qkc5w17kd767vqrndc8k440000gp/T
Select jobs to execute...
Touching output file results/ml_parsimony_matrices/seed53.done.
[Wed Sep  3 22:07:56 2025]
Finished jobid: 54 (Rule: simulate)
23 of 101 steps (23%) done
Execute 1 jobs...
[Wed Sep  3 22:07:56 2025]
localrule simulate:
    output: results/ml_parsimony_matrices/seed3.done
    jobid: 4
    reason: Missing output files: results/ml_parsimony_matrices/seed3.done
    wildcards: mode=ml, seed=3
    resources: tmpdir=/var/folders/81/_4qkc5w17kd767vqrndc8k440000gp/T
Select jobs to execute...
Touching output file results/ml_parsimony_matrices/seed3.done.
[Wed Sep  3 22:07:57 2025]
Finished jobid: 4 (Rule: simulate)
24 of 101 steps (24%) done
Execute 1 jobs...
[Wed Sep  3 22:07:57 2025]
localrule simulate:
    output: results/ml_parsimony_matrices/seed74.done
    jobid: 75
    reason: Missing output files: results/ml_parsimony_matrices/seed74.done
    wildcards: mode=ml, seed=74
    resources: tmpdir=/var/folders/81/_4qkc5w17kd767vqrndc8k440000gp/T
Select jobs to execute...
Touching output file results/ml_parsimony_matrices/seed74.done.
[Wed Sep  3 22:07:58 2025]
Finished jobid: 75 (Rule: simulate)
25 of 101 steps (25%) done
Execute 1 jobs...
[Wed Sep  3 22:07:58 2025]
localrule simulate:
    output: results/ml_parsimony_matrices/seed4.done
    jobid: 5
    reason: Missing output files: results/ml_parsimony_matrices/seed4.done
    wildcards: mode=ml, seed=4
    resources: tmpdir=/var/folders/81/_4qkc5w17kd767vqrndc8k440000gp/T
Select jobs to execute...
Touching output file results/ml_parsimony_matrices/seed4.done.
[Wed Sep  3 22:07:59 2025]
Finished jobid: 5 (Rule: simulate)
26 of 101 steps (26%) done
Execute 1 jobs...
[Wed Sep  3 22:07:59 2025]
localrule simulate:
    output: results/ml_parsimony_matrices/seed14.done
    jobid: 15
    reason: Missing output files: results/ml_parsimony_matrices/seed14.done
    wildcards: mode=ml, seed=14
    resources: tmpdir=/var/folders/81/_4qkc5w17kd767vqrndc8k440000gp/T
Select jobs to execute...
Touching output file results/ml_parsimony_matrices/seed14.done.
[Wed Sep  3 22:08:00 2025]
Finished jobid: 15 (Rule: simulate)
27 of 101 steps (27%) done
Execute 1 jobs...
[Wed Sep  3 22:08:00 2025]
localrule simulate:
    output: results/ml_parsimony_matrices/seed9.done
    jobid: 10
    reason: Missing output files: results/ml_parsimony_matrices/seed9.done
    wildcards: mode=ml, seed=9
    resources: tmpdir=/var/folders/81/_4qkc5w17kd767vqrndc8k440000gp/T
Select jobs to execute...
Touching output file results/ml_parsimony_matrices/seed9.done.
[Wed Sep  3 22:08:00 2025]
Finished jobid: 10 (Rule: simulate)
28 of 101 steps (28%) done
Execute 1 jobs...
[Wed Sep  3 22:08:00 2025]
localrule simulate:
    output: results/ml_parsimony_matrices/seed19.done
    jobid: 20
    reason: Missing output files: results/ml_parsimony_matrices/seed19.done
    wildcards: mode=ml, seed=19
    resources: tmpdir=/var/folders/81/_4qkc5w17kd767vqrndc8k440000gp/T
Select jobs to execute...
Touching output file results/ml_parsimony_matrices/seed19.done.
[Wed Sep  3 22:08:01 2025]
Finished jobid: 20 (Rule: simulate)
29 of 101 steps (29%) done
Execute 1 jobs...
[Wed Sep  3 22:08:01 2025]
localrule simulate:
    output: results/ml_parsimony_matrices/seed54.done
    jobid: 55
    reason: Missing output files: results/ml_parsimony_matrices/seed54.done
    wildcards: mode=ml, seed=54
    resources: tmpdir=/var/folders/81/_4qkc5w17kd767vqrndc8k440000gp/T
Select jobs to execute...
Touching output file results/ml_parsimony_matrices/seed54.done.
[Wed Sep  3 22:08:02 2025]
Finished jobid: 55 (Rule: simulate)
30 of 101 steps (30%) done
Execute 1 jobs...
[Wed Sep  3 22:08:02 2025]
localrule simulate:
    output: results/ml_parsimony_matrices/seed55.done
    jobid: 56
    reason: Missing output files: results/ml_parsimony_matrices/seed55.done
    wildcards: mode=ml, seed=55
    resources: tmpdir=/var/folders/81/_4qkc5w17kd767vqrndc8k440000gp/T
Select jobs to execute...
Touching output file results/ml_parsimony_matrices/seed55.done.
[Wed Sep  3 22:08:03 2025]
Finished jobid: 56 (Rule: simulate)
31 of 101 steps (31%) done
Execute 1 jobs...
[Wed Sep  3 22:08:03 2025]
localrule simulate:
    output: results/ml_parsimony_matrices/seed50.done
    jobid: 51
    reason: Missing output files: results/ml_parsimony_matrices/seed50.done
    wildcards: mode=ml, seed=50
    resources: tmpdir=/var/folders/81/_4qkc5w17kd767vqrndc8k440000gp/T
Select jobs to execute...
Touching output file results/ml_parsimony_matrices/seed50.done.
[Wed Sep  3 22:08:05 2025]
Finished jobid: 51 (Rule: simulate)
32 of 101 steps (32%) done
Execute 1 jobs...
[Wed Sep  3 22:08:05 2025]
localrule simulate:
    output: results/ml_parsimony_matrices/seed59.done
    jobid: 60
    reason: Missing output files: results/ml_parsimony_matrices/seed59.done
    wildcards: mode=ml, seed=59
    resources: tmpdir=/var/folders/81/_4qkc5w17kd767vqrndc8k440000gp/T
Select jobs to execute...
Touching output file results/ml_parsimony_matrices/seed59.done.
[Wed Sep  3 22:08:06 2025]
Finished jobid: 60 (Rule: simulate)
33 of 101 steps (33%) done
Execute 1 jobs...
[Wed Sep  3 22:08:06 2025]
localrule simulate:
    output: results/ml_parsimony_matrices/seed99.done
    jobid: 100
    reason: Missing output files: results/ml_parsimony_matrices/seed99.done
    wildcards: mode=ml, seed=99
    resources: tmpdir=/var/folders/81/_4qkc5w17kd767vqrndc8k440000gp/T
Select jobs to execute...
Touching output file results/ml_parsimony_matrices/seed99.done.
[Wed Sep  3 22:08:07 2025]
Finished jobid: 100 (Rule: simulate)
34 of 101 steps (34%) done
Execute 1 jobs...
[Wed Sep  3 22:08:07 2025]
localrule simulate:
    output: results/ml_parsimony_matrices/seed64.done
    jobid: 65
    reason: Missing output files: results/ml_parsimony_matrices/seed64.done
    wildcards: mode=ml, seed=64
    resources: tmpdir=/var/folders/81/_4qkc5w17kd767vqrndc8k440000gp/T
Select jobs to execute...
Touching output file results/ml_parsimony_matrices/seed64.done.
[Wed Sep  3 22:08:08 2025]
Finished jobid: 65 (Rule: simulate)
35 of 101 steps (35%) done
Execute 1 jobs...
[Wed Sep  3 22:08:08 2025]
localrule simulate:
    output: results/ml_parsimony_matrices/seed24.done
    jobid: 25
    reason: Missing output files: results/ml_parsimony_matrices/seed24.done
    wildcards: mode=ml, seed=24
    resources: tmpdir=/var/folders/81/_4qkc5w17kd767vqrndc8k440000gp/T
Select jobs to execute...
Touching output file results/ml_parsimony_matrices/seed24.done.
[Wed Sep  3 22:08:09 2025]
Finished jobid: 25 (Rule: simulate)
36 of 101 steps (36%) done
Execute 1 jobs...
[Wed Sep  3 22:08:09 2025]
localrule simulate:
    output: results/ml_parsimony_matrices/seed56.done
    jobid: 57
    reason: Missing output files: results/ml_parsimony_matrices/seed56.done
    wildcards: mode=ml, seed=56
    resources: tmpdir=/var/folders/81/_4qkc5w17kd767vqrndc8k440000gp/T
Select jobs to execute...
Touching output file results/ml_parsimony_matrices/seed56.done.
[Wed Sep  3 22:08:10 2025]
Finished jobid: 57 (Rule: simulate)
37 of 101 steps (37%) done
Execute 1 jobs...
[Wed Sep  3 22:08:10 2025]
localrule simulate:
    output: results/ml_parsimony_matrices/seed73.done
    jobid: 74
    reason: Missing output files: results/ml_parsimony_matrices/seed73.done
    wildcards: mode=ml, seed=73
    resources: tmpdir=/var/folders/81/_4qkc5w17kd767vqrndc8k440000gp/T
Select jobs to execute...
Touching output file results/ml_parsimony_matrices/seed73.done.
[Wed Sep  3 22:08:11 2025]
Finished jobid: 74 (Rule: simulate)
38 of 101 steps (38%) done
Execute 1 jobs...
[Wed Sep  3 22:08:11 2025]
localrule simulate:
    output: results/ml_parsimony_matrices/seed13.done
    jobid: 14
    reason: Missing output files: results/ml_parsimony_matrices/seed13.done
    wildcards: mode=ml, seed=13
    resources: tmpdir=/var/folders/81/_4qkc5w17kd767vqrndc8k440000gp/T
Select jobs to execute...
Touching output file results/ml_parsimony_matrices/seed13.done.
[Wed Sep  3 22:08:12 2025]
Finished jobid: 14 (Rule: simulate)
39 of 101 steps (39%) done
Execute 1 jobs...
[Wed Sep  3 22:08:12 2025]
localrule simulate:
    output: results/ml_parsimony_matrices/seed43.done
    jobid: 44
    reason: Missing output files: results/ml_parsimony_matrices/seed43.done
    wildcards: mode=ml, seed=43
    resources: tmpdir=/var/folders/81/_4qkc5w17kd767vqrndc8k440000gp/T
Select jobs to execute...
Touching output file results/ml_parsimony_matrices/seed43.done.
[Wed Sep  3 22:08:13 2025]
Finished jobid: 44 (Rule: simulate)
40 of 101 steps (40%) done
Execute 1 jobs...
[Wed Sep  3 22:08:13 2025]
localrule simulate:
    output: results/ml_parsimony_matrices/seed93.done
    jobid: 94
    reason: Missing output files: results/ml_parsimony_matrices/seed93.done
    wildcards: mode=ml, seed=93
    resources: tmpdir=/var/folders/81/_4qkc5w17kd767vqrndc8k440000gp/T
Select jobs to execute...
Terminating processes on user request, this might take some time.
RuleException:
CalledProcessError in file "/Users/PSLabMonisha/Desktop/braga_data/Snakefile", line 22:
Command 'set -euo pipefail;  
        python simulation.py             --seed 93             --mode ml             --host_tree angio_25tips_origin.phy             --virus_tree Nymphalini.phy' died with <Signals.SIGINT: 2>.
[Wed Sep  3 22:08:13 2025]
Error in rule simulate:
    message: None
    jobid: 94
    output: results/ml_parsimony_matrices/seed93.done
    shell:
        
        python simulation.py             --seed 93             --mode ml             --host_tree angio_25tips_origin.phy             --virus_tree Nymphalini.phy
        
        (command exited with non-zero exit code)
Complete log(s): /Users/PSLabMonisha/Desktop/braga_data/.snakemake/log/2025-09-03T220731.546223.snakemake.log
WorkflowError:
At least one job did not complete successfully.
