[iter 0] λ=0.5000 → flips=2264
[iter 1] λ=0.2500 → flips=0
[iter 2] λ=0.3750 → flips=773
[iter 3] λ=0.4375 → flips=1679
[iter 4] λ=0.4688 → flips=2015
[iter 5] λ=0.4531 → flips=1811
[iter 6] λ=0.4609 → flips=1920
[iter 7] λ=0.4648 → flips=1966
[iter 8] λ=0.4668 → flips=1987
[iter 9] λ=0.4678 → flips=1999
[iter 10] λ=0.4683 → flips=2007
[iter 11] λ=0.4680 → flips=2005
[iter 12] λ=0.4679 → flips=2001
[iter 13] λ=0.4678 → flips=2001
[iter 14] λ=0.4678 → flips=1999
[iter 15] λ=0.4678 → flips=2001
[iter 16] λ=0.4678 → flips=2001
[iter 17] λ=0.4678 → flips=1999
[iter 18] λ=0.4678 → flips=1999
[iter 19] λ=0.4678 → flips=2001

Best λ=0.4678 → flips=1999, correct=1730/2000
Number of flips performed: 1999
Metrics: {'precision': 0.8654327163581791, 'recall': 0.865, 'f1': 0.865216304076019, 'TP': 1730, 'FP': 269, 'FN': 270}
[Elbow detection] flip ≈ 2423, λ ≈ 0.5306122448979591
Number of flips performed (elbow): 2423
Elbow Metrics: {'precision': 0.7779612051176228, 'recall': 0.9425, 'f1': 0.8523626497852137, 'TP': 1885, 'FP': 538, 'FN': 115}
