[iter 0] λ=0.5000 → flips=1233
[iter 1] λ=0.7500 → flips=3099
[iter 2] λ=0.6250 → flips=2212
[iter 3] λ=0.5625 → flips=1732
[iter 4] λ=0.5938 → flips=1971
[iter 5] λ=0.6094 → flips=2071
[iter 6] λ=0.6016 → flips=2011
[iter 7] λ=0.5977 → flips=1990
[iter 8] λ=0.5996 → flips=1998
[iter 9] λ=0.6006 → flips=2010
[iter 10] λ=0.6001 → flips=2008
[iter 11] λ=0.5999 → flips=2006
[iter 12] λ=0.5997 → flips=2006
[iter 13] λ=0.5997 → flips=1998
[iter 14] λ=0.5997 → flips=2006
[iter 15] λ=0.5997 → flips=2006
[iter 16] λ=0.5997 → flips=2006
[iter 17] λ=0.5997 → flips=2006
[iter 18] λ=0.5997 → flips=1998
[iter 19] λ=0.5997 → flips=1998

Best λ=0.5996 → flips=1998, correct=1565/2000
Number of flips performed: 1998
Metrics: {'precision': 0.7832832832832833, 'recall': 0.7825, 'f1': 0.7828914457228615, 'TP': 1565, 'FP': 433, 'FN': 435}
[Elbow detection] flip ≈ 2755, λ ≈ 0.7142857142857142
Number of flips performed (elbow): 2755
Elbow Metrics: {'precision': 0.6511796733212342, 'recall': 0.897, 'f1': 0.7545741324921136, 'TP': 1794, 'FP': 961, 'FN': 206}
