Matrix saved as results/108/corrupt1000/r010.5_r100.4/original_matrix.svg
Matrix saved as results/108/corrupt1000/r010.5_r100.4/corrupted.svg
[iter 0] λ=0.5000 → flips=117
[iter 1] λ=0.7500 → flips=1242
[iter 2] λ=0.6250 → flips=455
[iter 3] λ=0.6875 → flips=693
[iter 4] λ=0.7188 → flips=943
[iter 5] λ=0.7344 → flips=1004
[iter 6] λ=0.7266 → flips=954
[iter 7] λ=0.7305 → flips=965
[iter 8] λ=0.7324 → flips=995
[iter 9] λ=0.7334 → flips=995
[iter 10] λ=0.7339 → flips=1004
[iter 11] λ=0.7336 → flips=1004
[iter 12] λ=0.7335 → flips=995
[iter 13] λ=0.7336 → flips=995
[iter 14] λ=0.7336 → flips=1004
[iter 15] λ=0.7336 → flips=995
[iter 16] λ=0.7336 → flips=1004
[iter 17] λ=0.7336 → flips=995
[iter 18] λ=0.7336 → flips=995
[iter 19] λ=0.7336 → flips=1004

Best λ=0.7344 → flips=1004, correct=641/1000
Number of flips performed: 1004
Matrix saved as results/108/corrupt1000/r010.5_r100.4/flipped_matrix.svg
Metrics: {'precision': 0.6384462151394422, 'recall': 0.641, 'f1': 0.6397205588822354, 'TP': 641, 'FP': 363, 'FN': 359}
[Elbow detection] flip ≈ 872, λ ≈ 0.7142857142857142
Number of flips performed (elbow): 872
Matrix saved as results/108/corrupt1000/r010.5_r100.4/flipped_matrix_elbow.svg
Elbow Metrics: {'precision': 0.6915137614678899, 'recall': 0.603, 'f1': 0.6442307692307693, 'TP': 603, 'FP': 269, 'FN': 397}
