[iter 0] λ=0.5000 → flips=4
[iter 1] λ=0.7500 → flips=38
[iter 2] λ=0.8750 → flips=4527
[iter 3] λ=0.9375 → flips=20395
[iter 4] λ=0.9062 → flips=17727
[iter 5] λ=0.8906 → flips=10073
[iter 6] λ=0.8828 → flips=4802
[iter 7] λ=0.8867 → flips=8247
[iter 8] λ=0.8887 → flips=8247
[iter 9] λ=0.8896 → flips=8597
[iter 10] λ=0.8901 → flips=8597
[iter 11] λ=0.8904 → flips=8597
[iter 12] λ=0.8905 → flips=8597
[iter 13] λ=0.8906 → flips=10073
[iter 14] λ=0.8905 → flips=8597
[iter 15] λ=0.8905 → flips=10073
[iter 16] λ=0.8905 → flips=8597
[iter 17] λ=0.8905 → flips=8597
[iter 18] λ=0.8905 → flips=8597
[iter 19] λ=0.8905 → flips=10073

Best λ=0.8906 → flips=10073, correct=6672/10000
Number of flips performed: 10073
Metrics: {'precision': 0.662364737416857, 'recall': 0.6672, 'f1': 0.6647735764459723, 'TP': 6672, 'FP': 3401, 'FN': 3328}
[Elbow detection] flip ≈ 4723, λ ≈ 0.8775510204081632
Number of flips performed (elbow): 4723
Elbow Metrics: {'precision': 0.8435316536099936, 'recall': 0.3984, 'f1': 0.5411940501256537, 'TP': 3984, 'FP': 739, 'FN': 6016}
