[iter 0] λ=0.5000 → flips=5059
[iter 1] λ=0.2500 → flips=0
[iter 2] λ=0.3750 → flips=2437
[iter 3] λ=0.4375 → flips=3783
[iter 4] λ=0.4688 → flips=4649
[iter 5] λ=0.4844 → flips=4896
[iter 6] λ=0.4922 → flips=4992
[iter 7] λ=0.4961 → flips=5033
[iter 8] λ=0.4941 → flips=5019
[iter 9] λ=0.4932 → flips=5015
[iter 10] λ=0.4927 → flips=5015
[iter 11] λ=0.4924 → flips=5007
[iter 12] λ=0.4923 → flips=4999
[iter 13] λ=0.4924 → flips=5007
[iter 14] λ=0.4923 → flips=5007
[iter 15] λ=0.4923 → flips=5007
[iter 16] λ=0.4923 → flips=4999
[iter 17] λ=0.4923 → flips=5007
[iter 18] λ=0.4923 → flips=4999
[iter 19] λ=0.4923 → flips=5007

Best λ=0.4923 → flips=4999, correct=4692/5000
Number of flips performed: 4999
Metrics: {'precision': 0.9385877175435087, 'recall': 0.9384, 'f1': 0.9384938493849385, 'TP': 4692, 'FP': 307, 'FN': 308}
[Elbow detection] flip ≈ 3532, λ ≈ 0.42857142857142855
Number of flips performed (elbow): 3532
Elbow Metrics: {'precision': 0.9722536806342016, 'recall': 0.6868, 'f1': 0.8049695264885138, 'TP': 3434, 'FP': 98, 'FN': 1566}
