[iter 0] λ=0.5000 → flips=961
[iter 1] λ=0.7500 → flips=2389
[iter 2] λ=0.6250 → flips=1357
[iter 3] λ=0.5625 → flips=1147
[iter 4] λ=0.5312 → flips=1071
[iter 5] λ=0.5156 → flips=1033
[iter 6] λ=0.5078 → flips=1014
[iter 7] λ=0.5039 → flips=996
[iter 8] λ=0.5059 → flips=1001
[iter 9] λ=0.5049 → flips=999
[iter 10] λ=0.5054 → flips=999
[iter 11] λ=0.5056 → flips=1001
[iter 12] λ=0.5055 → flips=999
[iter 13] λ=0.5056 → flips=999
[iter 14] λ=0.5056 → flips=1001
[iter 15] λ=0.5056 → flips=1001
[iter 16] λ=0.5056 → flips=1001
[iter 17] λ=0.5056 → flips=1001
[iter 18] λ=0.5056 → flips=999
[iter 19] λ=0.5056 → flips=999

Best λ=0.5059 → flips=1001, correct=755/1000
Number of flips performed: 1001
Metrics: {'precision': 0.7542457542457542, 'recall': 0.755, 'f1': 0.7546226886556722, 'TP': 755, 'FP': 246, 'FN': 245}
[Elbow detection] flip ≈ 5159, λ ≈ 0.8163265306122448
Number of flips performed (elbow): 5159
Elbow Metrics: {'precision': 0.1849195580538864, 'recall': 0.954, 'f1': 0.3097905504140282, 'TP': 954, 'FP': 4205, 'FN': 46}
