Matrix saved as results/141/corrupt100/r010.5_r100.3/original_matrix.svg
Matrix saved as results/141/corrupt100/r010.5_r100.3/corrupted.svg
[iter 0] λ=0.5000 → flips=149
[iter 1] λ=0.2500 → flips=0
[iter 2] λ=0.3750 → flips=1
[iter 3] λ=0.4375 → flips=37
[iter 4] λ=0.4688 → flips=72
[iter 5] λ=0.4844 → flips=114
[iter 6] λ=0.4766 → flips=91
[iter 7] λ=0.4805 → flips=98
[iter 8] λ=0.4824 → flips=104
[iter 9] λ=0.4814 → flips=101
[iter 10] λ=0.4810 → flips=99
[iter 11] λ=0.4812 → flips=101
[iter 12] λ=0.4811 → flips=99
[iter 13] λ=0.4811 → flips=101
[iter 14] λ=0.4811 → flips=99
[iter 15] λ=0.4811 → flips=101
[iter 16] λ=0.4811 → flips=100

Best λ=0.4811 → flips=100, correct=55/100
Number of flips performed: 100
Matrix saved as results/141/corrupt100/r010.5_r100.3/flipped_matrix.svg
Metrics: {'precision': 0.55, 'recall': 0.55, 'f1': 0.55, 'TP': 55, 'FP': 45, 'FN': 45}
[Elbow detection] flip ≈ 664, λ ≈ 0.6530612244897959
Number of flips performed (elbow): 664
Matrix saved as results/141/corrupt100/r010.5_r100.3/flipped_matrix_elbow.svg
Elbow Metrics: {'precision': 0.12951807228915663, 'recall': 0.86, 'f1': 0.22513089005235604, 'TP': 86, 'FP': 578, 'FN': 14}
