Matrix saved as results/64/corrupt100/r010.7_r100.6/original_matrix.svg
Matrix saved as results/64/corrupt100/r010.7_r100.6/corrupted.svg
[iter 0] λ=0.5000 → flips=52
[iter 1] λ=0.7500 → flips=463
[iter 2] λ=0.6250 → flips=124
[iter 3] λ=0.5625 → flips=73
[iter 4] λ=0.5938 → flips=91
[iter 5] λ=0.6094 → flips=108
[iter 6] λ=0.6016 → flips=107
[iter 7] λ=0.5977 → flips=104
[iter 8] λ=0.5957 → flips=91
[iter 9] λ=0.5967 → flips=100

Best λ=0.5967 → flips=100, correct=40/100
Number of flips performed: 100
Matrix saved as results/64/corrupt100/r010.7_r100.6/flipped_matrix.svg
Metrics: {'precision': 0.4, 'recall': 0.4, 'f1': 0.4000000000000001, 'TP': 40, 'FP': 60, 'FN': 60}
[Elbow detection] flip ≈ 783, λ ≈ 0.7959183673469387
Number of flips performed (elbow): 783
Matrix saved as results/64/corrupt100/r010.7_r100.6/flipped_matrix_elbow.svg
Elbow Metrics: {'precision': 0.10217113665389528, 'recall': 0.8, 'f1': 0.1812004530011325, 'TP': 80, 'FP': 703, 'FN': 20}
