Matrix saved as results/119/corrupt1000/r010.5_r100.3/original_matrix.svg
Matrix saved as results/119/corrupt1000/r010.5_r100.3/corrupted.svg
[iter 0] λ=0.5000 → flips=113
[iter 1] λ=0.7500 → flips=1812
[iter 2] λ=0.6250 → flips=559
[iter 3] λ=0.6875 → flips=1041
[iter 4] λ=0.6562 → flips=847
[iter 5] λ=0.6719 → flips=940
[iter 6] λ=0.6797 → flips=1026
[iter 7] λ=0.6758 → flips=964
[iter 8] λ=0.6777 → flips=998
[iter 9] λ=0.6787 → flips=1006
[iter 10] λ=0.6782 → flips=998
[iter 11] λ=0.6785 → flips=998
[iter 12] λ=0.6786 → flips=998
[iter 13] λ=0.6786 → flips=1006
[iter 14] λ=0.6786 → flips=998
[iter 15] λ=0.6786 → flips=998
[iter 16] λ=0.6786 → flips=1006
[iter 17] λ=0.6786 → flips=1006
[iter 18] λ=0.6786 → flips=998
[iter 19] λ=0.6786 → flips=998

Best λ=0.6777 → flips=998, correct=695/1000
Number of flips performed: 998
Matrix saved as results/119/corrupt1000/r010.5_r100.3/flipped_matrix.svg
Metrics: {'precision': 0.6963927855711423, 'recall': 0.695, 'f1': 0.6956956956956958, 'TP': 695, 'FP': 303, 'FN': 305}
[Elbow detection] flip ≈ 1104, λ ≈ 0.6938775510204082
Number of flips performed (elbow): 1104
Matrix saved as results/119/corrupt1000/r010.5_r100.3/flipped_matrix_elbow.svg
Elbow Metrics: {'precision': 0.6530797101449275, 'recall': 0.721, 'f1': 0.685361216730038, 'TP': 721, 'FP': 383, 'FN': 279}
