Matrix saved as results/20/corrupt1000/r010.7_r100.3/original_matrix.svg
Matrix saved as results/20/corrupt1000/r010.7_r100.3/corrupted.svg
[iter 0] λ=0.5000 → flips=563
[iter 1] λ=0.7500 → flips=1854
[iter 2] λ=0.6250 → flips=1247
[iter 3] λ=0.5625 → flips=881
[iter 4] λ=0.5938 → flips=1013
[iter 5] λ=0.5781 → flips=965
[iter 6] λ=0.5859 → flips=986
[iter 7] λ=0.5898 → flips=1004
[iter 8] λ=0.5879 → flips=992
[iter 9] λ=0.5889 → flips=992
[iter 10] λ=0.5894 → flips=997
[iter 11] λ=0.5896 → flips=997
[iter 12] λ=0.5897 → flips=997
[iter 13] λ=0.5898 → flips=1004
[iter 14] λ=0.5898 → flips=1004
[iter 15] λ=0.5897 → flips=1004
[iter 16] λ=0.5897 → flips=1004
[iter 17] λ=0.5897 → flips=997
[iter 18] λ=0.5897 → flips=997
[iter 19] λ=0.5897 → flips=1004

Best λ=0.5894 → flips=997, correct=845/1000
Number of flips performed: 997
Matrix saved as results/20/corrupt1000/r010.7_r100.3/flipped_matrix.svg
Metrics: {'precision': 0.847542627883651, 'recall': 0.845, 'f1': 0.8462694041061593, 'TP': 845, 'FP': 152, 'FN': 155}
[Elbow detection] flip ≈ 938, λ ≈ 0.5714285714285714
Number of flips performed (elbow): 938
Matrix saved as results/20/corrupt1000/r010.7_r100.3/flipped_matrix_elbow.svg
Elbow Metrics: {'precision': 0.8571428571428571, 'recall': 0.804, 'f1': 0.8297213622291022, 'TP': 804, 'FP': 134, 'FN': 196}
