Matrix saved as results/64/corrupt500/r010.4_r100.5/original_matrix.svg
Matrix saved as results/64/corrupt500/r010.4_r100.5/corrupted.svg
[iter 0] λ=0.5000 → flips=21
[iter 1] λ=0.7500 → flips=323
[iter 2] λ=0.8750 → flips=1380
[iter 3] λ=0.8125 → flips=677
[iter 4] λ=0.7812 → flips=393
[iter 5] λ=0.7969 → flips=464
[iter 6] λ=0.8047 → flips=471
[iter 7] λ=0.8086 → flips=655
[iter 8] λ=0.8066 → flips=650
[iter 9] λ=0.8057 → flips=485
[iter 10] λ=0.8062 → flips=485
[iter 11] λ=0.8064 → flips=650
[iter 12] λ=0.8063 → flips=591
[iter 13] λ=0.8062 → flips=591
[iter 14] λ=0.8062 → flips=591
[iter 15] λ=0.8062 → flips=591
[iter 16] λ=0.8062 → flips=485
[iter 17] λ=0.8062 → flips=591
[iter 18] λ=0.8062 → flips=485
[iter 19] λ=0.8062 → flips=591

Best λ=0.8057 → flips=485, correct=267/500
Number of flips performed: 485
Matrix saved as results/64/corrupt500/r010.4_r100.5/flipped_matrix.svg
Metrics: {'precision': 0.5505154639175258, 'recall': 0.534, 'f1': 0.5421319796954316, 'TP': 267, 'FP': 218, 'FN': 233}
[Elbow detection] flip ≈ 1380, λ ≈ 0.8775510204081632
Number of flips performed (elbow): 1380
Matrix saved as results/64/corrupt500/r010.4_r100.5/flipped_matrix_elbow.svg
Elbow Metrics: {'precision': 0.26594202898550723, 'recall': 0.734, 'f1': 0.3904255319148936, 'TP': 367, 'FP': 1013, 'FN': 133}
