[iter 0] λ=0.5000 → flips=839
[iter 1] λ=0.7500 → flips=1830
[iter 2] λ=0.6250 → flips=1193
[iter 3] λ=0.5625 → flips=1040
[iter 4] λ=0.5312 → flips=926
[iter 5] λ=0.5469 → flips=1007
[iter 6] λ=0.5391 → flips=981
[iter 7] λ=0.5430 → flips=993
[iter 8] λ=0.5449 → flips=1003
[iter 9] λ=0.5439 → flips=998
[iter 10] λ=0.5444 → flips=1003
[iter 11] λ=0.5442 → flips=998
[iter 12] λ=0.5443 → flips=1001
[iter 13] λ=0.5443 → flips=1001
[iter 14] λ=0.5442 → flips=999
[iter 15] λ=0.5442 → flips=1001
[iter 16] λ=0.5442 → flips=1001
[iter 17] λ=0.5442 → flips=1001
[iter 18] λ=0.5442 → flips=999
[iter 19] λ=0.5442 → flips=999

Best λ=0.5443 → flips=1001, correct=717/1000
Number of flips performed: 1001
Metrics: {'precision': 0.7162837162837162, 'recall': 0.717, 'f1': 0.7166416791604198, 'TP': 717, 'FP': 284, 'FN': 283}
[Elbow detection] flip ≈ 3215, λ ≈ 0.8163265306122448
Number of flips performed (elbow): 3215
Elbow Metrics: {'precision': 0.29766718506998446, 'recall': 0.957, 'f1': 0.4540925266903914, 'TP': 957, 'FP': 2258, 'FN': 43}
