Matrix saved as results/163/corrupt800/r010.6_r100.6/original_matrix.svg
Matrix saved as results/163/corrupt800/r010.6_r100.6/corrupted.svg
[iter 0] λ=0.5000 → flips=156
[iter 1] λ=0.7500 → flips=1466
[iter 2] λ=0.6250 → flips=435
[iter 3] λ=0.6875 → flips=902
[iter 4] λ=0.6562 → flips=592
[iter 5] λ=0.6719 → flips=810
[iter 6] λ=0.6641 → flips=669
[iter 7] λ=0.6680 → flips=776
[iter 8] λ=0.6699 → flips=787
[iter 9] λ=0.6709 → flips=795
[iter 10] λ=0.6714 → flips=795
[iter 11] λ=0.6716 → flips=795
[iter 12] λ=0.6718 → flips=810
[iter 13] λ=0.6717 → flips=795
[iter 14] λ=0.6717 → flips=795
[iter 15] λ=0.6717 → flips=795
[iter 16] λ=0.6717 → flips=795
[iter 17] λ=0.6717 → flips=810
[iter 18] λ=0.6717 → flips=795
[iter 19] λ=0.6717 → flips=810

Best λ=0.6709 → flips=795, correct=558/800
Number of flips performed: 795
Matrix saved as results/163/corrupt800/r010.6_r100.6/flipped_matrix.svg
Metrics: {'precision': 0.7018867924528301, 'recall': 0.6975, 'f1': 0.6996865203761755, 'TP': 558, 'FP': 237, 'FN': 242}
[Elbow detection] flip ≈ 1133, λ ≈ 0.7142857142857142
Number of flips performed (elbow): 1133
Matrix saved as results/163/corrupt800/r010.6_r100.6/flipped_matrix_elbow.svg
Elbow Metrics: {'precision': 0.5798764342453663, 'recall': 0.82125, 'f1': 0.6797723745473356, 'TP': 657, 'FP': 476, 'FN': 143}
