[iter 0] λ=0.5000 → flips=491
[iter 1] λ=0.7500 → flips=1284
[iter 2] λ=0.6250 → flips=707
[iter 3] λ=0.5625 → flips=575
[iter 4] λ=0.5312 → flips=543
[iter 5] λ=0.5156 → flips=520
[iter 6] λ=0.5078 → flips=497
[iter 7] λ=0.5117 → flips=509
[iter 8] λ=0.5098 → flips=501
[iter 9] λ=0.5088 → flips=497
[iter 10] λ=0.5093 → flips=497
[iter 11] λ=0.5095 → flips=497
[iter 12] λ=0.5096 → flips=501
[iter 13] λ=0.5096 → flips=497
[iter 14] λ=0.5096 → flips=497
[iter 15] λ=0.5096 → flips=497
[iter 16] λ=0.5096 → flips=497
[iter 17] λ=0.5096 → flips=497
[iter 18] λ=0.5096 → flips=501
[iter 19] λ=0.5096 → flips=501

Best λ=0.5098 → flips=501, correct=368/500
Number of flips performed: 501
Metrics: {'precision': 0.7345309381237525, 'recall': 0.736, 'f1': 0.7352647352647351, 'TP': 368, 'FP': 133, 'FN': 132}
[Elbow detection] flip ≈ 4972, λ ≈ 0.8775510204081632
Number of flips performed (elbow): 4972
Elbow Metrics: {'precision': 0.09714400643604183, 'recall': 0.966, 'f1': 0.17653508771929824, 'TP': 483, 'FP': 4489, 'FN': 17}
