[iter 0] λ=0.5000 → flips=702
[iter 1] λ=0.7500 → flips=1878
[iter 2] λ=0.6250 → flips=1225
[iter 3] λ=0.5625 → flips=971
[iter 4] λ=0.5938 → flips=1100
[iter 5] λ=0.5781 → flips=1070
[iter 6] λ=0.5703 → flips=989
[iter 7] λ=0.5742 → flips=1051
[iter 8] λ=0.5723 → flips=1014
[iter 9] λ=0.5713 → flips=987
[iter 10] λ=0.5718 → flips=1004
[iter 11] λ=0.5715 → flips=1004
[iter 12] λ=0.5714 → flips=1004
[iter 13] λ=0.5714 → flips=1002
[iter 14] λ=0.5713 → flips=987
[iter 15] λ=0.5713 → flips=1002
[iter 16] λ=0.5713 → flips=1002
[iter 17] λ=0.5713 → flips=1002
[iter 18] λ=0.5713 → flips=1009
[iter 19] λ=0.5713 → flips=1002

Best λ=0.5714 → flips=1002, correct=676/1000
Number of flips performed: 1002
Metrics: {'precision': 0.6746506986027944, 'recall': 0.676, 'f1': 0.6753246753246753, 'TP': 676, 'FP': 326, 'FN': 324}
[Elbow detection] flip ≈ 5771, λ ≈ 0.8163265306122448
Number of flips performed (elbow): 5771
Elbow Metrics: {'precision': 0.1595910587419858, 'recall': 0.921, 'f1': 0.2720425343376163, 'TP': 921, 'FP': 4850, 'FN': 79}
