[iter 0] λ=0.5000 → flips=51
[iter 1] λ=0.7500 → flips=4344
[iter 2] λ=0.8750 → flips=17108
[iter 3] λ=0.8125 → flips=11702
[iter 4] λ=0.7812 → flips=7068
[iter 5] λ=0.7969 → flips=10761
[iter 6] λ=0.7891 → flips=8203
[iter 7] λ=0.7930 → flips=9279
[iter 8] λ=0.7949 → flips=10676
[iter 9] λ=0.7939 → flips=9125
[iter 10] λ=0.7944 → flips=9036
[iter 11] λ=0.7947 → flips=9283
[iter 12] λ=0.7948 → flips=10829
[iter 13] λ=0.7947 → flips=9192
[iter 14] λ=0.7948 → flips=9191
[iter 15] λ=0.7948 → flips=9429
[iter 16] λ=0.7948 → flips=9280
[iter 17] λ=0.7948 → flips=9194
[iter 18] λ=0.7948 → flips=9917
[iter 19] λ=0.7948 → flips=10585

Best λ=0.7948 → flips=9917, correct=8112/10000
Number of flips performed: 9917
Metrics: {'precision': 0.8179893112836544, 'recall': 0.8112, 'f1': 0.8145805091128182, 'TP': 8112, 'FP': 1805, 'FN': 1888}
[Elbow detection] flip ≈ 9280, λ ≈ 0.7959183673469387
Number of flips performed (elbow): 9280
Elbow Metrics: {'precision': 0.8272629310344828, 'recall': 0.7677, 'f1': 0.7963692946058092, 'TP': 7677, 'FP': 1603, 'FN': 2323}
