[iter 0] λ=0.5000 → flips=1196
[iter 1] λ=0.7500 → flips=3033
[iter 2] λ=0.6250 → flips=1996
[iter 3] λ=0.6875 → flips=2410
[iter 4] λ=0.6562 → flips=2159
[iter 5] λ=0.6406 → flips=2071
[iter 6] λ=0.6328 → flips=2026
[iter 7] λ=0.6289 → flips=2019
[iter 8] λ=0.6270 → flips=2015
[iter 9] λ=0.6260 → flips=2007
[iter 10] λ=0.6255 → flips=2006
[iter 11] λ=0.6252 → flips=2006
[iter 12] λ=0.6251 → flips=2008
[iter 13] λ=0.6251 → flips=1996
[iter 14] λ=0.6251 → flips=1996
[iter 15] λ=0.6251 → flips=2002
[iter 16] λ=0.6251 → flips=2002
[iter 17] λ=0.6251 → flips=2002
[iter 18] λ=0.6251 → flips=2002
[iter 19] λ=0.6251 → flips=1997

Best λ=0.6251 → flips=2002, correct=1560/2000
Number of flips performed: 2002
Metrics: {'precision': 0.7792207792207793, 'recall': 0.78, 'f1': 0.7796101949025488, 'TP': 1560, 'FP': 442, 'FN': 440}
[Elbow detection] flip ≈ 2569, λ ≈ 0.7142857142857142
Number of flips performed (elbow): 2569
Elbow Metrics: {'precision': 0.6885947839626314, 'recall': 0.8845, 'f1': 0.7743488728386955, 'TP': 1769, 'FP': 800, 'FN': 231}
