Matrix saved as results/86/corrupt10/r010.3_r100.3/original_matrix.png
Matrix saved as results/86/corrupt10/r010.3_r100.3/corrupted.png
[iter 0] λ=0.5000 → flips=14
[iter 1] λ=0.2500 → flips=0
[iter 2] λ=0.3750 → flips=7
[iter 3] λ=0.4375 → flips=9
[iter 4] λ=0.4688 → flips=11
[iter 5] λ=0.4531 → flips=11
[iter 6] λ=0.4453 → flips=11
[iter 7] λ=0.4414 → flips=11
[iter 8] λ=0.4395 → flips=11
[iter 9] λ=0.4385 → flips=11
[iter 10] λ=0.4380 → flips=9
[iter 11] λ=0.4382 → flips=11
[iter 12] λ=0.4381 → flips=11
[iter 13] λ=0.4380 → flips=9
[iter 14] λ=0.4381 → flips=9
[iter 15] λ=0.4381 → flips=11
[iter 16] λ=0.4381 → flips=11
[iter 17] λ=0.4381 → flips=9
[iter 18] λ=0.4381 → flips=9
[iter 19] λ=0.4381 → flips=9

Best λ=0.4375 → flips=9, correct=3/10
Number of flips performed: 9
Cell (Nymphalis_polychloros,Rosaceae): 0 -> 1
Cell (Nymphalis_polychloros,Boraginaceae): 0 -> 1
Cell (Nymphalis_californica,Amborellaceae): 0 -> 1
Cell (Nymphalis_californica,Rosaceae): 0 -> 1
Cell (Nymphalis_antiopa,Smilacaceae): 0 -> 1
Cell (Nymphalis_antiopa,Potamogetonaceae): 0 -> 1
Cell (Nymphalis_antiopa,Ceratophyllaceae): 0 -> 1
Cell (Nymphalis_antiopa,Salicaceae): 0 -> 1
Cell (Nymphalis_antiopa,Malvaceae): 0 -> 1
Matrix saved as results/86/corrupt10/r010.3_r100.3/flipped_matrix.png
Metrics: {'precision': 0.3333333333333333, 'recall': 0.3, 'f1': 0.3157894736842105, 'TP': 3, 'FP': 6, 'FN': 7}
[Elbow detection] flip ≈ 25, λ ≈ 0.5714285714285714
Number of flips performed (elbow): 25
Cell (Nymphalis_l_album,Schisandraceae): 0 -> 1
Cell (Nymphalis_l_album,Siparunaceae): 0 -> 1
Cell (Nymphalis_l_album,Potamogetonaceae): 0 -> 1
Cell (Nymphalis_l_album,Ceratophyllaceae): 0 -> 1
Cell (Nymphalis_l_album,Ulmaceae): 0 -> 1
Cell (Nymphalis_l_album,Urticaceae): 0 -> 1
Cell (Nymphalis_l_album,Grossulariaceae): 0 -> 1
Cell (Nymphalis_polychloros,Rosaceae): 0 -> 1
Cell (Nymphalis_polychloros,Urticaceae): 0 -> 1
Cell (Nymphalis_polychloros,Betulaceae): 0 -> 1
Cell (Nymphalis_polychloros,Grossulariaceae): 0 -> 1
Cell (Nymphalis_polychloros,Boraginaceae): 0 -> 1
Cell (Nymphalis_californica,Amborellaceae): 0 -> 1
Cell (Nymphalis_californica,Rosaceae): 0 -> 1
Cell (Nymphalis_californica,Urticaceae): 0 -> 1
Cell (Nymphalis_californica,Betulaceae): 0 -> 1
Cell (Nymphalis_xanthomelas,Aristolochiaceae): 0 -> 1
Cell (Nymphalis_xanthomelas,Betulaceae): 0 -> 1
Cell (Nymphalis_antiopa,Aristolochiaceae): 0 -> 1
Cell (Nymphalis_antiopa,Smilacaceae): 0 -> 1
Cell (Nymphalis_antiopa,Potamogetonaceae): 0 -> 1
Cell (Nymphalis_antiopa,Ceratophyllaceae): 0 -> 1
Cell (Nymphalis_antiopa,Urticaceae): 0 -> 1
Cell (Nymphalis_antiopa,Salicaceae): 0 -> 1
Cell (Nymphalis_antiopa,Malvaceae): 0 -> 1
Matrix saved as results/86/corrupt10/r010.3_r100.3/flipped_matrix_elbow.png
Elbow Metrics: {'precision': 0.32, 'recall': 0.8, 'f1': 0.45714285714285713, 'TP': 8, 'FP': 17, 'FN': 2}
