Matrix saved as results/31/corrupt50/r010.3_r100.6/original_matrix.png
Matrix saved as results/31/corrupt50/r010.3_r100.6/corrupted.png
[iter 0] λ=0.5000 → flips=122
[iter 1] λ=0.2500 → flips=0
[iter 2] λ=0.3750 → flips=60
[iter 3] λ=0.3125 → flips=0
[iter 4] λ=0.3438 → flips=0
[iter 5] λ=0.3594 → flips=12
[iter 6] λ=0.3672 → flips=43
[iter 7] λ=0.3711 → flips=56
[iter 8] λ=0.3691 → flips=48
[iter 9] λ=0.3701 → flips=52
[iter 10] λ=0.3696 → flips=51
[iter 11] λ=0.3694 → flips=49
[iter 12] λ=0.3695 → flips=50

Best λ=0.3695 → flips=50, correct=20/50
Number of flips performed: 50
Cell (Aglais_milberti,Asteraceae): 0 -> 1
Cell (Nymphalis_polychloros,Malvaceae): 0 -> 1
Cell (Nymphalis_polychloros,Ericaceae): 0 -> 1
Cell (Nymphalis_californica,Schisandraceae): 0 -> 1
Cell (Nymphalis_californica,Ulmaceae): 0 -> 1
Cell (Nymphalis_xanthomelas,Amborellaceae): 0 -> 1
Cell (Nymphalis_xanthomelas,Aristolochiaceae): 0 -> 1
Cell (Nymphalis_xanthomelas,Ceratophyllaceae): 0 -> 1
Cell (Nymphalis_xanthomelas,Cannabaceae): 0 -> 1
Cell (Nymphalis_antiopa,Rosaceae): 0 -> 1
Cell (Nymphalis_antiopa,Urticaceae): 0 -> 1
Cell (Nymphalis_antiopa,Ericaceae): 0 -> 1
Cell (Polygonia_c_aureum,Rosaceae): 0 -> 1
Cell (Polygonia_c_aureum,Salicaceae): 0 -> 1
Cell (Polygonia_egea,Rhamnaceae): 0 -> 1
Cell (Polygonia_egea,Ulmaceae): 0 -> 1
Cell (Polygonia_faunus,Cannabaceae): 0 -> 1
Cell (Polygonia_faunus,Plantaginaceae): 0 -> 1
Cell (Polygonia_c_album,Amborellaceae): 0 -> 1
Cell (Polygonia_c_album,Siparunaceae): 0 -> 1
Cell (Polygonia_c_album,Acoraceae): 0 -> 1
Cell (Polygonia_c_album,Rosaceae): 0 -> 1
Cell (Polygonia_c_album,Grossulariaceae): 0 -> 1
Cell (Polygonia_c_album,Boraginaceae): 0 -> 1
Cell (Polygonia_satyrus,Acoraceae): 0 -> 1
Cell (Polygonia_satyrus,Rosaceae): 0 -> 1
Cell (Polygonia_satyrus,Ulmaceae): 0 -> 1
Cell (Polygonia_satyrus,Betulaceae): 0 -> 1
Cell (Polygonia_satyrus,Grossulariaceae): 0 -> 1
Cell (Polygonia_satyrus,Ericaceae): 0 -> 1
Cell (Polygonia_interrogationis,Smilacaceae): 0 -> 1
Cell (Polygonia_interrogationis,Ericaceae): 0 -> 1
Cell (Polygonia_comma,Aristolochiaceae): 0 -> 1
Cell (Polygonia_comma,Typhaceae): 0 -> 1
Cell (Polygonia_comma,Potamogetonaceae): 0 -> 1
Cell (Polygonia_oreas,Schisandraceae): 0 -> 1
Cell (Polygonia_oreas,Typhaceae): 0 -> 1
Cell (Polygonia_oreas,Salicaceae): 0 -> 1
Cell (Polygonia_oreas,Boraginaceae): 0 -> 1
Cell (Polygonia_progne,Nymphaeaceae): 0 -> 1
Cell (Polygonia_progne,Aristolochiaceae): 0 -> 1
Cell (Polygonia_progne,Smilacaceae): 0 -> 1
Cell (Polygonia_progne,Ericaceae): 0 -> 1
Cell (Polygonia_zephyrus,Schisandraceae): 0 -> 1
Cell (Polygonia_zephyrus,Typhaceae): 0 -> 1
Cell (Polygonia_zephyrus,Fabaceae): 0 -> 1
Cell (Polygonia_zephyrus,Malvaceae): 0 -> 1
Cell (Polygonia_zephyrus,Plantaginaceae): 0 -> 1
Cell (Polygonia_gracilis,Nymphaeaceae): 0 -> 1
Cell (Polygonia_gracilis,Ulmaceae): 0 -> 1
Matrix saved as results/31/corrupt50/r010.3_r100.6/flipped_matrix.png
Metrics: {'precision': 0.4, 'recall': 0.4, 'f1': 0.4000000000000001, 'TP': 20, 'FP': 30, 'FN': 30}
[Elbow detection] flip ≈ 135, λ ≈ 0.5510204081632653
Number of flips performed (elbow): 135
Cell (Aglais_io,Siparunaceae): 0 -> 1
Cell (Aglais_io,Smilacaceae): 0 -> 1
Cell (Aglais_io,Potamogetonaceae): 0 -> 1
Cell (Aglais_io,Acoraceae): 0 -> 1
Cell (Aglais_io,Rhamnaceae): 0 -> 1
Cell (Aglais_io,Cannabaceae): 0 -> 1
Cell (Aglais_io,Urticaceae): 0 -> 1
Cell (Aglais_io,Betulaceae): 0 -> 1
Cell (Aglais_io,Malvaceae): 0 -> 1
Cell (Aglais_io,Plantaginaceae): 0 -> 1
Cell (Aglais_milberti,Nymphaeaceae): 0 -> 1
Cell (Aglais_milberti,Chloranthaceae): 0 -> 1
Cell (Aglais_milberti,Typhaceae): 0 -> 1
Cell (Aglais_milberti,Ceratophyllaceae): 0 -> 1
Cell (Aglais_milberti,Fabaceae): 0 -> 1
Cell (Aglais_milberti,Rosaceae): 0 -> 1
Cell (Aglais_milberti,Asteraceae): 0 -> 1
Cell (Aglais_milberti,Plantaginaceae): 0 -> 1
Cell (Aglais_urticae,Schisandraceae): 0 -> 1
Cell (Aglais_urticae,Chloranthaceae): 0 -> 1
Cell (Aglais_urticae,Typhaceae): 0 -> 1
Cell (Aglais_urticae,Potamogetonaceae): 0 -> 1
Cell (Aglais_urticae,Fabaceae): 0 -> 1
Cell (Aglais_urticae,Rosaceae): 0 -> 1
Cell (Aglais_urticae,Rhamnaceae): 0 -> 1
Cell (Aglais_urticae,Cannabaceae): 0 -> 1
Cell (Aglais_urticae,Salicaceae): 0 -> 1
Cell (Aglais_urticae,Plantaginaceae): 0 -> 1
Cell (Aglais_urticae,Boraginaceae): 0 -> 1
Cell (Kaniska_canace,Nymphaeaceae): 0 -> 1
Cell (Kaniska_canace,Siparunaceae): 0 -> 1
Cell (Kaniska_canace,Aristolochiaceae): 0 -> 1
Cell (Kaniska_canace,Typhaceae): 0 -> 1
Cell (Kaniska_canace,Smilacaceae): 0 -> 1
Cell (Kaniska_canace,Rhamnaceae): 0 -> 1
Cell (Kaniska_canace,Cannabaceae): 0 -> 1
Cell (Kaniska_canace,Urticaceae): 0 -> 1
Cell (Kaniska_canace,Betulaceae): 0 -> 1
Cell (Kaniska_canace,Malvaceae): 0 -> 1
Cell (Kaniska_canace,Grossulariaceae): 0 -> 1
Cell (Kaniska_canace,Ericaceae): 0 -> 1
Cell (Kaniska_canace,Asteraceae): 0 -> 1
Cell (Kaniska_canace,Plantaginaceae): 0 -> 1
Cell (Kaniska_canace,Boraginaceae): 0 -> 1
Cell (Nymphalis_l_album,Schisandraceae): 0 -> 1
Cell (Nymphalis_l_album,Siparunaceae): 0 -> 1
Cell (Nymphalis_l_album,Aristolochiaceae): 0 -> 1
Cell (Nymphalis_l_album,Betulaceae): 0 -> 1
Cell (Nymphalis_l_album,Asteraceae): 0 -> 1
Cell (Nymphalis_l_album,Plantaginaceae): 0 -> 1
Cell (Nymphalis_l_album,Boraginaceae): 0 -> 1
Cell (Nymphalis_polychloros,Chloranthaceae): 0 -> 1
Cell (Nymphalis_polychloros,Typhaceae): 0 -> 1
Cell (Nymphalis_polychloros,Ceratophyllaceae): 0 -> 1
Cell (Nymphalis_polychloros,Rhamnaceae): 0 -> 1
Cell (Nymphalis_polychloros,Ulmaceae): 0 -> 1
Cell (Nymphalis_polychloros,Urticaceae): 0 -> 1
Cell (Nymphalis_polychloros,Betulaceae): 0 -> 1
Cell (Nymphalis_polychloros,Malvaceae): 0 -> 1
Cell (Nymphalis_polychloros,Ericaceae): 0 -> 1
Cell (Nymphalis_polychloros,Plantaginaceae): 0 -> 1
Cell (Nymphalis_californica,Schisandraceae): 0 -> 1
Cell (Nymphalis_californica,Typhaceae): 0 -> 1
Cell (Nymphalis_californica,Ulmaceae): 0 -> 1
Cell (Nymphalis_californica,Betulaceae): 0 -> 1
Cell (Nymphalis_californica,Plantaginaceae): 0 -> 1
Cell (Nymphalis_xanthomelas,Amborellaceae): 0 -> 1
Cell (Nymphalis_xanthomelas,Aristolochiaceae): 0 -> 1
Cell (Nymphalis_xanthomelas,Ceratophyllaceae): 0 -> 1
Cell (Nymphalis_xanthomelas,Cannabaceae): 0 -> 1
Cell (Nymphalis_xanthomelas,Asteraceae): 0 -> 1
Cell (Nymphalis_xanthomelas,Plantaginaceae): 0 -> 1
Cell (Nymphalis_antiopa,Rosaceae): 0 -> 1
Cell (Nymphalis_antiopa,Urticaceae): 0 -> 1
Cell (Nymphalis_antiopa,Ericaceae): 0 -> 1
Cell (Nymphalis_antiopa,Asteraceae): 0 -> 1
Cell (Polygonia_c_aureum,Chloranthaceae): 0 -> 1
Cell (Polygonia_c_aureum,Typhaceae): 0 -> 1
Cell (Polygonia_c_aureum,Ceratophyllaceae): 0 -> 1
Cell (Polygonia_c_aureum,Rosaceae): 0 -> 1
Cell (Polygonia_c_aureum,Cannabaceae): 0 -> 1
Cell (Polygonia_c_aureum,Urticaceae): 0 -> 1
Cell (Polygonia_c_aureum,Salicaceae): 0 -> 1
Cell (Polygonia_c_aureum,Plantaginaceae): 0 -> 1
Cell (Polygonia_egea,Amborellaceae): 0 -> 1
Cell (Polygonia_egea,Nymphaeaceae): 0 -> 1
Cell (Polygonia_egea,Typhaceae): 0 -> 1
Cell (Polygonia_egea,Smilacaceae): 0 -> 1
Cell (Polygonia_egea,Potamogetonaceae): 0 -> 1
Cell (Polygonia_egea,Rhamnaceae): 0 -> 1
Cell (Polygonia_egea,Ulmaceae): 0 -> 1
Cell (Polygonia_egea,Malvaceae): 0 -> 1
Cell (Polygonia_egea,Grossulariaceae): 0 -> 1
Cell (Polygonia_egea,Ericaceae): 0 -> 1
Cell (Polygonia_egea,Plantaginaceae): 0 -> 1
Cell (Polygonia_egea,Boraginaceae): 0 -> 1
Cell (Polygonia_faunus,Cannabaceae): 0 -> 1
Cell (Polygonia_faunus,Plantaginaceae): 0 -> 1
Cell (Polygonia_c_album,Amborellaceae): 0 -> 1
Cell (Polygonia_c_album,Siparunaceae): 0 -> 1
Cell (Polygonia_c_album,Acoraceae): 0 -> 1
Cell (Polygonia_c_album,Rosaceae): 0 -> 1
Cell (Polygonia_c_album,Grossulariaceae): 0 -> 1
Cell (Polygonia_c_album,Boraginaceae): 0 -> 1
Cell (Polygonia_satyrus,Schisandraceae): 0 -> 1
Cell (Polygonia_satyrus,Acoraceae): 0 -> 1
Cell (Polygonia_satyrus,Rosaceae): 0 -> 1
Cell (Polygonia_satyrus,Ulmaceae): 0 -> 1
Cell (Polygonia_satyrus,Betulaceae): 0 -> 1
Cell (Polygonia_satyrus,Grossulariaceae): 0 -> 1
Cell (Polygonia_satyrus,Ericaceae): 0 -> 1
Cell (Polygonia_interrogationis,Schisandraceae): 0 -> 1
Cell (Polygonia_interrogationis,Smilacaceae): 0 -> 1
Cell (Polygonia_interrogationis,Ericaceae): 0 -> 1
Cell (Polygonia_interrogationis,Plantaginaceae): 0 -> 1
Cell (Polygonia_interrogationis,Boraginaceae): 0 -> 1
Cell (Polygonia_comma,Schisandraceae): 0 -> 1
Cell (Polygonia_comma,Aristolochiaceae): 0 -> 1
Cell (Polygonia_comma,Typhaceae): 0 -> 1
Cell (Polygonia_comma,Potamogetonaceae): 0 -> 1
Cell (Polygonia_oreas,Schisandraceae): 0 -> 1
Cell (Polygonia_oreas,Typhaceae): 0 -> 1
Cell (Polygonia_oreas,Salicaceae): 0 -> 1
Cell (Polygonia_oreas,Boraginaceae): 0 -> 1
Cell (Polygonia_progne,Nymphaeaceae): 0 -> 1
Cell (Polygonia_progne,Aristolochiaceae): 0 -> 1
Cell (Polygonia_progne,Smilacaceae): 0 -> 1
Cell (Polygonia_progne,Ericaceae): 0 -> 1
Cell (Polygonia_zephyrus,Schisandraceae): 0 -> 1
Cell (Polygonia_zephyrus,Typhaceae): 0 -> 1
Cell (Polygonia_zephyrus,Fabaceae): 0 -> 1
Cell (Polygonia_zephyrus,Malvaceae): 0 -> 1
Cell (Polygonia_zephyrus,Plantaginaceae): 0 -> 1
Cell (Polygonia_gracilis,Nymphaeaceae): 0 -> 1
Cell (Polygonia_gracilis,Ulmaceae): 0 -> 1
Matrix saved as results/31/corrupt50/r010.3_r100.6/flipped_matrix_elbow.png
Elbow Metrics: {'precision': 0.37037037037037035, 'recall': 1.0, 'f1': 0.5405405405405406, 'TP': 50, 'FP': 85, 'FN': 0}
