[iter 0] λ=0.5000 → flips=5652
[iter 1] λ=0.7500 → flips=12473
[iter 2] λ=0.6250 → flips=9674
[iter 3] λ=0.6875 → flips=10426
[iter 4] λ=0.6562 → flips=10053
[iter 5] λ=0.6406 → flips=9942
[iter 6] λ=0.6484 → flips=10006
[iter 7] λ=0.6445 → flips=10002
[iter 8] λ=0.6426 → flips=9994
[iter 9] λ=0.6436 → flips=10002
[iter 10] λ=0.6431 → flips=10002
[iter 11] λ=0.6428 → flips=10002
[iter 12] λ=0.6427 → flips=10002
[iter 13] λ=0.6426 → flips=10002
[iter 14] λ=0.6426 → flips=10002
[iter 15] λ=0.6426 → flips=9994
[iter 16] λ=0.6426 → flips=9994
[iter 17] λ=0.6426 → flips=10002
[iter 18] λ=0.6426 → flips=10002
[iter 19] λ=0.6426 → flips=9994

Best λ=0.6445 → flips=10002, correct=9471/10000
Number of flips performed: 10002
Metrics: {'precision': 0.9469106178764247, 'recall': 0.9471, 'f1': 0.947005299470053, 'TP': 9471, 'FP': 531, 'FN': 529}
[Elbow detection] flip ≈ 7508, λ ≈ 0.5306122448979591
Number of flips performed (elbow): 7508
Elbow Metrics: {'precision': 0.9920085242408098, 'recall': 0.7448, 'f1': 0.8508110578021476, 'TP': 7448, 'FP': 60, 'FN': 2552}
