[iter 0] λ=0.5000 → flips=2203
[iter 1] λ=0.2500 → flips=0
[iter 2] λ=0.3750 → flips=775
[iter 3] λ=0.4375 → flips=1760
[iter 4] λ=0.4688 → flips=2003
[iter 5] λ=0.4531 → flips=1891
[iter 6] λ=0.4609 → flips=1960
[iter 7] λ=0.4648 → flips=1989
[iter 8] λ=0.4668 → flips=1995
[iter 9] λ=0.4678 → flips=1999
[iter 10] λ=0.4683 → flips=1999
[iter 11] λ=0.4685 → flips=2003
[iter 12] λ=0.4684 → flips=1999
[iter 13] λ=0.4684 → flips=2003
[iter 14] λ=0.4684 → flips=2002
[iter 15] λ=0.4684 → flips=2002
[iter 16] λ=0.4684 → flips=1999
[iter 17] λ=0.4684 → flips=1999
[iter 18] λ=0.4684 → flips=2002
[iter 19] λ=0.4684 → flips=1999

Best λ=0.4678 → flips=1999, correct=1721/2000
Number of flips performed: 1999
Metrics: {'precision': 0.8609304652326163, 'recall': 0.8605, 'f1': 0.8607151787946988, 'TP': 1721, 'FP': 278, 'FN': 279}
[Elbow detection] flip ≈ 3035, λ ≈ 0.6122448979591836
Number of flips performed (elbow): 3035
Elbow Metrics: {'precision': 0.6398682042833608, 'recall': 0.971, 'f1': 0.7714001986097317, 'TP': 1942, 'FP': 1093, 'FN': 58}
