Matrix saved as results/163/corrupt800/r010.5_r100.3/original_matrix.svg
Matrix saved as results/163/corrupt800/r010.5_r100.3/corrupted.svg
[iter 0] λ=0.5000 → flips=458
[iter 1] λ=0.7500 → flips=1545
[iter 2] λ=0.6250 → flips=1206
[iter 3] λ=0.5625 → flips=723
[iter 4] λ=0.5938 → flips=887
[iter 5] λ=0.5781 → flips=782
[iter 6] λ=0.5859 → flips=831
[iter 7] λ=0.5820 → flips=788
[iter 8] λ=0.5840 → flips=818
[iter 9] λ=0.5830 → flips=794
[iter 10] λ=0.5835 → flips=815
[iter 11] λ=0.5833 → flips=813
[iter 12] λ=0.5831 → flips=794
[iter 13] λ=0.5832 → flips=797
[iter 14] λ=0.5832 → flips=813
[iter 15] λ=0.5832 → flips=813
[iter 16] λ=0.5832 → flips=797
[iter 17] λ=0.5832 → flips=797
[iter 18] λ=0.5832 → flips=813
[iter 19] λ=0.5832 → flips=813

Best λ=0.5832 → flips=797, correct=601/800
Number of flips performed: 797
Matrix saved as results/163/corrupt800/r010.5_r100.3/flipped_matrix.svg
Metrics: {'precision': 0.7540777917189461, 'recall': 0.75125, 'f1': 0.7526612398246713, 'TP': 601, 'FP': 196, 'FN': 199}
[Elbow detection] flip ≈ 1076, λ ≈ 0.6122448979591836
Number of flips performed (elbow): 1076
Matrix saved as results/163/corrupt800/r010.5_r100.3/flipped_matrix_elbow.svg
Elbow Metrics: {'precision': 0.6505576208178439, 'recall': 0.875, 'f1': 0.7462686567164178, 'TP': 700, 'FP': 376, 'FN': 100}
