Matrix saved as results/braga/64/b4_c0.1/original_matrix.png
Matrix saved as results/braga/64/b4_c0.1/corrupted.png
[iter 0] λ=0.5000 → flips=103
[iter 1] λ=0.7500 → flips=265
[iter 2] λ=0.6250 → flips=265
[iter 3] λ=0.5625 → flips=212
[iter 4] λ=0.5938 → flips=265
[iter 5] λ=0.5781 → flips=265
[iter 6] λ=0.5703 → flips=241
[iter 7] λ=0.5742 → flips=257
[iter 8] λ=0.5762 → flips=257
[iter 9] λ=0.5771 → flips=265
[iter 10] λ=0.5767 → flips=257
[iter 11] λ=0.5769 → flips=265
[iter 12] λ=0.5768 → flips=265
[iter 13] λ=0.5767 → flips=257
[iter 14] λ=0.5768 → flips=257
[iter 15] λ=0.5768 → flips=265
[iter 16] λ=0.5768 → flips=257
[iter 17] λ=0.5768 → flips=265
[iter 18] λ=0.5768 → flips=265
[iter 19] λ=0.5768 → flips=257

Best λ=0.5742 → flips=257, correct=250/258
Number of flips performed: 257
Cell (Hypanartia_lethe,Aristolochiaceae): 0 -> 1
Cell (Hypanartia_lethe,Smilacaceae): 0 -> 1
Cell (Hypanartia_lethe,Rosaceae): 0 -> 1
Cell (Hypanartia_lethe,Rhamnaceae): 0 -> 1
Cell (Hypanartia_lethe,Ulmaceae): 0 -> 1
Cell (Hypanartia_lethe,Cannabaceae): 0 -> 1
Cell (Hypanartia_lethe,Betulaceae): 0 -> 1
Cell (Hypanartia_lethe,Salicaceae): 0 -> 1
Cell (Hypanartia_lethe,Malvaceae): 0 -> 1
Cell (Hypanartia_lethe,Grossulariaceae): 0 -> 1
Cell (Hypanartia_lethe,Ericaceae): 0 -> 1
Cell (Hypanartia_bella,Schisandraceae): 0 -> 1
Cell (Hypanartia_bella,Aristolochiaceae): 0 -> 1
Cell (Hypanartia_bella,Acoraceae): 0 -> 1
Cell (Hypanartia_bella,Rosaceae): 0 -> 1
Cell (Hypanartia_bella,Rhamnaceae): 0 -> 1
Cell (Hypanartia_bella,Ulmaceae): 0 -> 1
Cell (Hypanartia_bella,Cannabaceae): 0 -> 1
Cell (Hypanartia_bella,Betulaceae): 0 -> 1
Cell (Hypanartia_bella,Salicaceae): 0 -> 1
Cell (Hypanartia_bella,Malvaceae): 0 -> 1
Cell (Hypanartia_bella,Grossulariaceae): 0 -> 1
Cell (Hypanartia_bella,Ericaceae): 0 -> 1
Cell (Vanessa_itea,Typhaceae): 0 -> 1
Cell (Vanessa_itea,Smilacaceae): 0 -> 1
Cell (Vanessa_itea,Rhamnaceae): 0 -> 1
Cell (Vanessa_itea,Ulmaceae): 0 -> 1
Cell (Vanessa_itea,Cannabaceae): 0 -> 1
Cell (Vanessa_itea,Betulaceae): 0 -> 1
Cell (Vanessa_itea,Grossulariaceae): 0 -> 1
Cell (Vanessa_itea,Ericaceae): 0 -> 1
Cell (Vanessa_itea,Asteraceae): 0 -> 1
Cell (Vanessa_itea,Plantaginaceae): 0 -> 1
Cell (Vanessa_annabella,Nymphaeaceae): 0 -> 1
Cell (Vanessa_annabella,Aristolochiaceae): 0 -> 1
Cell (Vanessa_annabella,Typhaceae): 0 -> 1
Cell (Vanessa_annabella,Cannabaceae): 0 -> 1
Cell (Vanessa_annabella,Betulaceae): 0 -> 1
Cell (Vanessa_annabella,Malvaceae): 0 -> 1
Cell (Vanessa_annabella,Ericaceae): 0 -> 1
Cell (Vanessa_annabella,Asteraceae): 0 -> 1
Cell (Vanessa_hippomene,Aristolochiaceae): 0 -> 1
Cell (Vanessa_hippomene,Typhaceae): 0 -> 1
Cell (Vanessa_hippomene,Smilacaceae): 0 -> 1
Cell (Vanessa_hippomene,Acoraceae): 0 -> 1
Cell (Vanessa_hippomene,Ceratophyllaceae): 0 -> 1
Cell (Vanessa_hippomene,Cannabaceae): 0 -> 1
Cell (Vanessa_hippomene,Urticaceae): 0 -> 1
Cell (Vanessa_hippomene,Salicaceae): 0 -> 1
Cell (Vanessa_hippomene,Grossulariaceae): 0 -> 1
Cell (Vanessa_hippomene,Ericaceae): 0 -> 1
Cell (Vanessa_dimorphica,Nymphaeaceae): 0 -> 1
Cell (Vanessa_dimorphica,Typhaceae): 0 -> 1
Cell (Vanessa_dimorphica,Smilacaceae): 0 -> 1
Cell (Vanessa_dimorphica,Ceratophyllaceae): 0 -> 1
Cell (Vanessa_dimorphica,Rhamnaceae): 0 -> 1
Cell (Vanessa_dimorphica,Cannabaceae): 0 -> 1
Cell (Vanessa_dimorphica,Salicaceae): 0 -> 1
Cell (Vanessa_dimorphica,Grossulariaceae): 0 -> 1
Cell (Vanessa_dimorphica,Ericaceae): 0 -> 1
Cell (Vanessa_kershawi,Smilacaceae): 0 -> 1
Cell (Vanessa_kershawi,Ceratophyllaceae): 0 -> 1
Cell (Vanessa_kershawi,Fabaceae): 0 -> 1
Cell (Vanessa_kershawi,Ulmaceae): 0 -> 1
Cell (Vanessa_kershawi,Cannabaceae): 0 -> 1
Cell (Vanessa_kershawi,Betulaceae): 0 -> 1
Cell (Vanessa_kershawi,Salicaceae): 0 -> 1
Cell (Vanessa_kershawi,Grossulariaceae): 0 -> 1
Cell (Vanessa_kershawi,Asteraceae): 0 -> 1
Cell (Vanessa_cardui,Smilacaceae): 0 -> 1
Cell (Vanessa_cardui,Ceratophyllaceae): 0 -> 1
Cell (Vanessa_cardui,Rosaceae): 0 -> 1
Cell (Vanessa_cardui,Ulmaceae): 0 -> 1
Cell (Vanessa_cardui,Cannabaceae): 0 -> 1
Cell (Vanessa_cardui,Salicaceae): 0 -> 1
Cell (Vanessa_cardui,Malvaceae): 0 -> 1
Cell (Vanessa_cardui,Grossulariaceae): 0 -> 1
Cell (Vanessa_cardui,Asteraceae): 0 -> 1
Cell (Vanessa_virginiensis,Smilacaceae): 0 -> 1
Cell (Vanessa_virginiensis,Ceratophyllaceae): 0 -> 1
Cell (Vanessa_virginiensis,Ulmaceae): 0 -> 1
Cell (Vanessa_virginiensis,Cannabaceae): 0 -> 1
Cell (Vanessa_virginiensis,Betulaceae): 0 -> 1
Cell (Vanessa_virginiensis,Grossulariaceae): 0 -> 1
Cell (Vanessa_virginiensis,Asteraceae): 0 -> 1
Cell (Vanessa_abyssinica,Smilacaceae): 0 -> 1
Cell (Vanessa_abyssinica,Fabaceae): 0 -> 1
Cell (Vanessa_abyssinica,Rosaceae): 0 -> 1
Cell (Vanessa_abyssinica,Rhamnaceae): 0 -> 1
Cell (Vanessa_abyssinica,Ulmaceae): 0 -> 1
Cell (Vanessa_abyssinica,Betulaceae): 0 -> 1
Cell (Vanessa_abyssinica,Salicaceae): 0 -> 1
Cell (Vanessa_abyssinica,Grossulariaceae): 0 -> 1
Cell (Vanessa_atalanta,Schisandraceae): 0 -> 1
Cell (Vanessa_atalanta,Typhaceae): 0 -> 1
Cell (Vanessa_atalanta,Smilacaceae): 0 -> 1
Cell (Vanessa_atalanta,Rosaceae): 0 -> 1
Cell (Vanessa_atalanta,Ulmaceae): 0 -> 1
Cell (Vanessa_atalanta,Cannabaceae): 0 -> 1
Cell (Vanessa_atalanta,Salicaceae): 0 -> 1
Cell (Vanessa_atalanta,Malvaceae): 0 -> 1
Cell (Vanessa_atalanta,Grossulariaceae): 0 -> 1
Cell (Vanessa_atalanta,Ericaceae): 0 -> 1
Cell (Vanessa_tameamea,Smilacaceae): 0 -> 1
Cell (Vanessa_tameamea,Rhamnaceae): 0 -> 1
Cell (Vanessa_tameamea,Ulmaceae): 0 -> 1
Cell (Vanessa_tameamea,Cannabaceae): 0 -> 1
Cell (Vanessa_tameamea,Salicaceae): 0 -> 1
Cell (Vanessa_tameamea,Malvaceae): 0 -> 1
Cell (Vanessa_tameamea,Grossulariaceae): 0 -> 1
Cell (Vanessa_tameamea,Ericaceae): 0 -> 1
Cell (Vanessa_tameamea,Plantaginaceae): 0 -> 1
Cell (Vanessa_indica,Typhaceae): 0 -> 1
Cell (Vanessa_indica,Smilacaceae): 0 -> 1
Cell (Vanessa_indica,Rosaceae): 0 -> 1
Cell (Vanessa_indica,Rhamnaceae): 0 -> 1
Cell (Vanessa_indica,Ulmaceae): 0 -> 1
Cell (Vanessa_indica,Cannabaceae): 0 -> 1
Cell (Vanessa_indica,Betulaceae): 0 -> 1
Cell (Vanessa_indica,Salicaceae): 0 -> 1
Cell (Vanessa_indica,Grossulariaceae): 0 -> 1
Cell (Vanessa_indica,Ericaceae): 0 -> 1
Cell (Antanartia_delius,Acoraceae): 0 -> 1
Cell (Antanartia_delius,Rhamnaceae): 0 -> 1
Cell (Antanartia_delius,Urticaceae): 0 -> 1
Cell (Antanartia_delius,Grossulariaceae): 0 -> 1
Cell (Antanartia_delius,Ericaceae): 0 -> 1
Cell (Aglais_io,Schisandraceae): 0 -> 1
Cell (Aglais_io,Smilacaceae): 0 -> 1
Cell (Aglais_io,Acoraceae): 0 -> 1
Cell (Aglais_io,Cannabaceae): 0 -> 1
Cell (Aglais_io,Betulaceae): 0 -> 1
Cell (Aglais_io,Salicaceae): 0 -> 1
Cell (Aglais_io,Malvaceae): 0 -> 1
Cell (Aglais_io,Grossulariaceae): 0 -> 1
Cell (Aglais_milberti,Acoraceae): 0 -> 1
Cell (Aglais_milberti,Ulmaceae): 0 -> 1
Cell (Aglais_milberti,Cannabaceae): 0 -> 1
Cell (Aglais_milberti,Betulaceae): 0 -> 1
Cell (Aglais_milberti,Salicaceae): 0 -> 1
Cell (Aglais_milberti,Malvaceae): 0 -> 1
Cell (Aglais_milberti,Grossulariaceae): 0 -> 1
Cell (Aglais_milberti,Ericaceae): 0 -> 1
Cell (Aglais_urticae,Smilacaceae): 0 -> 1
Cell (Aglais_urticae,Cannabaceae): 0 -> 1
Cell (Aglais_urticae,Betulaceae): 0 -> 1
Cell (Aglais_urticae,Salicaceae): 0 -> 1
Cell (Aglais_urticae,Malvaceae): 0 -> 1
Cell (Aglais_urticae,Grossulariaceae): 0 -> 1
Cell (Aglais_urticae,Ericaceae): 0 -> 1
Cell (Kaniska_canace,Siparunaceae): 0 -> 1
Cell (Kaniska_canace,Typhaceae): 0 -> 1
Cell (Kaniska_canace,Smilacaceae): 0 -> 1
Cell (Kaniska_canace,Salicaceae): 0 -> 1
Cell (Kaniska_canace,Malvaceae): 0 -> 1
Cell (Nymphalis_l_album,Siparunaceae): 0 -> 1
Cell (Nymphalis_l_album,Smilacaceae): 0 -> 1
Cell (Nymphalis_l_album,Rosaceae): 0 -> 1
Cell (Nymphalis_l_album,Cannabaceae): 0 -> 1
Cell (Nymphalis_l_album,Betulaceae): 0 -> 1
Cell (Nymphalis_l_album,Malvaceae): 0 -> 1
Cell (Nymphalis_l_album,Grossulariaceae): 0 -> 1
Cell (Nymphalis_l_album,Ericaceae): 0 -> 1
Cell (Nymphalis_polychloros,Amborellaceae): 0 -> 1
Cell (Nymphalis_polychloros,Rosaceae): 0 -> 1
Cell (Nymphalis_polychloros,Cannabaceae): 0 -> 1
Cell (Nymphalis_polychloros,Betulaceae): 0 -> 1
Cell (Nymphalis_polychloros,Salicaceae): 0 -> 1
Cell (Nymphalis_polychloros,Malvaceae): 0 -> 1
Cell (Nymphalis_polychloros,Grossulariaceae): 0 -> 1
Cell (Nymphalis_polychloros,Ericaceae): 0 -> 1
Cell (Nymphalis_californica,Amborellaceae): 0 -> 1
Cell (Nymphalis_californica,Nymphaeaceae): 0 -> 1
Cell (Nymphalis_californica,Potamogetonaceae): 0 -> 1
Cell (Nymphalis_californica,Ceratophyllaceae): 0 -> 1
Cell (Nymphalis_californica,Rosaceae): 0 -> 1
Cell (Nymphalis_californica,Cannabaceae): 0 -> 1
Cell (Nymphalis_californica,Betulaceae): 0 -> 1
Cell (Nymphalis_californica,Salicaceae): 0 -> 1
Cell (Nymphalis_californica,Grossulariaceae): 0 -> 1
Cell (Nymphalis_xanthomelas,Amborellaceae): 0 -> 1
Cell (Nymphalis_xanthomelas,Ceratophyllaceae): 0 -> 1
Cell (Nymphalis_xanthomelas,Rosaceae): 0 -> 1
Cell (Nymphalis_xanthomelas,Cannabaceae): 0 -> 1
Cell (Nymphalis_xanthomelas,Betulaceae): 0 -> 1
Cell (Nymphalis_xanthomelas,Salicaceae): 0 -> 1
Cell (Nymphalis_xanthomelas,Malvaceae): 0 -> 1
Cell (Nymphalis_xanthomelas,Grossulariaceae): 0 -> 1
Cell (Nymphalis_antiopa,Aristolochiaceae): 0 -> 1
Cell (Nymphalis_antiopa,Ceratophyllaceae): 0 -> 1
Cell (Nymphalis_antiopa,Rosaceae): 0 -> 1
Cell (Nymphalis_antiopa,Cannabaceae): 0 -> 1
Cell (Nymphalis_antiopa,Betulaceae): 0 -> 1
Cell (Nymphalis_antiopa,Salicaceae): 0 -> 1
Cell (Nymphalis_antiopa,Malvaceae): 0 -> 1
Cell (Nymphalis_antiopa,Grossulariaceae): 0 -> 1
Cell (Nymphalis_antiopa,Asteraceae): 0 -> 1
Cell (Polygonia_c_aureum,Smilacaceae): 0 -> 1
Cell (Polygonia_c_aureum,Potamogetonaceae): 0 -> 1
Cell (Polygonia_c_aureum,Cannabaceae): 0 -> 1
Cell (Polygonia_c_aureum,Urticaceae): 0 -> 1
Cell (Polygonia_c_aureum,Malvaceae): 0 -> 1
Cell (Polygonia_c_aureum,Ericaceae): 0 -> 1
Cell (Polygonia_egea,Siparunaceae): 0 -> 1
Cell (Polygonia_egea,Smilacaceae): 0 -> 1
Cell (Polygonia_egea,Betulaceae): 0 -> 1
Cell (Polygonia_egea,Malvaceae): 0 -> 1
Cell (Polygonia_egea,Grossulariaceae): 0 -> 1
Cell (Polygonia_egea,Ericaceae): 0 -> 1
Cell (Polygonia_faunus,Schisandraceae): 0 -> 1
Cell (Polygonia_faunus,Betulaceae): 0 -> 1
Cell (Polygonia_faunus,Malvaceae): 0 -> 1
Cell (Polygonia_faunus,Grossulariaceae): 0 -> 1
Cell (Polygonia_faunus,Ericaceae): 0 -> 1
Cell (Polygonia_c_album,Schisandraceae): 0 -> 1
Cell (Polygonia_c_album,Malvaceae): 0 -> 1
Cell (Polygonia_c_album,Grossulariaceae): 0 -> 1
Cell (Polygonia_c_album,Ericaceae): 0 -> 1
Cell (Polygonia_satyrus,Schisandraceae): 0 -> 1
Cell (Polygonia_satyrus,Rhamnaceae): 0 -> 1
Cell (Polygonia_satyrus,Cannabaceae): 0 -> 1
Cell (Polygonia_satyrus,Betulaceae): 0 -> 1
Cell (Polygonia_satyrus,Malvaceae): 0 -> 1
Cell (Polygonia_satyrus,Grossulariaceae): 0 -> 1
Cell (Polygonia_interrogationis,Schisandraceae): 0 -> 1
Cell (Polygonia_interrogationis,Cannabaceae): 0 -> 1
Cell (Polygonia_interrogationis,Betulaceae): 0 -> 1
Cell (Polygonia_interrogationis,Malvaceae): 0 -> 1
Cell (Polygonia_interrogationis,Grossulariaceae): 0 -> 1
Cell (Polygonia_interrogationis,Ericaceae): 0 -> 1
Cell (Polygonia_comma,Amborellaceae): 0 -> 1
Cell (Polygonia_comma,Schisandraceae): 0 -> 1
Cell (Polygonia_comma,Cannabaceae): 0 -> 1
Cell (Polygonia_comma,Betulaceae): 0 -> 1
Cell (Polygonia_comma,Grossulariaceae): 0 -> 1
Cell (Polygonia_comma,Ericaceae): 0 -> 1
Cell (Polygonia_oreas,Schisandraceae): 0 -> 1
Cell (Polygonia_oreas,Chloranthaceae): 0 -> 1
Cell (Polygonia_oreas,Betulaceae): 0 -> 1
Cell (Polygonia_oreas,Malvaceae): 0 -> 1
Cell (Polygonia_oreas,Grossulariaceae): 0 -> 1
Cell (Polygonia_oreas,Ericaceae): 0 -> 1
Cell (Polygonia_progne,Schisandraceae): 0 -> 1
Cell (Polygonia_progne,Typhaceae): 0 -> 1
Cell (Polygonia_progne,Betulaceae): 0 -> 1
Cell (Polygonia_progne,Malvaceae): 0 -> 1
Cell (Polygonia_progne,Grossulariaceae): 0 -> 1
Cell (Polygonia_progne,Ericaceae): 0 -> 1
Cell (Polygonia_zephyrus,Schisandraceae): 0 -> 1
Cell (Polygonia_zephyrus,Betulaceae): 0 -> 1
Cell (Polygonia_zephyrus,Malvaceae): 0 -> 1
Cell (Polygonia_zephyrus,Grossulariaceae): 0 -> 1
Cell (Polygonia_gracilis,Schisandraceae): 0 -> 1
Cell (Polygonia_gracilis,Smilacaceae): 0 -> 1
Cell (Polygonia_gracilis,Betulaceae): 0 -> 1
Cell (Polygonia_gracilis,Grossulariaceae): 0 -> 1
Cell (Polygonia_gracilis,Boraginaceae): 0 -> 1
Matrix saved as results/braga/64/b4_c0.1/flipped_matrix.png
Metrics: {'precision': 0.9727626459143969, 'recall': 0.9689922480620154, 'f1': 0.9708737864077669, 'TP': 250, 'FP': 7, 'FN': 8}
[Elbow detection] flip ≈ 107, λ ≈ 0.5102040816326531
Number of flips performed (elbow): 107
Cell (Hypanartia_lethe,Aristolochiaceae): 0 -> 1
Cell (Hypanartia_lethe,Smilacaceae): 0 -> 1
Cell (Hypanartia_lethe,Ericaceae): 0 -> 1
Cell (Hypanartia_bella,Schisandraceae): 0 -> 1
Cell (Hypanartia_bella,Aristolochiaceae): 0 -> 1
Cell (Hypanartia_bella,Acoraceae): 0 -> 1
Cell (Hypanartia_bella,Ericaceae): 0 -> 1
Cell (Vanessa_itea,Typhaceae): 0 -> 1
Cell (Vanessa_itea,Smilacaceae): 0 -> 1
Cell (Vanessa_itea,Rhamnaceae): 0 -> 1
Cell (Vanessa_itea,Ulmaceae): 0 -> 1
Cell (Vanessa_itea,Ericaceae): 0 -> 1
Cell (Vanessa_itea,Asteraceae): 0 -> 1
Cell (Vanessa_itea,Plantaginaceae): 0 -> 1
Cell (Vanessa_annabella,Nymphaeaceae): 0 -> 1
Cell (Vanessa_annabella,Aristolochiaceae): 0 -> 1
Cell (Vanessa_annabella,Typhaceae): 0 -> 1
Cell (Vanessa_annabella,Malvaceae): 0 -> 1
Cell (Vanessa_annabella,Ericaceae): 0 -> 1
Cell (Vanessa_annabella,Asteraceae): 0 -> 1
Cell (Vanessa_hippomene,Aristolochiaceae): 0 -> 1
Cell (Vanessa_hippomene,Acoraceae): 0 -> 1
Cell (Vanessa_hippomene,Ceratophyllaceae): 0 -> 1
Cell (Vanessa_hippomene,Urticaceae): 0 -> 1
Cell (Vanessa_hippomene,Salicaceae): 0 -> 1
Cell (Vanessa_hippomene,Ericaceae): 0 -> 1
Cell (Vanessa_dimorphica,Nymphaeaceae): 0 -> 1
Cell (Vanessa_dimorphica,Ceratophyllaceae): 0 -> 1
Cell (Vanessa_dimorphica,Rhamnaceae): 0 -> 1
Cell (Vanessa_dimorphica,Salicaceae): 0 -> 1
Cell (Vanessa_dimorphica,Ericaceae): 0 -> 1
Cell (Vanessa_kershawi,Ceratophyllaceae): 0 -> 1
Cell (Vanessa_kershawi,Fabaceae): 0 -> 1
Cell (Vanessa_kershawi,Salicaceae): 0 -> 1
Cell (Vanessa_kershawi,Asteraceae): 0 -> 1
Cell (Vanessa_cardui,Ceratophyllaceae): 0 -> 1
Cell (Vanessa_cardui,Rosaceae): 0 -> 1
Cell (Vanessa_cardui,Salicaceae): 0 -> 1
Cell (Vanessa_cardui,Malvaceae): 0 -> 1
Cell (Vanessa_cardui,Asteraceae): 0 -> 1
Cell (Vanessa_virginiensis,Ceratophyllaceae): 0 -> 1
Cell (Vanessa_virginiensis,Asteraceae): 0 -> 1
Cell (Vanessa_atalanta,Schisandraceae): 0 -> 1
Cell (Vanessa_atalanta,Typhaceae): 0 -> 1
Cell (Vanessa_atalanta,Ericaceae): 0 -> 1
Cell (Vanessa_tameamea,Ericaceae): 0 -> 1
Cell (Vanessa_tameamea,Plantaginaceae): 0 -> 1
Cell (Vanessa_indica,Typhaceae): 0 -> 1
Cell (Vanessa_indica,Ericaceae): 0 -> 1
Cell (Antanartia_delius,Acoraceae): 0 -> 1
Cell (Antanartia_delius,Rhamnaceae): 0 -> 1
Cell (Antanartia_delius,Urticaceae): 0 -> 1
Cell (Antanartia_delius,Ericaceae): 0 -> 1
Cell (Aglais_io,Schisandraceae): 0 -> 1
Cell (Aglais_io,Smilacaceae): 0 -> 1
Cell (Aglais_io,Acoraceae): 0 -> 1
Cell (Aglais_io,Cannabaceae): 0 -> 1
Cell (Aglais_milberti,Acoraceae): 0 -> 1
Cell (Aglais_milberti,Ulmaceae): 0 -> 1
Cell (Aglais_milberti,Cannabaceae): 0 -> 1
Cell (Aglais_milberti,Ericaceae): 0 -> 1
Cell (Aglais_urticae,Smilacaceae): 0 -> 1
Cell (Aglais_urticae,Cannabaceae): 0 -> 1
Cell (Aglais_urticae,Ericaceae): 0 -> 1
Cell (Kaniska_canace,Siparunaceae): 0 -> 1
Cell (Kaniska_canace,Typhaceae): 0 -> 1
Cell (Kaniska_canace,Smilacaceae): 0 -> 1
Cell (Kaniska_canace,Salicaceae): 0 -> 1
Cell (Nymphalis_l_album,Siparunaceae): 0 -> 1
Cell (Nymphalis_l_album,Smilacaceae): 0 -> 1
Cell (Nymphalis_l_album,Cannabaceae): 0 -> 1
Cell (Nymphalis_l_album,Ericaceae): 0 -> 1
Cell (Nymphalis_polychloros,Amborellaceae): 0 -> 1
Cell (Nymphalis_polychloros,Cannabaceae): 0 -> 1
Cell (Nymphalis_polychloros,Ericaceae): 0 -> 1
Cell (Nymphalis_californica,Amborellaceae): 0 -> 1
Cell (Nymphalis_californica,Nymphaeaceae): 0 -> 1
Cell (Nymphalis_californica,Potamogetonaceae): 0 -> 1
Cell (Nymphalis_californica,Ceratophyllaceae): 0 -> 1
Cell (Nymphalis_californica,Cannabaceae): 0 -> 1
Cell (Nymphalis_xanthomelas,Amborellaceae): 0 -> 1
Cell (Nymphalis_xanthomelas,Ceratophyllaceae): 0 -> 1
Cell (Nymphalis_xanthomelas,Cannabaceae): 0 -> 1
Cell (Nymphalis_antiopa,Aristolochiaceae): 0 -> 1
Cell (Nymphalis_antiopa,Ceratophyllaceae): 0 -> 1
Cell (Nymphalis_antiopa,Cannabaceae): 0 -> 1
Cell (Nymphalis_antiopa,Asteraceae): 0 -> 1
Cell (Polygonia_c_aureum,Smilacaceae): 0 -> 1
Cell (Polygonia_c_aureum,Potamogetonaceae): 0 -> 1
Cell (Polygonia_c_aureum,Cannabaceae): 0 -> 1
Cell (Polygonia_c_aureum,Urticaceae): 0 -> 1
Cell (Polygonia_c_aureum,Ericaceae): 0 -> 1
Cell (Polygonia_egea,Siparunaceae): 0 -> 1
Cell (Polygonia_egea,Smilacaceae): 0 -> 1
Cell (Polygonia_egea,Ericaceae): 0 -> 1
Cell (Polygonia_faunus,Ericaceae): 0 -> 1
Cell (Polygonia_c_album,Ericaceae): 0 -> 1
Cell (Polygonia_satyrus,Rhamnaceae): 0 -> 1
Cell (Polygonia_interrogationis,Ericaceae): 0 -> 1
Cell (Polygonia_comma,Amborellaceae): 0 -> 1
Cell (Polygonia_comma,Ericaceae): 0 -> 1
Cell (Polygonia_oreas,Chloranthaceae): 0 -> 1
Cell (Polygonia_oreas,Ericaceae): 0 -> 1
Cell (Polygonia_progne,Typhaceae): 0 -> 1
Cell (Polygonia_progne,Ericaceae): 0 -> 1
Cell (Polygonia_gracilis,Smilacaceae): 0 -> 1
Cell (Polygonia_gracilis,Boraginaceae): 0 -> 1
Matrix saved as results/braga/64/b4_c0.1/flipped_matrix_elbow.png
Elbow Metrics: {'precision': 0.9906542056074766, 'recall': 0.4108527131782946, 'f1': 0.5808219178082192, 'TP': 106, 'FP': 1, 'FN': 152}
