[iter 0] λ=0.5000 → flips=942
[iter 1] λ=0.7500 → flips=2915
[iter 2] λ=0.6250 → flips=1638
[iter 3] λ=0.5625 → flips=1302
[iter 4] λ=0.5312 → flips=1149
[iter 5] λ=0.5156 → flips=1056
[iter 6] λ=0.5078 → flips=1003
[iter 7] λ=0.5039 → flips=979
[iter 8] λ=0.5059 → flips=994
[iter 9] λ=0.5068 → flips=999
[iter 10] λ=0.5073 → flips=1002
[iter 11] λ=0.5071 → flips=1002
[iter 12] λ=0.5070 → flips=999
[iter 13] λ=0.5070 → flips=999
[iter 14] λ=0.5070 → flips=999
[iter 15] λ=0.5071 → flips=1002
[iter 16] λ=0.5071 → flips=999
[iter 17] λ=0.5071 → flips=1002
[iter 18] λ=0.5071 → flips=999
[iter 19] λ=0.5071 → flips=999

Best λ=0.5068 → flips=999, correct=706/1000
Number of flips performed: 999
Metrics: {'precision': 0.7067067067067067, 'recall': 0.706, 'f1': 0.7063531765882941, 'TP': 706, 'FP': 293, 'FN': 294}
[Elbow detection] flip ≈ 3310, λ ≈ 0.7755102040816326
Number of flips performed (elbow): 3310
Elbow Metrics: {'precision': 0.2918429003021148, 'recall': 0.966, 'f1': 0.4482598607888631, 'TP': 966, 'FP': 2344, 'FN': 34}
