[iter 0] λ=0.5000 → flips=982
[iter 1] λ=0.7500 → flips=2863
[iter 2] λ=0.6250 → flips=1630
[iter 3] λ=0.5625 → flips=1245
[iter 4] λ=0.5312 → flips=1129
[iter 5] λ=0.5156 → flips=1048
[iter 6] λ=0.5078 → flips=1012
[iter 7] λ=0.5039 → flips=1005
[iter 8] λ=0.5020 → flips=998
[iter 9] λ=0.5029 → flips=1003
[iter 10] λ=0.5024 → flips=1003
[iter 11] λ=0.5022 → flips=1001
[iter 12] λ=0.5021 → flips=1001
[iter 13] λ=0.5020 → flips=998
[iter 14] λ=0.5020 → flips=998
[iter 15] λ=0.5021 → flips=999
[iter 16] λ=0.5021 → flips=1001
[iter 17] λ=0.5021 → flips=1001
[iter 18] λ=0.5021 → flips=999
[iter 19] λ=0.5021 → flips=1001

Best λ=0.5022 → flips=1001, correct=759/1000
Number of flips performed: 1001
Metrics: {'precision': 0.7582417582417582, 'recall': 0.759, 'f1': 0.7586206896551725, 'TP': 759, 'FP': 242, 'FN': 241}
[Elbow detection] flip ≈ 2903, λ ≈ 0.7551020408163265
Number of flips performed (elbow): 2903
Elbow Metrics: {'precision': 0.3317258008956252, 'recall': 0.963, 'f1': 0.49346656418139895, 'TP': 963, 'FP': 1940, 'FN': 37}
