Matrix saved as results/130/corrupt800/r010.5_r100.7/original_matrix.svg
Matrix saved as results/130/corrupt800/r010.5_r100.7/corrupted.svg
[iter 0] λ=0.5000 → flips=35
[iter 1] λ=0.7500 → flips=295
[iter 2] λ=0.8750 → flips=4039
[iter 3] λ=0.8125 → flips=639
[iter 4] λ=0.8438 → flips=2431
[iter 5] λ=0.8281 → flips=860
[iter 6] λ=0.8203 → flips=688
[iter 7] λ=0.8242 → flips=772
[iter 8] λ=0.8262 → flips=860
[iter 9] λ=0.8252 → flips=778
[iter 10] λ=0.8257 → flips=778
[iter 11] λ=0.8259 → flips=860
[iter 12] λ=0.8258 → flips=860
[iter 13] λ=0.8257 → flips=860
[iter 14] λ=0.8257 → flips=860
[iter 15] λ=0.8257 → flips=860
[iter 16] λ=0.8257 → flips=778
[iter 17] λ=0.8257 → flips=778
[iter 18] λ=0.8257 → flips=860
[iter 19] λ=0.8257 → flips=790

Best λ=0.8257 → flips=790, correct=440/800
Number of flips performed: 790
Matrix saved as results/130/corrupt800/r010.5_r100.7/flipped_matrix.svg
Metrics: {'precision': 0.5569620253164557, 'recall': 0.55, 'f1': 0.5534591194968553, 'TP': 440, 'FP': 350, 'FN': 360}
[Elbow detection] flip ≈ 528, λ ≈ 0.7959183673469387
Number of flips performed (elbow): 528
Matrix saved as results/130/corrupt800/r010.5_r100.7/flipped_matrix_elbow.svg
Elbow Metrics: {'precision': 0.6856060606060606, 'recall': 0.4525, 'f1': 0.5451807228915663, 'TP': 362, 'FP': 166, 'FN': 438}
