Matrix saved as results/20/corrupt100/r010.7_r100.3/original_matrix.svg
Matrix saved as results/20/corrupt100/r010.7_r100.3/corrupted.svg
[iter 0] λ=0.5000 → flips=192
[iter 1] λ=0.2500 → flips=0
[iter 2] λ=0.3750 → flips=3
[iter 3] λ=0.4375 → flips=44
[iter 4] λ=0.4688 → flips=173
[iter 5] λ=0.4531 → flips=62
[iter 6] λ=0.4609 → flips=118
[iter 7] λ=0.4570 → flips=87
[iter 8] λ=0.4590 → flips=105
[iter 9] λ=0.4580 → flips=96
[iter 10] λ=0.4585 → flips=103
[iter 11] λ=0.4583 → flips=102
[iter 12] λ=0.4581 → flips=100

Best λ=0.4581 → flips=100, correct=58/100
Number of flips performed: 100
Matrix saved as results/20/corrupt100/r010.7_r100.3/flipped_matrix.svg
Metrics: {'precision': 0.58, 'recall': 0.58, 'f1': 0.58, 'TP': 58, 'FP': 42, 'FN': 42}
[Elbow detection] flip ≈ 396, λ ≈ 0.5918367346938775
Number of flips performed (elbow): 396
Matrix saved as results/20/corrupt100/r010.7_r100.3/flipped_matrix_elbow.svg
Elbow Metrics: {'precision': 0.23484848484848486, 'recall': 0.93, 'f1': 0.375, 'TP': 93, 'FP': 303, 'FN': 7}
