Matrix saved as results/141/corrupt500/r010.4_r100.5/original_matrix.svg
Matrix saved as results/141/corrupt500/r010.4_r100.5/corrupted.svg
[iter 0] λ=0.5000 → flips=143
[iter 1] λ=0.7500 → flips=1070
[iter 2] λ=0.6250 → flips=350
[iter 3] λ=0.6875 → flips=593
[iter 4] λ=0.6562 → flips=461
[iter 5] λ=0.6719 → flips=528
[iter 6] λ=0.6641 → flips=506
[iter 7] λ=0.6602 → flips=474
[iter 8] λ=0.6621 → flips=491
[iter 9] λ=0.6631 → flips=494
[iter 10] λ=0.6636 → flips=496
[iter 11] λ=0.6638 → flips=500

Best λ=0.6638 → flips=500, correct=311/500
Number of flips performed: 500
Matrix saved as results/141/corrupt500/r010.4_r100.5/flipped_matrix.svg
Metrics: {'precision': 0.622, 'recall': 0.622, 'f1': 0.622, 'TP': 311, 'FP': 189, 'FN': 189}
[Elbow detection] flip ≈ 981, λ ≈ 0.7346938775510203
Number of flips performed (elbow): 981
Matrix saved as results/141/corrupt500/r010.4_r100.5/flipped_matrix_elbow.svg
Elbow Metrics: {'precision': 0.4138634046890928, 'recall': 0.812, 'f1': 0.5482781904118839, 'TP': 406, 'FP': 575, 'FN': 94}
