[iter 0] λ=0.5000 → flips=626
[iter 1] λ=0.2500 → flips=0
[iter 2] λ=0.3750 → flips=129
[iter 3] λ=0.4375 → flips=433
[iter 4] λ=0.4688 → flips=541
[iter 5] λ=0.4531 → flips=495
[iter 6] λ=0.4609 → flips=526
[iter 7] λ=0.4570 → flips=521
[iter 8] λ=0.4551 → flips=510
[iter 9] λ=0.4541 → flips=502
[iter 10] λ=0.4536 → flips=501
[iter 11] λ=0.4534 → flips=496
[iter 12] λ=0.4535 → flips=499
[iter 13] λ=0.4536 → flips=501
[iter 14] λ=0.4535 → flips=500

Best λ=0.4535 → flips=500, correct=354/500
Number of flips performed: 500
Metrics: {'precision': 0.708, 'recall': 0.708, 'f1': 0.708, 'TP': 354, 'FP': 146, 'FN': 146}
[Elbow detection] flip ≈ 5162, λ ≈ 0.8163265306122448
Number of flips performed (elbow): 5162
Elbow Metrics: {'precision': 0.094149554436265, 'recall': 0.972, 'f1': 0.17167078770752384, 'TP': 486, 'FP': 4676, 'FN': 14}
