Matrix saved as results/9/corrupt50/r010.4_r100.3/original_matrix.png
Matrix saved as results/9/corrupt50/r010.4_r100.3/corrupted.png
[iter 0] λ=0.5000 → flips=54
[iter 1] λ=0.2500 → flips=0
[iter 2] λ=0.3750 → flips=44
[iter 3] λ=0.4375 → flips=52
[iter 4] λ=0.4062 → flips=47
[iter 5] λ=0.4219 → flips=50

Best λ=0.4219 → flips=50, correct=45/50
Number of flips performed: 50
Cell (Vanessa_annabella,Potamogetonaceae): 0 -> 1
Cell (Vanessa_annabella,Malvaceae): 0 -> 1
Cell (Vanessa_hippomene,Boraginaceae): 0 -> 1
Cell (Vanessa_dimorphica,Ericaceae): 0 -> 1
Cell (Vanessa_kershawi,Chloranthaceae): 0 -> 1
Cell (Vanessa_kershawi,Grossulariaceae): 0 -> 1
Cell (Vanessa_cardui,Siparunaceae): 0 -> 1
Cell (Vanessa_cardui,Acoraceae): 0 -> 1
Cell (Vanessa_cardui,Betulaceae): 0 -> 1
Cell (Vanessa_virginiensis,Aristolochiaceae): 0 -> 1
Cell (Vanessa_virginiensis,Urticaceae): 0 -> 1
Cell (Vanessa_virginiensis,Betulaceae): 0 -> 1
Cell (Vanessa_abyssinica,Acoraceae): 0 -> 1
Cell (Vanessa_atalanta,Siparunaceae): 0 -> 1
Cell (Vanessa_atalanta,Potamogetonaceae): 0 -> 1
Cell (Vanessa_atalanta,Plantaginaceae): 0 -> 1
Cell (Vanessa_tameamea,Rosaceae): 0 -> 1
Cell (Vanessa_indica,Betulaceae): 0 -> 1
Cell (Antanartia_delius,Aristolochiaceae): 0 -> 1
Cell (Antanartia_delius,Smilacaceae): 0 -> 1
Cell (Antanartia_delius,Salicaceae): 0 -> 1
Cell (Aglais_milberti,Rosaceae): 0 -> 1
Cell (Aglais_milberti,Urticaceae): 0 -> 1
Cell (Aglais_milberti,Malvaceae): 0 -> 1
Cell (Kaniska_canace,Schisandraceae): 0 -> 1
Cell (Kaniska_canace,Potamogetonaceae): 0 -> 1
Cell (Kaniska_canace,Rosaceae): 0 -> 1
Cell (Nymphalis_l_album,Nymphaeaceae): 0 -> 1
Cell (Nymphalis_l_album,Schisandraceae): 0 -> 1
Cell (Nymphalis_polychloros,Schisandraceae): 0 -> 1
Cell (Nymphalis_polychloros,Siparunaceae): 0 -> 1
Cell (Nymphalis_californica,Potamogetonaceae): 0 -> 1
Cell (Nymphalis_californica,Grossulariaceae): 0 -> 1
Cell (Nymphalis_xanthomelas,Typhaceae): 0 -> 1
Cell (Nymphalis_antiopa,Fabaceae): 0 -> 1
Cell (Nymphalis_antiopa,Cannabaceae): 0 -> 1
Cell (Polygonia_egea,Ulmaceae): 0 -> 1
Cell (Polygonia_c_album,Nymphaeaceae): 0 -> 1
Cell (Polygonia_c_album,Urticaceae): 0 -> 1
Cell (Polygonia_c_album,Boraginaceae): 0 -> 1
Cell (Polygonia_satyrus,Siparunaceae): 0 -> 1
Cell (Polygonia_comma,Rosaceae): 0 -> 1
Cell (Polygonia_comma,Ulmaceae): 0 -> 1
Cell (Polygonia_oreas,Nymphaeaceae): 0 -> 1
Cell (Polygonia_oreas,Rhamnaceae): 0 -> 1
Cell (Polygonia_progne,Ulmaceae): 0 -> 1
Cell (Polygonia_progne,Cannabaceae): 0 -> 1
Cell (Polygonia_zephyrus,Fabaceae): 0 -> 1
Cell (Polygonia_gracilis,Rhamnaceae): 0 -> 1
Cell (Polygonia_gracilis,Ulmaceae): 0 -> 1
Matrix saved as results/9/corrupt50/r010.4_r100.3/flipped_matrix.png
Metrics: {'precision': 0.9, 'recall': 0.9, 'f1': 0.9, 'TP': 45, 'FP': 5, 'FN': 5}
[Elbow detection] flip ≈ 54, λ ≈ 0.44897959183673464
Number of flips performed (elbow): 54
Cell (Vanessa_annabella,Potamogetonaceae): 0 -> 1
Cell (Vanessa_annabella,Malvaceae): 0 -> 1
Cell (Vanessa_hippomene,Typhaceae): 0 -> 1
Cell (Vanessa_hippomene,Boraginaceae): 0 -> 1
Cell (Vanessa_dimorphica,Typhaceae): 0 -> 1
Cell (Vanessa_dimorphica,Ericaceae): 0 -> 1
Cell (Vanessa_kershawi,Chloranthaceae): 0 -> 1
Cell (Vanessa_kershawi,Grossulariaceae): 0 -> 1
Cell (Vanessa_cardui,Siparunaceae): 0 -> 1
Cell (Vanessa_cardui,Acoraceae): 0 -> 1
Cell (Vanessa_cardui,Betulaceae): 0 -> 1
Cell (Vanessa_virginiensis,Aristolochiaceae): 0 -> 1
Cell (Vanessa_virginiensis,Urticaceae): 0 -> 1
Cell (Vanessa_virginiensis,Betulaceae): 0 -> 1
Cell (Vanessa_abyssinica,Acoraceae): 0 -> 1
Cell (Vanessa_atalanta,Siparunaceae): 0 -> 1
Cell (Vanessa_atalanta,Potamogetonaceae): 0 -> 1
Cell (Vanessa_atalanta,Plantaginaceae): 0 -> 1
Cell (Vanessa_tameamea,Rosaceae): 0 -> 1
Cell (Vanessa_indica,Betulaceae): 0 -> 1
Cell (Antanartia_delius,Aristolochiaceae): 0 -> 1
Cell (Antanartia_delius,Smilacaceae): 0 -> 1
Cell (Antanartia_delius,Salicaceae): 0 -> 1
Cell (Aglais_milberti,Rosaceae): 0 -> 1
Cell (Aglais_milberti,Urticaceae): 0 -> 1
Cell (Aglais_milberti,Malvaceae): 0 -> 1
Cell (Kaniska_canace,Schisandraceae): 0 -> 1
Cell (Kaniska_canace,Potamogetonaceae): 0 -> 1
Cell (Kaniska_canace,Rosaceae): 0 -> 1
Cell (Nymphalis_l_album,Nymphaeaceae): 0 -> 1
Cell (Nymphalis_l_album,Schisandraceae): 0 -> 1
Cell (Nymphalis_polychloros,Schisandraceae): 0 -> 1
Cell (Nymphalis_polychloros,Siparunaceae): 0 -> 1
Cell (Nymphalis_californica,Potamogetonaceae): 0 -> 1
Cell (Nymphalis_californica,Grossulariaceae): 0 -> 1
Cell (Nymphalis_xanthomelas,Typhaceae): 0 -> 1
Cell (Nymphalis_antiopa,Fabaceae): 0 -> 1
Cell (Nymphalis_antiopa,Cannabaceae): 0 -> 1
Cell (Polygonia_egea,Ulmaceae): 0 -> 1
Cell (Polygonia_c_album,Nymphaeaceae): 0 -> 1
Cell (Polygonia_c_album,Urticaceae): 0 -> 1
Cell (Polygonia_c_album,Boraginaceae): 0 -> 1
Cell (Polygonia_satyrus,Siparunaceae): 0 -> 1
Cell (Polygonia_comma,Rosaceae): 0 -> 1
Cell (Polygonia_comma,Ulmaceae): 0 -> 1
Cell (Polygonia_oreas,Nymphaeaceae): 0 -> 1
Cell (Polygonia_oreas,Rhamnaceae): 0 -> 1
Cell (Polygonia_oreas,Betulaceae): 0 -> 1
Cell (Polygonia_progne,Ulmaceae): 0 -> 1
Cell (Polygonia_progne,Cannabaceae): 0 -> 1
Cell (Polygonia_progne,Betulaceae): 0 -> 1
Cell (Polygonia_zephyrus,Fabaceae): 0 -> 1
Cell (Polygonia_gracilis,Rhamnaceae): 0 -> 1
Cell (Polygonia_gracilis,Ulmaceae): 0 -> 1
Matrix saved as results/9/corrupt50/r010.4_r100.3/flipped_matrix_elbow.png
Elbow Metrics: {'precision': 0.9074074074074074, 'recall': 0.98, 'f1': 0.9423076923076924, 'TP': 49, 'FP': 5, 'FN': 1}
