Matrix saved as results/119/corrupt500/r010.4_r100.6/original_matrix.svg
Matrix saved as results/119/corrupt500/r010.4_r100.6/corrupted.svg
[iter 0] λ=0.5000 → flips=41
[iter 1] λ=0.7500 → flips=494
[iter 2] λ=0.8750 → flips=3587
[iter 3] λ=0.8125 → flips=1356
[iter 4] λ=0.7812 → flips=729
[iter 5] λ=0.7656 → flips=594
[iter 6] λ=0.7578 → flips=505
[iter 7] λ=0.7539 → flips=501
[iter 8] λ=0.7520 → flips=495
[iter 9] λ=0.7529 → flips=499
[iter 10] λ=0.7534 → flips=501
[iter 11] λ=0.7532 → flips=499
[iter 12] λ=0.7533 → flips=499
[iter 13] λ=0.7534 → flips=501
[iter 14] λ=0.7533 → flips=501
[iter 15] λ=0.7533 → flips=499
[iter 16] λ=0.7533 → flips=501
[iter 17] λ=0.7533 → flips=501
[iter 18] λ=0.7533 → flips=499
[iter 19] λ=0.7533 → flips=501

Best λ=0.7539 → flips=501, correct=250/500
Number of flips performed: 501
Matrix saved as results/119/corrupt500/r010.4_r100.6/flipped_matrix.svg
Metrics: {'precision': 0.499001996007984, 'recall': 0.5, 'f1': 0.49950049950049946, 'TP': 250, 'FP': 251, 'FN': 250}
[Elbow detection] flip ≈ 980, λ ≈ 0.7959183673469387
Number of flips performed (elbow): 980
Matrix saved as results/119/corrupt500/r010.4_r100.6/flipped_matrix_elbow.svg
Elbow Metrics: {'precision': 0.3224489795918367, 'recall': 0.632, 'f1': 0.427027027027027, 'TP': 316, 'FP': 664, 'FN': 184}
