Matrix saved as results/141/corrupt100/r010.6_r100.3/original_matrix.svg
Matrix saved as results/141/corrupt100/r010.6_r100.3/corrupted.svg
[iter 0] λ=0.5000 → flips=199
[iter 1] λ=0.2500 → flips=0
[iter 2] λ=0.3750 → flips=0
[iter 3] λ=0.4375 → flips=39
[iter 4] λ=0.4688 → flips=97
[iter 5] λ=0.4844 → flips=176
[iter 6] λ=0.4766 → flips=170
[iter 7] λ=0.4727 → flips=119
[iter 8] λ=0.4707 → flips=103
[iter 9] λ=0.4697 → flips=100

Best λ=0.4697 → flips=100, correct=51/100
Number of flips performed: 100
Matrix saved as results/141/corrupt100/r010.6_r100.3/flipped_matrix.svg
Metrics: {'precision': 0.51, 'recall': 0.51, 'f1': 0.51, 'TP': 51, 'FP': 49, 'FN': 49}
[Elbow detection] flip ≈ 459, λ ≈ 0.5918367346938775
Number of flips performed (elbow): 459
Matrix saved as results/141/corrupt100/r010.6_r100.3/flipped_matrix_elbow.svg
Elbow Metrics: {'precision': 0.19172113289760348, 'recall': 0.88, 'f1': 0.3148479427549195, 'TP': 88, 'FP': 371, 'FN': 12}
