[iter 0] λ=0.5000 → flips=3618
[iter 1] λ=0.7500 → flips=10658
[iter 2] λ=0.6250 → flips=6130
[iter 3] λ=0.5625 → flips=4813
[iter 4] λ=0.5938 → flips=5377
[iter 5] λ=0.5781 → flips=5205
[iter 6] λ=0.5703 → flips=5083
[iter 7] λ=0.5664 → flips=4966
[iter 8] λ=0.5684 → flips=5063
[iter 9] λ=0.5674 → flips=4968
[iter 10] λ=0.5679 → flips=5046
[iter 11] λ=0.5676 → flips=5014
[iter 12] λ=0.5675 → flips=4979
[iter 13] λ=0.5676 → flips=4979
[iter 14] λ=0.5676 → flips=4979
[iter 15] λ=0.5676 → flips=4979
[iter 16] λ=0.5676 → flips=5014
[iter 17] λ=0.5676 → flips=4988
[iter 18] λ=0.5676 → flips=4988
[iter 19] λ=0.5676 → flips=5014

Best λ=0.5676 → flips=4988, correct=4122/5000
Number of flips performed: 4988
Metrics: {'precision': 0.826383319967923, 'recall': 0.8244, 'f1': 0.8253904685622748, 'TP': 4122, 'FP': 866, 'FN': 878}
[Elbow detection] flip ≈ 5105, λ ≈ 0.5714285714285714
Number of flips performed (elbow): 5105
Elbow Metrics: {'precision': 0.8154750244857982, 'recall': 0.8326, 'f1': 0.8239485403265709, 'TP': 4163, 'FP': 942, 'FN': 837}
