[iter 0] λ=0.5000 → flips=4807
[iter 1] λ=0.7500 → flips=8234
[iter 2] λ=0.6250 → flips=5692
[iter 3] λ=0.5625 → flips=5356
[iter 4] λ=0.5312 → flips=5103
[iter 5] λ=0.5156 → flips=5006
[iter 6] λ=0.5078 → flips=4940
[iter 7] λ=0.5117 → flips=4984
[iter 8] λ=0.5137 → flips=4997
[iter 9] λ=0.5146 → flips=5004
[iter 10] λ=0.5142 → flips=5001
[iter 11] λ=0.5139 → flips=4999
[iter 12] λ=0.5140 → flips=5001
[iter 13] λ=0.5140 → flips=5001
[iter 14] λ=0.5139 → flips=5001
[iter 15] λ=0.5139 → flips=4999
[iter 16] λ=0.5139 → flips=5001
[iter 17] λ=0.5139 → flips=5001
[iter 18] λ=0.5139 → flips=5001
[iter 19] λ=0.5139 → flips=4999

Best λ=0.5142 → flips=5001, correct=4418/5000
Number of flips performed: 5001
Metrics: {'precision': 0.8834233153369326, 'recall': 0.8836, 'f1': 0.8835116488351166, 'TP': 4418, 'FP': 583, 'FN': 582}
[Elbow detection] flip ≈ 5279, λ ≈ 0.5510204081632653
Number of flips performed (elbow): 5279
Elbow Metrics: {'precision': 0.8709982951316537, 'recall': 0.9196, 'f1': 0.8946395563770795, 'TP': 4598, 'FP': 681, 'FN': 402}
