[iter 0] λ=0.5000 → flips=694
[iter 1] λ=0.2500 → flips=0
[iter 2] λ=0.3750 → flips=517
[iter 3] λ=0.3125 → flips=0
[iter 4] λ=0.3438 → flips=172
[iter 5] λ=0.3594 → flips=297
[iter 6] λ=0.3672 → flips=426
[iter 7] λ=0.3711 → flips=480
[iter 8] λ=0.3730 → flips=506
[iter 9] λ=0.3721 → flips=491
[iter 10] λ=0.3726 → flips=501
[iter 11] λ=0.3723 → flips=497
[iter 12] λ=0.3724 → flips=499
[iter 13] λ=0.3725 → flips=500

Best λ=0.3725 → flips=500, correct=431/500
Number of flips performed: 500
Metrics: {'precision': 0.862, 'recall': 0.862, 'f1': 0.8619999999999999, 'TP': 431, 'FP': 69, 'FN': 69}
[Elbow detection] flip ≈ 897, λ ≈ 0.5510204081632653
Number of flips performed (elbow): 897
Elbow Metrics: {'precision': 0.5529542920847269, 'recall': 0.992, 'f1': 0.7100930565497495, 'TP': 496, 'FP': 401, 'FN': 4}
