Matrix saved as results/86/corrupt1000/r010.6_r100.7/original_matrix.svg
Matrix saved as results/86/corrupt1000/r010.6_r100.7/corrupted.svg
[iter 0] λ=0.5000 → flips=61
[iter 1] λ=0.7500 → flips=773
[iter 2] λ=0.8750 → flips=3717
[iter 3] λ=0.8125 → flips=1575
[iter 4] λ=0.7812 → flips=1159
[iter 5] λ=0.7656 → flips=1022
[iter 6] λ=0.7578 → flips=864
[iter 7] λ=0.7617 → flips=939
[iter 8] λ=0.7637 → flips=954
[iter 9] λ=0.7646 → flips=1007
[iter 10] λ=0.7642 → flips=1007
[iter 11] λ=0.7639 → flips=954
[iter 12] λ=0.7640 → flips=1007
[iter 13] λ=0.7640 → flips=954
[iter 14] λ=0.7640 → flips=1007
[iter 15] λ=0.7640 → flips=1007
[iter 16] λ=0.7640 → flips=954
[iter 17] λ=0.7640 → flips=1007
[iter 18] λ=0.7640 → flips=954
[iter 19] λ=0.7640 → flips=954

Best λ=0.7646 → flips=1007, correct=652/1000
Number of flips performed: 1007
Matrix saved as results/86/corrupt1000/r010.6_r100.7/flipped_matrix.svg
Metrics: {'precision': 0.64746772591857, 'recall': 0.652, 'f1': 0.6497259591429995, 'TP': 652, 'FP': 355, 'FN': 348}
[Elbow detection] flip ≈ 1094, λ ≈ 0.7755102040816326
Number of flips performed (elbow): 1094
Matrix saved as results/86/corrupt1000/r010.6_r100.7/flipped_matrix_elbow.svg
Elbow Metrics: {'precision': 0.6197440585009141, 'recall': 0.678, 'f1': 0.6475644699140402, 'TP': 678, 'FP': 416, 'FN': 322}
