Matrix saved as results/97/corrupt800/r010.3_r100.5/original_matrix.svg
Matrix saved as results/97/corrupt800/r010.3_r100.5/corrupted.svg
[iter 0] λ=0.5000 → flips=15
[iter 1] λ=0.7500 → flips=300
[iter 2] λ=0.8750 → flips=3623
[iter 3] λ=0.8125 → flips=572
[iter 4] λ=0.8438 → flips=1393
[iter 5] λ=0.8281 → flips=815
[iter 6] λ=0.8203 → flips=806
[iter 7] λ=0.8164 → flips=595
[iter 8] λ=0.8184 → flips=609
[iter 9] λ=0.8193 → flips=613
[iter 10] λ=0.8198 → flips=806
[iter 11] λ=0.8196 → flips=613
[iter 12] λ=0.8197 → flips=613
[iter 13] λ=0.8198 → flips=613
[iter 14] λ=0.8198 → flips=806
[iter 15] λ=0.8198 → flips=613
[iter 16] λ=0.8198 → flips=613
[iter 17] λ=0.8198 → flips=613
[iter 18] λ=0.8198 → flips=613
[iter 19] λ=0.8198 → flips=613

Best λ=0.8203 → flips=806, correct=386/800
Number of flips performed: 806
Matrix saved as results/97/corrupt800/r010.3_r100.5/flipped_matrix.svg
Metrics: {'precision': 0.47890818858560796, 'recall': 0.4825, 'f1': 0.4806973848069738, 'TP': 386, 'FP': 420, 'FN': 414}
[Elbow detection] flip ≈ 1331, λ ≈ 0.836734693877551
Number of flips performed (elbow): 1331
Matrix saved as results/97/corrupt800/r010.3_r100.5/flipped_matrix_elbow.svg
Elbow Metrics: {'precision': 0.3944402704733283, 'recall': 0.65625, 'f1': 0.49272641952135143, 'TP': 525, 'FP': 806, 'FN': 275}
