Matrix saved as results/9/corrupt100/r010.3_r100.3/original_matrix.svg
Matrix saved as results/9/corrupt100/r010.3_r100.3/corrupted.svg
[iter 0] λ=0.5000 → flips=152
[iter 1] λ=0.2500 → flips=0
[iter 2] λ=0.3750 → flips=2
[iter 3] λ=0.4375 → flips=46
[iter 4] λ=0.4688 → flips=83
[iter 5] λ=0.4844 → flips=115
[iter 6] λ=0.4766 → flips=94
[iter 7] λ=0.4805 → flips=109
[iter 8] λ=0.4785 → flips=101
[iter 9] λ=0.4775 → flips=97
[iter 10] λ=0.4780 → flips=101
[iter 11] λ=0.4778 → flips=97
[iter 12] λ=0.4779 → flips=99
[iter 13] λ=0.4780 → flips=99
[iter 14] λ=0.4780 → flips=101
[iter 15] λ=0.4780 → flips=100

Best λ=0.4780 → flips=100, correct=51/100
Number of flips performed: 100
Matrix saved as results/9/corrupt100/r010.3_r100.3/flipped_matrix.svg
Metrics: {'precision': 0.51, 'recall': 0.51, 'f1': 0.51, 'TP': 51, 'FP': 49, 'FN': 49}
[Elbow detection] flip ≈ 801, λ ≈ 0.6938775510204082
Number of flips performed (elbow): 801
Matrix saved as results/9/corrupt100/r010.3_r100.3/flipped_matrix_elbow.svg
Elbow Metrics: {'precision': 0.11610486891385768, 'recall': 0.93, 'f1': 0.20643729189789126, 'TP': 93, 'FP': 708, 'FN': 7}
