[iter 0] λ=0.5000 → flips=2560
[iter 1] λ=0.2500 → flips=0
[iter 2] λ=0.3750 → flips=1212
[iter 3] λ=0.4375 → flips=2026
[iter 4] λ=0.4062 → flips=1768
[iter 5] λ=0.4219 → flips=1889
[iter 6] λ=0.4297 → flips=1960
[iter 7] λ=0.4336 → flips=1990
[iter 8] λ=0.4355 → flips=2008
[iter 9] λ=0.4346 → flips=1995
[iter 10] λ=0.4351 → flips=2004
[iter 11] λ=0.4348 → flips=2001
[iter 12] λ=0.4347 → flips=1999
[iter 13] λ=0.4348 → flips=2001
[iter 14] λ=0.4347 → flips=2001
[iter 15] λ=0.4347 → flips=1999
[iter 16] λ=0.4347 → flips=1999
[iter 17] λ=0.4347 → flips=2001
[iter 18] λ=0.4347 → flips=2001
[iter 19] λ=0.4347 → flips=1999

Best λ=0.4348 → flips=2001, correct=1545/2000
Number of flips performed: 2001
Metrics: {'precision': 0.7721139430284858, 'recall': 0.7725, 'f1': 0.7723069232691827, 'TP': 1545, 'FP': 456, 'FN': 455}
[Elbow detection] flip ≈ 2631, λ ≈ 0.5306122448979591
Number of flips performed (elbow): 2631
Elbow Metrics: {'precision': 0.7126567844925884, 'recall': 0.9375, 'f1': 0.8097603109479594, 'TP': 1875, 'FP': 756, 'FN': 125}
