[iter 0] λ=0.5000 → flips=40
[iter 1] λ=0.7500 → flips=1853
[iter 2] λ=0.8750 → flips=6506
[iter 3] λ=0.8125 → flips=5104
[iter 4] λ=0.7812 → flips=3128
[iter 5] λ=0.7969 → flips=4686
[iter 6] λ=0.8047 → flips=5051
[iter 7] λ=0.8008 → flips=4910
[iter 8] λ=0.8027 → flips=5028
[iter 9] λ=0.8018 → flips=5025
[iter 10] λ=0.8013 → flips=5006
[iter 11] λ=0.8010 → flips=4910
[iter 12] λ=0.8011 → flips=4910
[iter 13] λ=0.8012 → flips=5006
[iter 14] λ=0.8012 → flips=4910
[iter 15] λ=0.8012 → flips=5006
[iter 16] λ=0.8012 → flips=4910
[iter 17] λ=0.8012 → flips=4910
[iter 18] λ=0.8012 → flips=5006
[iter 19] λ=0.8012 → flips=4910

Best λ=0.8013 → flips=5006, correct=3344/5000
Number of flips performed: 5006
Metrics: {'precision': 0.6679984019176988, 'recall': 0.6688, 'f1': 0.6683989606236258, 'TP': 3344, 'FP': 1662, 'FN': 1656}
[Elbow detection] flip ≈ 6510, λ ≈ 0.8775510204081632
Number of flips performed (elbow): 6510
Elbow Metrics: {'precision': 0.6153609831029185, 'recall': 0.8012, 'f1': 0.6960903562119896, 'TP': 4006, 'FP': 2504, 'FN': 994}
