Matrix saved as ml_parsimony_matrices/seed130_ratio1.6023.png
Matrix saved as results/130/corrupt10/r010.4_r100.6/original_matrix.png
Matrix saved as results/130/corrupt10/r010.4_r100.6/corrupted.png
[iter 0] λ=0.5000 → flips=34
[iter 1] λ=0.2500 → flips=0
[iter 2] λ=0.3750 → flips=18
[iter 3] λ=0.3125 → flips=0
[iter 4] λ=0.3438 → flips=0
[iter 5] λ=0.3594 → flips=1
[iter 6] λ=0.3672 → flips=4
[iter 7] λ=0.3711 → flips=10

Best λ=0.3711 → flips=10, correct=5/10
Number of flips performed: 10
Cell (Vanessa_itea,Cannabaceae): 0 -> 1
Cell (Vanessa_hippomene,Betulaceae): 0 -> 1
Cell (Vanessa_dimorphica,Ericaceae): 0 -> 1
Cell (Aglais_io,Cannabaceae): 0 -> 1
Cell (Aglais_urticae,Fabaceae): 0 -> 1
Cell (Polygonia_c_aureum,Boraginaceae): 0 -> 1
Cell (Polygonia_c_album,Urticaceae): 0 -> 1
Cell (Polygonia_c_album,Malvaceae): 0 -> 1
Cell (Polygonia_satyrus,Rhamnaceae): 0 -> 1
Cell (Polygonia_oreas,Betulaceae): 0 -> 1
Matrix saved as results/130/corrupt10/r010.4_r100.6/flipped_matrix.png
Metrics: {'precision': 0.5, 'recall': 0.5, 'f1': 0.5, 'TP': 5, 'FP': 5, 'FN': 5}
[Elbow detection] λ ≈ 0.388 (cutoff=0.366)
Elbow Metrics: {'precision': 0.35714285714285715, 'recall': 1.0, 'f1': 0.5263157894736842, 'TP': 10, 'FP': 18, 'FN': 0}
