[iter 0] λ=0.5000 → flips=1449
[iter 1] λ=0.7500 → flips=4001
[iter 2] λ=0.6250 → flips=2343
[iter 3] λ=0.5625 → flips=1935
[iter 4] λ=0.5938 → flips=2171
[iter 5] λ=0.5781 → flips=2081
[iter 6] λ=0.5703 → flips=2014
[iter 7] λ=0.5664 → flips=1960
[iter 8] λ=0.5684 → flips=2006
[iter 9] λ=0.5674 → flips=1976
[iter 10] λ=0.5679 → flips=2005
[iter 11] λ=0.5676 → flips=1983
[iter 12] λ=0.5677 → flips=2004
[iter 13] λ=0.5677 → flips=1983
[iter 14] λ=0.5677 → flips=2004
[iter 15] λ=0.5677 → flips=1983
[iter 16] λ=0.5677 → flips=1983
[iter 17] λ=0.5677 → flips=1983
[iter 18] λ=0.5677 → flips=2004
[iter 19] λ=0.5677 → flips=1983

Best λ=0.5677 → flips=2004, correct=1616/2000
Number of flips performed: 2004
Metrics: {'precision': 0.8063872255489022, 'recall': 0.808, 'f1': 0.8071928071928073, 'TP': 1616, 'FP': 388, 'FN': 384}
[Elbow detection] flip ≈ 3120, λ ≈ 0.6938775510204082
Number of flips performed (elbow): 3120
Elbow Metrics: {'precision': 0.6, 'recall': 0.936, 'f1': 0.73125, 'TP': 1872, 'FP': 1248, 'FN': 128}
