[iter 0] λ=0.5000 → flips=578
[iter 1] λ=0.7500 → flips=1313
[iter 2] λ=0.6250 → flips=934
[iter 3] λ=0.6875 → flips=1115
[iter 4] λ=0.6562 → flips=1041
[iter 5] λ=0.6406 → flips=981
[iter 6] λ=0.6484 → flips=1011
[iter 7] λ=0.6445 → flips=993
[iter 8] λ=0.6465 → flips=994
[iter 9] λ=0.6475 → flips=1006
[iter 10] λ=0.6470 → flips=998
[iter 11] λ=0.6472 → flips=998
[iter 12] λ=0.6473 → flips=1004
[iter 13] λ=0.6473 → flips=998
[iter 14] λ=0.6473 → flips=1004
[iter 15] λ=0.6473 → flips=1004
[iter 16] λ=0.6473 → flips=998
[iter 17] λ=0.6473 → flips=998
[iter 18] λ=0.6473 → flips=998
[iter 19] λ=0.6473 → flips=1004

Best λ=0.6470 → flips=998, correct=754/1000
Number of flips performed: 998
Metrics: {'precision': 0.7555110220440882, 'recall': 0.754, 'f1': 0.7547547547547546, 'TP': 754, 'FP': 244, 'FN': 246}
[Elbow detection] flip ≈ 2724, λ ≈ 0.8775510204081632
Number of flips performed (elbow): 2724
Elbow Metrics: {'precision': 0.3370044052863436, 'recall': 0.918, 'f1': 0.4930182599355532, 'TP': 918, 'FP': 1806, 'FN': 82}
