[iter 0] λ=0.5000 → flips=991
[iter 1] λ=0.7500 → flips=3182
[iter 2] λ=0.6250 → flips=1435
[iter 3] λ=0.5625 → flips=1171
[iter 4] λ=0.5312 → flips=1106
[iter 5] λ=0.5156 → flips=1052
[iter 6] λ=0.5078 → flips=1031
[iter 7] λ=0.5039 → flips=1023
[iter 8] λ=0.5020 → flips=1001
[iter 9] λ=0.5010 → flips=997
[iter 10] λ=0.5015 → flips=999
[iter 11] λ=0.5017 → flips=1001
[iter 12] λ=0.5016 → flips=999
[iter 13] λ=0.5016 → flips=999
[iter 14] λ=0.5017 → flips=1001
[iter 15] λ=0.5017 → flips=999
[iter 16] λ=0.5017 → flips=1001
[iter 17] λ=0.5017 → flips=1001
[iter 18] λ=0.5017 → flips=1001
[iter 19] λ=0.5017 → flips=999

Best λ=0.5020 → flips=1001, correct=790/1000
Number of flips performed: 1001
Metrics: {'precision': 0.7892107892107892, 'recall': 0.79, 'f1': 0.7896051974012993, 'TP': 790, 'FP': 211, 'FN': 210}
[Elbow detection] flip ≈ 1931, λ ≈ 0.6938775510204082
Number of flips performed (elbow): 1931
Elbow Metrics: {'precision': 0.4940445365095805, 'recall': 0.954, 'f1': 0.6509723643807575, 'TP': 954, 'FP': 977, 'FN': 46}
