Matrix saved as results/130/corrupt10/r010.7_r100.4/original_matrix.png
Matrix saved as results/130/corrupt10/r010.7_r100.4/corrupted.png
[iter 0] λ=0.5000 → flips=17
[iter 1] λ=0.2500 → flips=0
[iter 2] λ=0.3750 → flips=12
[iter 3] λ=0.3125 → flips=0
[iter 4] λ=0.3438 → flips=0
[iter 5] λ=0.3594 → flips=1
[iter 6] λ=0.3672 → flips=5
[iter 7] λ=0.3711 → flips=6
[iter 8] λ=0.3730 → flips=7
[iter 9] λ=0.3740 → flips=10

Best λ=0.3740 → flips=10, correct=6/10
Number of flips performed: 10
Cell (Hypanartia_bella,Rosaceae): 0 -> 1
Cell (Vanessa_atalanta,Salicaceae): 0 -> 1
Cell (Aglais_io,Rosaceae): 0 -> 1
Cell (Aglais_io,Cannabaceae): 0 -> 1
Cell (Kaniska_canace,Urticaceae): 0 -> 1
Cell (Nymphalis_xanthomelas,Ulmaceae): 0 -> 1
Cell (Polygonia_c_album,Malvaceae): 0 -> 1
Cell (Polygonia_oreas,Cannabaceae): 0 -> 1
Cell (Polygonia_zephyrus,Ceratophyllaceae): 0 -> 1
Cell (Polygonia_zephyrus,Plantaginaceae): 0 -> 1
Matrix saved as results/130/corrupt10/r010.7_r100.4/flipped_matrix.png
Metrics: {'precision': 0.6, 'recall': 0.6, 'f1': 0.6, 'TP': 6, 'FP': 4, 'FN': 4}
[Elbow detection] flip ≈ None, λ ≈ 1.0
Number of flips performed (elbow): 17
Cell (Hypanartia_bella,Rosaceae): 0 -> 1
Cell (Vanessa_annabella,Betulaceae): 0 -> 1
Cell (Vanessa_atalanta,Salicaceae): 0 -> 1
Cell (Vanessa_tameamea,Smilacaceae): 0 -> 1
Cell (Vanessa_indica,Amborellaceae): 0 -> 1
Cell (Aglais_io,Rosaceae): 0 -> 1
Cell (Aglais_io,Cannabaceae): 0 -> 1
Cell (Kaniska_canace,Urticaceae): 0 -> 1
Cell (Nymphalis_l_album,Typhaceae): 0 -> 1
Cell (Nymphalis_polychloros,Amborellaceae): 0 -> 1
Cell (Nymphalis_polychloros,Grossulariaceae): 0 -> 1
Cell (Nymphalis_xanthomelas,Ulmaceae): 0 -> 1
Cell (Polygonia_c_album,Malvaceae): 0 -> 1
Cell (Polygonia_satyrus,Potamogetonaceae): 0 -> 1
Cell (Polygonia_oreas,Cannabaceae): 0 -> 1
Cell (Polygonia_zephyrus,Ceratophyllaceae): 0 -> 1
Cell (Polygonia_zephyrus,Plantaginaceae): 0 -> 1
Matrix saved as results/130/corrupt10/r010.7_r100.4/flipped_matrix_elbow.png
Elbow Metrics: {'precision': 0.5882352941176471, 'recall': 1.0, 'f1': 0.7407407407407407, 'TP': 10, 'FP': 7, 'FN': 0}
