[iter 0] λ=0.5000 → flips=1245
[iter 1] λ=0.2500 → flips=0
[iter 2] λ=0.3750 → flips=387
[iter 3] λ=0.4375 → flips=877
[iter 4] λ=0.4688 → flips=1090
[iter 5] λ=0.4531 → flips=978
[iter 6] λ=0.4609 → flips=1043
[iter 7] λ=0.4570 → flips=1012
[iter 8] λ=0.4551 → flips=989
[iter 9] λ=0.4561 → flips=1003
[iter 10] λ=0.4556 → flips=996
[iter 11] λ=0.4558 → flips=1002
[iter 12] λ=0.4557 → flips=1001
[iter 13] λ=0.4556 → flips=996
[iter 14] λ=0.4557 → flips=996
[iter 15] λ=0.4557 → flips=1001
[iter 16] λ=0.4557 → flips=996
[iter 17] λ=0.4557 → flips=996
[iter 18] λ=0.4557 → flips=1001
[iter 19] λ=0.4557 → flips=996

Best λ=0.4557 → flips=1001, correct=774/1000
Number of flips performed: 1001
Metrics: {'precision': 0.7732267732267732, 'recall': 0.774, 'f1': 0.7736131934032984, 'TP': 774, 'FP': 227, 'FN': 226}
[Elbow detection] flip ≈ 2931, λ ≈ 0.7142857142857142
Number of flips performed (elbow): 2931
Elbow Metrics: {'precision': 0.332992152848857, 'recall': 0.976, 'f1': 0.4965657593487661, 'TP': 976, 'FP': 1955, 'FN': 24}
