[iter 0] λ=0.5000 → flips=1733
[iter 1] λ=0.7500 → flips=3594
[iter 2] λ=0.6250 → flips=2518
[iter 3] λ=0.5625 → flips=2193
[iter 4] λ=0.5312 → flips=2002
[iter 5] λ=0.5156 → flips=1880
[iter 6] λ=0.5234 → flips=1971
[iter 7] λ=0.5273 → flips=1979
[iter 8] λ=0.5293 → flips=1996
[iter 9] λ=0.5303 → flips=1997
[iter 10] λ=0.5308 → flips=2002
[iter 11] λ=0.5305 → flips=2001
[iter 12] λ=0.5304 → flips=2001
[iter 13] λ=0.5303 → flips=1997
[iter 14] λ=0.5304 → flips=2001
[iter 15] λ=0.5303 → flips=2001
[iter 16] λ=0.5303 → flips=2001
[iter 17] λ=0.5303 → flips=2001
[iter 18] λ=0.5303 → flips=1997
[iter 19] λ=0.5303 → flips=1997

Best λ=0.5305 → flips=2001, correct=1528/2000
Number of flips performed: 2001
Metrics: {'precision': 0.7636181909045477, 'recall': 0.764, 'f1': 0.7638090477380656, 'TP': 1528, 'FP': 473, 'FN': 472}
[Elbow detection] flip ≈ 3359, λ ≈ 0.7346938775510203
Number of flips performed (elbow): 3359
Elbow Metrics: {'precision': 0.5617743376004763, 'recall': 0.9435, 'f1': 0.7042358649001679, 'TP': 1887, 'FP': 1472, 'FN': 113}
