Matrix saved as results/86/corrupt500/r010.5_r100.7/original_matrix.svg
Matrix saved as results/86/corrupt500/r010.5_r100.7/corrupted.svg
[iter 0] λ=0.5000 → flips=104
[iter 1] λ=0.7500 → flips=895
[iter 2] λ=0.6250 → flips=348
[iter 3] λ=0.6875 → flips=523
[iter 4] λ=0.6562 → flips=420
[iter 5] λ=0.6719 → flips=470
[iter 6] λ=0.6797 → flips=490
[iter 7] λ=0.6836 → flips=507
[iter 8] λ=0.6816 → flips=501
[iter 9] λ=0.6807 → flips=497
[iter 10] λ=0.6812 → flips=500

Best λ=0.6812 → flips=500, correct=317/500
Number of flips performed: 500
Matrix saved as results/86/corrupt500/r010.5_r100.7/flipped_matrix.svg
Metrics: {'precision': 0.634, 'recall': 0.634, 'f1': 0.634, 'TP': 317, 'FP': 183, 'FN': 183}
[Elbow detection] flip ≈ 761, λ ≈ 0.7346938775510203
Number of flips performed (elbow): 761
Matrix saved as results/86/corrupt500/r010.5_r100.7/flipped_matrix_elbow.svg
Elbow Metrics: {'precision': 0.4967148488830486, 'recall': 0.756, 'f1': 0.5995241871530531, 'TP': 378, 'FP': 383, 'FN': 122}
