[iter 0] λ=0.5000 → flips=485
[iter 1] λ=0.7500 → flips=1340
[iter 2] λ=0.6250 → flips=783
[iter 3] λ=0.5625 → flips=615
[iter 4] λ=0.5312 → flips=572
[iter 5] λ=0.5156 → flips=535
[iter 6] λ=0.5078 → flips=507
[iter 7] λ=0.5039 → flips=495
[iter 8] λ=0.5059 → flips=504
[iter 9] λ=0.5049 → flips=495
[iter 10] λ=0.5054 → flips=503
[iter 11] λ=0.5051 → flips=495
[iter 12] λ=0.5052 → flips=498
[iter 13] λ=0.5053 → flips=503
[iter 14] λ=0.5053 → flips=498
[iter 15] λ=0.5053 → flips=503
[iter 16] λ=0.5053 → flips=498
[iter 17] λ=0.5053 → flips=503
[iter 18] λ=0.5053 → flips=503
[iter 19] λ=0.5053 → flips=498

Best λ=0.5052 → flips=498, correct=353/500
Number of flips performed: 498
Metrics: {'precision': 0.7088353413654619, 'recall': 0.706, 'f1': 0.7074148296593188, 'TP': 353, 'FP': 145, 'FN': 147}
[Elbow detection] flip ≈ 4304, λ ≈ 0.8571428571428571
Number of flips performed (elbow): 4304
Elbow Metrics: {'precision': 0.11175650557620818, 'recall': 0.962, 'f1': 0.20024979184013322, 'TP': 481, 'FP': 3823, 'FN': 19}
