Matrix saved as ml_parsimony_matrices/seed163_ratio1.4553.png
Matrix saved as results/163/corrupt10/r010.3_r100.4/original_matrix.png
Matrix saved as results/163/corrupt10/r010.3_r100.4/corrupted.png
[iter 0] λ=0.5000 → flips=23
[iter 1] λ=0.2500 → flips=0
[iter 2] λ=0.3750 → flips=22
[iter 3] λ=0.3125 → flips=0
[iter 4] λ=0.3438 → flips=0
[iter 5] λ=0.3594 → flips=6
[iter 6] λ=0.3672 → flips=14
[iter 7] λ=0.3633 → flips=11
[iter 8] λ=0.3613 → flips=8
[iter 9] λ=0.3623 → flips=9
[iter 10] λ=0.3628 → flips=10

Best λ=0.3628 → flips=10, correct=6/10
Number of flips performed: 10
Cell (Vanessa_cardui,Smilacaceae): 0 -> 1
Cell (Vanessa_tameamea,Ericaceae): 0 -> 1
Cell (Aglais_io,Ulmaceae): 0 -> 1
Cell (Nymphalis_californica,Rhamnaceae): 0 -> 1
Cell (Nymphalis_antiopa,Rhamnaceae): 0 -> 1
Cell (Nymphalis_antiopa,Betulaceae): 0 -> 1
Cell (Polygonia_faunus,Asteraceae): 0 -> 1
Cell (Polygonia_c_album,Rhamnaceae): 0 -> 1
Cell (Polygonia_oreas,Malvaceae): 0 -> 1
Cell (Polygonia_zephyrus,Ericaceae): 0 -> 1
Matrix saved as results/163/corrupt10/r010.3_r100.4/flipped_matrix.png
Metrics: {'precision': 0.6, 'recall': 0.6, 'f1': 0.6, 'TP': 6, 'FP': 4, 'FN': 4}
[Elbow detection] λ ≈ 0.379 (cutoff=0.357)
Elbow Metrics: {'precision': 0.45454545454545453, 'recall': 1.0, 'f1': 0.625, 'TP': 10, 'FP': 12, 'FN': 0}
