Matrix saved as results/130/corrupt500/r010.3_r100.4/original_matrix.svg
Matrix saved as results/130/corrupt500/r010.3_r100.4/corrupted.svg
[iter 0] λ=0.5000 → flips=117
[iter 1] λ=0.7500 → flips=691
[iter 2] λ=0.6250 → flips=314
[iter 3] λ=0.6875 → flips=472
[iter 4] λ=0.7188 → flips=566
[iter 5] λ=0.7031 → flips=515
[iter 6] λ=0.6953 → flips=499
[iter 7] λ=0.6992 → flips=504
[iter 8] λ=0.6973 → flips=501
[iter 9] λ=0.6963 → flips=500

Best λ=0.6963 → flips=500, correct=311/500
Number of flips performed: 500
Matrix saved as results/130/corrupt500/r010.3_r100.4/flipped_matrix.svg
Metrics: {'precision': 0.622, 'recall': 0.622, 'f1': 0.622, 'TP': 311, 'FP': 189, 'FN': 189}
[Elbow detection] flip ≈ 706, λ ≈ 0.7551020408163265
Number of flips performed (elbow): 706
Matrix saved as results/130/corrupt500/r010.3_r100.4/flipped_matrix_elbow.svg
Elbow Metrics: {'precision': 0.4985835694050991, 'recall': 0.704, 'f1': 0.5837479270315091, 'TP': 352, 'FP': 354, 'FN': 148}
