Matrix saved as results/9/corrupt100/r010.6_r100.7/original_matrix.svg
Matrix saved as results/9/corrupt100/r010.6_r100.7/corrupted.svg
[iter 0] λ=0.5000 → flips=140
[iter 1] λ=0.2500 → flips=0
[iter 2] λ=0.3750 → flips=0
[iter 3] λ=0.4375 → flips=24
[iter 4] λ=0.4688 → flips=50
[iter 5] λ=0.4844 → flips=70
[iter 6] λ=0.4922 → flips=75
[iter 7] λ=0.4961 → flips=101
[iter 8] λ=0.4941 → flips=77
[iter 9] λ=0.4951 → flips=84
[iter 10] λ=0.4956 → flips=89
[iter 11] λ=0.4958 → flips=104
[iter 12] λ=0.4957 → flips=100

Best λ=0.4957 → flips=100, correct=45/100
Number of flips performed: 100
Matrix saved as results/9/corrupt100/r010.6_r100.7/flipped_matrix.svg
Metrics: {'precision': 0.45, 'recall': 0.45, 'f1': 0.45, 'TP': 45, 'FP': 55, 'FN': 55}
[Elbow detection] flip ≈ 800, λ ≈ 0.6938775510204082
Number of flips performed (elbow): 800
Matrix saved as results/9/corrupt100/r010.6_r100.7/flipped_matrix_elbow.svg
Elbow Metrics: {'precision': 0.12, 'recall': 0.96, 'f1': 0.21333333333333332, 'TP': 96, 'FP': 704, 'FN': 4}
