[iter 0] λ=0.5000 → flips=2038
[iter 1] λ=0.2500 → flips=0
[iter 2] λ=0.3750 → flips=1025
[iter 3] λ=0.4375 → flips=1736
[iter 4] λ=0.4688 → flips=1896
[iter 5] λ=0.4844 → flips=1978
[iter 6] λ=0.4922 → flips=2005
[iter 7] λ=0.4883 → flips=1991
[iter 8] λ=0.4902 → flips=1998
[iter 9] λ=0.4912 → flips=2003
[iter 10] λ=0.4907 → flips=1999
[iter 11] λ=0.4910 → flips=2002
[iter 12] λ=0.4908 → flips=1999
[iter 13] λ=0.4909 → flips=2000

Best λ=0.4909 → flips=2000, correct=1870/2000
Number of flips performed: 2000
Metrics: {'precision': 0.935, 'recall': 0.935, 'f1': 0.935, 'TP': 1870, 'FP': 130, 'FN': 130}
[Elbow detection] flip ≈ 2126, λ ≈ 0.5306122448979591
Number of flips performed (elbow): 2126
Elbow Metrics: {'precision': 0.9063969896519285, 'recall': 0.9635, 'f1': 0.9340765874939408, 'TP': 1927, 'FP': 199, 'FN': 73}
