[iter 0] λ=0.5000 → flips=290
[iter 1] λ=0.7500 → flips=3870
[iter 2] λ=0.8750 → flips=12664
[iter 3] λ=0.8125 → flips=6784
[iter 4] λ=0.7812 → flips=4458
[iter 5] λ=0.7969 → flips=5347
[iter 6] λ=0.7891 → flips=4644
[iter 7] λ=0.7930 → flips=5061
[iter 8] λ=0.7910 → flips=4693
[iter 9] λ=0.7920 → flips=5049
[iter 10] λ=0.7915 → flips=5051
[iter 11] λ=0.7913 → flips=5087
[iter 12] λ=0.7911 → flips=5087
[iter 13] λ=0.7911 → flips=4731
[iter 14] λ=0.7911 → flips=5049
[iter 15] λ=0.7911 → flips=4693
[iter 16] λ=0.7911 → flips=4693
[iter 17] λ=0.7911 → flips=5049
[iter 18] λ=0.7911 → flips=4693
[iter 19] λ=0.7911 → flips=5049

Best λ=0.7920 → flips=5049, correct=3674/5000
Number of flips performed: 5049
Metrics: {'precision': 0.7276688453159041, 'recall': 0.7348, 'f1': 0.7312170365210467, 'TP': 3674, 'FP': 1375, 'FN': 1326}
[Elbow detection] flip ≈ 7113, λ ≈ 0.8163265306122448
Number of flips performed (elbow): 7113
Elbow Metrics: {'precision': 0.5773935048502742, 'recall': 0.8214, 'f1': 0.6781144225212582, 'TP': 4107, 'FP': 3006, 'FN': 893}
