Matrix saved as results/141/corrupt100/r010.6_r100.5/original_matrix.svg
Matrix saved as results/141/corrupt100/r010.6_r100.5/corrupted.svg
[iter 0] λ=0.5000 → flips=106
[iter 1] λ=0.2500 → flips=0
[iter 2] λ=0.3750 → flips=0
[iter 3] λ=0.4375 → flips=16
[iter 4] λ=0.4688 → flips=32
[iter 5] λ=0.4844 → flips=46
[iter 6] λ=0.4922 → flips=61
[iter 7] λ=0.4961 → flips=78
[iter 8] λ=0.4980 → flips=106
[iter 9] λ=0.4971 → flips=91
[iter 10] λ=0.4976 → flips=93
[iter 11] λ=0.4978 → flips=95
[iter 12] λ=0.4979 → flips=100

Best λ=0.4979 → flips=100, correct=51/100
Number of flips performed: 100
Matrix saved as results/141/corrupt100/r010.6_r100.5/flipped_matrix.svg
Metrics: {'precision': 0.51, 'recall': 0.51, 'f1': 0.51, 'TP': 51, 'FP': 49, 'FN': 49}
[Elbow detection] flip ≈ 701, λ ≈ 0.6938775510204082
Number of flips performed (elbow): 701
Matrix saved as results/141/corrupt100/r010.6_r100.5/flipped_matrix_elbow.svg
Elbow Metrics: {'precision': 0.12268188302425106, 'recall': 0.86, 'f1': 0.21473158551810234, 'TP': 86, 'FP': 615, 'FN': 14}
