[iter 0] λ=0.5000 → flips=190
[iter 1] λ=0.7500 → flips=10176
[iter 2] λ=0.6250 → flips=1940
[iter 3] λ=0.6875 → flips=7028
[iter 4] λ=0.7188 → flips=8945
[iter 5] λ=0.7344 → flips=9573
[iter 6] λ=0.7422 → flips=10045
[iter 7] λ=0.7383 → flips=9668
[iter 8] λ=0.7402 → flips=9910
[iter 9] λ=0.7412 → flips=9916
[iter 10] λ=0.7417 → flips=10171
[iter 11] λ=0.7415 → flips=10071
[iter 12] λ=0.7413 → flips=9735
[iter 13] λ=0.7414 → flips=9916
[iter 14] λ=0.7414 → flips=9823
[iter 15] λ=0.7414 → flips=9740
[iter 16] λ=0.7414 → flips=9890
[iter 17] λ=0.7415 → flips=9895
[iter 18] λ=0.7415 → flips=9890
[iter 19] λ=0.7415 → flips=9890

Best λ=0.7422 → flips=10045, correct=8782/10000
Number of flips performed: 10045
Metrics: {'precision': 0.8742658038825286, 'recall': 0.8782, 'f1': 0.87622848590671, 'TP': 8782, 'FP': 1263, 'FN': 1218}
[Elbow detection] flip ≈ 8841, λ ≈ 0.7142857142857142
Number of flips performed (elbow): 8841
Elbow Metrics: {'precision': 0.9209365456396336, 'recall': 0.8142, 'f1': 0.8642853351732923, 'TP': 8142, 'FP': 699, 'FN': 1858}
