Matrix saved as results/97/corrupt1000/r010.5_r100.5/original_matrix.svg
Matrix saved as results/97/corrupt1000/r010.5_r100.5/corrupted.svg
[iter 0] λ=0.5000 → flips=41
[iter 1] λ=0.7500 → flips=1105
[iter 2] λ=0.6250 → flips=195
[iter 3] λ=0.6875 → flips=400
[iter 4] λ=0.7188 → flips=638
[iter 5] λ=0.7344 → flips=688
[iter 6] λ=0.7422 → flips=1021
[iter 7] λ=0.7383 → flips=764
[iter 8] λ=0.7402 → flips=764
[iter 9] λ=0.7412 → flips=1013
[iter 10] λ=0.7407 → flips=764
[iter 11] λ=0.7410 → flips=1007
[iter 12] λ=0.7408 → flips=1007
[iter 13] λ=0.7408 → flips=1007
[iter 14] λ=0.7408 → flips=1007
[iter 15] λ=0.7407 → flips=1007
[iter 16] λ=0.7407 → flips=1007
[iter 17] λ=0.7407 → flips=1007
[iter 18] λ=0.7407 → flips=1007
[iter 19] λ=0.7407 → flips=1007

Best λ=0.7410 → flips=1007, correct=587/1000
Number of flips performed: 1007
Matrix saved as results/97/corrupt1000/r010.5_r100.5/flipped_matrix.svg
Metrics: {'precision': 0.5829195630585898, 'recall': 0.587, 'f1': 0.5849526656701545, 'TP': 587, 'FP': 420, 'FN': 413}
[Elbow detection] flip ≈ 1531, λ ≈ 0.7755102040816326
Number of flips performed (elbow): 1531
Matrix saved as results/97/corrupt1000/r010.5_r100.5/flipped_matrix_elbow.svg
Elbow Metrics: {'precision': 0.4813847158719791, 'recall': 0.737, 'f1': 0.5823785065191623, 'TP': 737, 'FP': 794, 'FN': 263}
