[iter 0] λ=0.5000 → flips=6394
[iter 1] λ=0.7500 → flips=12071
[iter 2] λ=0.6250 → flips=10218
[iter 3] λ=0.5625 → flips=9171
[iter 4] λ=0.5938 → flips=9808
[iter 5] λ=0.6094 → flips=10324
[iter 6] λ=0.6016 → flips=10005
[iter 7] λ=0.5977 → flips=9851
[iter 8] λ=0.5996 → flips=9954
[iter 9] λ=0.6006 → flips=9954
[iter 10] λ=0.6011 → flips=10005
[iter 11] λ=0.6008 → flips=9954
[iter 12] λ=0.6010 → flips=10002
[iter 13] λ=0.6009 → flips=9954
[iter 14] λ=0.6009 → flips=9954
[iter 15] λ=0.6009 → flips=9954
[iter 16] λ=0.6009 → flips=9954
[iter 17] λ=0.6009 → flips=9954
[iter 18] λ=0.6010 → flips=10002
[iter 19] λ=0.6009 → flips=10002

Best λ=0.6010 → flips=10002, correct=9487/10000
Number of flips performed: 10002
Metrics: {'precision': 0.948510297940412, 'recall': 0.9487, 'f1': 0.9486051394860514, 'TP': 9487, 'FP': 515, 'FN': 513}
[Elbow detection] flip ≈ 7002, λ ≈ 0.5102040816326531
Number of flips performed (elbow): 7002
Elbow Metrics: {'precision': 0.9837189374464439, 'recall': 0.6888, 'f1': 0.8102576167509705, 'TP': 6888, 'FP': 114, 'FN': 3112}
