Matrix saved as results/119/corrupt100/r010.3_r100.4/original_matrix.svg
Matrix saved as results/119/corrupt100/r010.3_r100.4/corrupted.svg
[iter 0] λ=0.5000 → flips=78
[iter 1] λ=0.7500 → flips=928
[iter 2] λ=0.6250 → flips=159
[iter 3] λ=0.5625 → flips=99
[iter 4] λ=0.5938 → flips=118
[iter 5] λ=0.5781 → flips=112
[iter 6] λ=0.5703 → flips=101
[iter 7] λ=0.5664 → flips=99
[iter 8] λ=0.5684 → flips=101
[iter 9] λ=0.5674 → flips=101
[iter 10] λ=0.5669 → flips=99
[iter 11] λ=0.5671 → flips=101
[iter 12] λ=0.5670 → flips=99
[iter 13] λ=0.5671 → flips=99
[iter 14] λ=0.5671 → flips=101
[iter 15] λ=0.5671 → flips=99
[iter 16] λ=0.5671 → flips=99
[iter 17] λ=0.5671 → flips=101
[iter 18] λ=0.5671 → flips=101
[iter 19] λ=0.5671 → flips=101

Best λ=0.5625 → flips=99, correct=50/100
Number of flips performed: 99
Matrix saved as results/119/corrupt100/r010.3_r100.4/flipped_matrix.svg
Metrics: {'precision': 0.5050505050505051, 'recall': 0.5, 'f1': 0.5025125628140703, 'TP': 50, 'FP': 49, 'FN': 50}
[Elbow detection] flip ≈ 942, λ ≈ 0.7551020408163265
Number of flips performed (elbow): 942
Matrix saved as results/119/corrupt100/r010.3_r100.4/flipped_matrix_elbow.svg
Elbow Metrics: {'precision': 0.09023354564755838, 'recall': 0.85, 'f1': 0.16314779270633398, 'TP': 85, 'FP': 857, 'FN': 15}
