[iter 0] λ=0.5000 → flips=429
[iter 1] λ=0.7500 → flips=11741
[iter 2] λ=0.6250 → flips=6411
[iter 3] λ=0.6875 → flips=8719
[iter 4] λ=0.7188 → flips=9586
[iter 5] λ=0.7344 → flips=10670
[iter 6] λ=0.7266 → flips=10112
[iter 7] λ=0.7227 → flips=9952
[iter 8] λ=0.7246 → flips=9976
[iter 9] λ=0.7256 → flips=9976
[iter 10] λ=0.7261 → flips=9976
[iter 11] λ=0.7263 → flips=10098
[iter 12] λ=0.7262 → flips=9976
[iter 13] λ=0.7263 → flips=10098
[iter 14] λ=0.7262 → flips=10098
[iter 15] λ=0.7262 → flips=9976
[iter 16] λ=0.7262 → flips=9976
[iter 17] λ=0.7262 → flips=10098
[iter 18] λ=0.7262 → flips=9976
[iter 19] λ=0.7262 → flips=10098

Best λ=0.7246 → flips=9976, correct=8305/10000
Number of flips performed: 9976
Metrics: {'precision': 0.8324979951884522, 'recall': 0.8305, 'f1': 0.8314977973568282, 'TP': 8305, 'FP': 1671, 'FN': 1695}
[Elbow detection] flip ≈ 8362, λ ≈ 0.673469387755102
Number of flips performed (elbow): 8362
Elbow Metrics: {'precision': 0.8923702463525472, 'recall': 0.7462, 'f1': 0.8127654939549068, 'TP': 7462, 'FP': 900, 'FN': 2538}
