[iter 0] λ=0.5000 → flips=4
[iter 1] λ=0.7500 → flips=76
[iter 2] λ=0.8750 → flips=224
[iter 3] λ=0.9375 → flips=17858
[iter 4] λ=0.9062 → flips=6376
[iter 5] λ=0.9219 → flips=8630
[iter 6] λ=0.9297 → flips=15802
[iter 7] λ=0.9258 → flips=14703
[iter 8] λ=0.9238 → flips=8639
[iter 9] λ=0.9248 → flips=9076
[iter 10] λ=0.9253 → flips=15802
[iter 11] λ=0.9250 → flips=8639
[iter 12] λ=0.9252 → flips=8639
[iter 13] λ=0.9252 → flips=8639
[iter 14] λ=0.9253 → flips=8639
[iter 15] λ=0.9253 → flips=12316
[iter 16] λ=0.9253 → flips=11918
[iter 17] λ=0.9253 → flips=8639
[iter 18] λ=0.9253 → flips=15802
[iter 19] λ=0.9253 → flips=15802

Best λ=0.9248 → flips=9076, correct=6645/10000
Number of flips performed: 9076
Metrics: {'precision': 0.7321507271925959, 'recall': 0.6645, 'f1': 0.6966869364646676, 'TP': 6645, 'FP': 2431, 'FN': 3355}
[Elbow detection] flip ≈ 7937, λ ≈ 0.9183673469387754
Number of flips performed (elbow): 7937
Elbow Metrics: {'precision': 0.7957666624669271, 'recall': 0.6316, 'f1': 0.7042426269721803, 'TP': 6316, 'FP': 1621, 'FN': 3684}
