Matrix saved as results/108/corrupt500/r010.6_r100.3/original_matrix.svg
Matrix saved as results/108/corrupt500/r010.6_r100.3/corrupted.svg
[iter 0] λ=0.5000 → flips=330
[iter 1] λ=0.7500 → flips=1924
[iter 2] λ=0.6250 → flips=734
[iter 3] λ=0.5625 → flips=451
[iter 4] λ=0.5938 → flips=577
[iter 5] λ=0.5781 → flips=507
[iter 6] λ=0.5703 → flips=476
[iter 7] λ=0.5742 → flips=492
[iter 8] λ=0.5762 → flips=498
[iter 9] λ=0.5771 → flips=500

Best λ=0.5771 → flips=500, correct=349/500
Number of flips performed: 500
Matrix saved as results/108/corrupt500/r010.6_r100.3/flipped_matrix.svg
Metrics: {'precision': 0.698, 'recall': 0.698, 'f1': 0.698, 'TP': 349, 'FP': 151, 'FN': 151}
[Elbow detection] flip ≈ 684, λ ≈ 0.6122448979591836
Number of flips performed (elbow): 684
Matrix saved as results/108/corrupt500/r010.6_r100.3/flipped_matrix_elbow.svg
Elbow Metrics: {'precision': 0.564327485380117, 'recall': 0.772, 'f1': 0.6520270270270271, 'TP': 386, 'FP': 298, 'FN': 114}
