Matrix saved as results/31/corrupt1000/r010.6_r100.4/original_matrix.svg
Matrix saved as results/31/corrupt1000/r010.6_r100.4/corrupted.svg
[iter 0] λ=0.5000 → flips=164
[iter 1] λ=0.7500 → flips=1662
[iter 2] λ=0.6250 → flips=465
[iter 3] λ=0.6875 → flips=787
[iter 4] λ=0.7188 → flips=1336
[iter 5] λ=0.7031 → flips=914
[iter 6] λ=0.7109 → flips=1140
[iter 7] λ=0.7070 → flips=1062
[iter 8] λ=0.7051 → flips=1026
[iter 9] λ=0.7041 → flips=991
[iter 10] λ=0.7046 → flips=1026
[iter 11] λ=0.7043 → flips=991
[iter 12] λ=0.7045 → flips=991
[iter 13] λ=0.7045 → flips=991
[iter 14] λ=0.7046 → flips=991
[iter 15] λ=0.7046 → flips=1026
[iter 16] λ=0.7046 → flips=1026
[iter 17] λ=0.7046 → flips=1026
[iter 18] λ=0.7046 → flips=1026
[iter 19] λ=0.7046 → flips=1026

Best λ=0.7041 → flips=991, correct=643/1000
Number of flips performed: 991
Matrix saved as results/31/corrupt1000/r010.6_r100.4/flipped_matrix.svg
Metrics: {'precision': 0.6488395560040363, 'recall': 0.643, 'f1': 0.645906579608237, 'TP': 643, 'FP': 348, 'FN': 357}
[Elbow detection] flip ≈ 1235, λ ≈ 0.7142857142857142
Number of flips performed (elbow): 1235
Matrix saved as results/31/corrupt1000/r010.6_r100.4/flipped_matrix_elbow.svg
Elbow Metrics: {'precision': 0.5878542510121457, 'recall': 0.726, 'f1': 0.6496644295302013, 'TP': 726, 'FP': 509, 'FN': 274}
