[iter 0] λ=0.5000 → flips=878
[iter 1] λ=0.7500 → flips=2551
[iter 2] λ=0.6250 → flips=1253
[iter 3] λ=0.5625 → flips=1043
[iter 4] λ=0.5312 → flips=952
[iter 5] λ=0.5469 → flips=999
[iter 6] λ=0.5547 → flips=1021
[iter 7] λ=0.5508 → flips=1015
[iter 8] λ=0.5488 → flips=1008
[iter 9] λ=0.5479 → flips=1005
[iter 10] λ=0.5474 → flips=1002
[iter 11] λ=0.5471 → flips=999
[iter 12] λ=0.5472 → flips=999
[iter 13] λ=0.5473 → flips=999
[iter 14] λ=0.5473 → flips=999
[iter 15] λ=0.5473 → flips=999
[iter 16] λ=0.5474 → flips=1002
[iter 17] λ=0.5474 → flips=1002
[iter 18] λ=0.5473 → flips=999
[iter 19] λ=0.5474 → flips=1002

Best λ=0.5469 → flips=999, correct=752/1000
Number of flips performed: 999
Metrics: {'precision': 0.7527527527527528, 'recall': 0.752, 'f1': 0.7523761880940469, 'TP': 752, 'FP': 247, 'FN': 248}
[Elbow detection] flip ≈ 4877, λ ≈ 0.8163265306122448
Number of flips performed (elbow): 4877
Elbow Metrics: {'precision': 0.19889276194381791, 'recall': 0.97, 'f1': 0.3301003913561341, 'TP': 970, 'FP': 3907, 'FN': 30}
