Matrix saved as results/86/corrupt1000/r010.6_r100.3/original_matrix.svg
Matrix saved as results/86/corrupt1000/r010.6_r100.3/corrupted.svg
[iter 0] λ=0.5000 → flips=572
[iter 1] λ=0.7500 → flips=2067
[iter 2] λ=0.6250 → flips=999
[iter 3] λ=0.6875 → flips=1352
[iter 4] λ=0.6562 → flips=1236
[iter 5] λ=0.6406 → flips=1103
[iter 6] λ=0.6328 → flips=1035
[iter 7] λ=0.6289 → flips=1020
[iter 8] λ=0.6270 → flips=1004
[iter 9] λ=0.6260 → flips=1003
[iter 10] λ=0.6255 → flips=1003
[iter 11] λ=0.6252 → flips=1003
[iter 12] λ=0.6251 → flips=1003
[iter 13] λ=0.6251 → flips=999
[iter 14] λ=0.6251 → flips=999
[iter 15] λ=0.6251 → flips=1003
[iter 16] λ=0.6251 → flips=1003
[iter 17] λ=0.6251 → flips=1003
[iter 18] λ=0.6251 → flips=999
[iter 19] λ=0.6251 → flips=999

Best λ=0.6250 → flips=999, correct=810/1000
Number of flips performed: 999
Matrix saved as results/86/corrupt1000/r010.6_r100.3/flipped_matrix.svg
Metrics: {'precision': 0.8108108108108109, 'recall': 0.81, 'f1': 0.8104052026013007, 'TP': 810, 'FP': 189, 'FN': 190}
[Elbow detection] flip ≈ 940, λ ≈ 0.5918367346938775
Number of flips performed (elbow): 940
Matrix saved as results/86/corrupt1000/r010.6_r100.3/flipped_matrix_elbow.svg
Elbow Metrics: {'precision': 0.8329787234042553, 'recall': 0.783, 'f1': 0.8072164948453608, 'TP': 783, 'FP': 157, 'FN': 217}
