[iter 0] λ=0.5000 → flips=997
[iter 1] λ=0.2500 → flips=0
[iter 2] λ=0.3750 → flips=473
[iter 3] λ=0.4375 → flips=813
[iter 4] λ=0.4062 → flips=723
[iter 5] λ=0.3906 → flips=647
[iter 6] λ=0.3828 → flips=569
[iter 7] λ=0.3789 → flips=523
[iter 8] λ=0.3770 → flips=502
[iter 9] λ=0.3760 → flips=485
[iter 10] λ=0.3765 → flips=493
[iter 11] λ=0.3767 → flips=495
[iter 12] λ=0.3768 → flips=499
[iter 13] λ=0.3769 → flips=500

Best λ=0.3769 → flips=500, correct=287/500
Number of flips performed: 500
Metrics: {'precision': 0.574, 'recall': 0.574, 'f1': 0.574, 'TP': 287, 'FP': 213, 'FN': 213}
[Elbow detection] flip ≈ 1255, λ ≈ 0.5918367346938775
Number of flips performed (elbow): 1255
Elbow Metrics: {'precision': 0.39362549800796814, 'recall': 0.988, 'f1': 0.562962962962963, 'TP': 494, 'FP': 761, 'FN': 6}
