[iter 0] λ=0.5000 → flips=4207
[iter 1] λ=0.7500 → flips=6531
[iter 2] λ=0.6250 → flips=5240
[iter 3] λ=0.5625 → flips=4903
[iter 4] λ=0.5938 → flips=5092
[iter 5] λ=0.5781 → flips=5001
[iter 6] λ=0.5703 → flips=4958
[iter 7] λ=0.5742 → flips=4978
[iter 8] λ=0.5762 → flips=4992
[iter 9] λ=0.5771 → flips=4999
[iter 10] λ=0.5776 → flips=5001
[iter 11] λ=0.5774 → flips=4999
[iter 12] λ=0.5775 → flips=5073
[iter 13] λ=0.5775 → flips=4999
[iter 14] λ=0.5775 → flips=4999
[iter 15] λ=0.5775 → flips=4999
[iter 16] λ=0.5775 → flips=5000

Best λ=0.5775 → flips=5000, correct=4669/5000
Number of flips performed: 5000
Metrics: {'precision': 0.9338, 'recall': 0.9338, 'f1': 0.9338, 'TP': 4669, 'FP': 331, 'FN': 331}
[Elbow detection] flip ≈ 5168, λ ≈ 0.6122448979591836
Number of flips performed (elbow): 5168
Elbow Metrics: {'precision': 0.9193111455108359, 'recall': 0.9502, 'f1': 0.9345003933910307, 'TP': 4751, 'FP': 417, 'FN': 249}
