[iter 0] λ=0.5000 → flips=32
[iter 1] λ=0.7500 → flips=2812
[iter 2] λ=0.8750 → flips=17551
[iter 3] λ=0.8125 → flips=6048
[iter 4] λ=0.8438 → flips=10216
[iter 5] λ=0.8281 → flips=6694
[iter 6] λ=0.8359 → flips=8439
[iter 7] λ=0.8398 → flips=10211
[iter 8] λ=0.8379 → flips=9432
[iter 9] λ=0.8389 → flips=9432
[iter 10] λ=0.8394 → flips=9496
[iter 11] λ=0.8396 → flips=9496
[iter 12] λ=0.8397 → flips=9496
[iter 13] λ=0.8398 → flips=9496
[iter 14] λ=0.8398 → flips=9496
[iter 15] λ=0.8398 → flips=10211
[iter 16] λ=0.8398 → flips=10211
[iter 17] λ=0.8398 → flips=10211
[iter 18] λ=0.8398 → flips=9496
[iter 19] λ=0.8398 → flips=9496

Best λ=0.8398 → flips=10211, correct=7694/10000
Number of flips performed: 10211
Metrics: {'precision': 0.7535011262364117, 'recall': 0.7694, 'f1': 0.7613675721141954, 'TP': 7694, 'FP': 2517, 'FN': 2306}
[Elbow detection] flip ≈ 6280, λ ≈ 0.8163265306122448
Number of flips performed (elbow): 6280
Elbow Metrics: {'precision': 0.8878980891719745, 'recall': 0.5576, 'f1': 0.6850122850122851, 'TP': 5576, 'FP': 704, 'FN': 4424}
