Matrix saved as results/64/corrupt1000/r010.4_r100.6/original_matrix.svg
Matrix saved as results/64/corrupt1000/r010.4_r100.6/corrupted.svg
[iter 0] λ=0.5000 → flips=0
[iter 1] λ=0.7500 → flips=0
[iter 2] λ=0.8750 → flips=0
[iter 3] λ=0.9375 → flips=1
[iter 4] λ=0.9688 → flips=1
[iter 5] λ=0.9844 → flips=2
[iter 6] λ=0.9922 → flips=4996
[iter 7] λ=0.9883 → flips=2
[iter 8] λ=0.9902 → flips=2
[iter 9] λ=0.9912 → flips=4996
[iter 10] λ=0.9907 → flips=4996
[iter 11] λ=0.9905 → flips=2
[iter 12] λ=0.9906 → flips=4996
[iter 13] λ=0.9905 → flips=2
[iter 14] λ=0.9906 → flips=2
[iter 15] λ=0.9906 → flips=4996
[iter 16] λ=0.9906 → flips=2
[iter 17] λ=0.9906 → flips=2
[iter 18] λ=0.9906 → flips=4996
[iter 19] λ=0.9906 → flips=4996

Best λ=0.9844 → flips=2, correct=2/1000
Number of flips performed: 2
Matrix saved as results/64/corrupt1000/r010.4_r100.6/flipped_matrix.svg
Metrics: {'precision': 1.0, 'recall': 0.002, 'f1': 0.003992015968063872, 'TP': 2, 'FP': 0, 'FN': 998}
[Elbow detection] flip ≈ 0, λ ≈ 0.0
Number of flips performed (elbow): 0
Matrix saved as results/64/corrupt1000/r010.4_r100.6/flipped_matrix_elbow.svg
Elbow Metrics: {'precision': 0, 'recall': 0.0, 'f1': 0, 'TP': 0, 'FP': 0, 'FN': 1000}
