[iter 0] λ=0.5000 → flips=2215
[iter 1] λ=0.2500 → flips=0
[iter 2] λ=0.3750 → flips=1068
[iter 3] λ=0.4375 → flips=1506
[iter 4] λ=0.4688 → flips=1899
[iter 5] λ=0.4844 → flips=2087
[iter 6] λ=0.4766 → flips=1990
[iter 7] λ=0.4805 → flips=2042
[iter 8] λ=0.4785 → flips=2030
[iter 9] λ=0.4775 → flips=2001
[iter 10] λ=0.4771 → flips=1990
[iter 11] λ=0.4773 → flips=1991
[iter 12] λ=0.4774 → flips=1991
[iter 13] λ=0.4775 → flips=2000

Best λ=0.4775 → flips=2000, correct=1646/2000
Number of flips performed: 2000
Metrics: {'precision': 0.823, 'recall': 0.823, 'f1': 0.823, 'TP': 1646, 'FP': 354, 'FN': 354}
[Elbow detection] flip ≈ 3103, λ ≈ 0.5918367346938775
Number of flips performed (elbow): 3103
Elbow Metrics: {'precision': 0.5916854656783758, 'recall': 0.918, 'f1': 0.7195767195767195, 'TP': 1836, 'FP': 1267, 'FN': 164}
