[iter 0] λ=0.5000 → flips=538
[iter 1] λ=0.7500 → flips=1351
[iter 2] λ=0.6250 → flips=879
[iter 3] λ=0.6875 → flips=1140
[iter 4] λ=0.6562 → flips=975
[iter 5] λ=0.6719 → flips=1044
[iter 6] λ=0.6641 → flips=1021
[iter 7] λ=0.6602 → flips=1004
[iter 8] λ=0.6582 → flips=980
[iter 9] λ=0.6592 → flips=980
[iter 10] λ=0.6597 → flips=1003
[iter 11] λ=0.6594 → flips=1003
[iter 12] λ=0.6593 → flips=1003
[iter 13] λ=0.6592 → flips=1003
[iter 14] λ=0.6592 → flips=1003
[iter 15] λ=0.6592 → flips=980
[iter 16] λ=0.6592 → flips=980
[iter 17] λ=0.6592 → flips=1003
[iter 18] λ=0.6592 → flips=1003
[iter 19] λ=0.6592 → flips=1003

Best λ=0.6597 → flips=1003, correct=763/1000
Number of flips performed: 1003
Metrics: {'precision': 0.7607178464606181, 'recall': 0.763, 'f1': 0.7618572141787319, 'TP': 763, 'FP': 240, 'FN': 237}
[Elbow detection] flip ≈ 2079, λ ≈ 0.7959183673469387
Number of flips performed (elbow): 2079
Elbow Metrics: {'precision': 0.4237614237614238, 'recall': 0.881, 'f1': 0.5722637219876583, 'TP': 881, 'FP': 1198, 'FN': 119}
