Matrix saved as ml_parsimony_matrices/seed97_ratio1.4559.png
Matrix saved as results/97/corrupt100/r010.7_r100.6/original_matrix.png
Matrix saved as results/97/corrupt100/r010.7_r100.6/corrupted.png
[iter 0] λ=0.5000 → flips=13
[iter 1] λ=0.7500 → flips=75
[iter 2] λ=0.8750 → flips=76
[iter 3] λ=0.9375 → flips=741
[iter 4] λ=0.9062 → flips=468
[iter 5] λ=0.8906 → flips=76
[iter 6] λ=0.8984 → flips=468
[iter 7] λ=0.8945 → flips=468
[iter 8] λ=0.8926 → flips=468
[iter 9] λ=0.8916 → flips=76
[iter 10] λ=0.8921 → flips=468
[iter 11] λ=0.8918 → flips=468
[iter 12] λ=0.8917 → flips=76
[iter 13] λ=0.8918 → flips=76
[iter 14] λ=0.8918 → flips=468
[iter 15] λ=0.8918 → flips=76
[iter 16] λ=0.8918 → flips=468
[iter 17] λ=0.8918 → flips=468
[iter 18] λ=0.8918 → flips=468
[iter 19] λ=0.8918 → flips=468

Best λ=0.8750 → flips=76, correct=59/100
Number of flips performed: 76
Cell (Vanessa_kershawi,Nymphaeaceae): 0 -> 1
Cell (Kaniska_canace,Amborellaceae): 0 -> 1
Cell (Kaniska_canace,Typhaceae): 0 -> 1
Cell (Kaniska_canace,Smilacaceae): 0 -> 1
Cell (Kaniska_canace,Acoraceae): 0 -> 1
Cell (Kaniska_canace,Grossulariaceae): 0 -> 1
Cell (Kaniska_canace,Ericaceae): 0 -> 1
Cell (Kaniska_canace,Asteraceae): 0 -> 1
Cell (Kaniska_canace,Boraginaceae): 0 -> 1
Cell (Nymphalis_l_album,Amborellaceae): 0 -> 1
Cell (Nymphalis_l_album,Nymphaeaceae): 0 -> 1
Cell (Nymphalis_l_album,Chloranthaceae): 0 -> 1
Cell (Nymphalis_l_album,Typhaceae): 0 -> 1
Cell (Nymphalis_l_album,Fabaceae): 0 -> 1
Cell (Nymphalis_l_album,Rosaceae): 0 -> 1
Cell (Nymphalis_l_album,Rhamnaceae): 0 -> 1
Cell (Nymphalis_l_album,Urticaceae): 0 -> 1
Cell (Nymphalis_l_album,Betulaceae): 0 -> 1
Cell (Nymphalis_l_album,Malvaceae): 0 -> 1
Cell (Nymphalis_l_album,Grossulariaceae): 0 -> 1
Cell (Nymphalis_l_album,Ericaceae): 0 -> 1
Cell (Nymphalis_l_album,Plantaginaceae): 0 -> 1
Cell (Nymphalis_polychloros,Siparunaceae): 0 -> 1
Cell (Nymphalis_polychloros,Acoraceae): 0 -> 1
Cell (Nymphalis_polychloros,Ceratophyllaceae): 0 -> 1
Cell (Nymphalis_polychloros,Rosaceae): 0 -> 1
Cell (Nymphalis_polychloros,Rhamnaceae): 0 -> 1
Cell (Nymphalis_polychloros,Cannabaceae): 0 -> 1
Cell (Nymphalis_polychloros,Malvaceae): 0 -> 1
Cell (Nymphalis_polychloros,Grossulariaceae): 0 -> 1
Cell (Nymphalis_polychloros,Ericaceae): 0 -> 1
Cell (Nymphalis_polychloros,Asteraceae): 0 -> 1
Cell (Nymphalis_polychloros,Plantaginaceae): 0 -> 1
Cell (Nymphalis_polychloros,Boraginaceae): 0 -> 1
Cell (Nymphalis_californica,Nymphaeaceae): 0 -> 1
Cell (Nymphalis_californica,Siparunaceae): 0 -> 1
Cell (Nymphalis_californica,Aristolochiaceae): 0 -> 1
Cell (Nymphalis_californica,Typhaceae): 0 -> 1
Cell (Nymphalis_californica,Smilacaceae): 0 -> 1
Cell (Nymphalis_californica,Potamogetonaceae): 0 -> 1
Cell (Nymphalis_californica,Ceratophyllaceae): 0 -> 1
Cell (Nymphalis_californica,Fabaceae): 0 -> 1
Cell (Nymphalis_californica,Rhamnaceae): 0 -> 1
Cell (Nymphalis_californica,Ulmaceae): 0 -> 1
Cell (Nymphalis_californica,Urticaceae): 0 -> 1
Cell (Nymphalis_californica,Grossulariaceae): 0 -> 1
Cell (Nymphalis_californica,Boraginaceae): 0 -> 1
Cell (Nymphalis_xanthomelas,Amborellaceae): 0 -> 1
Cell (Nymphalis_xanthomelas,Nymphaeaceae): 0 -> 1
Cell (Nymphalis_xanthomelas,Schisandraceae): 0 -> 1
Cell (Nymphalis_xanthomelas,Siparunaceae): 0 -> 1
Cell (Nymphalis_xanthomelas,Aristolochiaceae): 0 -> 1
Cell (Nymphalis_xanthomelas,Chloranthaceae): 0 -> 1
Cell (Nymphalis_xanthomelas,Rosaceae): 0 -> 1
Cell (Nymphalis_xanthomelas,Rhamnaceae): 0 -> 1
Cell (Nymphalis_xanthomelas,Ulmaceae): 0 -> 1
Cell (Nymphalis_xanthomelas,Urticaceae): 0 -> 1
Cell (Nymphalis_xanthomelas,Salicaceae): 0 -> 1
Cell (Nymphalis_xanthomelas,Malvaceae): 0 -> 1
Cell (Nymphalis_xanthomelas,Grossulariaceae): 0 -> 1
Cell (Nymphalis_xanthomelas,Ericaceae): 0 -> 1
Cell (Nymphalis_antiopa,Amborellaceae): 0 -> 1
Cell (Nymphalis_antiopa,Nymphaeaceae): 0 -> 1
Cell (Nymphalis_antiopa,Schisandraceae): 0 -> 1
Cell (Nymphalis_antiopa,Siparunaceae): 0 -> 1
Cell (Nymphalis_antiopa,Aristolochiaceae): 0 -> 1
Cell (Nymphalis_antiopa,Smilacaceae): 0 -> 1
Cell (Nymphalis_antiopa,Potamogetonaceae): 0 -> 1
Cell (Nymphalis_antiopa,Acoraceae): 0 -> 1
Cell (Nymphalis_antiopa,Rosaceae): 0 -> 1
Cell (Nymphalis_antiopa,Rhamnaceae): 0 -> 1
Cell (Nymphalis_antiopa,Urticaceae): 0 -> 1
Cell (Nymphalis_antiopa,Salicaceae): 0 -> 1
Cell (Nymphalis_antiopa,Malvaceae): 0 -> 1
Cell (Nymphalis_antiopa,Ericaceae): 0 -> 1
Cell (Nymphalis_antiopa,Plantaginaceae): 0 -> 1
Matrix saved as results/97/corrupt100/r010.7_r100.6/flipped_matrix.png
Metrics: {'precision': 0.7763157894736842, 'recall': 0.59, 'f1': 0.6704545454545454, 'TP': 59, 'FP': 17, 'FN': 41}
[Elbow detection] λ ≈ 0.903 (cutoff=0.892)
Elbow Metrics: {'precision': 0.2094017094017094, 'recall': 0.98, 'f1': 0.3450704225352113, 'TP': 98, 'FP': 370, 'FN': 2}
