[iter 0] λ=0.5000 → flips=724
[iter 1] λ=0.7500 → flips=2077
[iter 2] λ=0.6250 → flips=1578
[iter 3] λ=0.6875 → flips=1811
[iter 4] λ=0.7188 → flips=1878
[iter 5] λ=0.7344 → flips=2059
[iter 6] λ=0.7266 → flips=1978
[iter 7] λ=0.7305 → flips=2057
[iter 8] λ=0.7285 → flips=2057
[iter 9] λ=0.7275 → flips=1978
[iter 10] λ=0.7280 → flips=2059
[iter 11] λ=0.7278 → flips=2057
[iter 12] λ=0.7277 → flips=2057
[iter 13] λ=0.7276 → flips=1978
[iter 14] λ=0.7276 → flips=1981
[iter 15] λ=0.7276 → flips=1978
[iter 16] λ=0.7277 → flips=1978
[iter 17] λ=0.7277 → flips=2062
[iter 18] λ=0.7277 → flips=2057
[iter 19] λ=0.7277 → flips=2057

Best λ=0.7276 → flips=1981, correct=1573/2000
Number of flips performed: 1981
Metrics: {'precision': 0.7940434124179707, 'recall': 0.7865, 'f1': 0.7902537050992212, 'TP': 1573, 'FP': 408, 'FN': 427}
[Elbow detection] flip ≈ 3385, λ ≈ 0.8979591836734693
Number of flips performed (elbow): 3385
Elbow Metrics: {'precision': 0.518463810930576, 'recall': 0.8775, 'f1': 0.6518105849582172, 'TP': 1755, 'FP': 1630, 'FN': 245}
