[iter 0] λ=0.5000 → flips=486
[iter 1] λ=0.7500 → flips=1237
[iter 2] λ=0.6250 → flips=756
[iter 3] λ=0.5625 → flips=589
[iter 4] λ=0.5312 → flips=543
[iter 5] λ=0.5156 → flips=499
[iter 6] λ=0.5234 → flips=526
[iter 7] λ=0.5195 → flips=516
[iter 8] λ=0.5176 → flips=516
[iter 9] λ=0.5166 → flips=514
[iter 10] λ=0.5161 → flips=501
[iter 11] λ=0.5159 → flips=501
[iter 12] λ=0.5157 → flips=499
[iter 13] λ=0.5158 → flips=501
[iter 14] λ=0.5158 → flips=501
[iter 15] λ=0.5158 → flips=499
[iter 16] λ=0.5158 → flips=499
[iter 17] λ=0.5158 → flips=501
[iter 18] λ=0.5158 → flips=499
[iter 19] λ=0.5158 → flips=501

Best λ=0.5156 → flips=499, correct=347/500
Number of flips performed: 499
Metrics: {'precision': 0.6953907815631263, 'recall': 0.694, 'f1': 0.6946946946946946, 'TP': 347, 'FP': 152, 'FN': 153}
[Elbow detection] flip ≈ 4935, λ ≈ 0.8775510204081632
Number of flips performed (elbow): 4935
Elbow Metrics: {'precision': 0.09807497467071935, 'recall': 0.968, 'f1': 0.1781048758049678, 'TP': 484, 'FP': 4451, 'FN': 16}
