[iter 0] λ=0.5000 → flips=440
[iter 1] λ=0.7500 → flips=1669
[iter 2] λ=0.8750 → flips=2668
[iter 3] λ=0.8125 → flips=2121
[iter 4] λ=0.7812 → flips=1903
[iter 5] λ=0.7969 → flips=2041
[iter 6] λ=0.7891 → flips=1982
[iter 7] λ=0.7930 → flips=2001
[iter 8] λ=0.7910 → flips=1982
[iter 9] λ=0.7920 → flips=1996
[iter 10] λ=0.7925 → flips=2001
[iter 11] λ=0.7922 → flips=1996
[iter 12] λ=0.7924 → flips=2001
[iter 13] λ=0.7923 → flips=1996
[iter 14] λ=0.7923 → flips=1996
[iter 15] λ=0.7923 → flips=2001
[iter 16] λ=0.7923 → flips=2001
[iter 17] λ=0.7923 → flips=2001
[iter 18] λ=0.7923 → flips=2001
[iter 19] λ=0.7923 → flips=1996

Best λ=0.7930 → flips=2001, correct=1443/2000
Number of flips performed: 2001
Metrics: {'precision': 0.7211394302848576, 'recall': 0.7215, 'f1': 0.7213196700824794, 'TP': 1443, 'FP': 558, 'FN': 557}
[Elbow detection] flip ≈ 2559, λ ≈ 0.8571428571428571
Number of flips performed (elbow): 2559
Elbow Metrics: {'precision': 0.6228995701445877, 'recall': 0.797, 'f1': 0.6992761570519851, 'TP': 1594, 'FP': 965, 'FN': 406}
