[iter 0] λ=0.5000 → flips=1304
[iter 1] λ=0.2500 → flips=0
[iter 2] λ=0.3750 → flips=916
[iter 3] λ=0.4375 → flips=1061
[iter 4] λ=0.4062 → flips=999
[iter 5] λ=0.4219 → flips=1028
[iter 6] λ=0.4141 → flips=1023
[iter 7] λ=0.4102 → flips=1009
[iter 8] λ=0.4082 → flips=1001
[iter 9] λ=0.4072 → flips=1001
[iter 10] λ=0.4067 → flips=999
[iter 11] λ=0.4070 → flips=1001
[iter 12] λ=0.4069 → flips=1001
[iter 13] λ=0.4068 → flips=1001
[iter 14] λ=0.4068 → flips=999
[iter 15] λ=0.4068 → flips=999
[iter 16] λ=0.4068 → flips=999
[iter 17] λ=0.4068 → flips=999
[iter 18] λ=0.4068 → flips=1001
[iter 19] λ=0.4068 → flips=1001

Best λ=0.4062 → flips=999, correct=878/1000
Number of flips performed: 999
Metrics: {'precision': 0.8788788788788788, 'recall': 0.878, 'f1': 0.8784392196098049, 'TP': 878, 'FP': 121, 'FN': 122}
[Elbow detection] flip ≈ 1335, λ ≈ 0.5102040816326531
Number of flips performed (elbow): 1335
Elbow Metrics: {'precision': 0.7288389513108614, 'recall': 0.973, 'f1': 0.8334047109207708, 'TP': 973, 'FP': 362, 'FN': 27}
