[iter 0] λ=0.5000 → flips=846
[iter 1] λ=0.7500 → flips=2247
[iter 2] λ=0.6250 → flips=1259
[iter 3] λ=0.5625 → flips=1016
[iter 4] λ=0.5312 → flips=956
[iter 5] λ=0.5469 → flips=992
[iter 6] λ=0.5547 → flips=1004
[iter 7] λ=0.5508 → flips=994
[iter 8] λ=0.5527 → flips=1002
[iter 9] λ=0.5518 → flips=1002
[iter 10] λ=0.5513 → flips=996
[iter 11] λ=0.5515 → flips=996
[iter 12] λ=0.5516 → flips=996
[iter 13] λ=0.5517 → flips=996
[iter 14] λ=0.5517 → flips=996
[iter 15] λ=0.5517 → flips=996
[iter 16] λ=0.5518 → flips=996
[iter 17] λ=0.5518 → flips=996
[iter 18] λ=0.5518 → flips=996
[iter 19] λ=0.5518 → flips=996

Best λ=0.5527 → flips=1002, correct=722/1000
Number of flips performed: 1002
Metrics: {'precision': 0.720558882235529, 'recall': 0.722, 'f1': 0.7212787212787213, 'TP': 722, 'FP': 280, 'FN': 278}
[Elbow detection] flip ≈ 2851, λ ≈ 0.7755102040816326
Number of flips performed (elbow): 2851
Elbow Metrics: {'precision': 0.322343037530691, 'recall': 0.919, 'f1': 0.47727862892755124, 'TP': 919, 'FP': 1932, 'FN': 81}
