Matrix saved as ml_parsimony_matrices/seed86_ratio1.0656.png
Matrix saved as results/86/corrupt10/r010.7_r100.4/original_matrix.png
Matrix saved as results/86/corrupt10/r010.7_r100.4/corrupted.png
[iter 0] λ=0.5000 → flips=16
[iter 1] λ=0.2500 → flips=0
[iter 2] λ=0.3750 → flips=11
[iter 3] λ=0.3125 → flips=0
[iter 4] λ=0.3438 → flips=0
[iter 5] λ=0.3594 → flips=2
[iter 6] λ=0.3672 → flips=6
[iter 7] λ=0.3711 → flips=11
[iter 8] λ=0.3691 → flips=8
[iter 9] λ=0.3701 → flips=10

Best λ=0.3701 → flips=10, correct=4/10
Number of flips performed: 10
Cell (Nymphalis_polychloros,Urticaceae): 0 -> 1
Cell (Nymphalis_xanthomelas,Betulaceae): 0 -> 1
Cell (Nymphalis_antiopa,Ulmaceae): 0 -> 1
Cell (Polygonia_oreas,Smilacaceae): 0 -> 1
Cell (Polygonia_oreas,Asteraceae): 0 -> 1
Cell (Polygonia_progne,Urticaceae): 0 -> 1
Cell (Polygonia_progne,Salicaceae): 0 -> 1
Cell (Polygonia_progne,Grossulariaceae): 0 -> 1
Cell (Polygonia_progne,Plantaginaceae): 0 -> 1
Cell (Polygonia_zephyrus,Cannabaceae): 0 -> 1
Matrix saved as results/86/corrupt10/r010.7_r100.4/flipped_matrix.png
Metrics: {'precision': 0.4, 'recall': 0.4, 'f1': 0.4000000000000001, 'TP': 4, 'FP': 6, 'FN': 6}
[Elbow detection] λ ≈ 0.387 (cutoff=0.365)
Elbow Metrics: {'precision': 0.35714285714285715, 'recall': 0.5, 'f1': 0.41666666666666663, 'TP': 5, 'FP': 9, 'FN': 5}
