Matrix saved as results/9/corrupt100/r010.3_r100.5/original_matrix.svg
Matrix saved as results/9/corrupt100/r010.3_r100.5/corrupted.svg
[iter 0] λ=0.5000 → flips=127
[iter 1] λ=0.2500 → flips=0
[iter 2] λ=0.3750 → flips=2
[iter 3] λ=0.4375 → flips=39
[iter 4] λ=0.4688 → flips=69
[iter 5] λ=0.4844 → flips=117
[iter 6] λ=0.4766 → flips=94
[iter 7] λ=0.4805 → flips=98
[iter 8] λ=0.4824 → flips=101
[iter 9] λ=0.4814 → flips=100

Best λ=0.4814 → flips=100, correct=49/100
Number of flips performed: 100
Matrix saved as results/9/corrupt100/r010.3_r100.5/flipped_matrix.svg
Metrics: {'precision': 0.49, 'recall': 0.49, 'f1': 0.49, 'TP': 49, 'FP': 51, 'FN': 51}
[Elbow detection] flip ≈ 916, λ ≈ 0.6938775510204082
Number of flips performed (elbow): 916
Matrix saved as results/9/corrupt100/r010.3_r100.5/flipped_matrix_elbow.svg
Elbow Metrics: {'precision': 0.10262008733624454, 'recall': 0.94, 'f1': 0.18503937007874013, 'TP': 94, 'FP': 822, 'FN': 6}
