Matrix saved as results/53/corrupt100/r010.3_r100.3/original_matrix.svg
Matrix saved as results/53/corrupt100/r010.3_r100.3/corrupted.svg
[iter 0] λ=0.5000 → flips=158
[iter 1] λ=0.2500 → flips=0
[iter 2] λ=0.3750 → flips=3
[iter 3] λ=0.4375 → flips=60
[iter 4] λ=0.4688 → flips=90
[iter 5] λ=0.4844 → flips=127
[iter 6] λ=0.4766 → flips=114
[iter 7] λ=0.4727 → flips=104
[iter 8] λ=0.4707 → flips=97
[iter 9] λ=0.4717 → flips=100

Best λ=0.4717 → flips=100, correct=41/100
Number of flips performed: 100
Matrix saved as results/53/corrupt100/r010.3_r100.3/flipped_matrix.svg
Metrics: {'precision': 0.41, 'recall': 0.41, 'f1': 0.41, 'TP': 41, 'FP': 59, 'FN': 59}
[Elbow detection] flip ≈ 626, λ ≈ 0.7551020408163265
Number of flips performed (elbow): 626
Matrix saved as results/53/corrupt100/r010.3_r100.3/flipped_matrix_elbow.svg
Elbow Metrics: {'precision': 0.13738019169329074, 'recall': 0.86, 'f1': 0.2369146005509642, 'TP': 86, 'FP': 540, 'FN': 14}
