Matrix saved as results/31/corrupt1000/r010.7_r100.6/original_matrix.svg
Matrix saved as results/31/corrupt1000/r010.7_r100.6/corrupted.svg
[iter 0] λ=0.5000 → flips=93
[iter 1] λ=0.7500 → flips=1189
[iter 2] λ=0.6250 → flips=302
[iter 3] λ=0.6875 → flips=570
[iter 4] λ=0.7188 → flips=790
[iter 5] λ=0.7344 → flips=1137
[iter 6] λ=0.7266 → flips=808
[iter 7] λ=0.7305 → flips=1108
[iter 8] λ=0.7285 → flips=841
[iter 9] λ=0.7295 → flips=850
[iter 10] λ=0.7300 → flips=1108
[iter 11] λ=0.7297 → flips=853
[iter 12] λ=0.7299 → flips=853
[iter 13] λ=0.7299 → flips=853
[iter 14] λ=0.7299 → flips=1108
[iter 15] λ=0.7299 → flips=1108
[iter 16] λ=0.7299 → flips=853
[iter 17] λ=0.7299 → flips=853
[iter 18] λ=0.7299 → flips=1108
[iter 19] λ=0.7299 → flips=1108

Best λ=0.7305 → flips=1108, correct=632/1000
Number of flips performed: 1108
Matrix saved as results/31/corrupt1000/r010.7_r100.6/flipped_matrix.svg
Metrics: {'precision': 0.5703971119133574, 'recall': 0.632, 'f1': 0.5996204933586339, 'TP': 632, 'FP': 476, 'FN': 368}
[Elbow detection] flip ≈ 1632, λ ≈ 0.7755102040816326
Number of flips performed (elbow): 1632
Matrix saved as results/31/corrupt1000/r010.7_r100.6/flipped_matrix_elbow.svg
Elbow Metrics: {'precision': 0.4834558823529412, 'recall': 0.789, 'f1': 0.5995440729483282, 'TP': 789, 'FP': 843, 'FN': 211}
