[iter 0] λ=0.5000 → flips=336
[iter 1] λ=0.7500 → flips=1411
[iter 2] λ=0.6250 → flips=798
[iter 3] λ=0.5625 → flips=529
[iter 4] λ=0.5312 → flips=422
[iter 5] λ=0.5469 → flips=501
[iter 6] λ=0.5391 → flips=453
[iter 7] λ=0.5430 → flips=476
[iter 8] λ=0.5449 → flips=498
[iter 9] λ=0.5459 → flips=484
[iter 10] λ=0.5464 → flips=485
[iter 11] λ=0.5466 → flips=501
[iter 12] λ=0.5465 → flips=488
[iter 13] λ=0.5466 → flips=501
[iter 14] λ=0.5465 → flips=501
[iter 15] λ=0.5465 → flips=501
[iter 16] λ=0.5465 → flips=488
[iter 17] λ=0.5465 → flips=488
[iter 18] λ=0.5465 → flips=488
[iter 19] λ=0.5465 → flips=488

Best λ=0.5469 → flips=501, correct=298/500
Number of flips performed: 501
Metrics: {'precision': 0.5948103792415169, 'recall': 0.596, 'f1': 0.5954045954045954, 'TP': 298, 'FP': 203, 'FN': 202}
[Elbow detection] flip ≈ 3467, λ ≈ 0.8775510204081632
Number of flips performed (elbow): 3467
Elbow Metrics: {'precision': 0.14162099798096336, 'recall': 0.982, 'f1': 0.24754222334257628, 'TP': 491, 'FP': 2976, 'FN': 9}
