Matrix saved as results/152/corrupt10/r010.6_r100.3/original_matrix.png
Matrix saved as results/152/corrupt10/r010.6_r100.3/corrupted.png
[iter 0] λ=0.5000 → flips=14
[iter 1] λ=0.2500 → flips=0
[iter 2] λ=0.3750 → flips=14
[iter 3] λ=0.3125 → flips=0
[iter 4] λ=0.3438 → flips=0
[iter 5] λ=0.3594 → flips=1
[iter 6] λ=0.3672 → flips=7
[iter 7] λ=0.3711 → flips=14
[iter 8] λ=0.3691 → flips=10

Best λ=0.3691 → flips=10, correct=8/10
Number of flips performed: 10
Cell (Hypanartia_lethe,Betulaceae): 0 -> 1
Cell (Vanessa_annabella,Rhamnaceae): 0 -> 1
Cell (Vanessa_dimorphica,Boraginaceae): 0 -> 1
Cell (Vanessa_atalanta,Urticaceae): 0 -> 1
Cell (Aglais_milberti,Salicaceae): 0 -> 1
Cell (Polygonia_c_aureum,Fabaceae): 0 -> 1
Cell (Polygonia_faunus,Salicaceae): 0 -> 1
Cell (Polygonia_faunus,Ericaceae): 0 -> 1
Cell (Polygonia_progne,Siparunaceae): 0 -> 1
Cell (Polygonia_zephyrus,Ericaceae): 0 -> 1
Matrix saved as results/152/corrupt10/r010.6_r100.3/flipped_matrix.png
Metrics: {'precision': 0.8, 'recall': 0.8, 'f1': 0.8000000000000002, 'TP': 8, 'FP': 2, 'FN': 2}
[Elbow detection] flip ≈ None, λ ≈ 1.0
Number of flips performed (elbow): 14
Cell (Hypanartia_lethe,Betulaceae): 0 -> 1
Cell (Vanessa_annabella,Rhamnaceae): 0 -> 1
Cell (Vanessa_dimorphica,Boraginaceae): 0 -> 1
Cell (Vanessa_virginiensis,Aristolochiaceae): 0 -> 1
Cell (Vanessa_atalanta,Ceratophyllaceae): 0 -> 1
Cell (Vanessa_atalanta,Urticaceae): 0 -> 1
Cell (Aglais_milberti,Salicaceae): 0 -> 1
Cell (Aglais_urticae,Schisandraceae): 0 -> 1
Cell (Nymphalis_californica,Amborellaceae): 0 -> 1
Cell (Polygonia_c_aureum,Fabaceae): 0 -> 1
Cell (Polygonia_faunus,Salicaceae): 0 -> 1
Cell (Polygonia_faunus,Ericaceae): 0 -> 1
Cell (Polygonia_progne,Siparunaceae): 0 -> 1
Cell (Polygonia_zephyrus,Ericaceae): 0 -> 1
Matrix saved as results/152/corrupt10/r010.6_r100.3/flipped_matrix_elbow.png
Elbow Metrics: {'precision': 0.7142857142857143, 'recall': 1.0, 'f1': 0.8333333333333333, 'TP': 10, 'FP': 4, 'FN': 0}
