[iter 0] λ=0.5000 → flips=2149
[iter 1] λ=0.2500 → flips=0
[iter 2] λ=0.3750 → flips=978
[iter 3] λ=0.4375 → flips=1556
[iter 4] λ=0.4688 → flips=1997
[iter 5] λ=0.4844 → flips=2077
[iter 6] λ=0.4766 → flips=2032
[iter 7] λ=0.4727 → flips=2023
[iter 8] λ=0.4707 → flips=2013
[iter 9] λ=0.4697 → flips=2005
[iter 10] λ=0.4692 → flips=2005
[iter 11] λ=0.4690 → flips=1998
[iter 12] λ=0.4691 → flips=2005
[iter 13] λ=0.4691 → flips=2005
[iter 14] λ=0.4690 → flips=2005
[iter 15] λ=0.4690 → flips=2000

Best λ=0.4690 → flips=2000, correct=1692/2000
Number of flips performed: 2000
Metrics: {'precision': 0.846, 'recall': 0.846, 'f1': 0.8459999999999999, 'TP': 1692, 'FP': 308, 'FN': 308}
[Elbow detection] flip ≈ 3259, λ ≈ 0.6122448979591836
Number of flips performed (elbow): 3259
Elbow Metrics: {'precision': 0.5860693464252839, 'recall': 0.955, 'f1': 0.7263738353299106, 'TP': 1910, 'FP': 1349, 'FN': 90}
