Matrix saved as results/9/corrupt500/r010.5_r100.7/original_matrix.svg
Matrix saved as results/9/corrupt500/r010.5_r100.7/corrupted.svg
[iter 0] λ=0.5000 → flips=203
[iter 1] λ=0.7500 → flips=1360
[iter 2] λ=0.6250 → flips=538
[iter 3] λ=0.5625 → flips=285
[iter 4] λ=0.5938 → flips=391
[iter 5] λ=0.6094 → flips=465
[iter 6] λ=0.6172 → flips=516
[iter 7] λ=0.6133 → flips=504
[iter 8] λ=0.6113 → flips=485
[iter 9] λ=0.6123 → flips=504
[iter 10] λ=0.6118 → flips=492
[iter 11] λ=0.6121 → flips=504
[iter 12] λ=0.6119 → flips=492
[iter 13] λ=0.6120 → flips=504
[iter 14] λ=0.6120 → flips=498
[iter 15] λ=0.6120 → flips=504
[iter 16] λ=0.6120 → flips=504
[iter 17] λ=0.6120 → flips=504
[iter 18] λ=0.6120 → flips=504
[iter 19] λ=0.6120 → flips=498

Best λ=0.6120 → flips=498, correct=318/500
Number of flips performed: 498
Matrix saved as results/9/corrupt500/r010.5_r100.7/flipped_matrix.svg
Metrics: {'precision': 0.6385542168674698, 'recall': 0.636, 'f1': 0.6372745490981964, 'TP': 318, 'FP': 180, 'FN': 182}
[Elbow detection] flip ≈ 1192, λ ≈ 0.7142857142857142
Number of flips performed (elbow): 1192
Matrix saved as results/9/corrupt500/r010.5_r100.7/flipped_matrix_elbow.svg
Elbow Metrics: {'precision': 0.3716442953020134, 'recall': 0.886, 'f1': 0.5236406619385343, 'TP': 443, 'FP': 749, 'FN': 57}
