[iter 0] λ=0.5000 → flips=0
[iter 1] λ=0.7500 → flips=0
[iter 2] λ=0.8750 → flips=1
[iter 3] λ=0.9375 → flips=1
[iter 4] λ=0.9688 → flips=1
[iter 5] λ=0.9844 → flips=1
[iter 6] λ=0.9922 → flips=1
[iter 7] λ=0.9961 → flips=21837
[iter 8] λ=0.9941 → flips=1
[iter 9] λ=0.9951 → flips=21837
[iter 10] λ=0.9946 → flips=1
[iter 11] λ=0.9949 → flips=1
[iter 12] λ=0.9950 → flips=21837
[iter 13] λ=0.9949 → flips=21837
[iter 14] λ=0.9949 → flips=21837
[iter 15] λ=0.9949 → flips=1
[iter 16] λ=0.9949 → flips=1
[iter 17] λ=0.9949 → flips=1
[iter 18] λ=0.9949 → flips=1
[iter 19] λ=0.9949 → flips=1

Best λ=0.8750 → flips=1, correct=1/1000
Number of flips performed: 1
Metrics: {'precision': 1.0, 'recall': 0.001, 'f1': 0.0019980019980019984, 'TP': 1, 'FP': 0, 'FN': 999}
[Elbow detection] flip ≈ 0, λ ≈ 0.0
Number of flips performed (elbow): 0
Elbow Metrics: {'precision': 0, 'recall': 0.0, 'f1': 0, 'TP': 0, 'FP': 0, 'FN': 1000}
