[iter 0] λ=0.5000 → flips=316
[iter 1] λ=0.7500 → flips=4423
[iter 2] λ=0.8750 → flips=9370
[iter 3] λ=0.8125 → flips=6148
[iter 4] λ=0.7812 → flips=4960
[iter 5] λ=0.7969 → flips=5297
[iter 6] λ=0.7891 → flips=5151
[iter 7] λ=0.7852 → flips=5108
[iter 8] λ=0.7832 → flips=4916
[iter 9] λ=0.7842 → flips=5182
[iter 10] λ=0.7837 → flips=4898
[iter 11] λ=0.7839 → flips=4898
[iter 12] λ=0.7841 → flips=4904
[iter 13] λ=0.7841 → flips=4904
[iter 14] λ=0.7841 → flips=5108
[iter 15] λ=0.7841 → flips=5108
[iter 16] λ=0.7841 → flips=5200
[iter 17] λ=0.7841 → flips=5108
[iter 18] λ=0.7841 → flips=4922
[iter 19] λ=0.7841 → flips=5108

Best λ=0.7812 → flips=4960, correct=4082/5000
Number of flips performed: 4960
Metrics: {'precision': 0.822983870967742, 'recall': 0.8164, 'f1': 0.8196787148594378, 'TP': 4082, 'FP': 878, 'FN': 918}
[Elbow detection] flip ≈ 6271, λ ≈ 0.8163265306122448
Number of flips performed (elbow): 6271
Elbow Metrics: {'precision': 0.6928719502471695, 'recall': 0.869, 'f1': 0.7710052346730548, 'TP': 4345, 'FP': 1926, 'FN': 655}
