[iter 0] λ=0.5000 → flips=278
[iter 1] λ=0.7500 → flips=799
[iter 2] λ=0.6250 → flips=461
[iter 3] λ=0.6875 → flips=560
[iter 4] λ=0.6562 → flips=518
[iter 5] λ=0.6406 → flips=497
[iter 6] λ=0.6484 → flips=509
[iter 7] λ=0.6445 → flips=501
[iter 8] λ=0.6426 → flips=501
[iter 9] λ=0.6416 → flips=497
[iter 10] λ=0.6421 → flips=498
[iter 11] λ=0.6423 → flips=499
[iter 12] λ=0.6425 → flips=499
[iter 13] λ=0.6425 → flips=499
[iter 14] λ=0.6425 → flips=499
[iter 15] λ=0.6426 → flips=499
[iter 16] λ=0.6426 → flips=501
[iter 17] λ=0.6426 → flips=501
[iter 18] λ=0.6426 → flips=499
[iter 19] λ=0.6426 → flips=499

Best λ=0.6445 → flips=501, correct=356/500
Number of flips performed: 501
Metrics: {'precision': 0.7105788423153693, 'recall': 0.712, 'f1': 0.7112887112887113, 'TP': 356, 'FP': 145, 'FN': 144}
[Elbow detection] flip ≈ 1038, λ ≈ 0.7959183673469387
Number of flips performed (elbow): 1038
Elbow Metrics: {'precision': 0.407514450867052, 'recall': 0.846, 'f1': 0.5500650195058517, 'TP': 423, 'FP': 615, 'FN': 77}
