[iter 0] λ=0.5000 → flips=0
[iter 1] λ=0.7500 → flips=22
[iter 2] λ=0.8750 → flips=657
[iter 3] λ=0.9375 → flips=3054
[iter 4] λ=0.9688 → flips=21270
[iter 5] λ=0.9531 → flips=3335
[iter 6] λ=0.9609 → flips=3415
[iter 7] λ=0.9648 → flips=21270
[iter 8] λ=0.9629 → flips=3415
[iter 9] λ=0.9639 → flips=21270
[iter 10] λ=0.9634 → flips=21270
[iter 11] λ=0.9631 → flips=21270
[iter 12] λ=0.9630 → flips=21270
[iter 13] λ=0.9630 → flips=3415
[iter 14] λ=0.9630 → flips=3415
[iter 15] λ=0.9630 → flips=3415
[iter 16] λ=0.9630 → flips=3415
[iter 17] λ=0.9630 → flips=3415
[iter 18] λ=0.9630 → flips=3415
[iter 19] λ=0.9630 → flips=3415

Best λ=0.9609 → flips=3415, correct=2419/5000
Number of flips performed: 3415
Metrics: {'precision': 0.7083455344070279, 'recall': 0.4838, 'f1': 0.5749257278669043, 'TP': 2419, 'FP': 996, 'FN': 2581}
[Elbow detection] flip ≈ 3022, λ ≈ 0.9183673469387754
Number of flips performed (elbow): 3022
Elbow Metrics: {'precision': 0.7624090006618134, 'recall': 0.4608, 'f1': 0.5744203440538518, 'TP': 2304, 'FP': 718, 'FN': 2696}
