Matrix saved as ml_parsimony_matrices/seed9_ratio1.2922.png
Matrix saved as results/9/corrupt10/r010.6_r100.4/original_matrix.png
Matrix saved as results/9/corrupt10/r010.6_r100.4/corrupted.png
[iter 0] λ=0.5000 → flips=24
[iter 1] λ=0.2500 → flips=0
[iter 2] λ=0.3750 → flips=10

Best λ=0.3750 → flips=10, correct=6/10
Number of flips performed: 10
Cell (Vanessa_dimorphica,Smilacaceae): 0 -> 1
Cell (Aglais_milberti,Cannabaceae): 0 -> 1
Cell (Nymphalis_l_album,Cannabaceae): 0 -> 1
Cell (Nymphalis_polychloros,Typhaceae): 0 -> 1
Cell (Nymphalis_xanthomelas,Typhaceae): 0 -> 1
Cell (Nymphalis_xanthomelas,Malvaceae): 0 -> 1
Cell (Polygonia_c_aureum,Plantaginaceae): 0 -> 1
Cell (Polygonia_faunus,Rhamnaceae): 0 -> 1
Cell (Polygonia_oreas,Nymphaeaceae): 0 -> 1
Cell (Polygonia_zephyrus,Urticaceae): 0 -> 1
Matrix saved as results/9/corrupt10/r010.6_r100.4/flipped_matrix.png
Metrics: {'precision': 0.6, 'recall': 0.6, 'f1': 0.6, 'TP': 6, 'FP': 4, 'FN': 4}
[Elbow detection] λ ≈ 0.392 (cutoff=0.369)
Elbow Metrics: {'precision': 0.4090909090909091, 'recall': 0.9, 'f1': 0.5625000000000001, 'TP': 9, 'FP': 13, 'FN': 1}
