Matrix saved as results/163/corrupt800/r010.6_r100.7/original_matrix.svg
Matrix saved as results/163/corrupt800/r010.6_r100.7/corrupted.svg
[iter 0] λ=0.5000 → flips=94
[iter 1] λ=0.7500 → flips=897
[iter 2] λ=0.6250 → flips=280
[iter 3] λ=0.6875 → flips=527
[iter 4] λ=0.7188 → flips=670
[iter 5] λ=0.7344 → flips=730
[iter 6] λ=0.7422 → flips=821
[iter 7] λ=0.7383 → flips=761
[iter 8] λ=0.7402 → flips=778
[iter 9] λ=0.7412 → flips=814
[iter 10] λ=0.7407 → flips=780
[iter 11] λ=0.7410 → flips=814
[iter 12] λ=0.7408 → flips=780
[iter 13] λ=0.7409 → flips=814
[iter 14] λ=0.7409 → flips=780
[iter 15] λ=0.7409 → flips=780
[iter 16] λ=0.7409 → flips=814
[iter 17] λ=0.7409 → flips=814
[iter 18] λ=0.7409 → flips=780
[iter 19] λ=0.7409 → flips=814

Best λ=0.7412 → flips=814, correct=526/800
Number of flips performed: 814
Matrix saved as results/163/corrupt800/r010.6_r100.7/flipped_matrix.svg
Metrics: {'precision': 0.6461916461916462, 'recall': 0.6575, 'f1': 0.6517967781908302, 'TP': 526, 'FP': 288, 'FN': 274}
[Elbow detection] flip ≈ 730, λ ≈ 0.7346938775510203
Number of flips performed (elbow): 730
Matrix saved as results/163/corrupt800/r010.6_r100.7/flipped_matrix_elbow.svg
Elbow Metrics: {'precision': 0.6863013698630137, 'recall': 0.62625, 'f1': 0.6549019607843137, 'TP': 501, 'FP': 229, 'FN': 299}
