Matrix saved as results/86/corrupt100/r010.6_r100.7/original_matrix.svg
Matrix saved as results/86/corrupt100/r010.6_r100.7/corrupted.svg
[iter 0] λ=0.5000 → flips=81
[iter 1] λ=0.7500 → flips=681
[iter 2] λ=0.6250 → flips=238
[iter 3] λ=0.5625 → flips=128
[iter 4] λ=0.5312 → flips=102
[iter 5] λ=0.5156 → flips=82
[iter 6] λ=0.5234 → flips=93
[iter 7] λ=0.5273 → flips=101
[iter 8] λ=0.5254 → flips=95
[iter 9] λ=0.5264 → flips=101
[iter 10] λ=0.5259 → flips=101
[iter 11] λ=0.5256 → flips=101
[iter 12] λ=0.5255 → flips=98
[iter 13] λ=0.5256 → flips=101
[iter 14] λ=0.5255 → flips=101
[iter 15] λ=0.5255 → flips=98
[iter 16] λ=0.5255 → flips=101
[iter 17] λ=0.5255 → flips=99
[iter 18] λ=0.5255 → flips=101
[iter 19] λ=0.5255 → flips=100

Best λ=0.5255 → flips=100, correct=50/100
Number of flips performed: 100
Matrix saved as results/86/corrupt100/r010.6_r100.7/flipped_matrix.svg
Metrics: {'precision': 0.5, 'recall': 0.5, 'f1': 0.5, 'TP': 50, 'FP': 50, 'FN': 50}
[Elbow detection] flip ≈ 712, λ ≈ 0.7551020408163265
Number of flips performed (elbow): 712
Matrix saved as results/86/corrupt100/r010.6_r100.7/flipped_matrix_elbow.svg
Elbow Metrics: {'precision': 0.125, 'recall': 0.89, 'f1': 0.2192118226600985, 'TP': 89, 'FP': 623, 'FN': 11}
