[iter 0] λ=0.5000 → flips=4113
[iter 1] λ=0.7500 → flips=8825
[iter 2] λ=0.6250 → flips=5368
[iter 3] λ=0.5625 → flips=4792
[iter 4] λ=0.5938 → flips=5062
[iter 5] λ=0.5781 → flips=4982
[iter 6] λ=0.5859 → flips=5007
[iter 7] λ=0.5820 → flips=4998
[iter 8] λ=0.5840 → flips=5004
[iter 9] λ=0.5830 → flips=5003
[iter 10] λ=0.5825 → flips=5001
[iter 11] λ=0.5823 → flips=5001
[iter 12] λ=0.5822 → flips=4999
[iter 13] λ=0.5822 → flips=4999
[iter 14] λ=0.5822 → flips=5001
[iter 15] λ=0.5822 → flips=5001
[iter 16] λ=0.5822 → flips=4999
[iter 17] λ=0.5822 → flips=4999
[iter 18] λ=0.5822 → flips=5001
[iter 19] λ=0.5822 → flips=5029

Best λ=0.5825 → flips=5001, correct=4664/5000
Number of flips performed: 5001
Metrics: {'precision': 0.9326134773045391, 'recall': 0.9328, 'f1': 0.9327067293270672, 'TP': 4664, 'FP': 337, 'FN': 336}
[Elbow detection] flip ≈ 4544, λ ≈ 0.5306122448979591
Number of flips performed (elbow): 4544
Elbow Metrics: {'precision': 0.9628080985915493, 'recall': 0.875, 'f1': 0.9168063704945516, 'TP': 4375, 'FP': 169, 'FN': 625}
