[iter 0] λ=0.5000 → flips=2778
[iter 1] λ=0.7500 → flips=7387
[iter 2] λ=0.6250 → flips=4853
[iter 3] λ=0.6875 → flips=5940
[iter 4] λ=0.6562 → flips=5474
[iter 5] λ=0.6406 → flips=5187
[iter 6] λ=0.6328 → flips=4977
[iter 7] λ=0.6367 → flips=5106
[iter 8] λ=0.6348 → flips=5084
[iter 9] λ=0.6338 → flips=4980
[iter 10] λ=0.6343 → flips=5071
[iter 11] λ=0.6340 → flips=5069
[iter 12] λ=0.6339 → flips=5070
[iter 13] λ=0.6339 → flips=4979
[iter 14] λ=0.6339 → flips=5069
[iter 15] λ=0.6339 → flips=5069
[iter 16] λ=0.6339 → flips=4979
[iter 17] λ=0.6339 → flips=4980
[iter 18] λ=0.6339 → flips=4979
[iter 19] λ=0.6339 → flips=5069

Best λ=0.6338 → flips=4980, correct=4412/5000
Number of flips performed: 4980
Metrics: {'precision': 0.8859437751004016, 'recall': 0.8824, 'f1': 0.8841683366733467, 'TP': 4412, 'FP': 568, 'FN': 588}
[Elbow detection] flip ≈ 4720, λ ≈ 0.6122448979591836
Number of flips performed (elbow): 4720
Elbow Metrics: {'precision': 0.9016949152542373, 'recall': 0.8512, 'f1': 0.8757201646090534, 'TP': 4256, 'FP': 464, 'FN': 744}
