Matrix saved as results/163/corrupt800/r010.5_r100.6/original_matrix.svg
Matrix saved as results/163/corrupt800/r010.5_r100.6/corrupted.svg
[iter 0] λ=0.5000 → flips=101
[iter 1] λ=0.7500 → flips=884
[iter 2] λ=0.6250 → flips=277
[iter 3] λ=0.6875 → flips=504
[iter 4] λ=0.7188 → flips=664
[iter 5] λ=0.7344 → flips=791
[iter 6] λ=0.7422 → flips=838
[iter 7] λ=0.7383 → flips=813
[iter 8] λ=0.7363 → flips=808
[iter 9] λ=0.7354 → flips=806
[iter 10] λ=0.7349 → flips=806
[iter 11] λ=0.7346 → flips=791
[iter 12] λ=0.7347 → flips=806
[iter 13] λ=0.7347 → flips=806
[iter 14] λ=0.7346 → flips=806
[iter 15] λ=0.7346 → flips=791
[iter 16] λ=0.7346 → flips=791
[iter 17] λ=0.7346 → flips=791
[iter 18] λ=0.7346 → flips=791
[iter 19] λ=0.7346 → flips=806

Best λ=0.7354 → flips=806, correct=492/800
Number of flips performed: 806
Matrix saved as results/163/corrupt800/r010.5_r100.6/flipped_matrix.svg
Metrics: {'precision': 0.6104218362282878, 'recall': 0.615, 'f1': 0.6127023661270237, 'TP': 492, 'FP': 314, 'FN': 308}
[Elbow detection] flip ≈ 896, λ ≈ 0.7551020408163265
Number of flips performed (elbow): 896
Matrix saved as results/163/corrupt800/r010.5_r100.6/flipped_matrix_elbow.svg
Elbow Metrics: {'precision': 0.5892857142857143, 'recall': 0.66, 'f1': 0.6226415094339622, 'TP': 528, 'FP': 368, 'FN': 272}
