[iter 0] λ=0.5000 → flips=1712
[iter 1] λ=0.7500 → flips=4153
[iter 2] λ=0.6250 → flips=2408
[iter 3] λ=0.5625 → flips=2102
[iter 4] λ=0.5312 → flips=1938
[iter 5] λ=0.5469 → flips=2004
[iter 6] λ=0.5391 → flips=1962
[iter 7] λ=0.5430 → flips=1991
[iter 8] λ=0.5449 → flips=1997
[iter 9] λ=0.5459 → flips=2001
[iter 10] λ=0.5454 → flips=1999
[iter 11] λ=0.5457 → flips=1999
[iter 12] λ=0.5458 → flips=1999
[iter 13] λ=0.5458 → flips=1999
[iter 14] λ=0.5459 → flips=2001
[iter 15] λ=0.5459 → flips=2001
[iter 16] λ=0.5458 → flips=2001
[iter 17] λ=0.5458 → flips=2001
[iter 18] λ=0.5458 → flips=2001
[iter 19] λ=0.5458 → flips=1999

Best λ=0.5459 → flips=2001, correct=1696/2000
Number of flips performed: 2001
Metrics: {'precision': 0.847576211894053, 'recall': 0.848, 'f1': 0.8477880529867533, 'TP': 1696, 'FP': 305, 'FN': 304}
[Elbow detection] flip ≈ 2324, λ ≈ 0.6122448979591836
Number of flips performed (elbow): 2324
Elbow Metrics: {'precision': 0.7865748709122203, 'recall': 0.914, 'f1': 0.8455134135060131, 'TP': 1828, 'FP': 496, 'FN': 172}
