[iter 0] λ=0.5000 → flips=475
[iter 1] λ=0.7500 → flips=10499
[iter 2] λ=0.6250 → flips=7186
[iter 3] λ=0.6875 → flips=9049
[iter 4] λ=0.7188 → flips=9797
[iter 5] λ=0.7344 → flips=10043
[iter 6] λ=0.7266 → flips=9934
[iter 7] λ=0.7305 → flips=9998
[iter 8] λ=0.7324 → flips=10038
[iter 9] λ=0.7314 → flips=10024
[iter 10] λ=0.7310 → flips=10001
[iter 11] λ=0.7307 → flips=9998
[iter 12] λ=0.7308 → flips=10001
[iter 13] λ=0.7308 → flips=10001
[iter 14] λ=0.7307 → flips=10001
[iter 15] λ=0.7307 → flips=10001
[iter 16] λ=0.7307 → flips=10001
[iter 17] λ=0.7307 → flips=10001
[iter 18] λ=0.7307 → flips=9998
[iter 19] λ=0.7307 → flips=9998

Best λ=0.7310 → flips=10001, correct=8937/10000
Number of flips performed: 10001
Metrics: {'precision': 0.8936106389361064, 'recall': 0.8937, 'f1': 0.8936553172341384, 'TP': 8937, 'FP': 1064, 'FN': 1063}
[Elbow detection] flip ≈ 3547, λ ≈ 0.5306122448979591
Number of flips performed (elbow): 3547
Elbow Metrics: {'precision': 0.963631237665633, 'recall': 0.3418, 'f1': 0.5046135675795379, 'TP': 3418, 'FP': 129, 'FN': 6582}
