Matrix saved as results/braga/108/b0_c0.5/original_matrix.png
Matrix saved as results/braga/108/b0_c0.5/corrupted.png
[iter 0] λ=0.5000 → flips=0
[iter 1] λ=0.7500 → flips=0
[iter 2] λ=0.8750 → flips=3
[iter 3] λ=0.9375 → flips=3
[iter 4] λ=0.9688 → flips=822
[iter 5] λ=0.9531 → flips=3
[iter 6] λ=0.9609 → flips=822
[iter 7] λ=0.9570 → flips=822
[iter 8] λ=0.9551 → flips=3
[iter 9] λ=0.9561 → flips=3
[iter 10] λ=0.9565 → flips=3
[iter 11] λ=0.9568 → flips=822
[iter 12] λ=0.9567 → flips=3
[iter 13] λ=0.9567 → flips=822
[iter 14] λ=0.9567 → flips=822
[iter 15] λ=0.9567 → flips=3
[iter 16] λ=0.9567 → flips=3
[iter 17] λ=0.9567 → flips=3
[iter 18] λ=0.9567 → flips=822
[iter 19] λ=0.9567 → flips=3

Best λ=0.8750 → flips=3, correct=1/73
Number of flips performed: 3
Cell (Nymphalis_polychloros,Asteraceae): 0 -> 1
Cell (Nymphalis_xanthomelas,Asteraceae): 0 -> 1
Cell (Polygonia_progne,Cannabaceae): 0 -> 1
Matrix saved as results/braga/108/b0_c0.5/flipped_matrix.png
Metrics: {'precision': 0.3333333333333333, 'recall': 0.0136986301369863, 'f1': 0.02631578947368421, 'TP': 1, 'FP': 2, 'FN': 72}
[Elbow detection] flip ≈ 0, λ ≈ 0.0
Number of flips performed (elbow): 0
Matrix saved as results/braga/108/b0_c0.5/flipped_matrix_elbow.png
Elbow Metrics: {'precision': 0, 'recall': 0.0, 'f1': 0, 'TP': 0, 'FP': 0, 'FN': 73}
