[iter 0] λ=0.5000 → flips=602
[iter 1] λ=0.2500 → flips=0
[iter 2] λ=0.3750 → flips=196
[iter 3] λ=0.4375 → flips=279
[iter 4] λ=0.4688 → flips=455
[iter 5] λ=0.4844 → flips=495
[iter 6] λ=0.4922 → flips=547
[iter 7] λ=0.4883 → flips=512
[iter 8] λ=0.4863 → flips=506
[iter 9] λ=0.4854 → flips=506
[iter 10] λ=0.4849 → flips=506
[iter 11] λ=0.4846 → flips=505
[iter 12] λ=0.4845 → flips=505
[iter 13] λ=0.4844 → flips=495
[iter 14] λ=0.4845 → flips=504
[iter 15] λ=0.4845 → flips=504
[iter 16] λ=0.4844 → flips=495
[iter 17] λ=0.4844 → flips=495
[iter 18] λ=0.4844 → flips=495
[iter 19] λ=0.4845 → flips=504

Best λ=0.4845 → flips=504, correct=209/500
Number of flips performed: 504
Metrics: {'precision': 0.4146825396825397, 'recall': 0.418, 'f1': 0.4163346613545817, 'TP': 209, 'FP': 295, 'FN': 291}
[Elbow detection] flip ≈ 6404, λ ≈ 0.836734693877551
Number of flips performed (elbow): 6404
Elbow Metrics: {'precision': 0.07526545908806996, 'recall': 0.964, 'f1': 0.13962920046349944, 'TP': 482, 'FP': 5922, 'FN': 18}
