Matrix saved as results/108/corrupt500/r010.7_r100.3/original_matrix.svg
Matrix saved as results/108/corrupt500/r010.7_r100.3/corrupted.svg
[iter 0] λ=0.5000 → flips=329
[iter 1] λ=0.7500 → flips=1849
[iter 2] λ=0.6250 → flips=895
[iter 3] λ=0.5625 → flips=508
[iter 4] λ=0.5312 → flips=413
[iter 5] λ=0.5469 → flips=466
[iter 6] λ=0.5547 → flips=475
[iter 7] λ=0.5586 → flips=483
[iter 8] λ=0.5605 → flips=502
[iter 9] λ=0.5596 → flips=493
[iter 10] λ=0.5601 → flips=502
[iter 11] λ=0.5598 → flips=493
[iter 12] λ=0.5599 → flips=493
[iter 13] λ=0.5600 → flips=493
[iter 14] λ=0.5600 → flips=502
[iter 15] λ=0.5600 → flips=493
[iter 16] λ=0.5600 → flips=493
[iter 17] λ=0.5600 → flips=493
[iter 18] λ=0.5600 → flips=502
[iter 19] λ=0.5600 → flips=493

Best λ=0.5605 → flips=502, correct=351/500
Number of flips performed: 502
Matrix saved as results/108/corrupt500/r010.7_r100.3/flipped_matrix.svg
Metrics: {'precision': 0.6992031872509961, 'recall': 0.702, 'f1': 0.7005988023952096, 'TP': 351, 'FP': 151, 'FN': 149}
[Elbow detection] flip ≈ 830, λ ≈ 0.6122448979591836
Number of flips performed (elbow): 830
Matrix saved as results/108/corrupt500/r010.7_r100.3/flipped_matrix_elbow.svg
Elbow Metrics: {'precision': 0.4927710843373494, 'recall': 0.818, 'f1': 0.6150375939849623, 'TP': 409, 'FP': 421, 'FN': 91}
