Matrix saved as ml_parsimony_matrices/seed163_ratio1.1589.png
Matrix saved as results/163/corrupt10/r010.6_r100.6/original_matrix.png
Matrix saved as results/163/corrupt10/r010.6_r100.6/corrupted.png
[iter 0] λ=0.5000 → flips=38
[iter 1] λ=0.2500 → flips=0
[iter 2] λ=0.3750 → flips=8
[iter 3] λ=0.4375 → flips=38
[iter 4] λ=0.4062 → flips=35
[iter 5] λ=0.3906 → flips=24
[iter 6] λ=0.3828 → flips=14
[iter 7] λ=0.3789 → flips=12
[iter 8] λ=0.3770 → flips=10

Best λ=0.3770 → flips=10, correct=4/10
Number of flips performed: 10
Cell (Vanessa_cardui,Cannabaceae): 0 -> 1
Cell (Aglais_io,Ulmaceae): 0 -> 1
Cell (Nymphalis_polychloros,Ulmaceae): 0 -> 1
Cell (Nymphalis_antiopa,Betulaceae): 0 -> 1
Cell (Polygonia_c_aureum,Rhamnaceae): 0 -> 1
Cell (Polygonia_egea,Plantaginaceae): 0 -> 1
Cell (Polygonia_c_album,Fabaceae): 0 -> 1
Cell (Polygonia_c_album,Rhamnaceae): 0 -> 1
Cell (Polygonia_interrogationis,Cannabaceae): 0 -> 1
Cell (Polygonia_oreas,Malvaceae): 0 -> 1
Matrix saved as results/163/corrupt10/r010.6_r100.6/flipped_matrix.png
Metrics: {'precision': 0.4, 'recall': 0.4, 'f1': 0.4000000000000001, 'TP': 4, 'FP': 6, 'FN': 6}
[Elbow detection] λ ≈ 0.394 (cutoff=0.383)
Elbow Metrics: {'precision': 0.3103448275862069, 'recall': 0.9, 'f1': 0.4615384615384615, 'TP': 9, 'FP': 20, 'FN': 1}
