[iter 0] λ=0.5000 → flips=25
[iter 1] λ=0.7500 → flips=398
[iter 2] λ=0.8750 → flips=1055
[iter 3] λ=0.8125 → flips=877
[iter 4] λ=0.7812 → flips=438
[iter 5] λ=0.7969 → flips=647
[iter 6] λ=0.7891 → flips=562
[iter 7] λ=0.7852 → flips=516
[iter 8] λ=0.7832 → flips=516
[iter 9] λ=0.7822 → flips=438
[iter 10] λ=0.7827 → flips=516
[iter 11] λ=0.7825 → flips=516
[iter 12] λ=0.7823 → flips=516
[iter 13] λ=0.7823 → flips=438
[iter 14] λ=0.7823 → flips=438
[iter 15] λ=0.7823 → flips=516
[iter 16] λ=0.7823 → flips=516
[iter 17] λ=0.7823 → flips=516
[iter 18] λ=0.7823 → flips=516
[iter 19] λ=0.7823 → flips=438

Best λ=0.7852 → flips=516, correct=304/500
Number of flips performed: 516
Metrics: {'precision': 0.5891472868217055, 'recall': 0.608, 'f1': 0.5984251968503937, 'TP': 304, 'FP': 212, 'FN': 196}
[Elbow detection] flip ≈ 3088, λ ≈ 0.9591836734693877
Number of flips performed (elbow): 3088
Elbow Metrics: {'precision': 0.13860103626943004, 'recall': 0.856, 'f1': 0.23857302118171683, 'TP': 428, 'FP': 2660, 'FN': 72}
