[iter 0] λ=0.5000 → flips=907
[iter 1] λ=0.7500 → flips=11608
[iter 2] λ=0.6250 → flips=8837
[iter 3] λ=0.6875 → flips=10080
[iter 4] λ=0.6562 → flips=9498
[iter 5] λ=0.6719 → flips=9818
[iter 6] λ=0.6797 → flips=10024
[iter 7] λ=0.6758 → flips=9908
[iter 8] λ=0.6777 → flips=9920
[iter 9] λ=0.6787 → flips=9962
[iter 10] λ=0.6792 → flips=10048
[iter 11] λ=0.6790 → flips=10024
[iter 12] λ=0.6788 → flips=10024
[iter 13] λ=0.6788 → flips=9940
[iter 14] λ=0.6788 → flips=9940
[iter 15] λ=0.6788 → flips=9940
[iter 16] λ=0.6788 → flips=10099
[iter 17] λ=0.6788 → flips=9940
[iter 18] λ=0.6788 → flips=10024
[iter 19] λ=0.6788 → flips=9940

Best λ=0.6797 → flips=10024, correct=9203/10000
Number of flips performed: 10024
Metrics: {'precision': 0.9180965682362331, 'recall': 0.9203, 'f1': 0.9191969636436276, 'TP': 9203, 'FP': 821, 'FN': 797}
[Elbow detection] flip ≈ 9072, λ ≈ 0.6326530612244897
Number of flips performed (elbow): 9072
Elbow Metrics: {'precision': 0.9542548500881834, 'recall': 0.8657, 'f1': 0.9078229865771813, 'TP': 8657, 'FP': 415, 'FN': 1343}
