[iter 0] λ=0.5000 → flips=2743
[iter 1] λ=0.7500 → flips=6796
[iter 2] λ=0.6250 → flips=4844
[iter 3] λ=0.6875 → flips=5615
[iter 4] λ=0.6562 → flips=5160
[iter 5] λ=0.6406 → flips=5023
[iter 6] λ=0.6328 → flips=4924
[iter 7] λ=0.6367 → flips=4962
[iter 8] λ=0.6387 → flips=5014
[iter 9] λ=0.6377 → flips=4998
[iter 10] λ=0.6382 → flips=5008
[iter 11] λ=0.6379 → flips=5004
[iter 12] λ=0.6378 → flips=5002
[iter 13] λ=0.6378 → flips=4998
[iter 14] λ=0.6378 → flips=4998
[iter 15] λ=0.6378 → flips=5002
[iter 16] λ=0.6378 → flips=4998
[iter 17] λ=0.6378 → flips=5002
[iter 18] λ=0.6378 → flips=5002
[iter 19] λ=0.6378 → flips=5002

Best λ=0.6377 → flips=4998, correct=4415/5000
Number of flips performed: 4998
Metrics: {'precision': 0.8833533413365346, 'recall': 0.883, 'f1': 0.8831766353270654, 'TP': 4415, 'FP': 583, 'FN': 585}
[Elbow detection] flip ≈ 4686, λ ≈ 0.6122448979591836
Number of flips performed (elbow): 4686
Elbow Metrics: {'precision': 0.8997012377294067, 'recall': 0.8432, 'f1': 0.8705347924839975, 'TP': 4216, 'FP': 470, 'FN': 784}
