Matrix saved as results/141/corrupt800/r010.7_r100.6/original_matrix.svg
Matrix saved as results/141/corrupt800/r010.7_r100.6/corrupted.svg
[iter 0] λ=0.5000 → flips=210
[iter 1] λ=0.7500 → flips=1680
[iter 2] λ=0.6250 → flips=635
[iter 3] λ=0.6875 → flips=1046
[iter 4] λ=0.6562 → flips=826
[iter 5] λ=0.6406 → flips=741
[iter 6] λ=0.6484 → flips=763
[iter 7] λ=0.6523 → flips=805
[iter 8] λ=0.6504 → flips=764
[iter 9] λ=0.6514 → flips=764
[iter 10] λ=0.6519 → flips=764
[iter 11] λ=0.6521 → flips=805
[iter 12] λ=0.6520 → flips=764
[iter 13] λ=0.6520 → flips=764
[iter 14] λ=0.6521 → flips=764
[iter 15] λ=0.6521 → flips=764
[iter 16] λ=0.6521 → flips=764
[iter 17] λ=0.6521 → flips=764
[iter 18] λ=0.6521 → flips=764
[iter 19] λ=0.6521 → flips=805

Best λ=0.6523 → flips=805, correct=553/800
Number of flips performed: 805
Matrix saved as results/141/corrupt800/r010.7_r100.6/flipped_matrix.svg
Metrics: {'precision': 0.6869565217391305, 'recall': 0.69125, 'f1': 0.6890965732087228, 'TP': 553, 'FP': 252, 'FN': 247}
[Elbow detection] flip ≈ 1058, λ ≈ 0.6938775510204082
Number of flips performed (elbow): 1058
Matrix saved as results/141/corrupt800/r010.7_r100.6/flipped_matrix_elbow.svg
Elbow Metrics: {'precision': 0.6058601134215501, 'recall': 0.80125, 'f1': 0.6899892357373519, 'TP': 641, 'FP': 417, 'FN': 159}
