[iter 0] λ=0.5000 → flips=474
[iter 1] λ=0.7500 → flips=2062
[iter 2] λ=0.6250 → flips=826
[iter 3] λ=0.5625 → flips=614
[iter 4] λ=0.5312 → flips=549
[iter 5] λ=0.5156 → flips=517
[iter 6] λ=0.5078 → flips=501
[iter 7] λ=0.5039 → flips=484
[iter 8] λ=0.5059 → flips=499
[iter 9] λ=0.5068 → flips=501
[iter 10] λ=0.5063 → flips=499
[iter 11] λ=0.5066 → flips=499
[iter 12] λ=0.5067 → flips=499
[iter 13] λ=0.5068 → flips=499
[iter 14] λ=0.5068 → flips=501
[iter 15] λ=0.5068 → flips=499
[iter 16] λ=0.5068 → flips=501
[iter 17] λ=0.5068 → flips=501
[iter 18] λ=0.5068 → flips=499
[iter 19] λ=0.5068 → flips=501

Best λ=0.5078 → flips=501, correct=356/500
Number of flips performed: 501
Metrics: {'precision': 0.7105788423153693, 'recall': 0.712, 'f1': 0.7112887112887113, 'TP': 356, 'FP': 145, 'FN': 144}
[Elbow detection] flip ≈ 6620, λ ≈ 0.836734693877551
Number of flips performed (elbow): 6620
Elbow Metrics: {'precision': 0.0729607250755287, 'recall': 0.966, 'f1': 0.1356741573033708, 'TP': 483, 'FP': 6137, 'FN': 17}
