Matrix saved as results/86/corrupt1000/r010.6_r100.6/original_matrix.svg
Matrix saved as results/86/corrupt1000/r010.6_r100.6/corrupted.svg
[iter 0] λ=0.5000 → flips=99
[iter 1] λ=0.7500 → flips=1166
[iter 2] λ=0.6250 → flips=431
[iter 3] λ=0.6875 → flips=723
[iter 4] λ=0.7188 → flips=898
[iter 5] λ=0.7344 → flips=968
[iter 6] λ=0.7422 → flips=1075
[iter 7] λ=0.7383 → flips=1059
[iter 8] λ=0.7363 → flips=984
[iter 9] λ=0.7373 → flips=1040
[iter 10] λ=0.7368 → flips=991
[iter 11] λ=0.7371 → flips=1000

Best λ=0.7371 → flips=1000, correct=702/1000
Number of flips performed: 1000
Matrix saved as results/86/corrupt1000/r010.6_r100.6/flipped_matrix.svg
Metrics: {'precision': 0.702, 'recall': 0.702, 'f1': 0.702, 'TP': 702, 'FP': 298, 'FN': 298}
[Elbow detection] flip ≈ 1172, λ ≈ 0.7551020408163265
Number of flips performed (elbow): 1172
Matrix saved as results/86/corrupt1000/r010.6_r100.6/flipped_matrix_elbow.svg
Elbow Metrics: {'precision': 0.6484641638225256, 'recall': 0.76, 'f1': 0.6998158379373848, 'TP': 760, 'FP': 412, 'FN': 240}
