Matrix saved as ml_parsimony_matrices/seed119_ratio1.5334.png
Matrix saved as results/119/corrupt10/r010.7_r100.7/original_matrix.png
Matrix saved as results/119/corrupt10/r010.7_r100.7/corrupted.png
[iter 0] λ=0.5000 → flips=70
[iter 1] λ=0.2500 → flips=0
[iter 2] λ=0.3750 → flips=11
[iter 3] λ=0.3125 → flips=0
[iter 4] λ=0.3438 → flips=0
[iter 5] λ=0.3594 → flips=0
[iter 6] λ=0.3672 → flips=2
[iter 7] λ=0.3711 → flips=7
[iter 8] λ=0.3730 → flips=10

Best λ=0.3730 → flips=10, correct=3/10
Number of flips performed: 10
Cell (Vanessa_tameamea,Urticaceae): 0 -> 1
Cell (Aglais_milberti,Urticaceae): 0 -> 1
Cell (Aglais_urticae,Ulmaceae): 0 -> 1
Cell (Nymphalis_polychloros,Cannabaceae): 0 -> 1
Cell (Nymphalis_californica,Urticaceae): 0 -> 1
Cell (Polygonia_faunus,Boraginaceae): 0 -> 1
Cell (Polygonia_c_album,Ulmaceae): 0 -> 1
Cell (Polygonia_satyrus,Ulmaceae): 0 -> 1
Cell (Polygonia_comma,Plantaginaceae): 0 -> 1
Cell (Polygonia_zephyrus,Cannabaceae): 0 -> 1
Matrix saved as results/119/corrupt10/r010.7_r100.7/flipped_matrix.png
Metrics: {'precision': 0.3, 'recall': 0.3, 'f1': 0.3, 'TP': 3, 'FP': 7, 'FN': 7}
[Elbow detection] λ ≈ 0.401 (cutoff=0.379)
Elbow Metrics: {'precision': 0.1951219512195122, 'recall': 0.8, 'f1': 0.3137254901960785, 'TP': 8, 'FP': 33, 'FN': 2}
