Matrix saved as results/152/corrupt1000/r010.5_r100.4/original_matrix.svg
Matrix saved as results/152/corrupt1000/r010.5_r100.4/corrupted.svg
[iter 0] λ=0.5000 → flips=33
[iter 1] λ=0.7500 → flips=621
[iter 2] λ=0.8750 → flips=3795
[iter 3] λ=0.8125 → flips=890
[iter 4] λ=0.8438 → flips=1109
[iter 5] λ=0.8281 → flips=928
[iter 6] λ=0.8359 → flips=928
[iter 7] λ=0.8398 → flips=1051
[iter 8] λ=0.8379 → flips=928
[iter 9] λ=0.8389 → flips=928
[iter 10] λ=0.8394 → flips=994
[iter 11] λ=0.8396 → flips=1051
[iter 12] λ=0.8395 → flips=994
[iter 13] λ=0.8395 → flips=1051
[iter 14] λ=0.8395 → flips=1051
[iter 15] λ=0.8395 → flips=1051
[iter 16] λ=0.8395 → flips=1051
[iter 17] λ=0.8395 → flips=1051
[iter 18] λ=0.8395 → flips=994
[iter 19] λ=0.8395 → flips=1051

Best λ=0.8394 → flips=994, correct=641/1000
Number of flips performed: 994
Matrix saved as results/152/corrupt1000/r010.5_r100.4/flipped_matrix.svg
Metrics: {'precision': 0.6448692152917505, 'recall': 0.641, 'f1': 0.6429287863590771, 'TP': 641, 'FP': 353, 'FN': 359}
[Elbow detection] flip ≈ 896, λ ≈ 0.8163265306122448
Number of flips performed (elbow): 896
Matrix saved as results/152/corrupt1000/r010.5_r100.4/flipped_matrix_elbow.svg
Elbow Metrics: {'precision': 0.6886160714285714, 'recall': 0.617, 'f1': 0.6508438818565401, 'TP': 617, 'FP': 279, 'FN': 383}
