[iter 0] λ=0.5000 → flips=1189
[iter 1] λ=0.7500 → flips=2908
[iter 2] λ=0.6250 → flips=1822
[iter 3] λ=0.6875 → flips=2271
[iter 4] λ=0.6562 → flips=2057
[iter 5] λ=0.6406 → flips=1954
[iter 6] λ=0.6484 → flips=1983
[iter 7] λ=0.6523 → flips=2024
[iter 8] λ=0.6504 → flips=2005
[iter 9] λ=0.6494 → flips=1983
[iter 10] λ=0.6499 → flips=1983
[iter 11] λ=0.6501 → flips=1983
[iter 12] λ=0.6503 → flips=2002
[iter 13] λ=0.6502 → flips=1986
[iter 14] λ=0.6502 → flips=1986
[iter 15] λ=0.6503 → flips=1986
[iter 16] λ=0.6503 → flips=1986
[iter 17] λ=0.6503 → flips=1986
[iter 18] λ=0.6503 → flips=1986
[iter 19] λ=0.6503 → flips=1986

Best λ=0.6503 → flips=2002, correct=1589/2000
Number of flips performed: 2002
Metrics: {'precision': 0.7937062937062938, 'recall': 0.7945, 'f1': 0.7941029485257372, 'TP': 1589, 'FP': 413, 'FN': 411}
[Elbow detection] flip ≈ 3148, λ ≈ 0.7551020408163265
Number of flips performed (elbow): 3148
Elbow Metrics: {'precision': 0.5705209656925032, 'recall': 0.898, 'f1': 0.6977466977466978, 'TP': 1796, 'FP': 1352, 'FN': 204}
