[iter 0] λ=0.5000 → flips=275
[iter 1] λ=0.7500 → flips=1377
[iter 2] λ=0.6250 → flips=706
[iter 3] λ=0.6875 → flips=910
[iter 4] λ=0.7188 → flips=1017
[iter 5] λ=0.7031 → flips=946
[iter 6] λ=0.7109 → flips=988
[iter 7] λ=0.7148 → flips=993
[iter 8] λ=0.7168 → flips=1015
[iter 9] λ=0.7158 → flips=1013
[iter 10] λ=0.7153 → flips=993
[iter 11] λ=0.7156 → flips=995
[iter 12] λ=0.7157 → flips=1013
[iter 13] λ=0.7156 → flips=1013
[iter 14] λ=0.7156 → flips=995
[iter 15] λ=0.7156 → flips=1013
[iter 16] λ=0.7156 → flips=1013
[iter 17] λ=0.7156 → flips=1013
[iter 18] λ=0.7156 → flips=1013
[iter 19] λ=0.7156 → flips=995

Best λ=0.7156 → flips=995, correct=703/1000
Number of flips performed: 995
Metrics: {'precision': 0.7065326633165829, 'recall': 0.703, 'f1': 0.7047619047619047, 'TP': 703, 'FP': 292, 'FN': 297}
[Elbow detection] flip ≈ 2588, λ ≈ 0.8979591836734693
Number of flips performed (elbow): 2588
Elbow Metrics: {'precision': 0.3446676970633694, 'recall': 0.892, 'f1': 0.4972129319955407, 'TP': 892, 'FP': 1696, 'FN': 108}
