Matrix saved as results/141/corrupt100/r010.4_r100.5/original_matrix.svg
Matrix saved as results/141/corrupt100/r010.4_r100.5/corrupted.svg
[iter 0] λ=0.5000 → flips=101
[iter 1] λ=0.2500 → flips=0
[iter 2] λ=0.3750 → flips=1
[iter 3] λ=0.4375 → flips=17
[iter 4] λ=0.4688 → flips=46
[iter 5] λ=0.4844 → flips=59
[iter 6] λ=0.4922 → flips=82
[iter 7] λ=0.4961 → flips=94
[iter 8] λ=0.4980 → flips=101
[iter 9] λ=0.4971 → flips=100

Best λ=0.4971 → flips=100, correct=42/100
Number of flips performed: 100
Matrix saved as results/141/corrupt100/r010.4_r100.5/flipped_matrix.svg
Metrics: {'precision': 0.42, 'recall': 0.42, 'f1': 0.41999999999999993, 'TP': 42, 'FP': 58, 'FN': 58}
[Elbow detection] flip ≈ 643, λ ≈ 0.7142857142857142
Number of flips performed (elbow): 643
Matrix saved as results/141/corrupt100/r010.4_r100.5/flipped_matrix_elbow.svg
Elbow Metrics: {'precision': 0.12597200622083982, 'recall': 0.81, 'f1': 0.21803499327052492, 'TP': 81, 'FP': 562, 'FN': 19}
