[iter 0] λ=0.5000 → flips=4353
[iter 1] λ=0.7500 → flips=8173
[iter 2] λ=0.6250 → flips=5591
[iter 3] λ=0.5625 → flips=5005
[iter 4] λ=0.5312 → flips=4772
[iter 5] λ=0.5469 → flips=4872
[iter 6] λ=0.5547 → flips=4940
[iter 7] λ=0.5586 → flips=4950
[iter 8] λ=0.5605 → flips=4988
[iter 9] λ=0.5615 → flips=4993
[iter 10] λ=0.5620 → flips=4993
[iter 11] λ=0.5623 → flips=4993
[iter 12] λ=0.5624 → flips=4998
[iter 13] λ=0.5624 → flips=4998
[iter 14] λ=0.5625 → flips=4998
[iter 15] λ=0.5625 → flips=4998
[iter 16] λ=0.5625 → flips=4998
[iter 17] λ=0.5625 → flips=4998
[iter 18] λ=0.5625 → flips=4998
[iter 19] λ=0.5625 → flips=4998

Best λ=0.5624 → flips=4998, correct=4677/5000
Number of flips performed: 4998
Metrics: {'precision': 0.9357743097238895, 'recall': 0.9354, 'f1': 0.9355871174234847, 'TP': 4677, 'FP': 321, 'FN': 323}
[Elbow detection] flip ≈ 4765, λ ≈ 0.5306122448979591
Number of flips performed (elbow): 4765
Elbow Metrics: {'precision': 0.9439664218258133, 'recall': 0.8996, 'f1': 0.9212493599590373, 'TP': 4498, 'FP': 267, 'FN': 502}
