[iter 0] λ=0.5000 → flips=4884
[iter 1] λ=0.7500 → flips=7514
[iter 2] λ=0.6250 → flips=6088
[iter 3] λ=0.5625 → flips=5637
[iter 4] λ=0.5312 → flips=5306
[iter 5] λ=0.5156 → flips=5050
[iter 6] λ=0.5078 → flips=4952
[iter 7] λ=0.5117 → flips=4982
[iter 8] λ=0.5137 → flips=5036
[iter 9] λ=0.5127 → flips=4985
[iter 10] λ=0.5132 → flips=4986
[iter 11] λ=0.5134 → flips=5036
[iter 12] λ=0.5133 → flips=5036
[iter 13] λ=0.5132 → flips=4986
[iter 14] λ=0.5133 → flips=5036
[iter 15] λ=0.5133 → flips=4986
[iter 16] λ=0.5133 → flips=4986
[iter 17] λ=0.5133 → flips=4986
[iter 18] λ=0.5133 → flips=5036
[iter 19] λ=0.5133 → flips=4986

Best λ=0.5132 → flips=4986, correct=4522/5000
Number of flips performed: 4986
Metrics: {'precision': 0.9069394304051344, 'recall': 0.9044, 'f1': 0.9056679351091528, 'TP': 4522, 'FP': 464, 'FN': 478}
[Elbow detection] flip ≈ 3777, λ ≈ 0.44897959183673464
Number of flips performed (elbow): 3777
Elbow Metrics: {'precision': 0.9555202541699762, 'recall': 0.7218, 'f1': 0.8223766662868862, 'TP': 3609, 'FP': 168, 'FN': 1391}
