[iter 0] λ=0.5000 → flips=50
[iter 1] λ=0.7500 → flips=3608
[iter 2] λ=0.8750 → flips=15388
[iter 3] λ=0.8125 → flips=12174
[iter 4] λ=0.7812 → flips=6015
[iter 5] λ=0.7969 → flips=9449
[iter 6] λ=0.8047 → flips=12035
[iter 7] λ=0.8008 → flips=9583
[iter 8] λ=0.8027 → flips=9693
[iter 9] λ=0.8037 → flips=9939
[iter 10] λ=0.8042 → flips=10253
[iter 11] λ=0.8040 → flips=9939
[iter 12] λ=0.8041 → flips=9939
[iter 13] λ=0.8041 → flips=9939
[iter 14] λ=0.8042 → flips=9939
[iter 15] λ=0.8042 → flips=9939
[iter 16] λ=0.8042 → flips=9939
[iter 17] λ=0.8042 → flips=9967
[iter 18] λ=0.8042 → flips=9939
[iter 19] λ=0.8042 → flips=9939

Best λ=0.8042 → flips=9967, correct=7896/10000
Number of flips performed: 9967
Metrics: {'precision': 0.7922143072138056, 'recall': 0.7896, 'f1': 0.7909049932388441, 'TP': 7896, 'FP': 2071, 'FN': 2104}
[Elbow detection] flip ≈ 13788, λ ≈ 0.836734693877551
Number of flips performed (elbow): 13788
Elbow Metrics: {'precision': 0.678706121264868, 'recall': 0.9358, 'f1': 0.786783252059862, 'TP': 9358, 'FP': 4430, 'FN': 642}
