Matrix saved as results/31/corrupt500/r010.5_r100.3/original_matrix.svg
Matrix saved as results/31/corrupt500/r010.5_r100.3/corrupted.svg
[iter 0] λ=0.5000 → flips=220
[iter 1] λ=0.7500 → flips=1726
[iter 2] λ=0.6250 → flips=504
[iter 3] λ=0.5625 → flips=329
[iter 4] λ=0.5938 → flips=390
[iter 5] λ=0.6094 → flips=433
[iter 6] λ=0.6172 → flips=475
[iter 7] λ=0.6211 → flips=479
[iter 8] λ=0.6230 → flips=479
[iter 9] λ=0.6240 → flips=483
[iter 10] λ=0.6245 → flips=504
[iter 11] λ=0.6243 → flips=483
[iter 12] λ=0.6244 → flips=483
[iter 13] λ=0.6245 → flips=504
[iter 14] λ=0.6244 → flips=504
[iter 15] λ=0.6244 → flips=483
[iter 16] λ=0.6244 → flips=483
[iter 17] λ=0.6244 → flips=504
[iter 18] λ=0.6244 → flips=483
[iter 19] λ=0.6244 → flips=483

Best λ=0.6250 → flips=504, correct=320/500
Number of flips performed: 504
Matrix saved as results/31/corrupt500/r010.5_r100.3/flipped_matrix.svg
Metrics: {'precision': 0.6349206349206349, 'recall': 0.64, 'f1': 0.6374501992031872, 'TP': 320, 'FP': 184, 'FN': 180}
[Elbow detection] flip ≈ 1193, λ ≈ 0.6938775510204082
Number of flips performed (elbow): 1193
Matrix saved as results/31/corrupt500/r010.5_r100.3/flipped_matrix_elbow.svg
Elbow Metrics: {'precision': 0.36462699077954736, 'recall': 0.87, 'f1': 0.5138806851742469, 'TP': 435, 'FP': 758, 'FN': 65}
