Matrix saved as results/53/corrupt100/r010.5_r100.7/original_matrix.png
Matrix saved as results/53/corrupt100/r010.5_r100.7/corrupted.png
[iter 0] λ=0.5000 → flips=115
[iter 1] λ=0.2500 → flips=0
[iter 2] λ=0.3750 → flips=20
[iter 3] λ=0.4375 → flips=68
[iter 4] λ=0.4688 → flips=94
[iter 5] λ=0.4844 → flips=99
[iter 6] λ=0.4922 → flips=106
[iter 7] λ=0.4883 → flips=99
[iter 8] λ=0.4902 → flips=106
[iter 9] λ=0.4893 → flips=106
[iter 10] λ=0.4888 → flips=99
[iter 11] λ=0.4890 → flips=99
[iter 12] λ=0.4891 → flips=99
[iter 13] λ=0.4892 → flips=106
[iter 14] λ=0.4892 → flips=106
[iter 15] λ=0.4892 → flips=99
[iter 16] λ=0.4892 → flips=99
[iter 17] λ=0.4892 → flips=99
[iter 18] λ=0.4892 → flips=99
[iter 19] λ=0.4892 → flips=99

Best λ=0.4844 → flips=99, correct=69/100
Number of flips performed: 99
Cell (Kaniska_canace,Typhaceae): 0 -> 1
Cell (Kaniska_canace,Acoraceae): 0 -> 1
Cell (Kaniska_canace,Ceratophyllaceae): 0 -> 1
Cell (Kaniska_canace,Rosaceae): 0 -> 1
Cell (Kaniska_canace,Cannabaceae): 0 -> 1
Cell (Kaniska_canace,Urticaceae): 0 -> 1
Cell (Kaniska_canace,Boraginaceae): 0 -> 1
Cell (Nymphalis_l_album,Smilacaceae): 0 -> 1
Cell (Nymphalis_l_album,Rosaceae): 0 -> 1
Cell (Nymphalis_l_album,Salicaceae): 0 -> 1
Cell (Nymphalis_l_album,Malvaceae): 0 -> 1
Cell (Nymphalis_polychloros,Nymphaeaceae): 0 -> 1
Cell (Nymphalis_polychloros,Urticaceae): 0 -> 1
Cell (Nymphalis_californica,Rosaceae): 0 -> 1
Cell (Nymphalis_californica,Malvaceae): 0 -> 1
Cell (Nymphalis_californica,Grossulariaceae): 0 -> 1
Cell (Nymphalis_californica,Plantaginaceae): 0 -> 1
Cell (Nymphalis_xanthomelas,Rosaceae): 0 -> 1
Cell (Nymphalis_xanthomelas,Rhamnaceae): 0 -> 1
Cell (Nymphalis_xanthomelas,Ericaceae): 0 -> 1
Cell (Nymphalis_xanthomelas,Plantaginaceae): 0 -> 1
Cell (Nymphalis_antiopa,Ulmaceae): 0 -> 1
Cell (Nymphalis_antiopa,Cannabaceae): 0 -> 1
Cell (Nymphalis_antiopa,Grossulariaceae): 0 -> 1
Cell (Polygonia_c_aureum,Nymphaeaceae): 0 -> 1
Cell (Polygonia_c_aureum,Smilacaceae): 0 -> 1
Cell (Polygonia_c_aureum,Ceratophyllaceae): 0 -> 1
Cell (Polygonia_c_aureum,Cannabaceae): 0 -> 1
Cell (Polygonia_c_aureum,Salicaceae): 0 -> 1
Cell (Polygonia_c_aureum,Malvaceae): 0 -> 1
Cell (Polygonia_c_aureum,Ericaceae): 0 -> 1
Cell (Polygonia_egea,Chloranthaceae): 0 -> 1
Cell (Polygonia_egea,Potamogetonaceae): 0 -> 1
Cell (Polygonia_egea,Ulmaceae): 0 -> 1
Cell (Polygonia_egea,Urticaceae): 0 -> 1
Cell (Polygonia_egea,Betulaceae): 0 -> 1
Cell (Polygonia_egea,Grossulariaceae): 0 -> 1
Cell (Polygonia_egea,Plantaginaceae): 0 -> 1
Cell (Polygonia_faunus,Siparunaceae): 0 -> 1
Cell (Polygonia_faunus,Aristolochiaceae): 0 -> 1
Cell (Polygonia_faunus,Acoraceae): 0 -> 1
Cell (Polygonia_faunus,Rosaceae): 0 -> 1
Cell (Polygonia_faunus,Salicaceae): 0 -> 1
Cell (Polygonia_faunus,Grossulariaceae): 0 -> 1
Cell (Polygonia_faunus,Asteraceae): 0 -> 1
Cell (Polygonia_faunus,Boraginaceae): 0 -> 1
Cell (Polygonia_c_album,Siparunaceae): 0 -> 1
Cell (Polygonia_c_album,Chloranthaceae): 0 -> 1
Cell (Polygonia_c_album,Smilacaceae): 0 -> 1
Cell (Polygonia_c_album,Rosaceae): 0 -> 1
Cell (Polygonia_c_album,Cannabaceae): 0 -> 1
Cell (Polygonia_c_album,Salicaceae): 0 -> 1
Cell (Polygonia_satyrus,Nymphaeaceae): 0 -> 1
Cell (Polygonia_satyrus,Schisandraceae): 0 -> 1
Cell (Polygonia_satyrus,Typhaceae): 0 -> 1
Cell (Polygonia_satyrus,Acoraceae): 0 -> 1
Cell (Polygonia_satyrus,Fabaceae): 0 -> 1
Cell (Polygonia_satyrus,Grossulariaceae): 0 -> 1
Cell (Polygonia_satyrus,Asteraceae): 0 -> 1
Cell (Polygonia_satyrus,Plantaginaceae): 0 -> 1
Cell (Polygonia_interrogationis,Amborellaceae): 0 -> 1
Cell (Polygonia_interrogationis,Nymphaeaceae): 0 -> 1
Cell (Polygonia_interrogationis,Rosaceae): 0 -> 1
Cell (Polygonia_interrogationis,Cannabaceae): 0 -> 1
Cell (Polygonia_interrogationis,Betulaceae): 0 -> 1
Cell (Polygonia_interrogationis,Ericaceae): 0 -> 1
Cell (Polygonia_interrogationis,Asteraceae): 0 -> 1
Cell (Polygonia_comma,Aristolochiaceae): 0 -> 1
Cell (Polygonia_comma,Ericaceae): 0 -> 1
Cell (Polygonia_oreas,Acoraceae): 0 -> 1
Cell (Polygonia_oreas,Cannabaceae): 0 -> 1
Cell (Polygonia_oreas,Asteraceae): 0 -> 1
Cell (Polygonia_oreas,Plantaginaceae): 0 -> 1
Cell (Polygonia_progne,Aristolochiaceae): 0 -> 1
Cell (Polygonia_progne,Chloranthaceae): 0 -> 1
Cell (Polygonia_progne,Rhamnaceae): 0 -> 1
Cell (Polygonia_progne,Cannabaceae): 0 -> 1
Cell (Polygonia_progne,Urticaceae): 0 -> 1
Cell (Polygonia_progne,Ericaceae): 0 -> 1
Cell (Polygonia_progne,Plantaginaceae): 0 -> 1
Cell (Polygonia_progne,Boraginaceae): 0 -> 1
Cell (Polygonia_zephyrus,Nymphaeaceae): 0 -> 1
Cell (Polygonia_zephyrus,Siparunaceae): 0 -> 1
Cell (Polygonia_zephyrus,Smilacaceae): 0 -> 1
Cell (Polygonia_zephyrus,Rhamnaceae): 0 -> 1
Cell (Polygonia_zephyrus,Grossulariaceae): 0 -> 1
Cell (Polygonia_zephyrus,Asteraceae): 0 -> 1
Cell (Polygonia_zephyrus,Plantaginaceae): 0 -> 1
Cell (Polygonia_zephyrus,Boraginaceae): 0 -> 1
Cell (Polygonia_gracilis,Amborellaceae): 0 -> 1
Cell (Polygonia_gracilis,Nymphaeaceae): 0 -> 1
Cell (Polygonia_gracilis,Siparunaceae): 0 -> 1
Cell (Polygonia_gracilis,Chloranthaceae): 0 -> 1
Cell (Polygonia_gracilis,Potamogetonaceae): 0 -> 1
Cell (Polygonia_gracilis,Acoraceae): 0 -> 1
Cell (Polygonia_gracilis,Fabaceae): 0 -> 1
Cell (Polygonia_gracilis,Rosaceae): 0 -> 1
Cell (Polygonia_gracilis,Ulmaceae): 0 -> 1
Cell (Polygonia_gracilis,Urticaceae): 0 -> 1
Matrix saved as results/53/corrupt100/r010.5_r100.7/flipped_matrix.png
Metrics: {'precision': 0.696969696969697, 'recall': 0.69, 'f1': 0.6934673366834171, 'TP': 69, 'FP': 30, 'FN': 31}
[Elbow detection] flip ≈ 146, λ ≈ 0.5510204081632653
Number of flips performed (elbow): 146
Cell (Kaniska_canace,Amborellaceae): 0 -> 1
Cell (Kaniska_canace,Aristolochiaceae): 0 -> 1
Cell (Kaniska_canace,Typhaceae): 0 -> 1
Cell (Kaniska_canace,Acoraceae): 0 -> 1
Cell (Kaniska_canace,Ceratophyllaceae): 0 -> 1
Cell (Kaniska_canace,Fabaceae): 0 -> 1
Cell (Kaniska_canace,Rosaceae): 0 -> 1
Cell (Kaniska_canace,Rhamnaceae): 0 -> 1
Cell (Kaniska_canace,Cannabaceae): 0 -> 1
Cell (Kaniska_canace,Urticaceae): 0 -> 1
Cell (Kaniska_canace,Asteraceae): 0 -> 1
Cell (Kaniska_canace,Boraginaceae): 0 -> 1
Cell (Nymphalis_l_album,Amborellaceae): 0 -> 1
Cell (Nymphalis_l_album,Nymphaeaceae): 0 -> 1
Cell (Nymphalis_l_album,Siparunaceae): 0 -> 1
Cell (Nymphalis_l_album,Aristolochiaceae): 0 -> 1
Cell (Nymphalis_l_album,Chloranthaceae): 0 -> 1
Cell (Nymphalis_l_album,Smilacaceae): 0 -> 1
Cell (Nymphalis_l_album,Fabaceae): 0 -> 1
Cell (Nymphalis_l_album,Rosaceae): 0 -> 1
Cell (Nymphalis_l_album,Salicaceae): 0 -> 1
Cell (Nymphalis_l_album,Malvaceae): 0 -> 1
Cell (Nymphalis_l_album,Asteraceae): 0 -> 1
Cell (Nymphalis_polychloros,Nymphaeaceae): 0 -> 1
Cell (Nymphalis_polychloros,Siparunaceae): 0 -> 1
Cell (Nymphalis_polychloros,Aristolochiaceae): 0 -> 1
Cell (Nymphalis_polychloros,Chloranthaceae): 0 -> 1
Cell (Nymphalis_polychloros,Fabaceae): 0 -> 1
Cell (Nymphalis_polychloros,Urticaceae): 0 -> 1
Cell (Nymphalis_polychloros,Asteraceae): 0 -> 1
Cell (Nymphalis_californica,Amborellaceae): 0 -> 1
Cell (Nymphalis_californica,Siparunaceae): 0 -> 1
Cell (Nymphalis_californica,Chloranthaceae): 0 -> 1
Cell (Nymphalis_californica,Typhaceae): 0 -> 1
Cell (Nymphalis_californica,Fabaceae): 0 -> 1
Cell (Nymphalis_californica,Rosaceae): 0 -> 1
Cell (Nymphalis_californica,Malvaceae): 0 -> 1
Cell (Nymphalis_californica,Grossulariaceae): 0 -> 1
Cell (Nymphalis_californica,Asteraceae): 0 -> 1
Cell (Nymphalis_californica,Plantaginaceae): 0 -> 1
Cell (Nymphalis_xanthomelas,Chloranthaceae): 0 -> 1
Cell (Nymphalis_xanthomelas,Typhaceae): 0 -> 1
Cell (Nymphalis_xanthomelas,Potamogetonaceae): 0 -> 1
Cell (Nymphalis_xanthomelas,Rosaceae): 0 -> 1
Cell (Nymphalis_xanthomelas,Rhamnaceae): 0 -> 1
Cell (Nymphalis_xanthomelas,Ericaceae): 0 -> 1
Cell (Nymphalis_xanthomelas,Plantaginaceae): 0 -> 1
Cell (Nymphalis_antiopa,Amborellaceae): 0 -> 1
Cell (Nymphalis_antiopa,Siparunaceae): 0 -> 1
Cell (Nymphalis_antiopa,Aristolochiaceae): 0 -> 1
Cell (Nymphalis_antiopa,Chloranthaceae): 0 -> 1
Cell (Nymphalis_antiopa,Typhaceae): 0 -> 1
Cell (Nymphalis_antiopa,Potamogetonaceae): 0 -> 1
Cell (Nymphalis_antiopa,Acoraceae): 0 -> 1
Cell (Nymphalis_antiopa,Ulmaceae): 0 -> 1
Cell (Nymphalis_antiopa,Cannabaceae): 0 -> 1
Cell (Nymphalis_antiopa,Grossulariaceae): 0 -> 1
Cell (Nymphalis_antiopa,Asteraceae): 0 -> 1
Cell (Polygonia_c_aureum,Nymphaeaceae): 0 -> 1
Cell (Polygonia_c_aureum,Smilacaceae): 0 -> 1
Cell (Polygonia_c_aureum,Ceratophyllaceae): 0 -> 1
Cell (Polygonia_c_aureum,Rhamnaceae): 0 -> 1
Cell (Polygonia_c_aureum,Cannabaceae): 0 -> 1
Cell (Polygonia_c_aureum,Salicaceae): 0 -> 1
Cell (Polygonia_c_aureum,Malvaceae): 0 -> 1
Cell (Polygonia_c_aureum,Ericaceae): 0 -> 1
Cell (Polygonia_c_aureum,Asteraceae): 0 -> 1
Cell (Polygonia_egea,Amborellaceae): 0 -> 1
Cell (Polygonia_egea,Chloranthaceae): 0 -> 1
Cell (Polygonia_egea,Potamogetonaceae): 0 -> 1
Cell (Polygonia_egea,Rhamnaceae): 0 -> 1
Cell (Polygonia_egea,Ulmaceae): 0 -> 1
Cell (Polygonia_egea,Urticaceae): 0 -> 1
Cell (Polygonia_egea,Betulaceae): 0 -> 1
Cell (Polygonia_egea,Grossulariaceae): 0 -> 1
Cell (Polygonia_egea,Plantaginaceae): 0 -> 1
Cell (Polygonia_faunus,Amborellaceae): 0 -> 1
Cell (Polygonia_faunus,Siparunaceae): 0 -> 1
Cell (Polygonia_faunus,Aristolochiaceae): 0 -> 1
Cell (Polygonia_faunus,Acoraceae): 0 -> 1
Cell (Polygonia_faunus,Rosaceae): 0 -> 1
Cell (Polygonia_faunus,Salicaceae): 0 -> 1
Cell (Polygonia_faunus,Grossulariaceae): 0 -> 1
Cell (Polygonia_faunus,Asteraceae): 0 -> 1
Cell (Polygonia_faunus,Boraginaceae): 0 -> 1
Cell (Polygonia_c_album,Amborellaceae): 0 -> 1
Cell (Polygonia_c_album,Siparunaceae): 0 -> 1
Cell (Polygonia_c_album,Chloranthaceae): 0 -> 1
Cell (Polygonia_c_album,Smilacaceae): 0 -> 1
Cell (Polygonia_c_album,Rosaceae): 0 -> 1
Cell (Polygonia_c_album,Rhamnaceae): 0 -> 1
Cell (Polygonia_c_album,Cannabaceae): 0 -> 1
Cell (Polygonia_c_album,Salicaceae): 0 -> 1
Cell (Polygonia_satyrus,Nymphaeaceae): 0 -> 1
Cell (Polygonia_satyrus,Schisandraceae): 0 -> 1
Cell (Polygonia_satyrus,Typhaceae): 0 -> 1
Cell (Polygonia_satyrus,Acoraceae): 0 -> 1
Cell (Polygonia_satyrus,Ceratophyllaceae): 0 -> 1
Cell (Polygonia_satyrus,Fabaceae): 0 -> 1
Cell (Polygonia_satyrus,Rhamnaceae): 0 -> 1
Cell (Polygonia_satyrus,Grossulariaceae): 0 -> 1
Cell (Polygonia_satyrus,Asteraceae): 0 -> 1
Cell (Polygonia_satyrus,Plantaginaceae): 0 -> 1
Cell (Polygonia_interrogationis,Amborellaceae): 0 -> 1
Cell (Polygonia_interrogationis,Nymphaeaceae): 0 -> 1
Cell (Polygonia_interrogationis,Ceratophyllaceae): 0 -> 1
Cell (Polygonia_interrogationis,Rosaceae): 0 -> 1
Cell (Polygonia_interrogationis,Rhamnaceae): 0 -> 1
Cell (Polygonia_interrogationis,Cannabaceae): 0 -> 1
Cell (Polygonia_interrogationis,Betulaceae): 0 -> 1
Cell (Polygonia_interrogationis,Ericaceae): 0 -> 1
Cell (Polygonia_interrogationis,Asteraceae): 0 -> 1
Cell (Polygonia_comma,Aristolochiaceae): 0 -> 1
Cell (Polygonia_comma,Ceratophyllaceae): 0 -> 1
Cell (Polygonia_comma,Rhamnaceae): 0 -> 1
Cell (Polygonia_comma,Ericaceae): 0 -> 1
Cell (Polygonia_oreas,Acoraceae): 0 -> 1
Cell (Polygonia_oreas,Cannabaceae): 0 -> 1
Cell (Polygonia_oreas,Asteraceae): 0 -> 1
Cell (Polygonia_oreas,Plantaginaceae): 0 -> 1
Cell (Polygonia_progne,Aristolochiaceae): 0 -> 1
Cell (Polygonia_progne,Chloranthaceae): 0 -> 1
Cell (Polygonia_progne,Rhamnaceae): 0 -> 1
Cell (Polygonia_progne,Cannabaceae): 0 -> 1
Cell (Polygonia_progne,Urticaceae): 0 -> 1
Cell (Polygonia_progne,Ericaceae): 0 -> 1
Cell (Polygonia_progne,Plantaginaceae): 0 -> 1
Cell (Polygonia_progne,Boraginaceae): 0 -> 1
Cell (Polygonia_zephyrus,Nymphaeaceae): 0 -> 1
Cell (Polygonia_zephyrus,Siparunaceae): 0 -> 1
Cell (Polygonia_zephyrus,Smilacaceae): 0 -> 1
Cell (Polygonia_zephyrus,Rhamnaceae): 0 -> 1
Cell (Polygonia_zephyrus,Grossulariaceae): 0 -> 1
Cell (Polygonia_zephyrus,Asteraceae): 0 -> 1
Cell (Polygonia_zephyrus,Plantaginaceae): 0 -> 1
Cell (Polygonia_zephyrus,Boraginaceae): 0 -> 1
Cell (Polygonia_gracilis,Amborellaceae): 0 -> 1
Cell (Polygonia_gracilis,Nymphaeaceae): 0 -> 1
Cell (Polygonia_gracilis,Siparunaceae): 0 -> 1
Cell (Polygonia_gracilis,Chloranthaceae): 0 -> 1
Cell (Polygonia_gracilis,Potamogetonaceae): 0 -> 1
Cell (Polygonia_gracilis,Acoraceae): 0 -> 1
Cell (Polygonia_gracilis,Fabaceae): 0 -> 1
Cell (Polygonia_gracilis,Rosaceae): 0 -> 1
Cell (Polygonia_gracilis,Ulmaceae): 0 -> 1
Cell (Polygonia_gracilis,Urticaceae): 0 -> 1
Matrix saved as results/53/corrupt100/r010.5_r100.7/flipped_matrix_elbow.png
Elbow Metrics: {'precision': 0.684931506849315, 'recall': 1.0, 'f1': 0.8130081300813007, 'TP': 100, 'FP': 46, 'FN': 0}
