Matrix saved as results/130/corrupt100/r010.5_r100.5/original_matrix.svg
Matrix saved as results/130/corrupt100/r010.5_r100.5/corrupted.svg
[iter 0] λ=0.5000 → flips=107
[iter 1] λ=0.2500 → flips=0
[iter 2] λ=0.3750 → flips=3
[iter 3] λ=0.4375 → flips=21
[iter 4] λ=0.4688 → flips=46
[iter 5] λ=0.4844 → flips=61
[iter 6] λ=0.4922 → flips=73
[iter 7] λ=0.4961 → flips=93
[iter 8] λ=0.4980 → flips=96
[iter 9] λ=0.4990 → flips=99
[iter 10] λ=0.4995 → flips=101
[iter 11] λ=0.4993 → flips=97
[iter 12] λ=0.4994 → flips=98
[iter 13] λ=0.4995 → flips=99
[iter 14] λ=0.4995 → flips=99
[iter 15] λ=0.4995 → flips=99
[iter 16] λ=0.4995 → flips=99
[iter 17] λ=0.4995 → flips=101
[iter 18] λ=0.4995 → flips=101
[iter 19] λ=0.4995 → flips=99

Best λ=0.4990 → flips=99, correct=41/100
Number of flips performed: 99
Matrix saved as results/130/corrupt100/r010.5_r100.5/flipped_matrix.svg
Metrics: {'precision': 0.41414141414141414, 'recall': 0.41, 'f1': 0.4120603015075377, 'TP': 41, 'FP': 58, 'FN': 59}
[Elbow detection] flip ≈ 824, λ ≈ 0.7346938775510203
Number of flips performed (elbow): 824
Matrix saved as results/130/corrupt100/r010.5_r100.5/flipped_matrix_elbow.svg
Elbow Metrics: {'precision': 0.10679611650485436, 'recall': 0.88, 'f1': 0.19047619047619047, 'TP': 88, 'FP': 736, 'FN': 12}
