[iter 0] λ=0.5000 → flips=657
[iter 1] λ=0.7500 → flips=1959
[iter 2] λ=0.6250 → flips=1080
[iter 3] λ=0.5625 → flips=913
[iter 4] λ=0.5938 → flips=980
[iter 5] λ=0.6094 → flips=1037
[iter 6] λ=0.6016 → flips=1008
[iter 7] λ=0.5977 → flips=989
[iter 8] λ=0.5996 → flips=995
[iter 9] λ=0.6006 → flips=1005
[iter 10] λ=0.6001 → flips=999
[iter 11] λ=0.6003 → flips=998
[iter 12] λ=0.6005 → flips=1003
[iter 13] λ=0.6004 → flips=1004
[iter 14] λ=0.6004 → flips=998
[iter 15] λ=0.6004 → flips=1003
[iter 16] λ=0.6004 → flips=998
[iter 17] λ=0.6004 → flips=998
[iter 18] λ=0.6004 → flips=998
[iter 19] λ=0.6004 → flips=1000

Best λ=0.6004 → flips=1000, correct=755/1000
Number of flips performed: 1000
Metrics: {'precision': 0.755, 'recall': 0.755, 'f1': 0.755, 'TP': 755, 'FP': 245, 'FN': 245}
[Elbow detection] flip ≈ 3185, λ ≈ 0.9183673469387754
Number of flips performed (elbow): 3185
Elbow Metrics: {'precision': 0.3058084772370487, 'recall': 0.974, 'f1': 0.46547192353643974, 'TP': 974, 'FP': 2211, 'FN': 26}
