Matrix saved as results/20/corrupt100/r010.6_r100.5/original_matrix.svg
Matrix saved as results/20/corrupt100/r010.6_r100.5/corrupted.svg
[iter 0] λ=0.5000 → flips=93
[iter 1] λ=0.7500 → flips=1249
[iter 2] λ=0.6250 → flips=243
[iter 3] λ=0.5625 → flips=140
[iter 4] λ=0.5312 → flips=104
[iter 5] λ=0.5156 → flips=99
[iter 6] λ=0.5234 → flips=103
[iter 7] λ=0.5195 → flips=99
[iter 8] λ=0.5215 → flips=99
[iter 9] λ=0.5225 → flips=100

Best λ=0.5225 → flips=100, correct=55/100
Number of flips performed: 100
Matrix saved as results/20/corrupt100/r010.6_r100.5/flipped_matrix.svg
Metrics: {'precision': 0.55, 'recall': 0.55, 'f1': 0.55, 'TP': 55, 'FP': 45, 'FN': 45}
[Elbow detection] flip ≈ 596, λ ≈ 0.7142857142857142
Number of flips performed (elbow): 596
Matrix saved as results/20/corrupt100/r010.6_r100.5/flipped_matrix_elbow.svg
Elbow Metrics: {'precision': 0.14597315436241612, 'recall': 0.87, 'f1': 0.25, 'TP': 87, 'FP': 509, 'FN': 13}
