Matrix saved as results/119/corrupt100/r010.5_r100.4/original_matrix.svg
Matrix saved as results/119/corrupt100/r010.5_r100.4/corrupted.svg
[iter 0] λ=0.5000 → flips=105
[iter 1] λ=0.2500 → flips=0
[iter 2] λ=0.3750 → flips=1
[iter 3] λ=0.4375 → flips=15
[iter 4] λ=0.4688 → flips=29
[iter 5] λ=0.4844 → flips=47
[iter 6] λ=0.4922 → flips=72
[iter 7] λ=0.4961 → flips=85
[iter 8] λ=0.4980 → flips=105
[iter 9] λ=0.4971 → flips=104
[iter 10] λ=0.4966 → flips=90
[iter 11] λ=0.4968 → flips=97
[iter 12] λ=0.4969 → flips=103
[iter 13] λ=0.4969 → flips=101
[iter 14] λ=0.4969 → flips=99
[iter 15] λ=0.4969 → flips=99
[iter 16] λ=0.4969 → flips=99
[iter 17] λ=0.4969 → flips=99
[iter 18] λ=0.4969 → flips=99
[iter 19] λ=0.4969 → flips=100

Best λ=0.4969 → flips=100, correct=48/100
Number of flips performed: 100
Matrix saved as results/119/corrupt100/r010.5_r100.4/flipped_matrix.svg
Metrics: {'precision': 0.48, 'recall': 0.48, 'f1': 0.48, 'TP': 48, 'FP': 52, 'FN': 52}
[Elbow detection] flip ≈ 808, λ ≈ 0.7142857142857142
Number of flips performed (elbow): 808
Matrix saved as results/119/corrupt100/r010.5_r100.4/flipped_matrix_elbow.svg
Elbow Metrics: {'precision': 0.11014851485148515, 'recall': 0.89, 'f1': 0.1960352422907489, 'TP': 89, 'FP': 719, 'FN': 11}
