[iter 0] λ=0.5000 → flips=1198
[iter 1] λ=0.7500 → flips=2975
[iter 2] λ=0.6250 → flips=1963
[iter 3] λ=0.6875 → flips=2484
[iter 4] λ=0.6562 → flips=2158
[iter 5] λ=0.6406 → flips=2045
[iter 6] λ=0.6328 → flips=2006
[iter 7] λ=0.6289 → flips=1989
[iter 8] λ=0.6309 → flips=1994
[iter 9] λ=0.6318 → flips=1996
[iter 10] λ=0.6323 → flips=1999
[iter 11] λ=0.6326 → flips=1998
[iter 12] λ=0.6327 → flips=2003
[iter 13] λ=0.6326 → flips=2003
[iter 14] λ=0.6326 → flips=2004
[iter 15] λ=0.6326 → flips=1998
[iter 16] λ=0.6326 → flips=2001
[iter 17] λ=0.6326 → flips=2000

Best λ=0.6326 → flips=2000, correct=1594/2000
Number of flips performed: 2000
Metrics: {'precision': 0.797, 'recall': 0.797, 'f1': 0.797, 'TP': 1594, 'FP': 406, 'FN': 406}
[Elbow detection] flip ≈ 3657, λ ≈ 0.7755102040816326
Number of flips performed (elbow): 3657
Elbow Metrics: {'precision': 0.5045118949958983, 'recall': 0.9225, 'f1': 0.6522891992222026, 'TP': 1845, 'FP': 1812, 'FN': 155}
