Matrix saved as results/163/corrupt800/r010.5_r100.7/original_matrix.svg
Matrix saved as results/163/corrupt800/r010.5_r100.7/corrupted.svg
[iter 0] λ=0.5000 → flips=71
[iter 1] λ=0.7500 → flips=809
[iter 2] λ=0.6250 → flips=232
[iter 3] λ=0.6875 → flips=446
[iter 4] λ=0.7188 → flips=597
[iter 5] λ=0.7344 → flips=691
[iter 6] λ=0.7422 → flips=717
[iter 7] λ=0.7461 → flips=767
[iter 8] λ=0.7480 → flips=798
[iter 9] λ=0.7490 → flips=803
[iter 10] λ=0.7485 → flips=801
[iter 11] λ=0.7483 → flips=801
[iter 12] λ=0.7482 → flips=801
[iter 13] λ=0.7481 → flips=801
[iter 14] λ=0.7481 → flips=798
[iter 15] λ=0.7481 → flips=801
[iter 16] λ=0.7481 → flips=801
[iter 17] λ=0.7481 → flips=798
[iter 18] λ=0.7481 → flips=798
[iter 19] λ=0.7481 → flips=798

Best λ=0.7485 → flips=801, correct=494/800
Number of flips performed: 801
Matrix saved as results/163/corrupt800/r010.5_r100.7/flipped_matrix.svg
Metrics: {'precision': 0.616729088639201, 'recall': 0.6175, 'f1': 0.617114303560275, 'TP': 494, 'FP': 307, 'FN': 306}
[Elbow detection] flip ≈ 1067, λ ≈ 0.7755102040816326
Number of flips performed (elbow): 1067
Matrix saved as results/163/corrupt800/r010.5_r100.7/flipped_matrix_elbow.svg
Elbow Metrics: {'precision': 0.5463917525773195, 'recall': 0.72875, 'f1': 0.6245313336904124, 'TP': 583, 'FP': 484, 'FN': 217}
