[iter 0] λ=0.5000 → flips=2236
[iter 1] λ=0.7500 → flips=6482
[iter 2] λ=0.6250 → flips=4378
[iter 3] λ=0.6875 → flips=5404
[iter 4] λ=0.6562 → flips=4816
[iter 5] λ=0.6719 → flips=5039
[iter 6] λ=0.6641 → flips=4901
[iter 7] λ=0.6680 → flips=5055
[iter 8] λ=0.6660 → flips=4988
[iter 9] λ=0.6670 → flips=4997
[iter 10] λ=0.6675 → flips=5002
[iter 11] λ=0.6672 → flips=5002
[iter 12] λ=0.6671 → flips=4997
[iter 13] λ=0.6672 → flips=4997
[iter 14] λ=0.6672 → flips=5002
[iter 15] λ=0.6672 → flips=4997
[iter 16] λ=0.6672 → flips=5002
[iter 17] λ=0.6672 → flips=4997
[iter 18] λ=0.6672 → flips=5002
[iter 19] λ=0.6672 → flips=5047

Best λ=0.6675 → flips=5002, correct=4377/5000
Number of flips performed: 5002
Metrics: {'precision': 0.8750499800079968, 'recall': 0.8754, 'f1': 0.8752249550089983, 'TP': 4377, 'FP': 625, 'FN': 623}
[Elbow detection] flip ≈ 4731, λ ≈ 0.6530612244897959
Number of flips performed (elbow): 4731
Elbow Metrics: {'precision': 0.8951595857112661, 'recall': 0.847, 'f1': 0.8704141403761175, 'TP': 4235, 'FP': 496, 'FN': 765}
