[iter 0] λ=0.5000 → flips=21
[iter 1] λ=0.7500 → flips=726
[iter 2] λ=0.8750 → flips=14853
[iter 3] λ=0.8125 → flips=8673
[iter 4] λ=0.8438 → flips=12463
[iter 5] λ=0.8281 → flips=11235
[iter 6] λ=0.8203 → flips=11721
[iter 7] λ=0.8164 → flips=11341
[iter 8] λ=0.8145 → flips=10603
[iter 9] λ=0.8135 → flips=9823
[iter 10] λ=0.8140 → flips=8836
[iter 11] λ=0.8142 → flips=8699
[iter 12] λ=0.8143 → flips=8836
[iter 13] λ=0.8144 → flips=9842
[iter 14] λ=0.8144 → flips=10477
[iter 15] λ=0.8144 → flips=8715
[iter 16] λ=0.8144 → flips=8699
[iter 17] λ=0.8144 → flips=9826
[iter 18] λ=0.8144 → flips=10463
[iter 19] λ=0.8144 → flips=8699

Best λ=0.8144 → flips=9842, correct=7489/10000
Number of flips performed: 9842
Metrics: {'precision': 0.7609225767120504, 'recall': 0.7489, 'f1': 0.7548634210261063, 'TP': 7489, 'FP': 2353, 'FN': 2511}
[Elbow detection] flip ≈ 11330, λ ≈ 0.836734693877551
Number of flips performed (elbow): 11330
Elbow Metrics: {'precision': 0.7190644307149161, 'recall': 0.8147, 'f1': 0.7639006094702298, 'TP': 8147, 'FP': 3183, 'FN': 1853}
