[iter 0] λ=0.5000 → flips=31
[iter 1] λ=0.7500 → flips=1519
[iter 2] λ=0.8750 → flips=9550
[iter 3] λ=0.8125 → flips=5944
[iter 4] λ=0.7812 → flips=2797
[iter 5] λ=0.7969 → flips=4234
[iter 6] λ=0.8047 → flips=5623
[iter 7] λ=0.8008 → flips=5603
[iter 8] λ=0.7988 → flips=5299
[iter 9] λ=0.7979 → flips=5530
[iter 10] λ=0.7974 → flips=4252
[iter 11] λ=0.7976 → flips=4240
[iter 12] λ=0.7977 → flips=5529
[iter 13] λ=0.7977 → flips=4244
[iter 14] λ=0.7977 → flips=4240
[iter 15] λ=0.7977 → flips=4240
[iter 16] λ=0.7977 → flips=5541
[iter 17] λ=0.7977 → flips=4240
[iter 18] λ=0.7977 → flips=4241
[iter 19] λ=0.7977 → flips=4240

Best λ=0.7988 → flips=5299, correct=3418/5000
Number of flips performed: 5299
Metrics: {'precision': 0.6450273636535195, 'recall': 0.6836, 'f1': 0.6637537625012137, 'TP': 3418, 'FP': 1881, 'FN': 1582}
[Elbow detection] flip ≈ 9550, λ ≈ 0.8775510204081632
Number of flips performed (elbow): 9550
Elbow Metrics: {'precision': 0.4686910994764398, 'recall': 0.8952, 'f1': 0.6152577319587629, 'TP': 4476, 'FP': 5074, 'FN': 524}
