[iter 0] λ=0.5000 → flips=801
[iter 1] λ=0.2500 → flips=0
[iter 2] λ=0.3750 → flips=317
[iter 3] λ=0.4375 → flips=654
[iter 4] λ=0.4062 → flips=592
[iter 5] λ=0.3906 → flips=504
[iter 6] λ=0.3828 → flips=406
[iter 7] λ=0.3867 → flips=462
[iter 8] λ=0.3887 → flips=482
[iter 9] λ=0.3896 → flips=495
[iter 10] λ=0.3901 → flips=501
[iter 11] λ=0.3899 → flips=497
[iter 12] λ=0.3900 → flips=499
[iter 13] λ=0.3901 → flips=500

Best λ=0.3901 → flips=500, correct=358/500
Number of flips performed: 500
Metrics: {'precision': 0.716, 'recall': 0.716, 'f1': 0.7160000000000001, 'TP': 358, 'FP': 142, 'FN': 142}
[Elbow detection] flip ≈ 1342, λ ≈ 0.6122448979591836
Number of flips performed (elbow): 1342
Elbow Metrics: {'precision': 0.36438152011922503, 'recall': 0.978, 'f1': 0.5309446254071661, 'TP': 489, 'FP': 853, 'FN': 11}
