Matrix saved as results/163/corrupt100/r010.4_r100.6/original_matrix.svg
Matrix saved as results/163/corrupt100/r010.4_r100.6/corrupted.svg
[iter 0] λ=0.5000 → flips=79
[iter 1] λ=0.7500 → flips=736
[iter 2] λ=0.6250 → flips=181
[iter 3] λ=0.5625 → flips=130
[iter 4] λ=0.5312 → flips=119
[iter 5] λ=0.5156 → flips=95
[iter 6] λ=0.5234 → flips=114
[iter 7] λ=0.5195 → flips=105
[iter 8] λ=0.5176 → flips=98
[iter 9] λ=0.5186 → flips=105
[iter 10] λ=0.5181 → flips=101
[iter 11] λ=0.5178 → flips=99
[iter 12] λ=0.5179 → flips=101
[iter 13] λ=0.5179 → flips=100

Best λ=0.5179 → flips=100, correct=41/100
Number of flips performed: 100
Matrix saved as results/163/corrupt100/r010.4_r100.6/flipped_matrix.svg
Metrics: {'precision': 0.41, 'recall': 0.41, 'f1': 0.41, 'TP': 41, 'FP': 59, 'FN': 59}
[Elbow detection] flip ≈ 833, λ ≈ 0.7551020408163265
Number of flips performed (elbow): 833
Matrix saved as results/163/corrupt100/r010.4_r100.6/flipped_matrix_elbow.svg
Elbow Metrics: {'precision': 0.10444177671068428, 'recall': 0.87, 'f1': 0.18649517684887457, 'TP': 87, 'FP': 746, 'FN': 13}
