[iter 0] λ=0.5000 → flips=118
[iter 1] λ=0.7500 → flips=3417
[iter 2] λ=0.8750 → flips=11016
[iter 3] λ=0.8125 → flips=7484
[iter 4] λ=0.7812 → flips=5024
[iter 5] λ=0.7656 → flips=4123
[iter 6] λ=0.7734 → flips=4647
[iter 7] λ=0.7773 → flips=4988
[iter 8] λ=0.7793 → flips=5165
[iter 9] λ=0.7783 → flips=4874
[iter 10] λ=0.7788 → flips=5196
[iter 11] λ=0.7786 → flips=4978
[iter 12] λ=0.7787 → flips=4979
[iter 13] λ=0.7787 → flips=5101
[iter 14] λ=0.7787 → flips=4882
[iter 15] λ=0.7787 → flips=4882
[iter 16] λ=0.7787 → flips=4947
[iter 17] λ=0.7787 → flips=5261
[iter 18] λ=0.7787 → flips=4882
[iter 19] λ=0.7787 → flips=4978

Best λ=0.7773 → flips=4988, correct=3531/5000
Number of flips performed: 4988
Metrics: {'precision': 0.7078989574979951, 'recall': 0.7062, 'f1': 0.7070484581497798, 'TP': 3531, 'FP': 1457, 'FN': 1469}
[Elbow detection] flip ≈ 8875, λ ≈ 0.8163265306122448
Number of flips performed (elbow): 8875
Elbow Metrics: {'precision': 0.4898028169014085, 'recall': 0.8694, 'f1': 0.6265945945945945, 'TP': 4347, 'FP': 4528, 'FN': 653}
