Matrix saved as ml_parsimony_matrices/seed75_ratio1.5970.png
Matrix saved as results/75/corrupt10/r010.6_r100.7/original_matrix.png
Matrix saved as results/75/corrupt10/r010.6_r100.7/corrupted.png
[iter 0] λ=0.5000 → flips=59
[iter 1] λ=0.2500 → flips=0
[iter 2] λ=0.3750 → flips=8
[iter 3] λ=0.4375 → flips=57
[iter 4] λ=0.4062 → flips=49
[iter 5] λ=0.3906 → flips=43
[iter 6] λ=0.3828 → flips=30
[iter 7] λ=0.3789 → flips=18
[iter 8] λ=0.3770 → flips=14
[iter 9] λ=0.3760 → flips=12
[iter 10] λ=0.3755 → flips=9
[iter 11] λ=0.3757 → flips=9
[iter 12] λ=0.3759 → flips=12
[iter 13] λ=0.3758 → flips=12
[iter 14] λ=0.3758 → flips=10

Best λ=0.3758 → flips=10, correct=2/10
Number of flips performed: 10
Cell (Vanessa_dimorphica,Plantaginaceae): 0 -> 1
Cell (Vanessa_virginiensis,Rhamnaceae): 0 -> 1
Cell (Vanessa_atalanta,Ulmaceae): 0 -> 1
Cell (Aglais_urticae,Plantaginaceae): 0 -> 1
Cell (Nymphalis_polychloros,Plantaginaceae): 0 -> 1
Cell (Nymphalis_antiopa,Ulmaceae): 0 -> 1
Cell (Nymphalis_antiopa,Boraginaceae): 0 -> 1
Cell (Polygonia_c_aureum,Urticaceae): 0 -> 1
Cell (Polygonia_satyrus,Boraginaceae): 0 -> 1
Cell (Polygonia_gracilis,Betulaceae): 0 -> 1
Matrix saved as results/75/corrupt10/r010.6_r100.7/flipped_matrix.png
Metrics: {'precision': 0.2, 'recall': 0.2, 'f1': 0.20000000000000004, 'TP': 2, 'FP': 8, 'FN': 8}
[Elbow detection] λ ≈ 0.392 (cutoff=0.370)
Elbow Metrics: {'precision': 0.20454545454545456, 'recall': 0.9, 'f1': 0.33333333333333337, 'TP': 9, 'FP': 35, 'FN': 1}
