Matrix saved as results/163/corrupt1000/r010.6_r100.7/original_matrix.svg
Matrix saved as results/163/corrupt1000/r010.6_r100.7/corrupted.svg
[iter 0] λ=0.5000 → flips=65
[iter 1] λ=0.7500 → flips=761
[iter 2] λ=0.8750 → flips=3615
[iter 3] λ=0.8125 → flips=2691
[iter 4] λ=0.7812 → flips=1343
[iter 5] λ=0.7656 → flips=898
[iter 6] λ=0.7734 → flips=1147
[iter 7] λ=0.7695 → flips=1136
[iter 8] λ=0.7676 → flips=980
[iter 9] λ=0.7686 → flips=1121
[iter 10] λ=0.7681 → flips=981
[iter 11] λ=0.7683 → flips=1121
[iter 12] λ=0.7682 → flips=1029
[iter 13] λ=0.7681 → flips=1029
[iter 14] λ=0.7681 → flips=981
[iter 15] λ=0.7681 → flips=1029
[iter 16] λ=0.7681 → flips=1029
[iter 17] λ=0.7681 → flips=981
[iter 18] λ=0.7681 → flips=1029
[iter 19] λ=0.7681 → flips=981

Best λ=0.7681 → flips=981, correct=626/1000
Number of flips performed: 981
Matrix saved as results/163/corrupt1000/r010.6_r100.7/flipped_matrix.svg
Metrics: {'precision': 0.6381243628950051, 'recall': 0.626, 'f1': 0.6320040383644624, 'TP': 626, 'FP': 355, 'FN': 374}
[Elbow detection] flip ≈ 1242, λ ≈ 0.7755102040816326
Number of flips performed (elbow): 1242
Matrix saved as results/163/corrupt1000/r010.6_r100.7/flipped_matrix_elbow.svg
Elbow Metrics: {'precision': 0.5885668276972624, 'recall': 0.731, 'f1': 0.6520963425512936, 'TP': 731, 'FP': 511, 'FN': 269}
