Matrix saved as results/141/corrupt500/r010.7_r100.4/original_matrix.svg
Matrix saved as results/141/corrupt500/r010.7_r100.4/corrupted.svg
[iter 0] λ=0.5000 → flips=300
[iter 1] λ=0.7500 → flips=1839
[iter 2] λ=0.6250 → flips=700
[iter 3] λ=0.5625 → flips=425
[iter 4] λ=0.5938 → flips=539
[iter 5] λ=0.5781 → flips=482
[iter 6] λ=0.5859 → flips=522
[iter 7] λ=0.5820 → flips=503
[iter 8] λ=0.5801 → flips=487
[iter 9] λ=0.5811 → flips=495
[iter 10] λ=0.5815 → flips=500

Best λ=0.5815 → flips=500, correct=354/500
Number of flips performed: 500
Matrix saved as results/141/corrupt500/r010.7_r100.4/flipped_matrix.svg
Metrics: {'precision': 0.708, 'recall': 0.708, 'f1': 0.708, 'TP': 354, 'FP': 146, 'FN': 146}
[Elbow detection] flip ≈ 862, λ ≈ 0.6530612244897959
Number of flips performed (elbow): 862
Matrix saved as results/141/corrupt500/r010.7_r100.4/flipped_matrix_elbow.svg
Elbow Metrics: {'precision': 0.4976798143851508, 'recall': 0.858, 'f1': 0.6299559471365639, 'TP': 429, 'FP': 433, 'FN': 71}
