[iter 0] λ=0.5000 → flips=1819
[iter 1] λ=0.7500 → flips=7874
[iter 2] λ=0.6250 → flips=3029
[iter 3] λ=0.5625 → flips=2278
[iter 4] λ=0.5312 → flips=1984
[iter 5] λ=0.5469 → flips=2086
[iter 6] λ=0.5391 → flips=2028
[iter 7] λ=0.5352 → flips=2004
[iter 8] λ=0.5332 → flips=1990
[iter 9] λ=0.5342 → flips=1990
[iter 10] λ=0.5347 → flips=2003
[iter 11] λ=0.5344 → flips=1990
[iter 12] λ=0.5345 → flips=2003
[iter 13] λ=0.5345 → flips=1999
[iter 14] λ=0.5345 → flips=1999
[iter 15] λ=0.5345 → flips=2003
[iter 16] λ=0.5345 → flips=2003
[iter 17] λ=0.5345 → flips=2003
[iter 18] λ=0.5345 → flips=2003
[iter 19] λ=0.5345 → flips=1999

Best λ=0.5345 → flips=1999, correct=1582/2000
Number of flips performed: 1999
Metrics: {'precision': 0.7913956978489245, 'recall': 0.791, 'f1': 0.7911977994498626, 'TP': 1582, 'FP': 417, 'FN': 418}
[Elbow detection] flip ≈ 3083, λ ≈ 0.6326530612244897
Number of flips performed (elbow): 3083
Elbow Metrics: {'precision': 0.586117418099254, 'recall': 0.9035, 'f1': 0.710997442455243, 'TP': 1807, 'FP': 1276, 'FN': 193}
