Matrix saved as results/53/corrupt800/r010.7_r100.6/original_matrix.svg
Matrix saved as results/53/corrupt800/r010.7_r100.6/corrupted.svg
[iter 0] λ=0.5000 → flips=51
[iter 1] λ=0.7500 → flips=415
[iter 2] λ=0.8750 → flips=3080
[iter 3] λ=0.8125 → flips=766
[iter 4] λ=0.8438 → flips=1490
[iter 5] λ=0.8281 → flips=1034
[iter 6] λ=0.8203 → flips=1004
[iter 7] λ=0.8164 → flips=861
[iter 8] λ=0.8145 → flips=861
[iter 9] λ=0.8135 → flips=780
[iter 10] λ=0.8140 → flips=780
[iter 11] λ=0.8142 → flips=861
[iter 12] λ=0.8141 → flips=861
[iter 13] λ=0.8140 → flips=780
[iter 14] λ=0.8141 → flips=861
[iter 15] λ=0.8140 → flips=780
[iter 16] λ=0.8140 → flips=780
[iter 17] λ=0.8141 → flips=780
[iter 18] λ=0.8141 → flips=861
[iter 19] λ=0.8141 → flips=861

Best λ=0.8135 → flips=780, correct=458/800
Number of flips performed: 780
Matrix saved as results/53/corrupt800/r010.7_r100.6/flipped_matrix.svg
Metrics: {'precision': 0.5871794871794872, 'recall': 0.5725, 'f1': 0.5797468354430381, 'TP': 458, 'FP': 322, 'FN': 342}
[Elbow detection] flip ≈ 861, λ ≈ 0.8163265306122448
Number of flips performed (elbow): 861
Matrix saved as results/53/corrupt800/r010.7_r100.6/flipped_matrix_elbow.svg
Elbow Metrics: {'precision': 0.5423925667828107, 'recall': 0.58375, 'f1': 0.5623118603251054, 'TP': 467, 'FP': 394, 'FN': 333}
