[iter 0] λ=0.5000 → flips=5
[iter 1] λ=0.7500 → flips=127
[iter 2] λ=0.8750 → flips=11816
[iter 3] λ=0.8125 → flips=244
[iter 4] λ=0.8438 → flips=452
[iter 5] λ=0.8594 → flips=1139
[iter 6] λ=0.8672 → flips=2707
[iter 7] λ=0.8711 → flips=2928
[iter 8] λ=0.8730 → flips=11878
[iter 9] λ=0.8721 → flips=2931
[iter 10] λ=0.8726 → flips=2932
[iter 11] λ=0.8728 → flips=2933
[iter 12] λ=0.8729 → flips=2933
[iter 13] λ=0.8730 → flips=2937
[iter 14] λ=0.8730 → flips=2937
[iter 15] λ=0.8730 → flips=2937
[iter 16] λ=0.8730 → flips=2937
[iter 17] λ=0.8730 → flips=2937
[iter 18] λ=0.8730 → flips=11878
[iter 19] λ=0.8730 → flips=2937

Best λ=0.8750 → flips=11816, correct=7526/10000
Number of flips performed: 11816
Metrics: {'precision': 0.6369329722410291, 'recall': 0.7526, 'f1': 0.6899523285661899, 'TP': 7526, 'FP': 4290, 'FN': 2474}
[Elbow detection] flip ≈ 9736, λ ≈ 0.8775510204081632
Number of flips performed (elbow): 9736
Elbow Metrics: {'precision': 0.6755341002465078, 'recall': 0.6577, 'f1': 0.6664977705715444, 'TP': 6577, 'FP': 3159, 'FN': 3423}
