Matrix saved as results/152/corrupt1000/r010.4_r100.5/original_matrix.svg
Matrix saved as results/152/corrupt1000/r010.4_r100.5/corrupted.svg
[iter 0] λ=0.5000 → flips=1
[iter 1] λ=0.7500 → flips=24
[iter 2] λ=0.8750 → flips=93
[iter 3] λ=0.9375 → flips=4705
[iter 4] λ=0.9062 → flips=192
[iter 5] λ=0.9219 → flips=200
[iter 6] λ=0.9297 → flips=204
[iter 7] λ=0.9336 → flips=204
[iter 8] λ=0.9355 → flips=4705
[iter 9] λ=0.9346 → flips=4705
[iter 10] λ=0.9341 → flips=3085
[iter 11] λ=0.9338 → flips=3085
[iter 12] λ=0.9337 → flips=3085
[iter 13] λ=0.9337 → flips=204
[iter 14] λ=0.9337 → flips=204
[iter 15] λ=0.9337 → flips=204
[iter 16] λ=0.9337 → flips=204
[iter 17] λ=0.9337 → flips=3085
[iter 18] λ=0.9337 → flips=3085
[iter 19] λ=0.9337 → flips=3085

Best λ=0.9297 → flips=204, correct=153/1000
Number of flips performed: 204
Matrix saved as results/152/corrupt1000/r010.4_r100.5/flipped_matrix.svg
Metrics: {'precision': 0.75, 'recall': 0.153, 'f1': 0.2541528239202658, 'TP': 153, 'FP': 51, 'FN': 847}
[Elbow detection] flip ≈ None, λ ≈ 1.0
Number of flips performed (elbow): 4705
Matrix saved as results/152/corrupt1000/r010.4_r100.5/flipped_matrix_elbow.svg
Elbow Metrics: {'precision': 0.21253985122210414, 'recall': 1.0, 'f1': 0.3505696757230499, 'TP': 1000, 'FP': 3705, 'FN': 0}
