Matrix saved as results/75/corrupt800/r010.5_r100.6/original_matrix.svg
Matrix saved as results/75/corrupt800/r010.5_r100.6/corrupted.svg
[iter 0] λ=0.5000 → flips=30
[iter 1] λ=0.7500 → flips=935
[iter 2] λ=0.6250 → flips=166
[iter 3] λ=0.6875 → flips=317
[iter 4] λ=0.7188 → flips=660
[iter 5] λ=0.7344 → flips=816
[iter 6] λ=0.7266 → flips=717
[iter 7] λ=0.7305 → flips=735
[iter 8] λ=0.7324 → flips=796
[iter 9] λ=0.7334 → flips=806
[iter 10] λ=0.7329 → flips=798
[iter 11] λ=0.7332 → flips=806
[iter 12] λ=0.7330 → flips=798
[iter 13] λ=0.7331 → flips=806
[iter 14] λ=0.7331 → flips=798
[iter 15] λ=0.7331 → flips=806
[iter 16] λ=0.7331 → flips=798
[iter 17] λ=0.7331 → flips=806
[iter 18] λ=0.7331 → flips=798
[iter 19] λ=0.7331 → flips=798

Best λ=0.7329 → flips=798, correct=432/800
Number of flips performed: 798
Matrix saved as results/75/corrupt800/r010.5_r100.6/flipped_matrix.svg
Metrics: {'precision': 0.5413533834586466, 'recall': 0.54, 'f1': 0.5406758448060075, 'TP': 432, 'FP': 366, 'FN': 368}
[Elbow detection] flip ≈ 1426, λ ≈ 0.7959183673469387
Number of flips performed (elbow): 1426
Matrix saved as results/75/corrupt800/r010.5_r100.6/flipped_matrix_elbow.svg
Elbow Metrics: {'precision': 0.43338008415147267, 'recall': 0.7725, 'f1': 0.555256064690027, 'TP': 618, 'FP': 808, 'FN': 182}
