[iter 0] λ=0.5000 → flips=641
[iter 1] λ=0.2500 → flips=0
[iter 2] λ=0.3750 → flips=118
[iter 3] λ=0.4375 → flips=464
[iter 4] λ=0.4688 → flips=554
[iter 5] λ=0.4531 → flips=518
[iter 6] λ=0.4453 → flips=494
[iter 7] λ=0.4492 → flips=506
[iter 8] λ=0.4473 → flips=499
[iter 9] λ=0.4482 → flips=505
[iter 10] λ=0.4478 → flips=502
[iter 11] λ=0.4475 → flips=502
[iter 12] λ=0.4474 → flips=502
[iter 13] λ=0.4473 → flips=501
[iter 14] λ=0.4473 → flips=499
[iter 15] λ=0.4473 → flips=501
[iter 16] λ=0.4473 → flips=499
[iter 17] λ=0.4473 → flips=499
[iter 18] λ=0.4473 → flips=501
[iter 19] λ=0.4473 → flips=499

Best λ=0.4473 → flips=499, correct=334/500
Number of flips performed: 499
Metrics: {'precision': 0.6693386773547094, 'recall': 0.668, 'f1': 0.6686686686686686, 'TP': 334, 'FP': 165, 'FN': 166}
[Elbow detection] flip ≈ 2435, λ ≈ 0.7551020408163265
Number of flips performed (elbow): 2435
Elbow Metrics: {'precision': 0.19630390143737167, 'recall': 0.956, 'f1': 0.32572402044293014, 'TP': 478, 'FP': 1957, 'FN': 22}
