Matrix saved as ml_parsimony_matrices/seed9_ratio1.1974.png
Matrix saved as results/9/corrupt10/r010.7_r100.6/original_matrix.png
Matrix saved as results/9/corrupt10/r010.7_r100.6/corrupted.png
[iter 0] λ=0.5000 → flips=33
[iter 1] λ=0.2500 → flips=0
[iter 2] λ=0.3750 → flips=3
[iter 3] λ=0.4375 → flips=29
[iter 4] λ=0.4062 → flips=28
[iter 5] λ=0.3906 → flips=23
[iter 6] λ=0.3828 → flips=12
[iter 7] λ=0.3789 → flips=5
[iter 8] λ=0.3809 → flips=10

Best λ=0.3809 → flips=10, correct=5/10
Number of flips performed: 10
Cell (Vanessa_indica,Urticaceae): 0 -> 1
Cell (Aglais_milberti,Asteraceae): 0 -> 1
Cell (Nymphalis_l_album,Plantaginaceae): 0 -> 1
Cell (Nymphalis_californica,Rosaceae): 0 -> 1
Cell (Nymphalis_californica,Rhamnaceae): 0 -> 1
Cell (Nymphalis_xanthomelas,Typhaceae): 0 -> 1
Cell (Nymphalis_xanthomelas,Malvaceae): 0 -> 1
Cell (Nymphalis_antiopa,Smilacaceae): 0 -> 1
Cell (Polygonia_oreas,Rhamnaceae): 0 -> 1
Cell (Polygonia_gracilis,Siparunaceae): 0 -> 1
Matrix saved as results/9/corrupt10/r010.7_r100.6/flipped_matrix.png
Metrics: {'precision': 0.5, 'recall': 0.5, 'f1': 0.5, 'TP': 5, 'FP': 5, 'FN': 5}
[Elbow detection] λ ≈ 0.398 (cutoff=0.375)
Elbow Metrics: {'precision': 0.34615384615384615, 'recall': 0.9, 'f1': 0.5, 'TP': 9, 'FP': 17, 'FN': 1}
