[iter 0] λ=0.5000 → flips=0
[iter 1] λ=0.7500 → flips=2
[iter 2] λ=0.8750 → flips=17
[iter 3] λ=0.9375 → flips=39
[iter 4] λ=0.9688 → flips=21483
[iter 5] λ=0.9531 → flips=43
[iter 6] λ=0.9609 → flips=43
[iter 7] λ=0.9648 → flips=46
[iter 8] λ=0.9668 → flips=46
[iter 9] λ=0.9678 → flips=46
[iter 10] λ=0.9683 → flips=21483
[iter 11] λ=0.9680 → flips=46
[iter 12] λ=0.9681 → flips=21483
[iter 13] λ=0.9681 → flips=46
[iter 14] λ=0.9681 → flips=21483
[iter 15] λ=0.9681 → flips=46
[iter 16] λ=0.9681 → flips=21483
[iter 17] λ=0.9681 → flips=21483
[iter 18] λ=0.9681 → flips=21483
[iter 19] λ=0.9681 → flips=21483

Best λ=0.9648 → flips=46, correct=46/10000
Number of flips performed: 46
Metrics: {'precision': 1.0, 'recall': 0.0046, 'f1': 0.009157873780609197, 'TP': 46, 'FP': 0, 'FN': 9954}
[Elbow detection] flip ≈ None, λ ≈ 1.0
Number of flips performed (elbow): 21483
Elbow Metrics: {'precision': 0.4654843364520784, 'recall': 1.0, 'f1': 0.6352634755264746, 'TP': 10000, 'FP': 11483, 'FN': 0}
