[iter 0] λ=0.5000 → flips=4355
[iter 1] λ=0.7500 → flips=7718
[iter 2] λ=0.6250 → flips=5793
[iter 3] λ=0.5625 → flips=5182
[iter 4] λ=0.5312 → flips=4842
[iter 5] λ=0.5469 → flips=5053
[iter 6] λ=0.5391 → flips=4941
[iter 7] λ=0.5430 → flips=4998
[iter 8] λ=0.5449 → flips=5039
[iter 9] λ=0.5439 → flips=5018
[iter 10] λ=0.5435 → flips=4998
[iter 11] λ=0.5437 → flips=5138
[iter 12] λ=0.5436 → flips=4998
[iter 13] λ=0.5436 → flips=4998
[iter 14] λ=0.5437 → flips=5003
[iter 15] λ=0.5437 → flips=4998
[iter 16] λ=0.5437 → flips=5138
[iter 17] λ=0.5437 → flips=5003
[iter 18] λ=0.5437 → flips=4998
[iter 19] λ=0.5437 → flips=5003

Best λ=0.5430 → flips=4998, correct=4498/5000
Number of flips performed: 4998
Metrics: {'precision': 0.8999599839935974, 'recall': 0.8996, 'f1': 0.8997799559911982, 'TP': 4498, 'FP': 500, 'FN': 502}
[Elbow detection] flip ≈ 4840, λ ≈ 0.5306122448979591
Number of flips performed (elbow): 4840
Elbow Metrics: {'precision': 0.9074380165289256, 'recall': 0.8784, 'f1': 0.8926829268292683, 'TP': 4392, 'FP': 448, 'FN': 608}
