Matrix saved as results/152/corrupt1000/r010.3_r100.4/original_matrix.svg
Matrix saved as results/152/corrupt1000/r010.3_r100.4/corrupted.svg
[iter 0] λ=0.5000 → flips=0
[iter 1] λ=0.7500 → flips=4
[iter 2] λ=0.8750 → flips=61
[iter 3] λ=0.9375 → flips=666
[iter 4] λ=0.9688 → flips=4760
[iter 5] λ=0.9531 → flips=4760
[iter 6] λ=0.9453 → flips=4760
[iter 7] λ=0.9414 → flips=4760
[iter 8] λ=0.9395 → flips=686
[iter 9] λ=0.9404 → flips=686
[iter 10] λ=0.9409 → flips=4760
[iter 11] λ=0.9407 → flips=4760
[iter 12] λ=0.9406 → flips=686
[iter 13] λ=0.9406 → flips=4760
[iter 14] λ=0.9406 → flips=4760
[iter 15] λ=0.9406 → flips=686
[iter 16] λ=0.9406 → flips=4760
[iter 17] λ=0.9406 → flips=686
[iter 18] λ=0.9406 → flips=4760
[iter 19] λ=0.9406 → flips=686

Best λ=0.9395 → flips=686, correct=218/1000
Number of flips performed: 686
Matrix saved as results/152/corrupt1000/r010.3_r100.4/flipped_matrix.svg
Metrics: {'precision': 0.3177842565597668, 'recall': 0.218, 'f1': 0.2586002372479241, 'TP': 218, 'FP': 468, 'FN': 782}
[Elbow detection] flip ≈ 25, λ ≈ 0.8163265306122448
Number of flips performed (elbow): 25
Matrix saved as results/152/corrupt1000/r010.3_r100.4/flipped_matrix_elbow.svg
Elbow Metrics: {'precision': 0.76, 'recall': 0.019, 'f1': 0.037073170731707315, 'TP': 19, 'FP': 6, 'FN': 981}
