Matrix saved as results/31/corrupt1000/r010.4_r100.3/original_matrix.svg
Matrix saved as results/31/corrupt1000/r010.4_r100.3/corrupted.svg
[iter 0] λ=0.5000 → flips=127
[iter 1] λ=0.7500 → flips=1587
[iter 2] λ=0.6250 → flips=452
[iter 3] λ=0.6875 → flips=813
[iter 4] λ=0.7188 → flips=1169
[iter 5] λ=0.7031 → flips=1011
[iter 6] λ=0.6953 → flips=921
[iter 7] λ=0.6992 → flips=972
[iter 8] λ=0.7012 → flips=980
[iter 9] λ=0.7021 → flips=990
[iter 10] λ=0.7026 → flips=990
[iter 11] λ=0.7029 → flips=990
[iter 12] λ=0.7030 → flips=1114
[iter 13] λ=0.7029 → flips=990
[iter 14] λ=0.7030 → flips=1011
[iter 15] λ=0.7030 → flips=1011
[iter 16] λ=0.7029 → flips=990
[iter 17] λ=0.7030 → flips=990
[iter 18] λ=0.7030 → flips=1011
[iter 19] λ=0.7030 → flips=990

Best λ=0.7021 → flips=990, correct=648/1000
Number of flips performed: 990
Matrix saved as results/31/corrupt1000/r010.4_r100.3/flipped_matrix.svg
Metrics: {'precision': 0.6545454545454545, 'recall': 0.648, 'f1': 0.6512562814070352, 'TP': 648, 'FP': 342, 'FN': 352}
[Elbow detection] flip ≈ 1501, λ ≈ 0.7346938775510203
Number of flips performed (elbow): 1501
Matrix saved as results/31/corrupt1000/r010.4_r100.3/flipped_matrix_elbow.svg
Elbow Metrics: {'precision': 0.5336442371752165, 'recall': 0.801, 'f1': 0.6405437824870052, 'TP': 801, 'FP': 700, 'FN': 199}
