Matrix saved as results/64/corrupt800/r010.5_r100.7/original_matrix.svg
Matrix saved as results/64/corrupt800/r010.5_r100.7/corrupted.svg
[iter 0] λ=0.5000 → flips=1
[iter 1] λ=0.7500 → flips=22
[iter 2] λ=0.8750 → flips=137
[iter 3] λ=0.9375 → flips=1527
[iter 4] λ=0.9062 → flips=281
[iter 5] λ=0.9219 → flips=942
[iter 6] λ=0.9141 → flips=282
[iter 7] λ=0.9180 → flips=292
[iter 8] λ=0.9199 → flips=942
[iter 9] λ=0.9189 → flips=942
[iter 10] λ=0.9185 → flips=325
[iter 11] λ=0.9187 → flips=418
[iter 12] λ=0.9188 → flips=418
[iter 13] λ=0.9189 → flips=942
[iter 14] λ=0.9189 → flips=418
[iter 15] λ=0.9189 → flips=942
[iter 16] λ=0.9189 → flips=418
[iter 17] λ=0.9189 → flips=942
[iter 18] λ=0.9189 → flips=418
[iter 19] λ=0.9189 → flips=418

Best λ=0.9219 → flips=942, correct=278/800
Number of flips performed: 942
Matrix saved as results/64/corrupt800/r010.5_r100.7/flipped_matrix.svg
Metrics: {'precision': 0.2951167728237792, 'recall': 0.3475, 'f1': 0.31917336394948337, 'TP': 278, 'FP': 664, 'FN': 522}
[Elbow detection] flip ≈ 2138, λ ≈ 0.9387755102040816
Number of flips performed (elbow): 2138
Matrix saved as results/64/corrupt800/r010.5_r100.7/flipped_matrix_elbow.svg
Elbow Metrics: {'precision': 0.23105706267539758, 'recall': 0.6175, 'f1': 0.33628318584070793, 'TP': 494, 'FP': 1644, 'FN': 306}
