[iter 0] λ=0.5000 → flips=1070
[iter 1] λ=0.2500 → flips=0
[iter 2] λ=0.3750 → flips=187
[iter 3] λ=0.4375 → flips=692
[iter 4] λ=0.4688 → flips=940
[iter 5] λ=0.4844 → flips=1002
[iter 6] λ=0.4766 → flips=960
[iter 7] λ=0.4805 → flips=980
[iter 8] λ=0.4824 → flips=990
[iter 9] λ=0.4834 → flips=993
[iter 10] λ=0.4839 → flips=996
[iter 11] λ=0.4841 → flips=1001
[iter 12] λ=0.4840 → flips=998
[iter 13] λ=0.4841 → flips=1000

Best λ=0.4841 → flips=1000, correct=747/1000
Number of flips performed: 1000
Metrics: {'precision': 0.747, 'recall': 0.747, 'f1': 0.747, 'TP': 747, 'FP': 253, 'FN': 253}
[Elbow detection] flip ≈ 2502, λ ≈ 0.7142857142857142
Number of flips performed (elbow): 2502
Elbow Metrics: {'precision': 0.3776978417266187, 'recall': 0.945, 'f1': 0.5396916047972588, 'TP': 945, 'FP': 1557, 'FN': 55}
