Matrix saved as results/163/corrupt500/r010.6_r100.6/original_matrix.svg
Matrix saved as results/163/corrupt500/r010.6_r100.6/corrupted.svg
[iter 0] λ=0.5000 → flips=165
[iter 1] λ=0.7500 → flips=1373
[iter 2] λ=0.6250 → flips=423
[iter 3] λ=0.6875 → flips=856
[iter 4] λ=0.6562 → flips=581
[iter 5] λ=0.6406 → flips=523
[iter 6] λ=0.6328 → flips=487
[iter 7] λ=0.6367 → flips=512
[iter 8] λ=0.6348 → flips=503
[iter 9] λ=0.6338 → flips=487
[iter 10] λ=0.6343 → flips=493
[iter 11] λ=0.6345 → flips=503
[iter 12] λ=0.6344 → flips=503
[iter 13] λ=0.6343 → flips=503
[iter 14] λ=0.6343 → flips=503
[iter 15] λ=0.6343 → flips=493
[iter 16] λ=0.6343 → flips=503
[iter 17] λ=0.6343 → flips=503
[iter 18] λ=0.6343 → flips=503
[iter 19] λ=0.6343 → flips=503

Best λ=0.6348 → flips=503, correct=330/500
Number of flips performed: 503
Matrix saved as results/163/corrupt500/r010.6_r100.6/flipped_matrix.svg
Metrics: {'precision': 0.6560636182902585, 'recall': 0.66, 'f1': 0.6580259222333001, 'TP': 330, 'FP': 173, 'FN': 170}
[Elbow detection] flip ≈ 889, λ ≈ 0.6938775510204082
Number of flips performed (elbow): 889
Matrix saved as results/163/corrupt500/r010.6_r100.6/flipped_matrix_elbow.svg
Elbow Metrics: {'precision': 0.4634420697412823, 'recall': 0.824, 'f1': 0.5932325413966882, 'TP': 412, 'FP': 477, 'FN': 88}
