[iter 0] λ=0.5000 → flips=555
[iter 1] λ=0.2500 → flips=0
[iter 2] λ=0.3750 → flips=144
[iter 3] λ=0.4375 → flips=373
[iter 4] λ=0.4688 → flips=482
[iter 5] λ=0.4844 → flips=517
[iter 6] λ=0.4766 → flips=495
[iter 7] λ=0.4805 → flips=499
[iter 8] λ=0.4824 → flips=512
[iter 9] λ=0.4814 → flips=502
[iter 10] λ=0.4810 → flips=502
[iter 11] λ=0.4807 → flips=502
[iter 12] λ=0.4806 → flips=499
[iter 13] λ=0.4807 → flips=502
[iter 14] λ=0.4806 → flips=499
[iter 15] λ=0.4806 → flips=502
[iter 16] λ=0.4806 → flips=499
[iter 17] λ=0.4806 → flips=499
[iter 18] λ=0.4806 → flips=502
[iter 19] λ=0.4806 → flips=502

Best λ=0.4805 → flips=499, correct=319/500
Number of flips performed: 499
Metrics: {'precision': 0.6392785571142284, 'recall': 0.638, 'f1': 0.6386386386386386, 'TP': 319, 'FP': 180, 'FN': 181}
[Elbow detection] flip ≈ 4807, λ ≈ 0.836734693877551
Number of flips performed (elbow): 4807
Elbow Metrics: {'precision': 0.09819013938007073, 'recall': 0.944, 'f1': 0.17787827397776523, 'TP': 472, 'FP': 4335, 'FN': 28}
