Matrix saved as results/130/corrupt1000/r010.7_r100.5/original_matrix.svg
Matrix saved as results/130/corrupt1000/r010.7_r100.5/corrupted.svg
[iter 0] λ=0.5000 → flips=291
[iter 1] λ=0.7500 → flips=2357
[iter 2] λ=0.6250 → flips=940
[iter 3] λ=0.6875 → flips=1552
[iter 4] λ=0.6562 → flips=1233
[iter 5] λ=0.6406 → flips=1067
[iter 6] λ=0.6328 → flips=1046
[iter 7] λ=0.6289 → flips=997
[iter 8] λ=0.6309 → flips=1013
[iter 9] λ=0.6299 → flips=1013
[iter 10] λ=0.6294 → flips=1013
[iter 11] λ=0.6292 → flips=1013
[iter 12] λ=0.6290 → flips=997
[iter 13] λ=0.6291 → flips=1013
[iter 14] λ=0.6291 → flips=997
[iter 15] λ=0.6291 → flips=1013
[iter 16] λ=0.6291 → flips=997
[iter 17] λ=0.6291 → flips=1013
[iter 18] λ=0.6291 → flips=997
[iter 19] λ=0.6291 → flips=1013

Best λ=0.6289 → flips=997, correct=691/1000
Number of flips performed: 997
Matrix saved as results/130/corrupt1000/r010.7_r100.5/flipped_matrix.svg
Metrics: {'precision': 0.6930792377131394, 'recall': 0.691, 'f1': 0.6920380570856285, 'TP': 691, 'FP': 306, 'FN': 309}
[Elbow detection] flip ≈ 829, λ ≈ 0.6122448979591836
Number of flips performed (elbow): 829
Matrix saved as results/130/corrupt1000/r010.7_r100.5/flipped_matrix_elbow.svg
Elbow Metrics: {'precision': 0.7503015681544029, 'recall': 0.622, 'f1': 0.6801530891197376, 'TP': 622, 'FP': 207, 'FN': 378}
