[iter 0] λ=0.5000 → flips=3329
[iter 1] λ=0.7500 → flips=13225
[iter 2] λ=0.6250 → flips=9367
[iter 3] λ=0.6875 → flips=10485
[iter 4] λ=0.6562 → flips=9893
[iter 5] λ=0.6719 → flips=10154
[iter 6] λ=0.6641 → flips=10026
[iter 7] λ=0.6602 → flips=9944
[iter 8] λ=0.6621 → flips=10017
[iter 9] λ=0.6611 → flips=9959
[iter 10] λ=0.6616 → flips=10017
[iter 11] λ=0.6614 → flips=10017
[iter 12] λ=0.6613 → flips=10017
[iter 13] λ=0.6612 → flips=9959
[iter 14] λ=0.6612 → flips=10017
[iter 15] λ=0.6612 → flips=9959
[iter 16] λ=0.6612 → flips=10017
[iter 17] λ=0.6612 → flips=9959
[iter 18] λ=0.6612 → flips=10017
[iter 19] λ=0.6612 → flips=10017

Best λ=0.6621 → flips=10017, correct=9328/10000
Number of flips performed: 10017
Metrics: {'precision': 0.9312169312169312, 'recall': 0.9328, 'f1': 0.9320077933756307, 'TP': 9328, 'FP': 689, 'FN': 672}
[Elbow detection] flip ≈ 8779, λ ≈ 0.5918367346938775
Number of flips performed (elbow): 8779
Elbow Metrics: {'precision': 0.9750541063902495, 'recall': 0.856, 'f1': 0.9116566377336386, 'TP': 8560, 'FP': 219, 'FN': 1440}
