[iter 0] λ=0.5000 → flips=74
[iter 1] λ=0.7500 → flips=6964
[iter 2] λ=0.8750 → flips=15029
[iter 3] λ=0.8125 → flips=12545
[iter 4] λ=0.7812 → flips=8938
[iter 5] λ=0.7969 → flips=10934
[iter 6] λ=0.7891 → flips=9884
[iter 7] λ=0.7930 → flips=10095
[iter 8] λ=0.7910 → flips=9991
[iter 9] λ=0.7920 → flips=10091
[iter 10] λ=0.7915 → flips=10091
[iter 11] λ=0.7913 → flips=10091
[iter 12] λ=0.7911 → flips=9976
[iter 13] λ=0.7912 → flips=10091
[iter 14] λ=0.7912 → flips=10091
[iter 15] λ=0.7912 → flips=9976
[iter 16] λ=0.7912 → flips=9976
[iter 17] λ=0.7912 → flips=9976
[iter 18] λ=0.7912 → flips=10091
[iter 19] λ=0.7912 → flips=10091

Best λ=0.7910 → flips=9991, correct=8339/10000
Number of flips performed: 9991
Metrics: {'precision': 0.8346511860674607, 'recall': 0.8339, 'f1': 0.8342754239407733, 'TP': 8339, 'FP': 1652, 'FN': 1661}
[Elbow detection] flip ≈ 12917, λ ≈ 0.8163265306122448
Number of flips performed (elbow): 12917
Elbow Metrics: {'precision': 0.7206007586900983, 'recall': 0.9308, 'f1': 0.8123227298512021, 'TP': 9308, 'FP': 3609, 'FN': 692}
