Matrix saved as results/86/corrupt800/r010.3_r100.4/original_matrix.svg
Matrix saved as results/86/corrupt800/r010.3_r100.4/corrupted.svg
[iter 0] λ=0.5000 → flips=104
[iter 1] λ=0.7500 → flips=937
[iter 2] λ=0.6250 → flips=377
[iter 3] λ=0.6875 → flips=621
[iter 4] λ=0.7188 → flips=773
[iter 5] λ=0.7344 → flips=896
[iter 6] λ=0.7266 → flips=801
[iter 7] λ=0.7227 → flips=776
[iter 8] λ=0.7246 → flips=790
[iter 9] λ=0.7256 → flips=790
[iter 10] λ=0.7261 → flips=801
[iter 11] λ=0.7258 → flips=791
[iter 12] λ=0.7260 → flips=797
[iter 13] λ=0.7260 → flips=797
[iter 14] λ=0.7260 → flips=801
[iter 15] λ=0.7260 → flips=797
[iter 16] λ=0.7260 → flips=797
[iter 17] λ=0.7260 → flips=801
[iter 18] λ=0.7260 → flips=801
[iter 19] λ=0.7260 → flips=801

Best λ=0.7266 → flips=801, correct=512/800
Number of flips performed: 801
Matrix saved as results/86/corrupt800/r010.3_r100.4/flipped_matrix.svg
Metrics: {'precision': 0.6392009987515606, 'recall': 0.64, 'f1': 0.6396002498438477, 'TP': 512, 'FP': 289, 'FN': 288}
[Elbow detection] flip ≈ 896, λ ≈ 0.7346938775510203
Number of flips performed (elbow): 896
Matrix saved as results/86/corrupt800/r010.3_r100.4/flipped_matrix_elbow.svg
Elbow Metrics: {'precision': 0.6026785714285714, 'recall': 0.675, 'f1': 0.6367924528301886, 'TP': 540, 'FP': 356, 'FN': 260}
