[iter 0] λ=0.5000 → flips=172
[iter 1] λ=0.7500 → flips=3740
[iter 2] λ=0.8750 → flips=9700
[iter 3] λ=0.8125 → flips=5694
[iter 4] λ=0.7812 → flips=4387
[iter 5] λ=0.7969 → flips=4755
[iter 6] λ=0.8047 → flips=5236
[iter 7] λ=0.8008 → flips=4694
[iter 8] λ=0.8027 → flips=4730
[iter 9] λ=0.8037 → flips=4961
[iter 10] λ=0.8042 → flips=5289
[iter 11] λ=0.8040 → flips=5236
[iter 12] λ=0.8038 → flips=4961
[iter 13] λ=0.8039 → flips=4978
[iter 14] λ=0.8039 → flips=5236
[iter 15] λ=0.8039 → flips=5298
[iter 16] λ=0.8039 → flips=4978
[iter 17] λ=0.8039 → flips=5236
[iter 18] λ=0.8039 → flips=5236
[iter 19] λ=0.8039 → flips=4978

Best λ=0.8039 → flips=4978, correct=3649/5000
Number of flips performed: 4978
Metrics: {'precision': 0.7330253113700281, 'recall': 0.7298, 'f1': 0.7314091000200441, 'TP': 3649, 'FP': 1329, 'FN': 1351}
[Elbow detection] flip ≈ 7856, λ ≈ 0.836734693877551
Number of flips performed (elbow): 7856
Elbow Metrics: {'precision': 0.5188391038696538, 'recall': 0.8152, 'f1': 0.6341008089607965, 'TP': 4076, 'FP': 3780, 'FN': 924}
