Matrix saved as results/42/corrupt100/r010.4_r100.4/original_matrix.svg
Matrix saved as results/42/corrupt100/r010.4_r100.4/corrupted.svg
[iter 0] λ=0.5000 → flips=74
[iter 1] λ=0.7500 → flips=755
[iter 2] λ=0.6250 → flips=162
[iter 3] λ=0.5625 → flips=96
[iter 4] λ=0.5938 → flips=122
[iter 5] λ=0.5781 → flips=104
[iter 6] λ=0.5703 → flips=98
[iter 7] λ=0.5742 → flips=102
[iter 8] λ=0.5723 → flips=102
[iter 9] λ=0.5713 → flips=100

Best λ=0.5713 → flips=100, correct=52/100
Number of flips performed: 100
Matrix saved as results/42/corrupt100/r010.4_r100.4/flipped_matrix.svg
Metrics: {'precision': 0.52, 'recall': 0.52, 'f1': 0.52, 'TP': 52, 'FP': 48, 'FN': 48}
[Elbow detection] flip ≈ 795, λ ≈ 0.7551020408163265
Number of flips performed (elbow): 795
Matrix saved as results/42/corrupt100/r010.4_r100.4/flipped_matrix_elbow.svg
Elbow Metrics: {'precision': 0.10566037735849057, 'recall': 0.84, 'f1': 0.18770949720670393, 'TP': 84, 'FP': 711, 'FN': 16}
