[iter 0] λ=0.5000 → flips=1186
[iter 1] λ=0.2500 → flips=0
[iter 2] λ=0.3750 → flips=931
[iter 3] λ=0.4375 → flips=1080
[iter 4] λ=0.4062 → flips=991
[iter 5] λ=0.4219 → flips=1027
[iter 6] λ=0.4141 → flips=1003
[iter 7] λ=0.4102 → flips=1001
[iter 8] λ=0.4082 → flips=1001
[iter 9] λ=0.4072 → flips=991
[iter 10] λ=0.4077 → flips=991
[iter 11] λ=0.4080 → flips=991
[iter 12] λ=0.4081 → flips=1001
[iter 13] λ=0.4080 → flips=991
[iter 14] λ=0.4081 → flips=999
[iter 15] λ=0.4081 → flips=1001
[iter 16] λ=0.4081 → flips=1001
[iter 17] λ=0.4081 → flips=999
[iter 18] λ=0.4081 → flips=1001
[iter 19] λ=0.4081 → flips=999

Best λ=0.4102 → flips=1001, correct=908/1000
Number of flips performed: 1001
Metrics: {'precision': 0.9070929070929071, 'recall': 0.908, 'f1': 0.9075462268865568, 'TP': 908, 'FP': 93, 'FN': 92}
[Elbow detection] flip ≈ 1180, λ ≈ 0.4897959183673469
Number of flips performed (elbow): 1180
Elbow Metrics: {'precision': 0.823728813559322, 'recall': 0.972, 'f1': 0.891743119266055, 'TP': 972, 'FP': 208, 'FN': 28}
