Matrix saved as results/9/corrupt800/r010.5_r100.5/original_matrix.svg
Matrix saved as results/9/corrupt800/r010.5_r100.5/corrupted.svg
[iter 0] λ=0.5000 → flips=277
[iter 1] λ=0.7500 → flips=1431
[iter 2] λ=0.6250 → flips=865
[iter 3] λ=0.5625 → flips=488
[iter 4] λ=0.5938 → flips=652
[iter 5] λ=0.6094 → flips=771
[iter 6] λ=0.6172 → flips=812
[iter 7] λ=0.6133 → flips=787
[iter 8] λ=0.6152 → flips=798
[iter 9] λ=0.6162 → flips=802
[iter 10] λ=0.6157 → flips=802
[iter 11] λ=0.6155 → flips=802
[iter 12] λ=0.6154 → flips=798
[iter 13] λ=0.6154 → flips=798
[iter 14] λ=0.6154 → flips=798
[iter 15] λ=0.6155 → flips=798
[iter 16] λ=0.6155 → flips=798
[iter 17] λ=0.6155 → flips=798
[iter 18] λ=0.6155 → flips=798
[iter 19] λ=0.6155 → flips=798

Best λ=0.6152 → flips=798, correct=590/800
Number of flips performed: 798
Matrix saved as results/9/corrupt800/r010.5_r100.5/flipped_matrix.svg
Metrics: {'precision': 0.7393483709273183, 'recall': 0.7375, 'f1': 0.7384230287859825, 'TP': 590, 'FP': 208, 'FN': 210}
[Elbow detection] flip ≈ 1143, λ ≈ 0.673469387755102
Number of flips performed (elbow): 1143
Matrix saved as results/9/corrupt800/r010.5_r100.5/flipped_matrix_elbow.svg
Elbow Metrics: {'precision': 0.6097987751531059, 'recall': 0.87125, 'f1': 0.7174472465259908, 'TP': 697, 'FP': 446, 'FN': 103}
