Matrix saved as results/97/corrupt1000/r010.4_r100.4/original_matrix.svg
Matrix saved as results/97/corrupt1000/r010.4_r100.4/corrupted.svg
[iter 0] λ=0.5000 → flips=39
[iter 1] λ=0.7500 → flips=1002
[iter 2] λ=0.6250 → flips=174
[iter 3] λ=0.6875 → flips=374
[iter 4] λ=0.7188 → flips=517
[iter 5] λ=0.7344 → flips=733
[iter 6] λ=0.7422 → flips=929
[iter 7] λ=0.7461 → flips=977
[iter 8] λ=0.7480 → flips=980
[iter 9] λ=0.7490 → flips=983
[iter 10] λ=0.7495 → flips=983
[iter 11] λ=0.7498 → flips=983
[iter 12] λ=0.7499 → flips=983
[iter 13] λ=0.7499 → flips=983
[iter 14] λ=0.7500 → flips=1002
[iter 15] λ=0.7500 → flips=983
[iter 16] λ=0.7500 → flips=1002
[iter 17] λ=0.7500 → flips=983
[iter 18] λ=0.7500 → flips=1002
[iter 19] λ=0.7500 → flips=983

Best λ=0.7500 → flips=1002, correct=565/1000
Number of flips performed: 1002
Matrix saved as results/97/corrupt1000/r010.4_r100.4/flipped_matrix.svg
Metrics: {'precision': 0.563872255489022, 'recall': 0.565, 'f1': 0.5644355644355645, 'TP': 565, 'FP': 437, 'FN': 435}
[Elbow detection] flip ≈ 1313, λ ≈ 0.7551020408163265
Number of flips performed (elbow): 1313
Matrix saved as results/97/corrupt1000/r010.4_r100.4/flipped_matrix_elbow.svg
Elbow Metrics: {'precision': 0.504950495049505, 'recall': 0.663, 'f1': 0.5732814526588845, 'TP': 663, 'FP': 650, 'FN': 337}
