[iter 0] λ=0.5000 → flips=1185
[iter 1] λ=0.7500 → flips=2986
[iter 2] λ=0.6250 → flips=1979
[iter 3] λ=0.6875 → flips=2678
[iter 4] λ=0.6562 → flips=2191
[iter 5] λ=0.6406 → flips=2057
[iter 6] λ=0.6328 → flips=2014
[iter 7] λ=0.6289 → flips=2006
[iter 8] λ=0.6270 → flips=1988
[iter 9] λ=0.6279 → flips=1990
[iter 10] λ=0.6284 → flips=2006
[iter 11] λ=0.6282 → flips=2004
[iter 12] λ=0.6281 → flips=2001
[iter 13] λ=0.6280 → flips=2001
[iter 14] λ=0.6280 → flips=1990
[iter 15] λ=0.6280 → flips=1995
[iter 16] λ=0.6280 → flips=2001
[iter 17] λ=0.6280 → flips=1995
[iter 18] λ=0.6280 → flips=1998
[iter 19] λ=0.6280 → flips=1998

Best λ=0.6281 → flips=2001, correct=1552/2000
Number of flips performed: 2001
Metrics: {'precision': 0.7756121939030485, 'recall': 0.776, 'f1': 0.775806048487878, 'TP': 1552, 'FP': 449, 'FN': 448}
[Elbow detection] flip ≈ 4566, λ ≈ 0.8163265306122448
Number of flips performed (elbow): 4566
Elbow Metrics: {'precision': 0.42006132282084974, 'recall': 0.959, 'f1': 0.5842217484008528, 'TP': 1918, 'FP': 2648, 'FN': 82}
