Matrix saved as results/163/corrupt100/r010.4_r100.7/original_matrix.svg
Matrix saved as results/163/corrupt100/r010.4_r100.7/corrupted.svg
[iter 0] λ=0.5000 → flips=68
[iter 1] λ=0.7500 → flips=784
[iter 2] λ=0.6250 → flips=169
[iter 3] λ=0.5625 → flips=104
[iter 4] λ=0.5312 → flips=97
[iter 5] λ=0.5469 → flips=98
[iter 6] λ=0.5547 → flips=104
[iter 7] λ=0.5508 → flips=98
[iter 8] λ=0.5527 → flips=102
[iter 9] λ=0.5518 → flips=100

Best λ=0.5518 → flips=100, correct=44/100
Number of flips performed: 100
Matrix saved as results/163/corrupt100/r010.4_r100.7/flipped_matrix.svg
Metrics: {'precision': 0.44, 'recall': 0.44, 'f1': 0.44, 'TP': 44, 'FP': 56, 'FN': 56}
[Elbow detection] flip ≈ 855, λ ≈ 0.7551020408163265
Number of flips performed (elbow): 855
Matrix saved as results/163/corrupt100/r010.4_r100.7/flipped_matrix_elbow.svg
Elbow Metrics: {'precision': 0.10175438596491228, 'recall': 0.87, 'f1': 0.18219895287958113, 'TP': 87, 'FP': 768, 'FN': 13}
