Matrix saved as ml_parsimony_matrices/seed86_ratio1.2400.png
Matrix saved as results/86/corrupt10/r010.3_r100.6/original_matrix.png
Matrix saved as results/86/corrupt10/r010.3_r100.6/corrupted.png
[iter 0] λ=0.5000 → flips=24
[iter 1] λ=0.2500 → flips=0
[iter 2] λ=0.3750 → flips=13
[iter 3] λ=0.3125 → flips=0
[iter 4] λ=0.3438 → flips=0
[iter 5] λ=0.3594 → flips=0
[iter 6] λ=0.3672 → flips=5
[iter 7] λ=0.3711 → flips=13
[iter 8] λ=0.3691 → flips=8
[iter 9] λ=0.3701 → flips=12
[iter 10] λ=0.3696 → flips=11
[iter 11] λ=0.3694 → flips=10

Best λ=0.3694 → flips=10, correct=4/10
Number of flips performed: 10
Cell (Nymphalis_polychloros,Rhamnaceae): 0 -> 1
Cell (Nymphalis_polychloros,Boraginaceae): 0 -> 1
Cell (Nymphalis_californica,Siparunaceae): 0 -> 1
Cell (Nymphalis_californica,Typhaceae): 0 -> 1
Cell (Nymphalis_xanthomelas,Chloranthaceae): 0 -> 1
Cell (Nymphalis_xanthomelas,Typhaceae): 0 -> 1
Cell (Nymphalis_xanthomelas,Acoraceae): 0 -> 1
Cell (Nymphalis_xanthomelas,Asteraceae): 0 -> 1
Cell (Nymphalis_antiopa,Rhamnaceae): 0 -> 1
Cell (Nymphalis_antiopa,Ericaceae): 0 -> 1
Matrix saved as results/86/corrupt10/r010.3_r100.6/flipped_matrix.png
Metrics: {'precision': 0.4, 'recall': 0.4, 'f1': 0.4000000000000001, 'TP': 4, 'FP': 6, 'FN': 6}
[Elbow detection] λ ≈ 0.386 (cutoff=0.364)
Elbow Metrics: {'precision': 0.25, 'recall': 0.4, 'f1': 0.3076923076923077, 'TP': 4, 'FP': 12, 'FN': 6}
