Matrix saved as results/86/corrupt1000/r010.4_r100.3/original_matrix.svg
Matrix saved as results/86/corrupt1000/r010.4_r100.3/corrupted.svg
[iter 0] λ=0.5000 → flips=225
[iter 1] λ=0.7500 → flips=1502
[iter 2] λ=0.6250 → flips=710
[iter 3] λ=0.6875 → flips=1049
[iter 4] λ=0.6562 → flips=883
[iter 5] λ=0.6719 → flips=966
[iter 6] λ=0.6797 → flips=1021
[iter 7] λ=0.6758 → flips=979
[iter 8] λ=0.6777 → flips=1004
[iter 9] λ=0.6768 → flips=990
[iter 10] λ=0.6772 → flips=994
[iter 11] λ=0.6775 → flips=994
[iter 12] λ=0.6776 → flips=1004
[iter 13] λ=0.6776 → flips=994
[iter 14] λ=0.6776 → flips=1004
[iter 15] λ=0.6776 → flips=1004
[iter 16] λ=0.6776 → flips=1004
[iter 17] λ=0.6776 → flips=1004
[iter 18] λ=0.6776 → flips=1004
[iter 19] λ=0.6776 → flips=1004

Best λ=0.6777 → flips=1004, correct=766/1000
Number of flips performed: 1004
Matrix saved as results/86/corrupt1000/r010.4_r100.3/flipped_matrix.svg
Metrics: {'precision': 0.7629482071713147, 'recall': 0.766, 'f1': 0.7644710578842315, 'TP': 766, 'FP': 238, 'FN': 234}
[Elbow detection] flip ≈ 1075, λ ≈ 0.6938775510204082
Number of flips performed (elbow): 1075
Matrix saved as results/86/corrupt1000/r010.4_r100.3/flipped_matrix_elbow.svg
Elbow Metrics: {'precision': 0.7348837209302326, 'recall': 0.79, 'f1': 0.7614457831325302, 'TP': 790, 'FP': 285, 'FN': 210}
