[iter 0] λ=0.5000 → flips=1038
[iter 1] λ=0.2500 → flips=0
[iter 2] λ=0.3750 → flips=262
[iter 3] λ=0.4375 → flips=751
[iter 4] λ=0.4688 → flips=912
[iter 5] λ=0.4844 → flips=961
[iter 6] λ=0.4922 → flips=994
[iter 7] λ=0.4961 → flips=1019
[iter 8] λ=0.4941 → flips=1006
[iter 9] λ=0.4932 → flips=1002
[iter 10] λ=0.4927 → flips=999
[iter 11] λ=0.4929 → flips=1002
[iter 12] λ=0.4928 → flips=1002
[iter 13] λ=0.4927 → flips=1002
[iter 14] λ=0.4927 → flips=1002
[iter 15] λ=0.4927 → flips=999
[iter 16] λ=0.4927 → flips=999
[iter 17] λ=0.4927 → flips=999
[iter 18] λ=0.4927 → flips=999
[iter 19] λ=0.4927 → flips=1002

Best λ=0.4927 → flips=999, correct=737/1000
Number of flips performed: 999
Metrics: {'precision': 0.7377377377377378, 'recall': 0.737, 'f1': 0.7373686843421711, 'TP': 737, 'FP': 262, 'FN': 263}
[Elbow detection] flip ≈ 3403, λ ≈ 0.7346938775510203
Number of flips performed (elbow): 3403
Elbow Metrics: {'precision': 0.28298560094034675, 'recall': 0.963, 'f1': 0.4374290256643198, 'TP': 963, 'FP': 2440, 'FN': 37}
