[iter 0] λ=0.5000 → flips=1059
[iter 1] λ=0.2500 → flips=0
[iter 2] λ=0.3750 → flips=262
[iter 3] λ=0.4375 → flips=795
[iter 4] λ=0.4688 → flips=921
[iter 5] λ=0.4844 → flips=988
[iter 6] λ=0.4922 → flips=1027
[iter 7] λ=0.4883 → flips=1010
[iter 8] λ=0.4863 → flips=998
[iter 9] λ=0.4873 → flips=1004
[iter 10] λ=0.4868 → flips=1004
[iter 11] λ=0.4866 → flips=998
[iter 12] λ=0.4867 → flips=1004
[iter 13] λ=0.4866 → flips=1004
[iter 14] λ=0.4866 → flips=1004
[iter 15] λ=0.4866 → flips=1004
[iter 16] λ=0.4866 → flips=998
[iter 17] λ=0.4866 → flips=998
[iter 18] λ=0.4866 → flips=998
[iter 19] λ=0.4866 → flips=1004

Best λ=0.4863 → flips=998, correct=783/1000
Number of flips performed: 998
Metrics: {'precision': 0.7845691382765531, 'recall': 0.783, 'f1': 0.7837837837837838, 'TP': 783, 'FP': 215, 'FN': 217}
[Elbow detection] flip ≈ 2467, λ ≈ 0.7142857142857142
Number of flips performed (elbow): 2467
Elbow Metrics: {'precision': 0.3903526550466153, 'recall': 0.963, 'f1': 0.5555235073550621, 'TP': 963, 'FP': 1504, 'FN': 37}
