[iter 0] λ=0.5000 → flips=43
[iter 1] λ=0.7500 → flips=427
[iter 2] λ=0.8750 → flips=830
[iter 3] λ=0.8125 → flips=735
[iter 4] λ=0.7812 → flips=525
[iter 5] λ=0.7656 → flips=458
[iter 6] λ=0.7734 → flips=510
[iter 7] λ=0.7695 → flips=458
[iter 8] λ=0.7715 → flips=485
[iter 9] λ=0.7725 → flips=507
[iter 10] λ=0.7720 → flips=507
[iter 11] λ=0.7717 → flips=485
[iter 12] λ=0.7719 → flips=507
[iter 13] λ=0.7718 → flips=485
[iter 14] λ=0.7718 → flips=507
[iter 15] λ=0.7718 → flips=507
[iter 16] λ=0.7718 → flips=485
[iter 17] λ=0.7718 → flips=507
[iter 18] λ=0.7718 → flips=507
[iter 19] λ=0.7718 → flips=485

Best λ=0.7725 → flips=507, correct=304/500
Number of flips performed: 507
Metrics: {'precision': 0.5996055226824457, 'recall': 0.608, 'f1': 0.6037735849056602, 'TP': 304, 'FP': 203, 'FN': 196}
[Elbow detection] flip ≈ 1262, λ ≈ 0.9591836734693877
Number of flips performed (elbow): 1262
Elbow Metrics: {'precision': 0.3763866877971474, 'recall': 0.95, 'f1': 0.5391600454029513, 'TP': 475, 'FP': 787, 'FN': 25}
