[iter 0] λ=0.5000 → flips=78
[iter 1] λ=0.7500 → flips=8432
[iter 2] λ=0.8750 → flips=17471
[iter 3] λ=0.8125 → flips=13279
[iter 4] λ=0.7812 → flips=10219
[iter 5] λ=0.7656 → flips=9097
[iter 6] λ=0.7734 → flips=9346
[iter 7] λ=0.7773 → flips=9966
[iter 8] λ=0.7793 → flips=10030
[iter 9] λ=0.7783 → flips=14687
[iter 10] λ=0.7778 → flips=10023
[iter 11] λ=0.7776 → flips=10223
[iter 12] λ=0.7775 → flips=10728
[iter 13] λ=0.7774 → flips=10158
[iter 14] λ=0.7774 → flips=9966
[iter 15] λ=0.7774 → flips=9966
[iter 16] λ=0.7774 → flips=10163
[iter 17] λ=0.7774 → flips=9966
[iter 18] λ=0.7774 → flips=10462
[iter 19] λ=0.7774 → flips=10028

Best λ=0.7778 → flips=10023, correct=8352/10000
Number of flips performed: 10023
Metrics: {'precision': 0.8332834480694403, 'recall': 0.8352, 'f1': 0.8342406232832243, 'TP': 8352, 'FP': 1671, 'FN': 1648}
[Elbow detection] flip ≈ 8730, λ ≈ 0.7551020408163265
Number of flips performed (elbow): 8730
Elbow Metrics: {'precision': 0.8783505154639175, 'recall': 0.7668, 'f1': 0.8187933796049119, 'TP': 7668, 'FP': 1062, 'FN': 2332}
