Matrix saved as ml_parsimony_matrices/seed141_ratio1.5516.png
Matrix saved as results/141/corrupt10/r010.6_r100.6/original_matrix.png
Matrix saved as results/141/corrupt10/r010.6_r100.6/corrupted.png
[iter 0] λ=0.5000 → flips=1
[iter 1] λ=0.7500 → flips=34
[iter 2] λ=0.6250 → flips=12
[iter 3] λ=0.5625 → flips=1
[iter 4] λ=0.5938 → flips=12
[iter 5] λ=0.5781 → flips=6
[iter 6] λ=0.5859 → flips=12
[iter 7] λ=0.5820 → flips=9
[iter 8] λ=0.5840 → flips=12
[iter 9] λ=0.5830 → flips=12
[iter 10] λ=0.5825 → flips=9
[iter 11] λ=0.5828 → flips=12
[iter 12] λ=0.5826 → flips=12
[iter 13] λ=0.5826 → flips=9
[iter 14] λ=0.5826 → flips=12
[iter 15] λ=0.5826 → flips=12
[iter 16] λ=0.5826 → flips=12
[iter 17] λ=0.5826 → flips=12
[iter 18] λ=0.5826 → flips=9
[iter 19] λ=0.5826 → flips=9

Best λ=0.5820 → flips=9, correct=2/10
Number of flips performed: 9
Cell (Hypanartia_lethe,Siparunaceae): 0 -> 1
Cell (Hypanartia_lethe,Potamogetonaceae): 0 -> 1
Cell (Hypanartia_lethe,Acoraceae): 0 -> 1
Cell (Hypanartia_bella,Aristolochiaceae): 0 -> 1
Cell (Hypanartia_bella,Smilacaceae): 0 -> 1
Cell (Hypanartia_bella,Salicaceae): 0 -> 1
Cell (Hypanartia_bella,Grossulariaceae): 0 -> 1
Cell (Vanessa_atalanta,Urticaceae): 0 -> 1
Cell (Antanartia_delius,Urticaceae): 0 -> 1
Matrix saved as results/141/corrupt10/r010.6_r100.6/flipped_matrix.png
Metrics: {'precision': 0.2222222222222222, 'recall': 0.2, 'f1': 0.2105263157894737, 'TP': 2, 'FP': 7, 'FN': 8}
[Elbow detection] λ ≈ 0.588 (cutoff=0.576)
Elbow Metrics: {'precision': 0.16666666666666666, 'recall': 0.2, 'f1': 0.1818181818181818, 'TP': 2, 'FP': 10, 'FN': 8}
