Matrix saved as results/9/corrupt800/r010.5_r100.4/original_matrix.svg
Matrix saved as results/9/corrupt800/r010.5_r100.4/corrupted.svg
[iter 0] λ=0.5000 → flips=349
[iter 1] λ=0.7500 → flips=1423
[iter 2] λ=0.6250 → flips=961
[iter 3] λ=0.5625 → flips=575
[iter 4] λ=0.5938 → flips=758
[iter 5] λ=0.6094 → flips=859
[iter 6] λ=0.6016 → flips=812
[iter 7] λ=0.5977 → flips=795
[iter 8] λ=0.5996 → flips=810
[iter 9] λ=0.5986 → flips=795
[iter 10] λ=0.5991 → flips=810
[iter 11] λ=0.5989 → flips=810
[iter 12] λ=0.5988 → flips=810
[iter 13] λ=0.5987 → flips=795
[iter 14] λ=0.5987 → flips=795
[iter 15] λ=0.5987 → flips=810
[iter 16] λ=0.5987 → flips=795
[iter 17] λ=0.5987 → flips=795
[iter 18] λ=0.5987 → flips=795
[iter 19] λ=0.5987 → flips=810

Best λ=0.5977 → flips=795, correct=589/800
Number of flips performed: 795
Matrix saved as results/9/corrupt800/r010.5_r100.4/flipped_matrix.svg
Metrics: {'precision': 0.740880503144654, 'recall': 0.73625, 'f1': 0.7385579937304075, 'TP': 589, 'FP': 206, 'FN': 211}
[Elbow detection] flip ≈ 1159, λ ≈ 0.673469387755102
Number of flips performed (elbow): 1159
Matrix saved as results/9/corrupt800/r010.5_r100.4/flipped_matrix_elbow.svg
Elbow Metrics: {'precision': 0.6220880069025022, 'recall': 0.90125, 'f1': 0.736089841755998, 'TP': 721, 'FP': 438, 'FN': 79}
