Matrix saved as results/119/corrupt800/r010.4_r100.5/original_matrix.svg
Matrix saved as results/119/corrupt800/r010.4_r100.5/corrupted.svg
[iter 0] λ=0.5000 → flips=43
[iter 1] λ=0.7500 → flips=807
[iter 2] λ=0.6250 → flips=148
[iter 3] λ=0.6875 → flips=423
[iter 4] λ=0.7188 → flips=593
[iter 5] λ=0.7344 → flips=698
[iter 6] λ=0.7422 → flips=747
[iter 7] λ=0.7461 → flips=775
[iter 8] λ=0.7480 → flips=786
[iter 9] λ=0.7490 → flips=807
[iter 10] λ=0.7485 → flips=786
[iter 11] λ=0.7488 → flips=804
[iter 12] λ=0.7487 → flips=786
[iter 13] λ=0.7487 → flips=804
[iter 14] λ=0.7487 → flips=786
[iter 15] λ=0.7487 → flips=804
[iter 16] λ=0.7487 → flips=786
[iter 17] λ=0.7487 → flips=786
[iter 18] λ=0.7487 → flips=786
[iter 19] λ=0.7487 → flips=786

Best λ=0.7488 → flips=804, correct=496/800
Number of flips performed: 804
Matrix saved as results/119/corrupt800/r010.4_r100.5/flipped_matrix.svg
Metrics: {'precision': 0.6169154228855721, 'recall': 0.62, 'f1': 0.6184538653366584, 'TP': 496, 'FP': 308, 'FN': 304}
[Elbow detection] flip ≈ 1743, λ ≈ 0.7959183673469387
Number of flips performed (elbow): 1743
Matrix saved as results/119/corrupt800/r010.4_r100.5/flipped_matrix_elbow.svg
Elbow Metrics: {'precision': 0.37865748709122204, 'recall': 0.825, 'f1': 0.5190719622493118, 'TP': 660, 'FP': 1083, 'FN': 140}
