Matrix saved as results/97/corrupt800/r010.3_r100.3/original_matrix.svg
Matrix saved as results/97/corrupt800/r010.3_r100.3/corrupted.svg
[iter 0] λ=0.5000 → flips=89
[iter 1] λ=0.7500 → flips=1460
[iter 2] λ=0.6250 → flips=333
[iter 3] λ=0.6875 → flips=646
[iter 4] λ=0.7188 → flips=909
[iter 5] λ=0.7031 → flips=811
[iter 6] λ=0.6953 → flips=711
[iter 7] λ=0.6992 → flips=794
[iter 8] λ=0.7012 → flips=809
[iter 9] λ=0.7002 → flips=794
[iter 10] λ=0.7007 → flips=796
[iter 11] λ=0.7009 → flips=807
[iter 12] λ=0.7008 → flips=796
[iter 13] λ=0.7009 → flips=796
[iter 14] λ=0.7009 → flips=807
[iter 15] λ=0.7009 → flips=796
[iter 16] λ=0.7009 → flips=807
[iter 17] λ=0.7009 → flips=796
[iter 18] λ=0.7009 → flips=796
[iter 19] λ=0.7009 → flips=807

Best λ=0.7007 → flips=796, correct=448/800
Number of flips performed: 796
Matrix saved as results/97/corrupt800/r010.3_r100.3/flipped_matrix.svg
Metrics: {'precision': 0.5628140703517588, 'recall': 0.56, 'f1': 0.5614035087719298, 'TP': 448, 'FP': 348, 'FN': 352}
[Elbow detection] flip ≈ 1152, λ ≈ 0.7346938775510203
Number of flips performed (elbow): 1152
Matrix saved as results/97/corrupt800/r010.3_r100.3/flipped_matrix_elbow.svg
Elbow Metrics: {'precision': 0.4600694444444444, 'recall': 0.6625, 'f1': 0.5430327868852459, 'TP': 530, 'FP': 622, 'FN': 270}
