[iter 0] λ=0.5000 → flips=439
[iter 1] λ=0.7500 → flips=1699
[iter 2] λ=0.6250 → flips=883
[iter 3] λ=0.6875 → flips=1250
[iter 4] λ=0.6562 → flips=1134
[iter 5] λ=0.6406 → flips=999
[iter 6] λ=0.6484 → flips=1030
[iter 7] λ=0.6445 → flips=1006
[iter 8] λ=0.6426 → flips=1006
[iter 9] λ=0.6416 → flips=999
[iter 10] λ=0.6421 → flips=999
[iter 11] λ=0.6423 → flips=1006
[iter 12] λ=0.6422 → flips=1006
[iter 13] λ=0.6422 → flips=999
[iter 14] λ=0.6422 → flips=999
[iter 15] λ=0.6422 → flips=999
[iter 16] λ=0.6422 → flips=1006
[iter 17] λ=0.6422 → flips=1006
[iter 18] λ=0.6422 → flips=999
[iter 19] λ=0.6422 → flips=999

Best λ=0.6406 → flips=999, correct=660/1000
Number of flips performed: 999
Metrics: {'precision': 0.6606606606606606, 'recall': 0.66, 'f1': 0.6603301650825413, 'TP': 660, 'FP': 339, 'FN': 340}
[Elbow detection] flip ≈ 3947, λ ≈ 0.8775510204081632
Number of flips performed (elbow): 3947
Elbow Metrics: {'precision': 0.24474284266531543, 'recall': 0.966, 'f1': 0.3905397210430564, 'TP': 966, 'FP': 2981, 'FN': 34}
