Matrix saved as results/31/corrupt500/r010.6_r100.6/original_matrix.svg
Matrix saved as results/31/corrupt500/r010.6_r100.6/corrupted.svg
[iter 0] λ=0.5000 → flips=78
[iter 1] λ=0.7500 → flips=1069
[iter 2] λ=0.6250 → flips=219
[iter 3] λ=0.6875 → flips=406
[iter 4] λ=0.7188 → flips=489
[iter 5] λ=0.7344 → flips=989
[iter 6] λ=0.7266 → flips=527
[iter 7] λ=0.7227 → flips=499
[iter 8] λ=0.7246 → flips=502
[iter 9] λ=0.7236 → flips=499
[iter 10] λ=0.7241 → flips=499
[iter 11] λ=0.7244 → flips=502
[iter 12] λ=0.7242 → flips=499
[iter 13] λ=0.7243 → flips=499
[iter 14] λ=0.7243 → flips=499
[iter 15] λ=0.7243 → flips=499
[iter 16] λ=0.7244 → flips=499
[iter 17] λ=0.7244 → flips=502
[iter 18] λ=0.7244 → flips=502
[iter 19] λ=0.7244 → flips=502

Best λ=0.7227 → flips=499, correct=261/500
Number of flips performed: 499
Matrix saved as results/31/corrupt500/r010.6_r100.6/flipped_matrix.svg
Metrics: {'precision': 0.5230460921843687, 'recall': 0.522, 'f1': 0.5225225225225225, 'TP': 261, 'FP': 238, 'FN': 239}
[Elbow detection] flip ≈ 1471, λ ≈ 0.7959183673469387
Number of flips performed (elbow): 1471
Matrix saved as results/31/corrupt500/r010.6_r100.6/flipped_matrix_elbow.svg
Elbow Metrics: {'precision': 0.29231815091774305, 'recall': 0.86, 'f1': 0.43632673769660074, 'TP': 430, 'FP': 1041, 'FN': 70}
