Matrix saved as results/141/corrupt100/r010.4_r100.3/original_matrix.svg
Matrix saved as results/141/corrupt100/r010.4_r100.3/corrupted.svg
[iter 0] λ=0.5000 → flips=127
[iter 1] λ=0.2500 → flips=0
[iter 2] λ=0.3750 → flips=0
[iter 3] λ=0.4375 → flips=25
[iter 4] λ=0.4688 → flips=41
[iter 5] λ=0.4844 → flips=76
[iter 6] λ=0.4922 → flips=95
[iter 7] λ=0.4961 → flips=126
[iter 8] λ=0.4941 → flips=104
[iter 9] λ=0.4932 → flips=99
[iter 10] λ=0.4937 → flips=101
[iter 11] λ=0.4934 → flips=100

Best λ=0.4934 → flips=100, correct=36/100
Number of flips performed: 100
Matrix saved as results/141/corrupt100/r010.4_r100.3/flipped_matrix.svg
Metrics: {'precision': 0.36, 'recall': 0.36, 'f1': 0.36, 'TP': 36, 'FP': 64, 'FN': 64}
[Elbow detection] flip ≈ 735, λ ≈ 0.673469387755102
Number of flips performed (elbow): 735
Matrix saved as results/141/corrupt100/r010.4_r100.3/flipped_matrix_elbow.svg
Elbow Metrics: {'precision': 0.11292517006802721, 'recall': 0.83, 'f1': 0.19880239520958085, 'TP': 83, 'FP': 652, 'FN': 17}
