[iter 0] λ=0.5000 → flips=2127
[iter 1] λ=0.7500 → flips=7100
[iter 2] λ=0.6250 → flips=4025
[iter 3] λ=0.6875 → flips=5519
[iter 4] λ=0.6562 → flips=4604
[iter 5] λ=0.6719 → flips=5072
[iter 6] λ=0.6641 → flips=4866
[iter 7] λ=0.6680 → flips=4949
[iter 8] λ=0.6699 → flips=4927
[iter 9] λ=0.6709 → flips=5034
[iter 10] λ=0.6704 → flips=4978
[iter 11] λ=0.6707 → flips=4982
[iter 12] λ=0.6708 → flips=5010
[iter 13] λ=0.6707 → flips=5010
[iter 14] λ=0.6707 → flips=4982
[iter 15] λ=0.6707 → flips=5010
[iter 16] λ=0.6707 → flips=5010
[iter 17] λ=0.6707 → flips=5010
[iter 18] λ=0.6707 → flips=4982
[iter 19] λ=0.6707 → flips=5010

Best λ=0.6708 → flips=5010, correct=4158/5000
Number of flips performed: 5010
Metrics: {'precision': 0.829940119760479, 'recall': 0.8316, 'f1': 0.8307692307692308, 'TP': 4158, 'FP': 852, 'FN': 842}
[Elbow detection] flip ≈ 5613, λ ≈ 0.6938775510204082
Number of flips performed (elbow): 5613
Elbow Metrics: {'precision': 0.7830037413148049, 'recall': 0.879, 'f1': 0.8282295298219164, 'TP': 4395, 'FP': 1218, 'FN': 605}
