Matrix saved as results/163/corrupt1000/r010.5_r100.6/original_matrix.svg
Matrix saved as results/163/corrupt1000/r010.5_r100.6/corrupted.svg
[iter 0] λ=0.5000 → flips=76
[iter 1] λ=0.7500 → flips=754
[iter 2] λ=0.8750 → flips=3676
[iter 3] λ=0.8125 → flips=2749
[iter 4] λ=0.7812 → flips=1096
[iter 5] λ=0.7656 → flips=915
[iter 6] λ=0.7734 → flips=983
[iter 7] λ=0.7773 → flips=1067
[iter 8] λ=0.7754 → flips=983
[iter 9] λ=0.7764 → flips=1065
[iter 10] λ=0.7759 → flips=1062
[iter 11] λ=0.7756 → flips=1201
[iter 12] λ=0.7755 → flips=1044
[iter 13] λ=0.7755 → flips=1025
[iter 14] λ=0.7754 → flips=1177
[iter 15] λ=0.7754 → flips=1177
[iter 16] λ=0.7754 → flips=983
[iter 17] λ=0.7754 → flips=1151
[iter 18] λ=0.7754 → flips=983
[iter 19] λ=0.7754 → flips=983

Best λ=0.7734 → flips=983, correct=620/1000
Number of flips performed: 983
Matrix saved as results/163/corrupt1000/r010.5_r100.6/flipped_matrix.svg
Metrics: {'precision': 0.6307222787385555, 'recall': 0.62, 'f1': 0.6253151790216843, 'TP': 620, 'FP': 363, 'FN': 380}
[Elbow detection] flip ≈ 1044, λ ≈ 0.7755102040816326
Number of flips performed (elbow): 1044
Matrix saved as results/163/corrupt1000/r010.5_r100.6/flipped_matrix_elbow.svg
Elbow Metrics: {'precision': 0.617816091954023, 'recall': 0.645, 'f1': 0.6311154598825832, 'TP': 645, 'FP': 399, 'FN': 355}
