Matrix saved as results/163/corrupt800/r010.7_r100.6/original_matrix.svg
Matrix saved as results/163/corrupt800/r010.7_r100.6/corrupted.svg
[iter 0] λ=0.5000 → flips=161
[iter 1] λ=0.7500 → flips=1618
[iter 2] λ=0.6250 → flips=502
[iter 3] λ=0.6875 → flips=1008
[iter 4] λ=0.6562 → flips=636
[iter 5] λ=0.6719 → flips=833
[iter 6] λ=0.6641 → flips=712
[iter 7] λ=0.6680 → flips=807
[iter 8] λ=0.6660 → flips=786
[iter 9] λ=0.6670 → flips=803
[iter 10] λ=0.6665 → flips=803
[iter 11] λ=0.6663 → flips=803
[iter 12] λ=0.6661 → flips=801
[iter 13] λ=0.6661 → flips=797
[iter 14] λ=0.6661 → flips=797
[iter 15] λ=0.6661 → flips=797
[iter 16] λ=0.6661 → flips=801
[iter 17] λ=0.6661 → flips=797
[iter 18] λ=0.6661 → flips=801
[iter 19] λ=0.6661 → flips=801

Best λ=0.6661 → flips=801, correct=538/800
Number of flips performed: 801
Matrix saved as results/163/corrupt800/r010.7_r100.6/flipped_matrix.svg
Metrics: {'precision': 0.6716604244694132, 'recall': 0.6725, 'f1': 0.6720799500312304, 'TP': 538, 'FP': 263, 'FN': 262}
[Elbow detection] flip ≈ 1044, λ ≈ 0.6938775510204082
Number of flips performed (elbow): 1044
Matrix saved as results/163/corrupt800/r010.7_r100.6/flipped_matrix_elbow.svg
Elbow Metrics: {'precision': 0.6044061302681992, 'recall': 0.78875, 'f1': 0.6843817787418655, 'TP': 631, 'FP': 413, 'FN': 169}
