Matrix saved as results/braga/86/b0_c0.5/original_matrix.png
Matrix saved as results/braga/86/b0_c0.5/corrupted.png
[iter 0] λ=0.5000 → flips=162
[iter 1] λ=0.2500 → flips=0
[iter 2] λ=0.3750 → flips=7
[iter 3] λ=0.4375 → flips=82
[iter 4] λ=0.4688 → flips=118
[iter 5] λ=0.4844 → flips=153
[iter 6] λ=0.4766 → flips=147
[iter 7] λ=0.4727 → flips=139
[iter 8] λ=0.4707 → flips=135
[iter 9] λ=0.4697 → flips=118
[iter 10] λ=0.4702 → flips=122
[iter 11] λ=0.4705 → flips=122
[iter 12] λ=0.4706 → flips=135
[iter 13] λ=0.4705 → flips=122
[iter 14] λ=0.4706 → flips=122
[iter 15] λ=0.4706 → flips=135
[iter 16] λ=0.4706 → flips=122
[iter 17] λ=0.4706 → flips=122
[iter 18] λ=0.4706 → flips=135
[iter 19] λ=0.4706 → flips=122

Best λ=0.4707 → flips=135, correct=91/134
Number of flips performed: 135
Cell (Hypanartia_lethe,Chloranthaceae): 0 -> 1
Cell (Hypanartia_lethe,Cannabaceae): 0 -> 1
Cell (Hypanartia_lethe,Urticaceae): 0 -> 1
Cell (Hypanartia_lethe,Betulaceae): 0 -> 1
Cell (Hypanartia_lethe,Salicaceae): 0 -> 1
Cell (Hypanartia_lethe,Grossulariaceae): 0 -> 1
Cell (Hypanartia_bella,Acoraceae): 0 -> 1
Cell (Hypanartia_bella,Ulmaceae): 0 -> 1
Cell (Hypanartia_bella,Cannabaceae): 0 -> 1
Cell (Vanessa_itea,Schisandraceae): 0 -> 1
Cell (Vanessa_itea,Aristolochiaceae): 0 -> 1
Cell (Vanessa_itea,Chloranthaceae): 0 -> 1
Cell (Vanessa_itea,Potamogetonaceae): 0 -> 1
Cell (Vanessa_itea,Ulmaceae): 0 -> 1
Cell (Vanessa_annabella,Amborellaceae): 0 -> 1
Cell (Vanessa_annabella,Siparunaceae): 0 -> 1
Cell (Vanessa_annabella,Smilacaceae): 0 -> 1
Cell (Vanessa_annabella,Acoraceae): 0 -> 1
Cell (Vanessa_annabella,Cannabaceae): 0 -> 1
Cell (Vanessa_annabella,Betulaceae): 0 -> 1
Cell (Vanessa_annabella,Salicaceae): 0 -> 1
Cell (Vanessa_annabella,Grossulariaceae): 0 -> 1
Cell (Vanessa_annabella,Plantaginaceae): 0 -> 1
Cell (Vanessa_hippomene,Siparunaceae): 0 -> 1
Cell (Vanessa_hippomene,Potamogetonaceae): 0 -> 1
Cell (Vanessa_hippomene,Acoraceae): 0 -> 1
Cell (Vanessa_hippomene,Urticaceae): 0 -> 1
Cell (Vanessa_hippomene,Betulaceae): 0 -> 1
Cell (Vanessa_dimorphica,Rhamnaceae): 0 -> 1
Cell (Vanessa_kershawi,Siparunaceae): 0 -> 1
Cell (Vanessa_kershawi,Smilacaceae): 0 -> 1
Cell (Vanessa_kershawi,Salicaceae): 0 -> 1
Cell (Vanessa_kershawi,Malvaceae): 0 -> 1
Cell (Vanessa_kershawi,Boraginaceae): 0 -> 1
Cell (Vanessa_cardui,Typhaceae): 0 -> 1
Cell (Vanessa_cardui,Potamogetonaceae): 0 -> 1
Cell (Vanessa_cardui,Boraginaceae): 0 -> 1
Cell (Vanessa_virginiensis,Acoraceae): 0 -> 1
Cell (Vanessa_virginiensis,Rosaceae): 0 -> 1
Cell (Vanessa_virginiensis,Salicaceae): 0 -> 1
Cell (Vanessa_abyssinica,Chloranthaceae): 0 -> 1
Cell (Vanessa_abyssinica,Rhamnaceae): 0 -> 1
Cell (Vanessa_abyssinica,Ulmaceae): 0 -> 1
Cell (Vanessa_abyssinica,Urticaceae): 0 -> 1
Cell (Vanessa_abyssinica,Ericaceae): 0 -> 1
Cell (Vanessa_atalanta,Siparunaceae): 0 -> 1
Cell (Vanessa_atalanta,Aristolochiaceae): 0 -> 1
Cell (Vanessa_atalanta,Potamogetonaceae): 0 -> 1
Cell (Vanessa_atalanta,Betulaceae): 0 -> 1
Cell (Vanessa_atalanta,Ericaceae): 0 -> 1
Cell (Vanessa_tameamea,Rosaceae): 0 -> 1
Cell (Vanessa_tameamea,Plantaginaceae): 0 -> 1
Cell (Vanessa_indica,Nymphaeaceae): 0 -> 1
Cell (Vanessa_indica,Aristolochiaceae): 0 -> 1
Cell (Vanessa_indica,Potamogetonaceae): 0 -> 1
Cell (Vanessa_indica,Rosaceae): 0 -> 1
Cell (Vanessa_indica,Cannabaceae): 0 -> 1
Cell (Vanessa_indica,Salicaceae): 0 -> 1
Cell (Vanessa_indica,Ericaceae): 0 -> 1
Cell (Antanartia_delius,Siparunaceae): 0 -> 1
Cell (Antanartia_delius,Aristolochiaceae): 0 -> 1
Cell (Antanartia_delius,Boraginaceae): 0 -> 1
Cell (Aglais_io,Schisandraceae): 0 -> 1
Cell (Aglais_io,Typhaceae): 0 -> 1
Cell (Aglais_io,Fabaceae): 0 -> 1
Cell (Aglais_io,Rosaceae): 0 -> 1
Cell (Aglais_io,Ulmaceae): 0 -> 1
Cell (Aglais_io,Betulaceae): 0 -> 1
Cell (Aglais_io,Salicaceae): 0 -> 1
Cell (Aglais_io,Ericaceae): 0 -> 1
Cell (Aglais_io,Asteraceae): 0 -> 1
Cell (Aglais_milberti,Smilacaceae): 0 -> 1
Cell (Aglais_milberti,Rosaceae): 0 -> 1
Cell (Aglais_milberti,Rhamnaceae): 0 -> 1
Cell (Aglais_milberti,Plantaginaceae): 0 -> 1
Cell (Aglais_urticae,Chloranthaceae): 0 -> 1
Cell (Aglais_urticae,Smilacaceae): 0 -> 1
Cell (Aglais_urticae,Rhamnaceae): 0 -> 1
Cell (Aglais_urticae,Ulmaceae): 0 -> 1
Cell (Aglais_urticae,Betulaceae): 0 -> 1
Cell (Aglais_urticae,Plantaginaceae): 0 -> 1
Cell (Aglais_urticae,Boraginaceae): 0 -> 1
Cell (Kaniska_canace,Nymphaeaceae): 0 -> 1
Cell (Kaniska_canace,Acoraceae): 0 -> 1
Cell (Kaniska_canace,Cannabaceae): 0 -> 1
Cell (Kaniska_canace,Urticaceae): 0 -> 1
Cell (Kaniska_canace,Betulaceae): 0 -> 1
Cell (Kaniska_canace,Malvaceae): 0 -> 1
Cell (Kaniska_canace,Ericaceae): 0 -> 1
Cell (Nymphalis_l_album,Acoraceae): 0 -> 1
Cell (Nymphalis_l_album,Rosaceae): 0 -> 1
Cell (Nymphalis_l_album,Urticaceae): 0 -> 1
Cell (Nymphalis_l_album,Malvaceae): 0 -> 1
Cell (Nymphalis_l_album,Ericaceae): 0 -> 1
Cell (Nymphalis_l_album,Plantaginaceae): 0 -> 1
Cell (Nymphalis_polychloros,Amborellaceae): 0 -> 1
Cell (Nymphalis_polychloros,Acoraceae): 0 -> 1
Cell (Nymphalis_polychloros,Rosaceae): 0 -> 1
Cell (Nymphalis_polychloros,Grossulariaceae): 0 -> 1
Cell (Nymphalis_californica,Potamogetonaceae): 0 -> 1
Cell (Nymphalis_californica,Acoraceae): 0 -> 1
Cell (Nymphalis_californica,Rosaceae): 0 -> 1
Cell (Nymphalis_xanthomelas,Urticaceae): 0 -> 1
Cell (Nymphalis_xanthomelas,Malvaceae): 0 -> 1
Cell (Nymphalis_antiopa,Siparunaceae): 0 -> 1
Cell (Nymphalis_antiopa,Cannabaceae): 0 -> 1
Cell (Polygonia_c_aureum,Aristolochiaceae): 0 -> 1
Cell (Polygonia_c_aureum,Fabaceae): 0 -> 1
Cell (Polygonia_c_aureum,Betulaceae): 0 -> 1
Cell (Polygonia_c_aureum,Malvaceae): 0 -> 1
Cell (Polygonia_c_aureum,Plantaginaceae): 0 -> 1
Cell (Polygonia_egea,Aristolochiaceae): 0 -> 1
Cell (Polygonia_egea,Chloranthaceae): 0 -> 1
Cell (Polygonia_egea,Betulaceae): 0 -> 1
Cell (Polygonia_egea,Salicaceae): 0 -> 1
Cell (Polygonia_egea,Malvaceae): 0 -> 1
Cell (Polygonia_egea,Plantaginaceae): 0 -> 1
Cell (Polygonia_faunus,Schisandraceae): 0 -> 1
Cell (Polygonia_faunus,Ceratophyllaceae): 0 -> 1
Cell (Polygonia_faunus,Fabaceae): 0 -> 1
Cell (Polygonia_faunus,Plantaginaceae): 0 -> 1
Cell (Polygonia_c_album,Smilacaceae): 0 -> 1
Cell (Polygonia_c_album,Fabaceae): 0 -> 1
Cell (Polygonia_c_album,Betulaceae): 0 -> 1
Cell (Polygonia_c_album,Plantaginaceae): 0 -> 1
Cell (Polygonia_satyrus,Chloranthaceae): 0 -> 1
Cell (Polygonia_satyrus,Ceratophyllaceae): 0 -> 1
Cell (Polygonia_satyrus,Salicaceae): 0 -> 1
Cell (Polygonia_satyrus,Plantaginaceae): 0 -> 1
Cell (Polygonia_interrogationis,Chloranthaceae): 0 -> 1
Cell (Polygonia_interrogationis,Ceratophyllaceae): 0 -> 1
Cell (Polygonia_interrogationis,Plantaginaceae): 0 -> 1
Cell (Polygonia_comma,Betulaceae): 0 -> 1
Cell (Polygonia_comma,Grossulariaceae): 0 -> 1
Cell (Polygonia_oreas,Betulaceae): 0 -> 1
Matrix saved as results/braga/86/b0_c0.5/flipped_matrix.png
Metrics: {'precision': 0.674074074074074, 'recall': 0.6791044776119403, 'f1': 0.6765799256505576, 'TP': 91, 'FP': 44, 'FN': 43}
[Elbow detection] λ ≈ 0.476 (cutoff=0.465)
Elbow Metrics: {'precision': 0.6666666666666666, 'recall': 0.7313432835820896, 'f1': 0.697508896797153, 'TP': 98, 'FP': 49, 'FN': 36}
