Matrix saved as ml_parsimony_matrices/seed130_ratio1.5677.png
Matrix saved as results/130/corrupt10/r010.3_r100.5/original_matrix.png
Matrix saved as results/130/corrupt10/r010.3_r100.5/corrupted.png
[iter 0] λ=0.5000 → flips=31
[iter 1] λ=0.2500 → flips=0
[iter 2] λ=0.3750 → flips=26
[iter 3] λ=0.3125 → flips=0
[iter 4] λ=0.3438 → flips=0
[iter 5] λ=0.3594 → flips=4
[iter 6] λ=0.3672 → flips=16
[iter 7] λ=0.3633 → flips=8
[iter 8] λ=0.3652 → flips=13
[iter 9] λ=0.3643 → flips=9
[iter 10] λ=0.3647 → flips=12
[iter 11] λ=0.3645 → flips=10

Best λ=0.3645 → flips=10, correct=4/10
Number of flips performed: 10
Cell (Vanessa_itea,Cannabaceae): 0 -> 1
Cell (Vanessa_hippomene,Typhaceae): 0 -> 1
Cell (Vanessa_dimorphica,Ericaceae): 0 -> 1
Cell (Aglais_io,Rosaceae): 0 -> 1
Cell (Aglais_io,Cannabaceae): 0 -> 1
Cell (Polygonia_c_aureum,Plantaginaceae): 0 -> 1
Cell (Polygonia_c_album,Urticaceae): 0 -> 1
Cell (Polygonia_c_album,Salicaceae): 0 -> 1
Cell (Polygonia_satyrus,Rhamnaceae): 0 -> 1
Cell (Polygonia_oreas,Urticaceae): 0 -> 1
Matrix saved as results/130/corrupt10/r010.3_r100.5/flipped_matrix.png
Metrics: {'precision': 0.4, 'recall': 0.4, 'f1': 0.4000000000000001, 'TP': 4, 'FP': 6, 'FN': 6}
[Elbow detection] λ ≈ 0.381 (cutoff=0.359)
Elbow Metrics: {'precision': 0.35714285714285715, 'recall': 1.0, 'f1': 0.5263157894736842, 'TP': 10, 'FP': 18, 'FN': 0}
