Matrix saved as ml_parsimony_matrices/seed152_ratio1.4475.png
Matrix saved as results/152/corrupt10/r010.6_r100.7/original_matrix.png
Matrix saved as results/152/corrupt10/r010.6_r100.7/corrupted.png
[iter 0] λ=0.5000 → flips=40
[iter 1] λ=0.2500 → flips=0
[iter 2] λ=0.3750 → flips=5
[iter 3] λ=0.4375 → flips=35
[iter 4] λ=0.4062 → flips=33
[iter 5] λ=0.3906 → flips=22
[iter 6] λ=0.3828 → flips=10

Best λ=0.3828 → flips=10, correct=6/10
Number of flips performed: 10
Cell (Vanessa_dimorphica,Malvaceae): 0 -> 1
Cell (Vanessa_kershawi,Rhamnaceae): 0 -> 1
Cell (Vanessa_atalanta,Urticaceae): 0 -> 1
Cell (Vanessa_tameamea,Cannabaceae): 0 -> 1
Cell (Aglais_urticae,Urticaceae): 0 -> 1
Cell (Polygonia_c_album,Salicaceae): 0 -> 1
Cell (Polygonia_c_album,Ericaceae): 0 -> 1
Cell (Polygonia_oreas,Acoraceae): 0 -> 1
Cell (Polygonia_zephyrus,Aristolochiaceae): 0 -> 1
Cell (Polygonia_gracilis,Asteraceae): 0 -> 1
Matrix saved as results/152/corrupt10/r010.6_r100.7/flipped_matrix.png
Metrics: {'precision': 0.6, 'recall': 0.6, 'f1': 0.6, 'TP': 6, 'FP': 4, 'FN': 4}
[Elbow detection] λ ≈ 0.399 (cutoff=0.377)
Elbow Metrics: {'precision': 0.3333333333333333, 'recall': 1.0, 'f1': 0.5, 'TP': 10, 'FP': 20, 'FN': 0}
