[iter 0] λ=0.5000 → flips=664
[iter 1] λ=0.2500 → flips=0
[iter 2] λ=0.3750 → flips=322
[iter 3] λ=0.4375 → flips=543
[iter 4] λ=0.4062 → flips=494
[iter 5] λ=0.4219 → flips=512
[iter 6] λ=0.4141 → flips=502
[iter 7] λ=0.4102 → flips=495
[iter 8] λ=0.4121 → flips=499
[iter 9] λ=0.4131 → flips=501
[iter 10] λ=0.4126 → flips=499
[iter 11] λ=0.4128 → flips=499
[iter 12] λ=0.4130 → flips=501
[iter 13] λ=0.4129 → flips=499
[iter 14] λ=0.4129 → flips=499
[iter 15] λ=0.4129 → flips=499
[iter 16] λ=0.4130 → flips=499
[iter 17] λ=0.4130 → flips=501
[iter 18] λ=0.4130 → flips=501
[iter 19] λ=0.4130 → flips=499

Best λ=0.4121 → flips=499, correct=439/500
Number of flips performed: 499
Metrics: {'precision': 0.8797595190380761, 'recall': 0.878, 'f1': 0.8788788788788789, 'TP': 439, 'FP': 60, 'FN': 61}
[Elbow detection] flip ≈ 1123, λ ≈ 0.6326530612244897
Number of flips performed (elbow): 1123
Elbow Metrics: {'precision': 0.44256455921638466, 'recall': 0.994, 'f1': 0.6124460874922982, 'TP': 497, 'FP': 626, 'FN': 3}
