Matrix saved as results/141/corrupt1000/r010.5_r100.3/original_matrix.svg
Matrix saved as results/141/corrupt1000/r010.5_r100.3/corrupted.svg
[iter 0] λ=0.5000 → flips=306
[iter 1] λ=0.7500 → flips=2232
[iter 2] λ=0.6250 → flips=942
[iter 3] λ=0.6875 → flips=1347
[iter 4] λ=0.6562 → flips=1101
[iter 5] λ=0.6406 → flips=1040
[iter 6] λ=0.6328 → flips=1007
[iter 7] λ=0.6289 → flips=960
[iter 8] λ=0.6309 → flips=979
[iter 9] λ=0.6318 → flips=985
[iter 10] λ=0.6323 → flips=1003
[iter 11] λ=0.6321 → flips=990
[iter 12] λ=0.6322 → flips=990
[iter 13] λ=0.6323 → flips=1003
[iter 14] λ=0.6322 → flips=1002
[iter 15] λ=0.6322 → flips=990
[iter 16] λ=0.6322 → flips=1002
[iter 17] λ=0.6322 → flips=990
[iter 18] λ=0.6322 → flips=990
[iter 19] λ=0.6322 → flips=1002

Best λ=0.6322 → flips=1002, correct=740/1000
Number of flips performed: 1002
Matrix saved as results/141/corrupt1000/r010.5_r100.3/flipped_matrix.svg
Metrics: {'precision': 0.7385229540918163, 'recall': 0.74, 'f1': 0.7392607392607393, 'TP': 740, 'FP': 262, 'FN': 260}
[Elbow detection] flip ≈ 1007, λ ≈ 0.6326530612244897
Number of flips performed (elbow): 1007
Matrix saved as results/141/corrupt1000/r010.5_r100.3/flipped_matrix_elbow.svg
Elbow Metrics: {'precision': 0.7378351539225422, 'recall': 0.743, 'f1': 0.7404085700049825, 'TP': 743, 'FP': 264, 'FN': 257}
