Matrix saved as results/20/corrupt800/r010.6_r100.6/original_matrix.svg
Matrix saved as results/20/corrupt800/r010.6_r100.6/corrupted.svg
[iter 0] λ=0.5000 → flips=58
[iter 1] λ=0.7500 → flips=985
[iter 2] λ=0.6250 → flips=250
[iter 3] λ=0.6875 → flips=607
[iter 4] λ=0.7188 → flips=744
[iter 5] λ=0.7344 → flips=879
[iter 6] λ=0.7266 → flips=812
[iter 7] λ=0.7227 → flips=789
[iter 8] λ=0.7246 → flips=790
[iter 9] λ=0.7256 → flips=790
[iter 10] λ=0.7261 → flips=795
[iter 11] λ=0.7263 → flips=795
[iter 12] λ=0.7264 → flips=795
[iter 13] λ=0.7265 → flips=795
[iter 14] λ=0.7265 → flips=812
[iter 15] λ=0.7265 → flips=812
[iter 16] λ=0.7265 → flips=812
[iter 17] λ=0.7265 → flips=795
[iter 18] λ=0.7265 → flips=795
[iter 19] λ=0.7265 → flips=812

Best λ=0.7261 → flips=795, correct=469/800
Number of flips performed: 795
Matrix saved as results/20/corrupt800/r010.6_r100.6/flipped_matrix.svg
Metrics: {'precision': 0.589937106918239, 'recall': 0.58625, 'f1': 0.5880877742946709, 'TP': 469, 'FP': 326, 'FN': 331}
[Elbow detection] flip ≈ 996, λ ≈ 0.7551020408163265
Number of flips performed (elbow): 996
Matrix saved as results/20/corrupt800/r010.6_r100.6/flipped_matrix_elbow.svg
Elbow Metrics: {'precision': 0.5291164658634538, 'recall': 0.65875, 'f1': 0.5868596881959912, 'TP': 527, 'FP': 469, 'FN': 273}
