Matrix saved as results/86/corrupt50/r010.5_r100.7/original_matrix.png
Matrix saved as results/86/corrupt50/r010.5_r100.7/corrupted.png
[iter 0] λ=0.5000 → flips=41
[iter 1] λ=0.7500 → flips=75
[iter 2] λ=0.6250 → flips=64
[iter 3] λ=0.5625 → flips=48
[iter 4] λ=0.5938 → flips=60
[iter 5] λ=0.5781 → flips=48
[iter 6] λ=0.5859 → flips=55
[iter 7] λ=0.5820 → flips=50

Best λ=0.5820 → flips=50, correct=31/50
Number of flips performed: 50
Cell (Nymphalis_polychloros,Rosaceae): 0 -> 1
Cell (Nymphalis_polychloros,Urticaceae): 0 -> 1
Cell (Nymphalis_polychloros,Boraginaceae): 0 -> 1
Cell (Nymphalis_californica,Amborellaceae): 0 -> 1
Cell (Nymphalis_californica,Schisandraceae): 0 -> 1
Cell (Nymphalis_californica,Chloranthaceae): 0 -> 1
Cell (Nymphalis_californica,Smilacaceae): 0 -> 1
Cell (Nymphalis_californica,Potamogetonaceae): 0 -> 1
Cell (Nymphalis_californica,Rosaceae): 0 -> 1
Cell (Nymphalis_californica,Urticaceae): 0 -> 1
Cell (Nymphalis_californica,Betulaceae): 0 -> 1
Cell (Nymphalis_californica,Asteraceae): 0 -> 1
Cell (Nymphalis_xanthomelas,Smilacaceae): 0 -> 1
Cell (Nymphalis_xanthomelas,Acoraceae): 0 -> 1
Cell (Nymphalis_xanthomelas,Rhamnaceae): 0 -> 1
Cell (Nymphalis_xanthomelas,Betulaceae): 0 -> 1
Cell (Nymphalis_antiopa,Nymphaeaceae): 0 -> 1
Cell (Nymphalis_antiopa,Siparunaceae): 0 -> 1
Cell (Nymphalis_antiopa,Chloranthaceae): 0 -> 1
Cell (Nymphalis_antiopa,Potamogetonaceae): 0 -> 1
Cell (Nymphalis_antiopa,Acoraceae): 0 -> 1
Cell (Nymphalis_antiopa,Rosaceae): 0 -> 1
Cell (Nymphalis_antiopa,Betulaceae): 0 -> 1
Cell (Nymphalis_antiopa,Salicaceae): 0 -> 1
Cell (Nymphalis_antiopa,Malvaceae): 0 -> 1
Cell (Nymphalis_antiopa,Grossulariaceae): 0 -> 1
Cell (Polygonia_oreas,Amborellaceae): 0 -> 1
Cell (Polygonia_oreas,Aristolochiaceae): 0 -> 1
Cell (Polygonia_oreas,Chloranthaceae): 0 -> 1
Cell (Polygonia_oreas,Smilacaceae): 0 -> 1
Cell (Polygonia_oreas,Ceratophyllaceae): 0 -> 1
Cell (Polygonia_oreas,Rosaceae): 0 -> 1
Cell (Polygonia_oreas,Rhamnaceae): 0 -> 1
Cell (Polygonia_oreas,Asteraceae): 0 -> 1
Cell (Polygonia_progne,Schisandraceae): 0 -> 1
Cell (Polygonia_progne,Potamogetonaceae): 0 -> 1
Cell (Polygonia_progne,Asteraceae): 0 -> 1
Cell (Polygonia_zephyrus,Nymphaeaceae): 0 -> 1
Cell (Polygonia_zephyrus,Typhaceae): 0 -> 1
Cell (Polygonia_zephyrus,Smilacaceae): 0 -> 1
Cell (Polygonia_zephyrus,Cannabaceae): 0 -> 1
Cell (Polygonia_zephyrus,Urticaceae): 0 -> 1
Cell (Polygonia_zephyrus,Malvaceae): 0 -> 1
Cell (Polygonia_zephyrus,Plantaginaceae): 0 -> 1
Cell (Polygonia_gracilis,Siparunaceae): 0 -> 1
Cell (Polygonia_gracilis,Aristolochiaceae): 0 -> 1
Cell (Polygonia_gracilis,Chloranthaceae): 0 -> 1
Cell (Polygonia_gracilis,Fabaceae): 0 -> 1
Cell (Polygonia_gracilis,Ulmaceae): 0 -> 1
Cell (Polygonia_gracilis,Cannabaceae): 0 -> 1
Matrix saved as results/86/corrupt50/r010.5_r100.7/flipped_matrix.png
Metrics: {'precision': 0.62, 'recall': 0.62, 'f1': 0.62, 'TP': 31, 'FP': 19, 'FN': 19}
[Elbow detection] flip ≈ 79, λ ≈ 0.8163265306122448
Number of flips performed (elbow): 79
Cell (Nymphalis_l_album,Amborellaceae): 0 -> 1
Cell (Nymphalis_l_album,Schisandraceae): 0 -> 1
Cell (Nymphalis_l_album,Siparunaceae): 0 -> 1
Cell (Nymphalis_l_album,Aristolochiaceae): 0 -> 1
Cell (Nymphalis_l_album,Typhaceae): 0 -> 1
Cell (Nymphalis_l_album,Potamogetonaceae): 0 -> 1
Cell (Nymphalis_l_album,Ceratophyllaceae): 0 -> 1
Cell (Nymphalis_l_album,Fabaceae): 0 -> 1
Cell (Nymphalis_l_album,Rhamnaceae): 0 -> 1
Cell (Nymphalis_l_album,Ulmaceae): 0 -> 1
Cell (Nymphalis_l_album,Cannabaceae): 0 -> 1
Cell (Nymphalis_l_album,Urticaceae): 0 -> 1
Cell (Nymphalis_l_album,Salicaceae): 0 -> 1
Cell (Nymphalis_l_album,Malvaceae): 0 -> 1
Cell (Nymphalis_l_album,Grossulariaceae): 0 -> 1
Cell (Nymphalis_l_album,Asteraceae): 0 -> 1
Cell (Nymphalis_polychloros,Typhaceae): 0 -> 1
Cell (Nymphalis_polychloros,Ceratophyllaceae): 0 -> 1
Cell (Nymphalis_polychloros,Rosaceae): 0 -> 1
Cell (Nymphalis_polychloros,Urticaceae): 0 -> 1
Cell (Nymphalis_polychloros,Salicaceae): 0 -> 1
Cell (Nymphalis_polychloros,Grossulariaceae): 0 -> 1
Cell (Nymphalis_polychloros,Boraginaceae): 0 -> 1
Cell (Nymphalis_californica,Amborellaceae): 0 -> 1
Cell (Nymphalis_californica,Schisandraceae): 0 -> 1
Cell (Nymphalis_californica,Aristolochiaceae): 0 -> 1
Cell (Nymphalis_californica,Chloranthaceae): 0 -> 1
Cell (Nymphalis_californica,Typhaceae): 0 -> 1
Cell (Nymphalis_californica,Smilacaceae): 0 -> 1
Cell (Nymphalis_californica,Potamogetonaceae): 0 -> 1
Cell (Nymphalis_californica,Rosaceae): 0 -> 1
Cell (Nymphalis_californica,Urticaceae): 0 -> 1
Cell (Nymphalis_californica,Betulaceae): 0 -> 1
Cell (Nymphalis_californica,Asteraceae): 0 -> 1
Cell (Nymphalis_xanthomelas,Aristolochiaceae): 0 -> 1
Cell (Nymphalis_xanthomelas,Smilacaceae): 0 -> 1
Cell (Nymphalis_xanthomelas,Acoraceae): 0 -> 1
Cell (Nymphalis_xanthomelas,Rhamnaceae): 0 -> 1
Cell (Nymphalis_xanthomelas,Betulaceae): 0 -> 1
Cell (Nymphalis_antiopa,Nymphaeaceae): 0 -> 1
Cell (Nymphalis_antiopa,Siparunaceae): 0 -> 1
Cell (Nymphalis_antiopa,Aristolochiaceae): 0 -> 1
Cell (Nymphalis_antiopa,Chloranthaceae): 0 -> 1
Cell (Nymphalis_antiopa,Potamogetonaceae): 0 -> 1
Cell (Nymphalis_antiopa,Acoraceae): 0 -> 1
Cell (Nymphalis_antiopa,Rosaceae): 0 -> 1
Cell (Nymphalis_antiopa,Betulaceae): 0 -> 1
Cell (Nymphalis_antiopa,Salicaceae): 0 -> 1
Cell (Nymphalis_antiopa,Malvaceae): 0 -> 1
Cell (Nymphalis_antiopa,Grossulariaceae): 0 -> 1
Cell (Polygonia_oreas,Amborellaceae): 0 -> 1
Cell (Polygonia_oreas,Aristolochiaceae): 0 -> 1
Cell (Polygonia_oreas,Chloranthaceae): 0 -> 1
Cell (Polygonia_oreas,Smilacaceae): 0 -> 1
Cell (Polygonia_oreas,Ceratophyllaceae): 0 -> 1
Cell (Polygonia_oreas,Rosaceae): 0 -> 1
Cell (Polygonia_oreas,Rhamnaceae): 0 -> 1
Cell (Polygonia_oreas,Salicaceae): 0 -> 1
Cell (Polygonia_oreas,Asteraceae): 0 -> 1
Cell (Polygonia_progne,Schisandraceae): 0 -> 1
Cell (Polygonia_progne,Potamogetonaceae): 0 -> 1
Cell (Polygonia_progne,Salicaceae): 0 -> 1
Cell (Polygonia_progne,Asteraceae): 0 -> 1
Cell (Polygonia_zephyrus,Nymphaeaceae): 0 -> 1
Cell (Polygonia_zephyrus,Typhaceae): 0 -> 1
Cell (Polygonia_zephyrus,Smilacaceae): 0 -> 1
Cell (Polygonia_zephyrus,Cannabaceae): 0 -> 1
Cell (Polygonia_zephyrus,Urticaceae): 0 -> 1
Cell (Polygonia_zephyrus,Malvaceae): 0 -> 1
Cell (Polygonia_zephyrus,Grossulariaceae): 0 -> 1
Cell (Polygonia_zephyrus,Plantaginaceae): 0 -> 1
Cell (Polygonia_gracilis,Siparunaceae): 0 -> 1
Cell (Polygonia_gracilis,Aristolochiaceae): 0 -> 1
Cell (Polygonia_gracilis,Chloranthaceae): 0 -> 1
Cell (Polygonia_gracilis,Fabaceae): 0 -> 1
Cell (Polygonia_gracilis,Ulmaceae): 0 -> 1
Cell (Polygonia_gracilis,Cannabaceae): 0 -> 1
Cell (Polygonia_gracilis,Salicaceae): 0 -> 1
Cell (Polygonia_gracilis,Grossulariaceae): 0 -> 1
Matrix saved as results/86/corrupt50/r010.5_r100.7/flipped_matrix_elbow.png
Elbow Metrics: {'precision': 0.5822784810126582, 'recall': 0.92, 'f1': 0.7131782945736436, 'TP': 46, 'FP': 33, 'FN': 4}
