[iter 0] λ=0.5000 → flips=768
[iter 1] λ=0.7500 → flips=5862
[iter 2] λ=0.6250 → flips=3075
[iter 3] λ=0.6875 → flips=4537
[iter 4] λ=0.7188 → flips=5160
[iter 5] λ=0.7031 → flips=4863
[iter 6] λ=0.7109 → flips=5033
[iter 7] λ=0.7070 → flips=4889
[iter 8] λ=0.7090 → flips=4991
[iter 9] λ=0.7100 → flips=4988
[iter 10] λ=0.7104 → flips=4988
[iter 11] λ=0.7107 → flips=5231
[iter 12] λ=0.7106 → flips=4988
[iter 13] λ=0.7106 → flips=5033
[iter 14] λ=0.7106 → flips=5033
[iter 15] λ=0.7106 → flips=4988
[iter 16] λ=0.7106 → flips=4988
[iter 17] λ=0.7106 → flips=5080
[iter 18] λ=0.7106 → flips=5009
[iter 19] λ=0.7106 → flips=4988

Best λ=0.7090 → flips=4991, correct=4110/5000
Number of flips performed: 4991
Metrics: {'precision': 0.8234822680825485, 'recall': 0.822, 'f1': 0.8227404664197777, 'TP': 4110, 'FP': 881, 'FN': 890}
[Elbow detection] flip ≈ 5950, λ ≈ 0.7551020408163265
Number of flips performed (elbow): 5950
Elbow Metrics: {'precision': 0.7521008403361344, 'recall': 0.895, 'f1': 0.817351598173516, 'TP': 4475, 'FP': 1475, 'FN': 525}
