Matrix saved as results/53/corrupt100/r010.6_r100.4/original_matrix.svg
Matrix saved as results/53/corrupt100/r010.6_r100.4/corrupted.svg
[iter 0] λ=0.5000 → flips=167
[iter 1] λ=0.2500 → flips=0
[iter 2] λ=0.3750 → flips=3
[iter 3] λ=0.4375 → flips=40
[iter 4] λ=0.4688 → flips=73
[iter 5] λ=0.4844 → flips=114
[iter 6] λ=0.4766 → flips=82
[iter 7] λ=0.4805 → flips=96
[iter 8] λ=0.4824 → flips=107
[iter 9] λ=0.4814 → flips=107
[iter 10] λ=0.4810 → flips=106
[iter 11] λ=0.4807 → flips=102
[iter 12] λ=0.4806 → flips=102
[iter 13] λ=0.4805 → flips=99
[iter 14] λ=0.4806 → flips=102
[iter 15] λ=0.4805 → flips=102
[iter 16] λ=0.4805 → flips=102
[iter 17] λ=0.4805 → flips=102
[iter 18] λ=0.4805 → flips=101
[iter 19] λ=0.4805 → flips=99

Best λ=0.4805 → flips=99, correct=42/100
Number of flips performed: 99
Matrix saved as results/53/corrupt100/r010.6_r100.4/flipped_matrix.svg
Metrics: {'precision': 0.42424242424242425, 'recall': 0.42, 'f1': 0.42211055276381915, 'TP': 42, 'FP': 57, 'FN': 58}
[Elbow detection] flip ≈ 657, λ ≈ 0.673469387755102
Number of flips performed (elbow): 657
Matrix saved as results/53/corrupt100/r010.6_r100.4/flipped_matrix_elbow.svg
Elbow Metrics: {'precision': 0.1354642313546423, 'recall': 0.89, 'f1': 0.23513870541611626, 'TP': 89, 'FP': 568, 'FN': 11}
