Matrix saved as ml_parsimony_matrices/seed130_ratio1.5631.png
Matrix saved as results/130/corrupt10/r010.6_r100.6/original_matrix.png
Matrix saved as results/130/corrupt10/r010.6_r100.6/corrupted.png
[iter 0] λ=0.5000 → flips=29
[iter 1] λ=0.2500 → flips=0
[iter 2] λ=0.3750 → flips=6
[iter 3] λ=0.4375 → flips=29
[iter 4] λ=0.4062 → flips=28
[iter 5] λ=0.3906 → flips=21
[iter 6] λ=0.3828 → flips=14
[iter 7] λ=0.3789 → flips=8
[iter 8] λ=0.3809 → flips=12
[iter 9] λ=0.3799 → flips=10

Best λ=0.3799 → flips=10, correct=5/10
Number of flips performed: 10
Cell (Vanessa_dimorphica,Ericaceae): 0 -> 1
Cell (Vanessa_atalanta,Salicaceae): 0 -> 1
Cell (Aglais_io,Cannabaceae): 0 -> 1
Cell (Polygonia_c_album,Chloranthaceae): 0 -> 1
Cell (Polygonia_c_album,Urticaceae): 0 -> 1
Cell (Polygonia_c_album,Ericaceae): 0 -> 1
Cell (Polygonia_satyrus,Rhamnaceae): 0 -> 1
Cell (Polygonia_satyrus,Urticaceae): 0 -> 1
Cell (Polygonia_oreas,Aristolochiaceae): 0 -> 1
Cell (Polygonia_zephyrus,Betulaceae): 0 -> 1
Matrix saved as results/130/corrupt10/r010.6_r100.6/flipped_matrix.png
Metrics: {'precision': 0.5, 'recall': 0.5, 'f1': 0.5, 'TP': 5, 'FP': 5, 'FN': 5}
[Elbow detection] λ ≈ 0.397 (cutoff=0.374)
Elbow Metrics: {'precision': 0.375, 'recall': 0.9, 'f1': 0.5294117647058825, 'TP': 9, 'FP': 15, 'FN': 1}
