Matrix saved as ml_parsimony_matrices/seed141_ratio1.5352.png
Matrix saved as results/141/corrupt100/r010.7_r100.7/original_matrix.png
Matrix saved as results/141/corrupt100/r010.7_r100.7/corrupted.png
[iter 0] λ=0.5000 → flips=0
[iter 1] λ=0.7500 → flips=0
[iter 2] λ=0.8750 → flips=0
[iter 3] λ=0.9375 → flips=0
[iter 4] λ=0.9688 → flips=831
[iter 5] λ=0.9531 → flips=0
[iter 6] λ=0.9609 → flips=0
[iter 7] λ=0.9648 → flips=0
[iter 8] λ=0.9668 → flips=831
[iter 9] λ=0.9658 → flips=0
[iter 10] λ=0.9663 → flips=831
[iter 11] λ=0.9661 → flips=0
[iter 12] λ=0.9662 → flips=0
[iter 13] λ=0.9662 → flips=0
[iter 14] λ=0.9663 → flips=831
[iter 15] λ=0.9663 → flips=831
[iter 16] λ=0.9663 → flips=0
[iter 17] λ=0.9663 → flips=0
[iter 18] λ=0.9663 → flips=831
[iter 19] λ=0.9663 → flips=0

Best λ=0.5000 → flips=0, correct=0/100
Number of flips performed: 0
Matrix saved as results/141/corrupt100/r010.7_r100.7/flipped_matrix.png
Metrics: {'precision': 0, 'recall': 0.0, 'f1': 0, 'TP': 0, 'FP': 0, 'FN': 100}
[Elbow detection] λ ≈ 0.539 (cutoff=0.539)
Elbow Metrics: {'precision': 0, 'recall': 0.0, 'f1': 0, 'TP': 0, 'FP': 0, 'FN': 100}
