[iter 0] λ=0.5000 → flips=1635
[iter 1] λ=0.7500 → flips=3482
[iter 2] λ=0.6250 → flips=2344
[iter 3] λ=0.5625 → flips=2067
[iter 4] λ=0.5312 → flips=1907
[iter 5] λ=0.5469 → flips=1993
[iter 6] λ=0.5547 → flips=2045
[iter 7] λ=0.5508 → flips=2016
[iter 8] λ=0.5488 → flips=2002
[iter 9] λ=0.5479 → flips=1996
[iter 10] λ=0.5483 → flips=1996
[iter 11] λ=0.5486 → flips=2002
[iter 12] λ=0.5485 → flips=1996
[iter 13] λ=0.5485 → flips=1999
[iter 14] λ=0.5486 → flips=1996
[iter 15] λ=0.5486 → flips=2002
[iter 16] λ=0.5486 → flips=1999
[iter 17] λ=0.5486 → flips=2002
[iter 18] λ=0.5486 → flips=1996
[iter 19] λ=0.5486 → flips=1996

Best λ=0.5485 → flips=1999, correct=1640/2000
Number of flips performed: 1999
Metrics: {'precision': 0.8204102051025512, 'recall': 0.82, 'f1': 0.8202050512628157, 'TP': 1640, 'FP': 359, 'FN': 360}
[Elbow detection] flip ≈ 3572, λ ≈ 0.7346938775510203
Number of flips performed (elbow): 3572
Elbow Metrics: {'precision': 0.5327547592385219, 'recall': 0.9515, 'f1': 0.6830581478822686, 'TP': 1903, 'FP': 1669, 'FN': 97}
