Matrix saved as results/130/corrupt500/r010.6_r100.3/original_matrix.svg
Matrix saved as results/130/corrupt500/r010.6_r100.3/corrupted.svg
[iter 0] λ=0.5000 → flips=349
[iter 1] λ=0.7500 → flips=1731
[iter 2] λ=0.6250 → flips=1031
[iter 3] λ=0.5625 → flips=646
[iter 4] λ=0.5312 → flips=426
[iter 5] λ=0.5469 → flips=501
[iter 6] λ=0.5391 → flips=448
[iter 7] λ=0.5430 → flips=466
[iter 8] λ=0.5449 → flips=474
[iter 9] λ=0.5459 → flips=498
[iter 10] λ=0.5464 → flips=501
[iter 11] λ=0.5461 → flips=501
[iter 12] λ=0.5460 → flips=501
[iter 13] λ=0.5460 → flips=498
[iter 14] λ=0.5460 → flips=498
[iter 15] λ=0.5460 → flips=498
[iter 16] λ=0.5460 → flips=501
[iter 17] λ=0.5460 → flips=498
[iter 18] λ=0.5460 → flips=498
[iter 19] λ=0.5460 → flips=498

Best λ=0.5469 → flips=501, correct=355/500
Number of flips performed: 501
Matrix saved as results/130/corrupt500/r010.6_r100.3/flipped_matrix.svg
Metrics: {'precision': 0.7085828343313373, 'recall': 0.71, 'f1': 0.7092907092907093, 'TP': 355, 'FP': 146, 'FN': 145}
[Elbow detection] flip ≈ 579, λ ≈ 0.5510204081632653
Number of flips performed (elbow): 579
Matrix saved as results/130/corrupt500/r010.6_r100.3/flipped_matrix_elbow.svg
Elbow Metrics: {'precision': 0.6286701208981001, 'recall': 0.728, 'f1': 0.6746987951807228, 'TP': 364, 'FP': 215, 'FN': 136}
