[iter 0] λ=0.5000 → flips=1457
[iter 1] λ=0.7500 → flips=5912
[iter 2] λ=0.6250 → flips=4168
[iter 3] λ=0.6875 → flips=4777
[iter 4] λ=0.7188 → flips=5152
[iter 5] λ=0.7031 → flips=4897
[iter 6] λ=0.7109 → flips=4979
[iter 7] λ=0.7148 → flips=5118
[iter 8] λ=0.7129 → flips=5031
[iter 9] λ=0.7119 → flips=5021
[iter 10] λ=0.7114 → flips=4979
[iter 11] λ=0.7117 → flips=5011
[iter 12] λ=0.7115 → flips=5013
[iter 13] λ=0.7115 → flips=4979
[iter 14] λ=0.7115 → flips=5011
[iter 15] λ=0.7115 → flips=5013
[iter 16] λ=0.7115 → flips=5011
[iter 17] λ=0.7115 → flips=4979
[iter 18] λ=0.7115 → flips=5011
[iter 19] λ=0.7115 → flips=5011

Best λ=0.7117 → flips=5011, correct=4306/5000
Number of flips performed: 5011
Metrics: {'precision': 0.8593095190580723, 'recall': 0.8612, 'f1': 0.8602537209070024, 'TP': 4306, 'FP': 705, 'FN': 694}
[Elbow detection] flip ≈ 5564, λ ≈ 0.7346938775510203
Number of flips performed (elbow): 5564
Elbow Metrics: {'precision': 0.8003235082674335, 'recall': 0.8906, 'f1': 0.8430518742900416, 'TP': 4453, 'FP': 1111, 'FN': 547}
