Matrix saved as results/9/corrupt500/r010.7_r100.4/original_matrix.svg
Matrix saved as results/9/corrupt500/r010.7_r100.4/corrupted.svg
[iter 0] λ=0.5000 → flips=418
[iter 1] λ=0.7500 → flips=1114
[iter 2] λ=0.6250 → flips=793
[iter 3] λ=0.5625 → flips=583
[iter 4] λ=0.5312 → flips=492
[iter 5] λ=0.5469 → flips=513
[iter 6] λ=0.5391 → flips=501
[iter 7] λ=0.5352 → flips=492
[iter 8] λ=0.5371 → flips=495
[iter 9] λ=0.5381 → flips=497
[iter 10] λ=0.5386 → flips=499
[iter 11] λ=0.5388 → flips=499
[iter 12] λ=0.5389 → flips=501
[iter 13] λ=0.5389 → flips=499
[iter 14] λ=0.5389 → flips=501
[iter 15] λ=0.5389 → flips=499
[iter 16] λ=0.5389 → flips=499
[iter 17] λ=0.5389 → flips=501
[iter 18] λ=0.5389 → flips=501
[iter 19] λ=0.5389 → flips=501

Best λ=0.5391 → flips=501, correct=356/500
Number of flips performed: 501
Matrix saved as results/9/corrupt500/r010.7_r100.4/flipped_matrix.svg
Metrics: {'precision': 0.7105788423153693, 'recall': 0.712, 'f1': 0.7112887112887113, 'TP': 356, 'FP': 145, 'FN': 144}
[Elbow detection] flip ≈ 762, λ ≈ 0.6122448979591836
Number of flips performed (elbow): 762
Matrix saved as results/9/corrupt500/r010.7_r100.4/flipped_matrix_elbow.svg
Elbow Metrics: {'precision': 0.5800524934383202, 'recall': 0.884, 'f1': 0.7004754358161649, 'TP': 442, 'FP': 320, 'FN': 58}
