[iter 0] λ=0.5000 → flips=1091
[iter 1] λ=0.7500 → flips=3062
[iter 2] λ=0.6250 → flips=1834
[iter 3] λ=0.6875 → flips=2377
[iter 4] λ=0.6562 → flips=2110
[iter 5] λ=0.6406 → flips=1942
[iter 6] λ=0.6484 → flips=2032
[iter 7] λ=0.6445 → flips=1979
[iter 8] λ=0.6465 → flips=2016
[iter 9] λ=0.6455 → flips=1995
[iter 10] λ=0.6460 → flips=2009
[iter 11] λ=0.6458 → flips=1999
[iter 12] λ=0.6459 → flips=2012
[iter 13] λ=0.6458 → flips=2006
[iter 14] λ=0.6458 → flips=2003
[iter 15] λ=0.6458 → flips=2005
[iter 16] λ=0.6458 → flips=1999
[iter 17] λ=0.6458 → flips=2005
[iter 18] λ=0.6458 → flips=2005
[iter 19] λ=0.6458 → flips=2001

Best λ=0.6458 → flips=1999, correct=1573/2000
Number of flips performed: 1999
Metrics: {'precision': 0.7868934467233617, 'recall': 0.7865, 'f1': 0.786696674168542, 'TP': 1573, 'FP': 426, 'FN': 427}
[Elbow detection] flip ≈ 4979, λ ≈ 0.8163265306122448
Number of flips performed (elbow): 4979
Elbow Metrics: {'precision': 0.3807993573006628, 'recall': 0.948, 'f1': 0.5433443186702965, 'TP': 1896, 'FP': 3083, 'FN': 104}
