Matrix saved as results/97/corrupt800/r010.4_r100.7/original_matrix.svg
Matrix saved as results/97/corrupt800/r010.4_r100.7/corrupted.svg
[iter 0] λ=0.5000 → flips=11
[iter 1] λ=0.7500 → flips=251
[iter 2] λ=0.8750 → flips=3991
[iter 3] λ=0.8125 → flips=399
[iter 4] λ=0.8438 → flips=1210
[iter 5] λ=0.8281 → flips=923
[iter 6] λ=0.8203 → flips=697
[iter 7] λ=0.8242 → flips=739
[iter 8] λ=0.8262 → flips=739
[iter 9] λ=0.8271 → flips=741
[iter 10] λ=0.8276 → flips=921
[iter 11] λ=0.8274 → flips=799
[iter 12] λ=0.8275 → flips=799
[iter 13] λ=0.8276 → flips=921
[iter 14] λ=0.8275 → flips=921
[iter 15] λ=0.8275 → flips=921
[iter 16] λ=0.8275 → flips=799
[iter 17] λ=0.8275 → flips=799
[iter 18] λ=0.8275 → flips=799
[iter 19] λ=0.8275 → flips=799

Best λ=0.8274 → flips=799, correct=344/800
Number of flips performed: 799
Matrix saved as results/97/corrupt800/r010.4_r100.7/flipped_matrix.svg
Metrics: {'precision': 0.4305381727158949, 'recall': 0.43, 'f1': 0.43026891807379614, 'TP': 344, 'FP': 455, 'FN': 456}
[Elbow detection] flip ≈ 943, λ ≈ 0.836734693877551
Number of flips performed (elbow): 943
Matrix saved as results/97/corrupt800/r010.4_r100.7/flipped_matrix_elbow.svg
Elbow Metrics: {'precision': 0.43160127253446445, 'recall': 0.50875, 'f1': 0.4670109007458405, 'TP': 407, 'FP': 536, 'FN': 393}
