[iter 0] λ=0.5000 → flips=4352
[iter 1] λ=0.7500 → flips=7907
[iter 2] λ=0.6250 → flips=6097
[iter 3] λ=0.5625 → flips=5713
[iter 4] λ=0.5312 → flips=5140
[iter 5] λ=0.5156 → flips=4714
[iter 6] λ=0.5234 → flips=4971
[iter 7] λ=0.5273 → flips=5084
[iter 8] λ=0.5254 → flips=5051
[iter 9] λ=0.5244 → flips=5074
[iter 10] λ=0.5239 → flips=4985
[iter 11] λ=0.5242 → flips=4995
[iter 12] λ=0.5243 → flips=4996
[iter 13] λ=0.5244 → flips=4996
[iter 14] λ=0.5244 → flips=4996
[iter 15] λ=0.5244 → flips=4996
[iter 16] λ=0.5244 → flips=4996
[iter 17] λ=0.5244 → flips=4996
[iter 18] λ=0.5244 → flips=4996
[iter 19] λ=0.5244 → flips=5000

Best λ=0.5244 → flips=5000, correct=4287/5000
Number of flips performed: 5000
Metrics: {'precision': 0.8574, 'recall': 0.8574, 'f1': 0.8574, 'TP': 4287, 'FP': 713, 'FN': 713}
[Elbow detection] flip ≈ 5766, λ ≈ 0.5714285714285714
Number of flips performed (elbow): 5766
Elbow Metrics: {'precision': 0.8066250433576136, 'recall': 0.9302, 'f1': 0.8640163477614714, 'TP': 4651, 'FP': 1115, 'FN': 349}
