Matrix saved as results/108/corrupt500/r010.4_r100.3/original_matrix.svg
Matrix saved as results/108/corrupt500/r010.4_r100.3/corrupted.svg
[iter 0] λ=0.5000 → flips=210
[iter 1] λ=0.7500 → flips=1233
[iter 2] λ=0.6250 → flips=443
[iter 3] λ=0.6875 → flips=759
[iter 4] λ=0.6562 → flips=623
[iter 5] λ=0.6406 → flips=487
[iter 6] λ=0.6484 → flips=565
[iter 7] λ=0.6445 → flips=535
[iter 8] λ=0.6426 → flips=493
[iter 9] λ=0.6436 → flips=533
[iter 10] λ=0.6431 → flips=528
[iter 11] λ=0.6428 → flips=528
[iter 12] λ=0.6427 → flips=493
[iter 13] λ=0.6428 → flips=493
[iter 14] λ=0.6428 → flips=493
[iter 15] λ=0.6428 → flips=493
[iter 16] λ=0.6428 → flips=528
[iter 17] λ=0.6428 → flips=528
[iter 18] λ=0.6428 → flips=493
[iter 19] λ=0.6428 → flips=528

Best λ=0.6426 → flips=493, correct=325/500
Number of flips performed: 493
Matrix saved as results/108/corrupt500/r010.4_r100.3/flipped_matrix.svg
Metrics: {'precision': 0.6592292089249493, 'recall': 0.65, 'f1': 0.6545820745216515, 'TP': 325, 'FP': 168, 'FN': 175}
[Elbow detection] flip ≈ 934, λ ≈ 0.7142857142857142
Number of flips performed (elbow): 934
Matrix saved as results/108/corrupt500/r010.4_r100.3/flipped_matrix_elbow.svg
Elbow Metrics: {'precision': 0.4282655246252677, 'recall': 0.8, 'f1': 0.5578800557880057, 'TP': 400, 'FP': 534, 'FN': 100}
