Matrix saved as results/141/corrupt800/r010.7_r100.5/original_matrix.svg
Matrix saved as results/141/corrupt800/r010.7_r100.5/corrupted.svg
[iter 0] λ=0.5000 → flips=231
[iter 1] λ=0.7500 → flips=2184
[iter 2] λ=0.6250 → flips=696
[iter 3] λ=0.6875 → flips=1123
[iter 4] λ=0.6562 → flips=914
[iter 5] λ=0.6406 → flips=849
[iter 6] λ=0.6328 → flips=750
[iter 7] λ=0.6367 → flips=777
[iter 8] λ=0.6387 → flips=780
[iter 9] λ=0.6396 → flips=846
[iter 10] λ=0.6392 → flips=838
[iter 11] λ=0.6389 → flips=838
[iter 12] λ=0.6388 → flips=838
[iter 13] λ=0.6387 → flips=780
[iter 14] λ=0.6388 → flips=780
[iter 15] λ=0.6388 → flips=780
[iter 16] λ=0.6388 → flips=780
[iter 17] λ=0.6388 → flips=780
[iter 18] λ=0.6388 → flips=838
[iter 19] λ=0.6388 → flips=780

Best λ=0.6387 → flips=780, correct=565/800
Number of flips performed: 780
Matrix saved as results/141/corrupt800/r010.7_r100.5/flipped_matrix.svg
Metrics: {'precision': 0.7243589743589743, 'recall': 0.70625, 'f1': 0.7151898734177217, 'TP': 565, 'FP': 215, 'FN': 235}
[Elbow detection] flip ≈ 1074, λ ≈ 0.673469387755102
Number of flips performed (elbow): 1074
Matrix saved as results/141/corrupt800/r010.7_r100.5/flipped_matrix_elbow.svg
Elbow Metrics: {'precision': 0.6024208566108007, 'recall': 0.80875, 'f1': 0.6905016008537886, 'TP': 647, 'FP': 427, 'FN': 153}
