Matrix saved as results/97/corrupt1000/r010.6_r100.5/original_matrix.svg
Matrix saved as results/97/corrupt1000/r010.6_r100.5/corrupted.svg
[iter 0] λ=0.5000 → flips=73
[iter 1] λ=0.7500 → flips=1399
[iter 2] λ=0.6250 → flips=306
[iter 3] λ=0.6875 → flips=650
[iter 4] λ=0.7188 → flips=1160
[iter 5] λ=0.7031 → flips=829
[iter 6] λ=0.7109 → flips=862
[iter 7] λ=0.7148 → flips=865
[iter 8] λ=0.7168 → flips=899
[iter 9] λ=0.7178 → flips=1160
[iter 10] λ=0.7173 → flips=914
[iter 11] λ=0.7175 → flips=914
[iter 12] λ=0.7177 → flips=925
[iter 13] λ=0.7177 → flips=1160
[iter 14] λ=0.7177 → flips=925
[iter 15] λ=0.7177 → flips=1160
[iter 16] λ=0.7177 → flips=925
[iter 17] λ=0.7177 → flips=925
[iter 18] λ=0.7177 → flips=925
[iter 19] λ=0.7177 → flips=1160

Best λ=0.7177 → flips=925, correct=595/1000
Number of flips performed: 925
Matrix saved as results/97/corrupt1000/r010.6_r100.5/flipped_matrix.svg
Metrics: {'precision': 0.6432432432432432, 'recall': 0.595, 'f1': 0.6181818181818182, 'TP': 595, 'FP': 330, 'FN': 405}
[Elbow detection] flip ≈ 1262, λ ≈ 0.7346938775510203
Number of flips performed (elbow): 1262
Matrix saved as results/97/corrupt1000/r010.6_r100.5/flipped_matrix_elbow.svg
Elbow Metrics: {'precision': 0.5578446909667195, 'recall': 0.704, 'f1': 0.6224580017683466, 'TP': 704, 'FP': 558, 'FN': 296}
