[iter 0] λ=0.5000 → flips=1221
[iter 1] λ=0.7500 → flips=3217
[iter 2] λ=0.6250 → flips=2004
[iter 3] λ=0.5625 → flips=1635
[iter 4] λ=0.5938 → flips=1860
[iter 5] λ=0.6094 → flips=1919
[iter 6] λ=0.6172 → flips=1945
[iter 7] λ=0.6211 → flips=1981
[iter 8] λ=0.6230 → flips=1993
[iter 9] λ=0.6240 → flips=1999
[iter 10] λ=0.6245 → flips=2005
[iter 11] λ=0.6243 → flips=1998
[iter 12] λ=0.6244 → flips=1998
[iter 13] λ=0.6245 → flips=1998
[iter 14] λ=0.6245 → flips=1998
[iter 15] λ=0.6245 → flips=1998
[iter 16] λ=0.6245 → flips=1998
[iter 17] λ=0.6245 → flips=1999
[iter 18] λ=0.6245 → flips=2000

Best λ=0.6245 → flips=2000, correct=1526/2000
Number of flips performed: 2000
Metrics: {'precision': 0.763, 'recall': 0.763, 'f1': 0.763, 'TP': 1526, 'FP': 474, 'FN': 474}
[Elbow detection] flip ≈ 2985, λ ≈ 0.7346938775510203
Number of flips performed (elbow): 2985
Elbow Metrics: {'precision': 0.5976549413735344, 'recall': 0.892, 'f1': 0.7157472417251755, 'TP': 1784, 'FP': 1201, 'FN': 216}
