Matrix saved as results/86/corrupt800/r010.5_r100.5/original_matrix.svg
Matrix saved as results/86/corrupt800/r010.5_r100.5/corrupted.svg
[iter 0] λ=0.5000 → flips=148
[iter 1] λ=0.7500 → flips=1131
[iter 2] λ=0.6250 → flips=546
[iter 3] λ=0.6875 → flips=842
[iter 4] λ=0.6562 → flips=634
[iter 5] λ=0.6719 → flips=737
[iter 6] λ=0.6797 → flips=795
[iter 7] λ=0.6836 → flips=834
[iter 8] λ=0.6816 → flips=824
[iter 9] λ=0.6807 → flips=797
[iter 10] λ=0.6812 → flips=821
[iter 11] λ=0.6809 → flips=821
[iter 12] λ=0.6808 → flips=797
[iter 13] λ=0.6808 → flips=821
[iter 14] λ=0.6808 → flips=797
[iter 15] λ=0.6808 → flips=804
[iter 16] λ=0.6808 → flips=797
[iter 17] λ=0.6808 → flips=804
[iter 18] λ=0.6808 → flips=804
[iter 19] λ=0.6808 → flips=797

Best λ=0.6807 → flips=797, correct=554/800
Number of flips performed: 797
Matrix saved as results/86/corrupt800/r010.5_r100.5/flipped_matrix.svg
Metrics: {'precision': 0.6951066499372648, 'recall': 0.6925, 'f1': 0.6938008766437069, 'TP': 554, 'FP': 243, 'FN': 246}
[Elbow detection] flip ≈ 1059, λ ≈ 0.7346938775510203
Number of flips performed (elbow): 1059
Matrix saved as results/86/corrupt800/r010.5_r100.5/flipped_matrix_elbow.svg
Elbow Metrics: {'precision': 0.5864022662889519, 'recall': 0.77625, 'f1': 0.6681011296395911, 'TP': 621, 'FP': 438, 'FN': 179}
