Matrix saved as results/20/corrupt500/r010.5_r100.4/original_matrix.svg
Matrix saved as results/20/corrupt500/r010.5_r100.4/corrupted.svg
[iter 0] λ=0.5000 → flips=185
[iter 1] λ=0.7500 → flips=1430
[iter 2] λ=0.6250 → flips=438
[iter 3] λ=0.6875 → flips=742
[iter 4] λ=0.6562 → flips=594
[iter 5] λ=0.6406 → flips=514
[iter 6] λ=0.6328 → flips=489
[iter 7] λ=0.6367 → flips=499
[iter 8] λ=0.6387 → flips=501
[iter 9] λ=0.6377 → flips=499
[iter 10] λ=0.6382 → flips=499
[iter 11] λ=0.6384 → flips=500

Best λ=0.6384 → flips=500, correct=324/500
Number of flips performed: 500
Matrix saved as results/20/corrupt500/r010.5_r100.4/flipped_matrix.svg
Metrics: {'precision': 0.648, 'recall': 0.648, 'f1': 0.648, 'TP': 324, 'FP': 176, 'FN': 176}
[Elbow detection] flip ≈ 787, λ ≈ 0.6938775510204082
Number of flips performed (elbow): 787
Matrix saved as results/20/corrupt500/r010.5_r100.4/flipped_matrix_elbow.svg
Elbow Metrics: {'precision': 0.49428208386277, 'recall': 0.778, 'f1': 0.6045066045066045, 'TP': 389, 'FP': 398, 'FN': 111}
