[iter 0] λ=0.5000 → flips=69
[iter 1] λ=0.7500 → flips=6535
[iter 2] λ=0.8750 → flips=18049
[iter 3] λ=0.8125 → flips=10721
[iter 4] λ=0.7812 → flips=9701
[iter 5] λ=0.7969 → flips=9891
[iter 6] λ=0.8047 → flips=10549
[iter 7] λ=0.8008 → flips=10326
[iter 8] λ=0.7988 → flips=10251
[iter 9] λ=0.7979 → flips=9891
[iter 10] λ=0.7983 → flips=10007
[iter 11] λ=0.7981 → flips=9946
[iter 12] λ=0.7982 → flips=9891
[iter 13] λ=0.7983 → flips=9891
[iter 14] λ=0.7983 → flips=9891
[iter 15] λ=0.7983 → flips=9891
[iter 16] λ=0.7983 → flips=9891
[iter 17] λ=0.7983 → flips=9891
[iter 18] λ=0.7983 → flips=9891
[iter 19] λ=0.7983 → flips=9891

Best λ=0.7983 → flips=10007, correct=7557/10000
Number of flips performed: 10007
Metrics: {'precision': 0.7551713800339762, 'recall': 0.7557, 'f1': 0.7554355975408608, 'TP': 7557, 'FP': 2450, 'FN': 2443}
[Elbow detection] flip ≈ 9888, λ ≈ 0.7959183673469387
Number of flips performed (elbow): 9888
Elbow Metrics: {'precision': 0.7555622977346278, 'recall': 0.7471, 'f1': 0.7513073209975866, 'TP': 7471, 'FP': 2417, 'FN': 2529}
