Matrix saved as ml_parsimony_matrices/seed130_ratio1.5231.png
Matrix saved as results/130/corrupt10/r010.7_r100.7/original_matrix.png
Matrix saved as results/130/corrupt10/r010.7_r100.7/corrupted.png
[iter 0] λ=0.5000 → flips=35
[iter 1] λ=0.2500 → flips=0
[iter 2] λ=0.3750 → flips=4
[iter 3] λ=0.4375 → flips=35
[iter 4] λ=0.4062 → flips=26
[iter 5] λ=0.3906 → flips=19
[iter 6] λ=0.3828 → flips=8
[iter 7] λ=0.3867 → flips=15
[iter 8] λ=0.3848 → flips=12
[iter 9] λ=0.3838 → flips=9
[iter 10] λ=0.3843 → flips=12
[iter 11] λ=0.3840 → flips=11
[iter 12] λ=0.3839 → flips=10

Best λ=0.3839 → flips=10, correct=5/10
Number of flips performed: 10
Cell (Vanessa_hippomene,Betulaceae): 0 -> 1
Cell (Vanessa_dimorphica,Ericaceae): 0 -> 1
Cell (Aglais_io,Cannabaceae): 0 -> 1
Cell (Polygonia_c_aureum,Cannabaceae): 0 -> 1
Cell (Polygonia_c_album,Ceratophyllaceae): 0 -> 1
Cell (Polygonia_c_album,Urticaceae): 0 -> 1
Cell (Polygonia_satyrus,Rhamnaceae): 0 -> 1
Cell (Polygonia_satyrus,Ericaceae): 0 -> 1
Cell (Polygonia_oreas,Acoraceae): 0 -> 1
Cell (Polygonia_zephyrus,Asteraceae): 0 -> 1
Matrix saved as results/130/corrupt10/r010.7_r100.7/flipped_matrix.png
Metrics: {'precision': 0.5, 'recall': 0.5, 'f1': 0.5, 'TP': 5, 'FP': 5, 'FN': 5}
[Elbow detection] λ ≈ 0.401 (cutoff=0.378)
Elbow Metrics: {'precision': 0.34615384615384615, 'recall': 0.9, 'f1': 0.5, 'TP': 9, 'FP': 17, 'FN': 1}
