[iter 0] λ=0.5000 → flips=1031
[iter 1] λ=0.2500 → flips=0
[iter 2] λ=0.3750 → flips=214
[iter 3] λ=0.4375 → flips=732
[iter 4] λ=0.4688 → flips=886
[iter 5] λ=0.4844 → flips=960
[iter 6] λ=0.4922 → flips=978
[iter 7] λ=0.4961 → flips=995
[iter 8] λ=0.4980 → flips=1007
[iter 9] λ=0.4971 → flips=1001
[iter 10] λ=0.4966 → flips=999
[iter 11] λ=0.4968 → flips=1001
[iter 12] λ=0.4967 → flips=999
[iter 13] λ=0.4968 → flips=1001
[iter 14] λ=0.4967 → flips=1001
[iter 15] λ=0.4967 → flips=999
[iter 16] λ=0.4967 → flips=1001
[iter 17] λ=0.4967 → flips=1001
[iter 18] λ=0.4967 → flips=999
[iter 19] λ=0.4967 → flips=999

Best λ=0.4971 → flips=1001, correct=780/1000
Number of flips performed: 1001
Metrics: {'precision': 0.7792207792207793, 'recall': 0.78, 'f1': 0.7796101949025488, 'TP': 780, 'FP': 221, 'FN': 220}
[Elbow detection] flip ≈ 0, λ ≈ 0.0
Number of flips performed (elbow): 0
Elbow Metrics: {'precision': 0, 'recall': 0.0, 'f1': 0, 'TP': 0, 'FP': 0, 'FN': 1000}
