[iter 0] λ=0.5000 → flips=1145
[iter 1] λ=0.7500 → flips=2729
[iter 2] λ=0.6250 → flips=1860
[iter 3] λ=0.6875 → flips=2247
[iter 4] λ=0.6562 → flips=2063
[iter 5] λ=0.6406 → flips=1947
[iter 6] λ=0.6484 → flips=2032
[iter 7] λ=0.6445 → flips=1988
[iter 8] λ=0.6465 → flips=2005
[iter 9] λ=0.6455 → flips=1998
[iter 10] λ=0.6460 → flips=2003
[iter 11] λ=0.6458 → flips=2002
[iter 12] λ=0.6456 → flips=1999
[iter 13] λ=0.6457 → flips=1999
[iter 14] λ=0.6457 → flips=2002
[iter 15] λ=0.6457 → flips=1999
[iter 16] λ=0.6457 → flips=2001
[iter 17] λ=0.6457 → flips=1999
[iter 18] λ=0.6457 → flips=1999
[iter 19] λ=0.6457 → flips=2002

Best λ=0.6456 → flips=1999, correct=1568/2000
Number of flips performed: 1999
Metrics: {'precision': 0.784392196098049, 'recall': 0.784, 'f1': 0.784196049012253, 'TP': 1568, 'FP': 431, 'FN': 432}
[Elbow detection] flip ≈ 3566, λ ≈ 0.7959183673469387
Number of flips performed (elbow): 3566
Elbow Metrics: {'precision': 0.50701065619742, 'recall': 0.904, 'f1': 0.6496586417535034, 'TP': 1808, 'FP': 1758, 'FN': 192}
