Matrix saved as results/163/corrupt1000/r010.5_r100.4/original_matrix.svg
Matrix saved as results/163/corrupt1000/r010.5_r100.4/corrupted.svg
[iter 0] λ=0.5000 → flips=149
[iter 1] λ=0.7500 → flips=1818
[iter 2] λ=0.6250 → flips=522
[iter 3] λ=0.6875 → flips=1038
[iter 4] λ=0.6562 → flips=681
[iter 5] λ=0.6719 → flips=880
[iter 6] λ=0.6797 → flips=946
[iter 7] λ=0.6836 → flips=1002
[iter 8] λ=0.6816 → flips=970
[iter 9] λ=0.6826 → flips=996
[iter 10] λ=0.6831 → flips=1002
[iter 11] λ=0.6829 → flips=1001
[iter 12] λ=0.6827 → flips=1001
[iter 13] λ=0.6827 → flips=996
[iter 14] λ=0.6827 → flips=996
[iter 15] λ=0.6827 → flips=1001
[iter 16] λ=0.6827 → flips=1001
[iter 17] λ=0.6827 → flips=1001
[iter 18] λ=0.6827 → flips=1001
[iter 19] λ=0.6827 → flips=996

Best λ=0.6829 → flips=1001, correct=687/1000
Number of flips performed: 1001
Matrix saved as results/163/corrupt1000/r010.5_r100.4/flipped_matrix.svg
Metrics: {'precision': 0.6863136863136863, 'recall': 0.687, 'f1': 0.6866566716641679, 'TP': 687, 'FP': 314, 'FN': 313}
[Elbow detection] flip ≈ 1091, λ ≈ 0.6938775510204082
Number of flips performed (elbow): 1091
Matrix saved as results/163/corrupt1000/r010.5_r100.4/flipped_matrix_elbow.svg
Elbow Metrics: {'precision': 0.6691109074243813, 'recall': 0.73, 'f1': 0.6982305117168819, 'TP': 730, 'FP': 361, 'FN': 270}
