Matrix saved as ml_parsimony_matrices/seed64_ratio1.2060.png
Matrix saved as results/64/corrupt10/r010.4_r100.7/original_matrix.png
Matrix saved as results/64/corrupt10/r010.4_r100.7/corrupted.png
[iter 0] λ=0.5000 → flips=111
[iter 1] λ=0.2500 → flips=0
[iter 2] λ=0.3750 → flips=34
[iter 3] λ=0.3125 → flips=0
[iter 4] λ=0.3438 → flips=0
[iter 5] λ=0.3594 → flips=5
[iter 6] λ=0.3672 → flips=13
[iter 7] λ=0.3633 → flips=8
[iter 8] λ=0.3652 → flips=10

Best λ=0.3652 → flips=10, correct=0/10
Number of flips performed: 10
Cell (Aglais_io,Urticaceae): 0 -> 1
Cell (Aglais_milberti,Cannabaceae): 0 -> 1
Cell (Aglais_urticae,Ulmaceae): 0 -> 1
Cell (Nymphalis_xanthomelas,Cannabaceae): 0 -> 1
Cell (Polygonia_faunus,Rosaceae): 0 -> 1
Cell (Polygonia_interrogationis,Cannabaceae): 0 -> 1
Cell (Polygonia_comma,Rhamnaceae): 0 -> 1
Cell (Polygonia_progne,Ulmaceae): 0 -> 1
Cell (Polygonia_progne,Urticaceae): 0 -> 1
Cell (Polygonia_gracilis,Urticaceae): 0 -> 1
Matrix saved as results/64/corrupt10/r010.4_r100.7/flipped_matrix.png
Metrics: {'precision': 0.0, 'recall': 0.0, 'f1': 0, 'TP': 0, 'FP': 10, 'FN': 10}
[Elbow detection] λ ≈ 0.382 (cutoff=0.371)
Elbow Metrics: {'precision': 0.1276595744680851, 'recall': 0.6, 'f1': 0.21052631578947367, 'TP': 6, 'FP': 41, 'FN': 4}
