[iter 0] λ=0.5000 → flips=1489
[iter 1] λ=0.7500 → flips=3313
[iter 2] λ=0.6250 → flips=2331
[iter 3] λ=0.5625 → flips=2062
[iter 4] λ=0.5312 → flips=1767
[iter 5] λ=0.5469 → flips=1889
[iter 6] λ=0.5547 → flips=1920
[iter 7] λ=0.5586 → flips=2018
[iter 8] λ=0.5566 → flips=1974
[iter 9] λ=0.5576 → flips=1995
[iter 10] λ=0.5581 → flips=2010
[iter 11] λ=0.5579 → flips=2006
[iter 12] λ=0.5577 → flips=1995
[iter 13] λ=0.5578 → flips=1995
[iter 14] λ=0.5578 → flips=2006
[iter 15] λ=0.5578 → flips=1995
[iter 16] λ=0.5578 → flips=1995
[iter 17] λ=0.5578 → flips=1995
[iter 18] λ=0.5578 → flips=1995
[iter 19] λ=0.5578 → flips=1995

Best λ=0.5576 → flips=1995, correct=1514/2000
Number of flips performed: 1995
Metrics: {'precision': 0.7588972431077694, 'recall': 0.757, 'f1': 0.7579474342928662, 'TP': 1514, 'FP': 481, 'FN': 486}
[Elbow detection] flip ≈ 3182, λ ≈ 0.7346938775510203
Number of flips performed (elbow): 3182
Elbow Metrics: {'precision': 0.57950974230044, 'recall': 0.922, 'f1': 0.7116943265148591, 'TP': 1844, 'FP': 1338, 'FN': 156}
