Matrix saved as results/75/corrupt10/r010.6_r100.3/original_matrix.png
Matrix saved as results/75/corrupt10/r010.6_r100.3/corrupted.png
[iter 0] λ=0.5000 → flips=24
[iter 1] λ=0.2500 → flips=0
[iter 2] λ=0.3750 → flips=22
[iter 3] λ=0.3125 → flips=0
[iter 4] λ=0.3438 → flips=0
[iter 5] λ=0.3594 → flips=0
[iter 6] λ=0.3672 → flips=14
[iter 7] λ=0.3633 → flips=6
[iter 8] λ=0.3652 → flips=10

Best λ=0.3652 → flips=10, correct=1/10
Number of flips performed: 10
Cell (Hypanartia_bella,Boraginaceae): 0 -> 1
Cell (Vanessa_virginiensis,Rhamnaceae): 0 -> 1
Cell (Vanessa_abyssinica,Boraginaceae): 0 -> 1
Cell (Vanessa_atalanta,Boraginaceae): 0 -> 1
Cell (Vanessa_tameamea,Plantaginaceae): 0 -> 1
Cell (Aglais_milberti,Ericaceae): 0 -> 1
Cell (Kaniska_canace,Plantaginaceae): 0 -> 1
Cell (Nymphalis_l_album,Boraginaceae): 0 -> 1
Cell (Nymphalis_xanthomelas,Rosaceae): 0 -> 1
Cell (Polygonia_c_aureum,Plantaginaceae): 0 -> 1
Matrix saved as results/75/corrupt10/r010.6_r100.3/flipped_matrix.png
Metrics: {'precision': 0.1, 'recall': 0.1, 'f1': 0.10000000000000002, 'TP': 1, 'FP': 9, 'FN': 9}
[Elbow detection] flip ≈ None, λ ≈ 1.0
Number of flips performed (elbow): 24
Cell (Hypanartia_bella,Betulaceae): 0 -> 1
Cell (Hypanartia_bella,Salicaceae): 0 -> 1
Cell (Hypanartia_bella,Grossulariaceae): 0 -> 1
Cell (Hypanartia_bella,Boraginaceae): 0 -> 1
Cell (Vanessa_virginiensis,Rhamnaceae): 0 -> 1
Cell (Vanessa_abyssinica,Boraginaceae): 0 -> 1
Cell (Vanessa_atalanta,Boraginaceae): 0 -> 1
Cell (Vanessa_tameamea,Plantaginaceae): 0 -> 1
Cell (Aglais_milberti,Ericaceae): 0 -> 1
Cell (Kaniska_canace,Plantaginaceae): 0 -> 1
Cell (Nymphalis_l_album,Typhaceae): 0 -> 1
Cell (Nymphalis_l_album,Grossulariaceae): 0 -> 1
Cell (Nymphalis_l_album,Boraginaceae): 0 -> 1
Cell (Nymphalis_polychloros,Amborellaceae): 0 -> 1
Cell (Nymphalis_polychloros,Ericaceae): 0 -> 1
Cell (Nymphalis_xanthomelas,Rosaceae): 0 -> 1
Cell (Polygonia_c_aureum,Plantaginaceae): 0 -> 1
Cell (Polygonia_egea,Ceratophyllaceae): 0 -> 1
Cell (Polygonia_egea,Plantaginaceae): 0 -> 1
Cell (Polygonia_egea,Boraginaceae): 0 -> 1
Cell (Polygonia_interrogationis,Amborellaceae): 0 -> 1
Cell (Polygonia_interrogationis,Siparunaceae): 0 -> 1
Cell (Polygonia_oreas,Ceratophyllaceae): 0 -> 1
Cell (Polygonia_zephyrus,Amborellaceae): 0 -> 1
Matrix saved as results/75/corrupt10/r010.6_r100.3/flipped_matrix_elbow.png
Elbow Metrics: {'precision': 0.4166666666666667, 'recall': 1.0, 'f1': 0.5882352941176471, 'TP': 10, 'FP': 14, 'FN': 0}
