[iter 0] λ=0.5000 → flips=931
[iter 1] λ=0.7500 → flips=2154
[iter 2] λ=0.6250 → flips=1666
[iter 3] λ=0.5625 → flips=1371
[iter 4] λ=0.5312 → flips=1115
[iter 5] λ=0.5156 → flips=995
[iter 6] λ=0.5234 → flips=1071
[iter 7] λ=0.5195 → flips=1027
[iter 8] λ=0.5176 → flips=1001
[iter 9] λ=0.5166 → flips=996
[iter 10] λ=0.5171 → flips=996
[iter 11] λ=0.5173 → flips=1001
[iter 12] λ=0.5172 → flips=1001
[iter 13] λ=0.5172 → flips=996
[iter 14] λ=0.5172 → flips=996
[iter 15] λ=0.5172 → flips=1001
[iter 16] λ=0.5172 → flips=996
[iter 17] λ=0.5172 → flips=996
[iter 18] λ=0.5172 → flips=1001
[iter 19] λ=0.5172 → flips=1001

Best λ=0.5176 → flips=1001, correct=772/1000
Number of flips performed: 1001
Metrics: {'precision': 0.7712287712287712, 'recall': 0.772, 'f1': 0.7716141929035484, 'TP': 772, 'FP': 229, 'FN': 228}
[Elbow detection] flip ≈ 2329, λ ≈ 0.7959183673469387
Number of flips performed (elbow): 2329
Elbow Metrics: {'precision': 0.399313009875483, 'recall': 0.93, 'f1': 0.5587263442475218, 'TP': 930, 'FP': 1399, 'FN': 70}
