[iter 0] λ=0.5000 → flips=4341
[iter 1] λ=0.7500 → flips=7319
[iter 2] λ=0.6250 → flips=5238
[iter 3] λ=0.5625 → flips=4914
[iter 4] λ=0.5938 → flips=5053
[iter 5] λ=0.5781 → flips=5006
[iter 6] λ=0.5703 → flips=4940
[iter 7] λ=0.5742 → flips=4995
[iter 8] λ=0.5762 → flips=5006
[iter 9] λ=0.5752 → flips=5006
[iter 10] λ=0.5747 → flips=5005
[iter 11] λ=0.5745 → flips=5005
[iter 12] λ=0.5743 → flips=5005
[iter 13] λ=0.5743 → flips=5005
[iter 14] λ=0.5742 → flips=4995
[iter 15] λ=0.5743 → flips=4995
[iter 16] λ=0.5743 → flips=4995
[iter 17] λ=0.5743 → flips=4995
[iter 18] λ=0.5743 → flips=4995
[iter 19] λ=0.5743 → flips=4995

Best λ=0.5742 → flips=4995, correct=4728/5000
Number of flips performed: 4995
Metrics: {'precision': 0.9465465465465466, 'recall': 0.9456, 'f1': 0.9460730365182591, 'TP': 4728, 'FP': 267, 'FN': 272}
[Elbow detection] flip ≈ 4697, λ ≈ 0.5306122448979591
Number of flips performed (elbow): 4697
Elbow Metrics: {'precision': 0.9672131147540983, 'recall': 0.9086, 'f1': 0.9369908219036815, 'TP': 4543, 'FP': 154, 'FN': 457}
