Matrix saved as ml_parsimony_matrices/seed75_ratio2.8239.png
Matrix saved as results/75/corrupt10/r010.7_r100.3/original_matrix.png
Matrix saved as results/75/corrupt10/r010.7_r100.3/corrupted.png
[iter 0] λ=0.5000 → flips=14
[iter 1] λ=0.2500 → flips=0
[iter 2] λ=0.3750 → flips=14
[iter 3] λ=0.3125 → flips=0
[iter 4] λ=0.3438 → flips=0
[iter 5] λ=0.3594 → flips=2
[iter 6] λ=0.3672 → flips=6
[iter 7] λ=0.3711 → flips=11
[iter 8] λ=0.3691 → flips=9
[iter 9] λ=0.3701 → flips=11
[iter 10] λ=0.3696 → flips=10

Best λ=0.3696 → flips=10, correct=8/10
Number of flips performed: 10
Cell (Hypanartia_bella,Betulaceae): 0 -> 1
Cell (Vanessa_virginiensis,Rhamnaceae): 0 -> 1
Cell (Nymphalis_l_album,Ulmaceae): 0 -> 1
Cell (Nymphalis_l_album,Salicaceae): 0 -> 1
Cell (Nymphalis_polychloros,Ericaceae): 0 -> 1
Cell (Nymphalis_xanthomelas,Chloranthaceae): 0 -> 1
Cell (Polygonia_satyrus,Cannabaceae): 0 -> 1
Cell (Polygonia_satyrus,Salicaceae): 0 -> 1
Cell (Polygonia_oreas,Amborellaceae): 0 -> 1
Cell (Polygonia_progne,Cannabaceae): 0 -> 1
Matrix saved as results/75/corrupt10/r010.7_r100.3/flipped_matrix.png
Metrics: {'precision': 0.8, 'recall': 0.8, 'f1': 0.8000000000000002, 'TP': 8, 'FP': 2, 'FN': 2}
[Elbow detection] λ ≈ 0.375 (cutoff=0.364)
Elbow Metrics: {'precision': 0.7142857142857143, 'recall': 1.0, 'f1': 0.8333333333333333, 'TP': 10, 'FP': 4, 'FN': 0}
