Matrix saved as results/31/corrupt1000/r010.3_r100.5/original_matrix.svg
Matrix saved as results/31/corrupt1000/r010.3_r100.5/corrupted.svg
[iter 0] λ=0.5000 → flips=0
[iter 1] λ=0.7500 → flips=0
[iter 2] λ=0.8750 → flips=0
[iter 3] λ=0.9375 → flips=0
[iter 4] λ=0.9688 → flips=0
[iter 5] λ=0.9844 → flips=0
[iter 6] λ=0.9922 → flips=0
[iter 7] λ=0.9961 → flips=0
[iter 8] λ=0.9980 → flips=0
[iter 9] λ=0.9990 → flips=0
[iter 10] λ=0.9995 → flips=0
[iter 11] λ=0.9998 → flips=5037
[iter 12] λ=0.9996 → flips=0
[iter 13] λ=0.9997 → flips=5037
[iter 14] λ=0.9997 → flips=0
[iter 15] λ=0.9997 → flips=5037
[iter 16] λ=0.9997 → flips=0
[iter 17] λ=0.9997 → flips=5037
[iter 18] λ=0.9997 → flips=0
[iter 19] λ=0.9997 → flips=0

Best λ=0.5000 → flips=0, correct=0/996
Number of flips performed: 0
Matrix saved as results/31/corrupt1000/r010.3_r100.5/flipped_matrix.svg
Metrics: {'precision': 0, 'recall': 0.0, 'f1': 0, 'TP': 0, 'FP': 0, 'FN': 996}
[Elbow detection] flip ≈ None, λ ≈ 1.0
Number of flips performed (elbow): 5037
Matrix saved as results/31/corrupt1000/r010.3_r100.5/flipped_matrix_elbow.svg
Elbow Metrics: {'precision': 0.197736748064324, 'recall': 1.0, 'f1': 0.33018398806563903, 'TP': 996, 'FP': 4041, 'FN': 0}
