Matrix saved as results/64/corrupt100/r010.5_r100.3/original_matrix.svg
Matrix saved as results/64/corrupt100/r010.5_r100.3/corrupted.svg
[iter 0] λ=0.5000 → flips=97
[iter 1] λ=0.7500 → flips=695
[iter 2] λ=0.6250 → flips=283
[iter 3] λ=0.5625 → flips=161
[iter 4] λ=0.5312 → flips=127
[iter 5] λ=0.5156 → flips=117
[iter 6] λ=0.5078 → flips=108
[iter 7] λ=0.5039 → flips=107
[iter 8] λ=0.5020 → flips=103
[iter 9] λ=0.5010 → flips=101
[iter 10] λ=0.5005 → flips=97
[iter 11] λ=0.5007 → flips=97
[iter 12] λ=0.5009 → flips=101
[iter 13] λ=0.5008 → flips=101
[iter 14] λ=0.5008 → flips=101
[iter 15] λ=0.5007 → flips=97
[iter 16] λ=0.5008 → flips=97
[iter 17] λ=0.5008 → flips=101
[iter 18] λ=0.5008 → flips=101
[iter 19] λ=0.5008 → flips=97

Best λ=0.5010 → flips=101, correct=43/100
Number of flips performed: 101
Matrix saved as results/64/corrupt100/r010.5_r100.3/flipped_matrix.svg
Metrics: {'precision': 0.42574257425742573, 'recall': 0.43, 'f1': 0.42786069651741293, 'TP': 43, 'FP': 58, 'FN': 57}
[Elbow detection] flip ≈ 867, λ ≈ 0.7551020408163265
Number of flips performed (elbow): 867
Matrix saved as results/64/corrupt100/r010.5_r100.3/flipped_matrix_elbow.svg
Elbow Metrics: {'precision': 0.08650519031141868, 'recall': 0.75, 'f1': 0.15511892450879006, 'TP': 75, 'FP': 792, 'FN': 25}
