Matrix saved as ml_parsimony_matrices/seed163_ratio1.1521.png
Matrix saved as results/163/corrupt10/r010.3_r100.5/original_matrix.png
Matrix saved as results/163/corrupt10/r010.3_r100.5/corrupted.png
[iter 0] λ=0.5000 → flips=33
[iter 1] λ=0.2500 → flips=0
[iter 2] λ=0.3750 → flips=29
[iter 3] λ=0.3125 → flips=0
[iter 4] λ=0.3438 → flips=0
[iter 5] λ=0.3594 → flips=4
[iter 6] λ=0.3672 → flips=15
[iter 7] λ=0.3633 → flips=12
[iter 8] λ=0.3613 → flips=6
[iter 9] λ=0.3623 → flips=9
[iter 10] λ=0.3628 → flips=10

Best λ=0.3628 → flips=10, correct=3/10
Number of flips performed: 10
Cell (Hypanartia_bella,Rhamnaceae): 0 -> 1
Cell (Vanessa_cardui,Rhamnaceae): 0 -> 1
Cell (Aglais_io,Ulmaceae): 0 -> 1
Cell (Nymphalis_antiopa,Betulaceae): 0 -> 1
Cell (Nymphalis_antiopa,Asteraceae): 0 -> 1
Cell (Polygonia_c_aureum,Rhamnaceae): 0 -> 1
Cell (Polygonia_c_album,Typhaceae): 0 -> 1
Cell (Polygonia_c_album,Rhamnaceae): 0 -> 1
Cell (Polygonia_interrogationis,Cannabaceae): 0 -> 1
Cell (Polygonia_oreas,Malvaceae): 0 -> 1
Matrix saved as results/163/corrupt10/r010.3_r100.5/flipped_matrix.png
Metrics: {'precision': 0.3, 'recall': 0.3, 'f1': 0.3, 'TP': 3, 'FP': 7, 'FN': 7}
[Elbow detection] λ ≈ 0.379 (cutoff=0.368)
Elbow Metrics: {'precision': 0.3125, 'recall': 1.0, 'f1': 0.47619047619047616, 'TP': 10, 'FP': 22, 'FN': 0}
