[iter 0] λ=0.5000 → flips=1052
[iter 1] λ=0.7500 → flips=2696
[iter 2] λ=0.6250 → flips=1787
[iter 3] λ=0.6875 → flips=2148
[iter 4] λ=0.6562 → flips=2012
[iter 5] λ=0.6406 → flips=1913
[iter 6] λ=0.6484 → flips=2048
[iter 7] λ=0.6445 → flips=1938
[iter 8] λ=0.6465 → flips=1965
[iter 9] λ=0.6475 → flips=1965
[iter 10] λ=0.6479 → flips=1979
[iter 11] λ=0.6482 → flips=1979
[iter 12] λ=0.6483 → flips=1979
[iter 13] λ=0.6484 → flips=1984
[iter 14] λ=0.6484 → flips=1989
[iter 15] λ=0.6484 → flips=2023
[iter 16] λ=0.6484 → flips=2005
[iter 17] λ=0.6484 → flips=1989
[iter 18] λ=0.6484 → flips=2022
[iter 19] λ=0.6484 → flips=1980

Best λ=0.6484 → flips=2005, correct=1546/2000
Number of flips performed: 2005
Metrics: {'precision': 0.771072319201995, 'recall': 0.773, 'f1': 0.7720349563046194, 'TP': 1546, 'FP': 459, 'FN': 454}
[Elbow detection] flip ≈ 4479, λ ≈ 0.8163265306122448
Number of flips performed (elbow): 4479
Elbow Metrics: {'precision': 0.40388479571332886, 'recall': 0.9045, 'f1': 0.558419509183516, 'TP': 1809, 'FP': 2670, 'FN': 191}
