Matrix saved as results/9/corrupt1000/r010.7_r100.7/original_matrix.svg
Matrix saved as results/9/corrupt1000/r010.7_r100.7/corrupted.svg
[iter 0] λ=0.5000 → flips=231
[iter 1] λ=0.7500 → flips=1573
[iter 2] λ=0.6250 → flips=790
[iter 3] λ=0.6875 → flips=1274
[iter 4] λ=0.6562 → flips=1041
[iter 5] λ=0.6406 → flips=972
[iter 6] λ=0.6484 → flips=996
[iter 7] λ=0.6523 → flips=1020
[iter 8] λ=0.6504 → flips=1020
[iter 9] λ=0.6494 → flips=1019
[iter 10] λ=0.6489 → flips=1019
[iter 11] λ=0.6487 → flips=1010
[iter 12] λ=0.6486 → flips=996
[iter 13] λ=0.6486 → flips=996
[iter 14] λ=0.6487 → flips=996
[iter 15] λ=0.6487 → flips=1010
[iter 16] λ=0.6487 → flips=996
[iter 17] λ=0.6487 → flips=1010
[iter 18] λ=0.6487 → flips=996
[iter 19] λ=0.6487 → flips=1010

Best λ=0.6484 → flips=996, correct=724/1000
Number of flips performed: 996
Matrix saved as results/9/corrupt1000/r010.7_r100.7/flipped_matrix.svg
Metrics: {'precision': 0.7269076305220884, 'recall': 0.724, 'f1': 0.7254509018036074, 'TP': 724, 'FP': 272, 'FN': 276}
[Elbow detection] flip ≈ 1335, λ ≈ 0.6938775510204082
Number of flips performed (elbow): 1335
Matrix saved as results/9/corrupt1000/r010.7_r100.7/flipped_matrix_elbow.svg
Elbow Metrics: {'precision': 0.6554307116104869, 'recall': 0.875, 'f1': 0.7494646680942184, 'TP': 875, 'FP': 460, 'FN': 125}
