Matrix saved as results/53/corrupt500/r010.5_r100.3/original_matrix.svg
Matrix saved as results/53/corrupt500/r010.5_r100.3/corrupted.svg
[iter 0] λ=0.5000 → flips=382
[iter 1] λ=0.7500 → flips=1414
[iter 2] λ=0.6250 → flips=706
[iter 3] λ=0.5625 → flips=518
[iter 4] λ=0.5312 → flips=429
[iter 5] λ=0.5469 → flips=477
[iter 6] λ=0.5547 → flips=493
[iter 7] λ=0.5586 → flips=502
[iter 8] λ=0.5566 → flips=493
[iter 9] λ=0.5576 → flips=496
[iter 10] λ=0.5581 → flips=501
[iter 11] λ=0.5579 → flips=498
[iter 12] λ=0.5580 → flips=501
[iter 13] λ=0.5579 → flips=501
[iter 14] λ=0.5579 → flips=498
[iter 15] λ=0.5579 → flips=501
[iter 16] λ=0.5579 → flips=498
[iter 17] λ=0.5579 → flips=498
[iter 18] λ=0.5579 → flips=498
[iter 19] λ=0.5579 → flips=501

Best λ=0.5581 → flips=501, correct=366/500
Number of flips performed: 501
Matrix saved as results/53/corrupt500/r010.5_r100.3/flipped_matrix.svg
Metrics: {'precision': 0.7305389221556886, 'recall': 0.732, 'f1': 0.7312687312687313, 'TP': 366, 'FP': 135, 'FN': 134}
[Elbow detection] flip ≈ 860, λ ≈ 0.6530612244897959
Number of flips performed (elbow): 860
Matrix saved as results/53/corrupt500/r010.5_r100.3/flipped_matrix_elbow.svg
Elbow Metrics: {'precision': 0.5186046511627908, 'recall': 0.892, 'f1': 0.6558823529411766, 'TP': 446, 'FP': 414, 'FN': 54}
