Matrix saved as results/97/corrupt100/r010.6_r100.3/original_matrix.svg
Matrix saved as results/97/corrupt100/r010.6_r100.3/corrupted.svg
[iter 0] λ=0.5000 → flips=130
[iter 1] λ=0.2500 → flips=0
[iter 2] λ=0.3750 → flips=2
[iter 3] λ=0.4375 → flips=26
[iter 4] λ=0.4688 → flips=66
[iter 5] λ=0.4844 → flips=112
[iter 6] λ=0.4766 → flips=107
[iter 7] λ=0.4727 → flips=87
[iter 8] λ=0.4746 → flips=107
[iter 9] λ=0.4736 → flips=106
[iter 10] λ=0.4731 → flips=91
[iter 11] λ=0.4734 → flips=95
[iter 12] λ=0.4735 → flips=96
[iter 13] λ=0.4736 → flips=97
[iter 14] λ=0.4736 → flips=100

Best λ=0.4736 → flips=100, correct=49/100
Number of flips performed: 100
Matrix saved as results/97/corrupt100/r010.6_r100.3/flipped_matrix.svg
Metrics: {'precision': 0.49, 'recall': 0.49, 'f1': 0.49, 'TP': 49, 'FP': 51, 'FN': 51}
[Elbow detection] flip ≈ 666, λ ≈ 0.6530612244897959
Number of flips performed (elbow): 666
Matrix saved as results/97/corrupt100/r010.6_r100.3/flipped_matrix_elbow.svg
Elbow Metrics: {'precision': 0.12762762762762764, 'recall': 0.85, 'f1': 0.22193211488250655, 'TP': 85, 'FP': 581, 'FN': 15}
