[iter 0] λ=0.5000 → flips=1967
[iter 1] λ=0.7500 → flips=4841
[iter 2] λ=0.6250 → flips=3033
[iter 3] λ=0.5625 → flips=2393
[iter 4] λ=0.5312 → flips=2141
[iter 5] λ=0.5156 → flips=2036
[iter 6] λ=0.5078 → flips=2011
[iter 7] λ=0.5039 → flips=1986
[iter 8] λ=0.5059 → flips=2007
[iter 9] λ=0.5049 → flips=1998
[iter 10] λ=0.5054 → flips=2003
[iter 11] λ=0.5051 → flips=1998
[iter 12] λ=0.5052 → flips=2003
[iter 13] λ=0.5052 → flips=2003
[iter 14] λ=0.5052 → flips=1998
[iter 15] λ=0.5052 → flips=1998
[iter 16] λ=0.5052 → flips=1998
[iter 17] λ=0.5052 → flips=1998
[iter 18] λ=0.5052 → flips=2003
[iter 19] λ=0.5052 → flips=2003

Best λ=0.5049 → flips=1998, correct=1674/2000
Number of flips performed: 1998
Metrics: {'precision': 0.8378378378378378, 'recall': 0.837, 'f1': 0.8374187093546772, 'TP': 1674, 'FP': 324, 'FN': 326}
[Elbow detection] flip ≈ 2863, λ ≈ 0.6122448979591836
Number of flips performed (elbow): 2863
Elbow Metrics: {'precision': 0.653510303877052, 'recall': 0.9355, 'f1': 0.7694838577010076, 'TP': 1871, 'FP': 992, 'FN': 129}
