[iter 0] λ=0.5000 → flips=546
[iter 1] λ=0.2500 → flips=0
[iter 2] λ=0.3750 → flips=119
[iter 3] λ=0.4375 → flips=351
[iter 4] λ=0.4688 → flips=451
[iter 5] λ=0.4844 → flips=499
[iter 6] λ=0.4922 → flips=521
[iter 7] λ=0.4883 → flips=513
[iter 8] λ=0.4863 → flips=499
[iter 9] λ=0.4873 → flips=512
[iter 10] λ=0.4868 → flips=510
[iter 11] λ=0.4866 → flips=499
[iter 12] λ=0.4867 → flips=510
[iter 13] λ=0.4866 → flips=509
[iter 14] λ=0.4866 → flips=507
[iter 15] λ=0.4866 → flips=499
[iter 16] λ=0.4866 → flips=499
[iter 17] λ=0.4866 → flips=507
[iter 18] λ=0.4866 → flips=499
[iter 19] λ=0.4866 → flips=499

Best λ=0.4844 → flips=499, correct=337/500
Number of flips performed: 499
Metrics: {'precision': 0.6753507014028056, 'recall': 0.674, 'f1': 0.6746746746746747, 'TP': 337, 'FP': 162, 'FN': 163}
[Elbow detection] flip ≈ 3237, λ ≈ 0.8163265306122448
Number of flips performed (elbow): 3237
Elbow Metrics: {'precision': 0.1458140253320976, 'recall': 0.944, 'f1': 0.2526090446882526, 'TP': 472, 'FP': 2765, 'FN': 28}
