Matrix saved as results/141/corrupt800/r010.4_r100.4/original_matrix.svg
Matrix saved as results/141/corrupt800/r010.4_r100.4/corrupted.svg
[iter 0] λ=0.5000 → flips=199
[iter 1] λ=0.7500 → flips=2053
[iter 2] λ=0.6250 → flips=635
[iter 3] λ=0.6875 → flips=1042
[iter 4] λ=0.6562 → flips=815
[iter 5] λ=0.6406 → flips=746
[iter 6] λ=0.6484 → flips=779
[iter 7] λ=0.6523 → flips=805
[iter 8] λ=0.6504 → flips=782
[iter 9] λ=0.6514 → flips=791
[iter 10] λ=0.6519 → flips=793
[iter 11] λ=0.6521 → flips=805
[iter 12] λ=0.6520 → flips=805
[iter 13] λ=0.6519 → flips=793
[iter 14] λ=0.6519 → flips=805
[iter 15] λ=0.6519 → flips=793
[iter 16] λ=0.6519 → flips=793
[iter 17] λ=0.6519 → flips=793
[iter 18] λ=0.6519 → flips=805
[iter 19] λ=0.6519 → flips=805

Best λ=0.6523 → flips=805, correct=570/800
Number of flips performed: 805
Matrix saved as results/141/corrupt800/r010.4_r100.4/flipped_matrix.svg
Metrics: {'precision': 0.7080745341614907, 'recall': 0.7125, 'f1': 0.7102803738317757, 'TP': 570, 'FP': 235, 'FN': 230}
[Elbow detection] flip ≈ 1128, λ ≈ 0.6938775510204082
Number of flips performed (elbow): 1128
Matrix saved as results/141/corrupt800/r010.4_r100.4/flipped_matrix_elbow.svg
Elbow Metrics: {'precision': 0.5904255319148937, 'recall': 0.8325, 'f1': 0.6908713692946058, 'TP': 666, 'FP': 462, 'FN': 134}
