Matrix saved as results/9/corrupt100/r010.7_r100.3/original_matrix.png
Matrix saved as results/9/corrupt100/r010.7_r100.3/corrupted.png
[iter 0] λ=0.5000 → flips=100

Best λ=0.5000 → flips=100, correct=96/100
Number of flips performed: 100
Cell (Hypanartia_lethe,Urticaceae): 0 -> 1
Cell (Vanessa_itea,Schisandraceae): 0 -> 1
Cell (Vanessa_itea,Acoraceae): 0 -> 1
Cell (Vanessa_annabella,Nymphaeaceae): 0 -> 1
Cell (Vanessa_annabella,Schisandraceae): 0 -> 1
Cell (Vanessa_annabella,Aristolochiaceae): 0 -> 1
Cell (Vanessa_annabella,Rosaceae): 0 -> 1
Cell (Vanessa_annabella,Cannabaceae): 0 -> 1
Cell (Vanessa_annabella,Urticaceae): 0 -> 1
Cell (Vanessa_annabella,Boraginaceae): 0 -> 1
Cell (Vanessa_hippomene,Chloranthaceae): 0 -> 1
Cell (Vanessa_hippomene,Betulaceae): 0 -> 1
Cell (Vanessa_hippomene,Grossulariaceae): 0 -> 1
Cell (Vanessa_hippomene,Ericaceae): 0 -> 1
Cell (Vanessa_hippomene,Boraginaceae): 0 -> 1
Cell (Vanessa_dimorphica,Chloranthaceae): 0 -> 1
Cell (Vanessa_dimorphica,Ulmaceae): 0 -> 1
Cell (Vanessa_dimorphica,Plantaginaceae): 0 -> 1
Cell (Vanessa_dimorphica,Boraginaceae): 0 -> 1
Cell (Vanessa_kershawi,Acoraceae): 0 -> 1
Cell (Vanessa_kershawi,Grossulariaceae): 0 -> 1
Cell (Vanessa_kershawi,Ericaceae): 0 -> 1
Cell (Vanessa_cardui,Nymphaeaceae): 0 -> 1
Cell (Vanessa_cardui,Schisandraceae): 0 -> 1
Cell (Vanessa_cardui,Potamogetonaceae): 0 -> 1
Cell (Vanessa_cardui,Rosaceae): 0 -> 1
Cell (Vanessa_cardui,Betulaceae): 0 -> 1
Cell (Vanessa_cardui,Ericaceae): 0 -> 1
Cell (Vanessa_virginiensis,Potamogetonaceae): 0 -> 1
Cell (Vanessa_virginiensis,Acoraceae): 0 -> 1
Cell (Vanessa_virginiensis,Rosaceae): 0 -> 1
Cell (Vanessa_abyssinica,Nymphaeaceae): 0 -> 1
Cell (Vanessa_abyssinica,Smilacaceae): 0 -> 1
Cell (Vanessa_abyssinica,Rhamnaceae): 0 -> 1
Cell (Vanessa_abyssinica,Cannabaceae): 0 -> 1
Cell (Vanessa_abyssinica,Salicaceae): 0 -> 1
Cell (Vanessa_abyssinica,Grossulariaceae): 0 -> 1
Cell (Vanessa_atalanta,Amborellaceae): 0 -> 1
Cell (Vanessa_atalanta,Cannabaceae): 0 -> 1
Cell (Vanessa_tameamea,Siparunaceae): 0 -> 1
Cell (Vanessa_tameamea,Aristolochiaceae): 0 -> 1
Cell (Vanessa_indica,Acoraceae): 0 -> 1
Cell (Vanessa_indica,Ceratophyllaceae): 0 -> 1
Cell (Vanessa_indica,Rosaceae): 0 -> 1
Cell (Vanessa_indica,Plantaginaceae): 0 -> 1
Cell (Antanartia_delius,Acoraceae): 0 -> 1
Cell (Aglais_io,Boraginaceae): 0 -> 1
Cell (Aglais_milberti,Siparunaceae): 0 -> 1
Cell (Aglais_milberti,Smilacaceae): 0 -> 1
Cell (Aglais_milberti,Ceratophyllaceae): 0 -> 1
Cell (Aglais_urticae,Salicaceae): 0 -> 1
Cell (Aglais_urticae,Plantaginaceae): 0 -> 1
Cell (Aglais_urticae,Boraginaceae): 0 -> 1
Cell (Kaniska_canace,Siparunaceae): 0 -> 1
Cell (Kaniska_canace,Betulaceae): 0 -> 1
Cell (Kaniska_canace,Salicaceae): 0 -> 1
Cell (Nymphalis_l_album,Schisandraceae): 0 -> 1
Cell (Nymphalis_l_album,Potamogetonaceae): 0 -> 1
Cell (Nymphalis_l_album,Betulaceae): 0 -> 1
Cell (Nymphalis_l_album,Salicaceae): 0 -> 1
Cell (Nymphalis_l_album,Malvaceae): 0 -> 1
Cell (Nymphalis_l_album,Ericaceae): 0 -> 1
Cell (Nymphalis_polychloros,Boraginaceae): 0 -> 1
Cell (Nymphalis_californica,Fabaceae): 0 -> 1
Cell (Nymphalis_xanthomelas,Typhaceae): 0 -> 1
Cell (Nymphalis_xanthomelas,Urticaceae): 0 -> 1
Cell (Nymphalis_xanthomelas,Ericaceae): 0 -> 1
Cell (Nymphalis_antiopa,Amborellaceae): 0 -> 1
Cell (Nymphalis_antiopa,Schisandraceae): 0 -> 1
Cell (Nymphalis_antiopa,Typhaceae): 0 -> 1
Cell (Polygonia_c_aureum,Rhamnaceae): 0 -> 1
Cell (Polygonia_c_aureum,Cannabaceae): 0 -> 1
Cell (Polygonia_egea,Chloranthaceae): 0 -> 1
Cell (Polygonia_egea,Typhaceae): 0 -> 1
Cell (Polygonia_egea,Boraginaceae): 0 -> 1
Cell (Polygonia_faunus,Chloranthaceae): 0 -> 1
Cell (Polygonia_faunus,Typhaceae): 0 -> 1
Cell (Polygonia_faunus,Betulaceae): 0 -> 1
Cell (Polygonia_faunus,Boraginaceae): 0 -> 1
Cell (Polygonia_c_album,Smilacaceae): 0 -> 1
Cell (Polygonia_c_album,Potamogetonaceae): 0 -> 1
Cell (Polygonia_c_album,Fabaceae): 0 -> 1
Cell (Polygonia_c_album,Cannabaceae): 0 -> 1
Cell (Polygonia_c_album,Malvaceae): 0 -> 1
Cell (Polygonia_satyrus,Betulaceae): 0 -> 1
Cell (Polygonia_comma,Siparunaceae): 0 -> 1
Cell (Polygonia_comma,Chloranthaceae): 0 -> 1
Cell (Polygonia_comma,Rosaceae): 0 -> 1
Cell (Polygonia_comma,Betulaceae): 0 -> 1
Cell (Polygonia_oreas,Aristolochiaceae): 0 -> 1
Cell (Polygonia_oreas,Chloranthaceae): 0 -> 1
Cell (Polygonia_oreas,Potamogetonaceae): 0 -> 1
Cell (Polygonia_oreas,Rhamnaceae): 0 -> 1
Cell (Polygonia_progne,Chloranthaceae): 0 -> 1
Cell (Polygonia_progne,Typhaceae): 0 -> 1
Cell (Polygonia_progne,Smilacaceae): 0 -> 1
Cell (Polygonia_progne,Potamogetonaceae): 0 -> 1
Cell (Polygonia_zephyrus,Schisandraceae): 0 -> 1
Cell (Polygonia_gracilis,Ericaceae): 0 -> 1
Cell (Polygonia_gracilis,Boraginaceae): 0 -> 1
Matrix saved as results/9/corrupt100/r010.7_r100.3/flipped_matrix.png
Metrics: {'precision': 0.96, 'recall': 0.96, 'f1': 0.96, 'TP': 96, 'FP': 4, 'FN': 4}
[Elbow detection] flip ≈ 101, λ ≈ 0.5306122448979591
Number of flips performed (elbow): 101
Cell (Hypanartia_lethe,Urticaceae): 0 -> 1
Cell (Hypanartia_bella,Ulmaceae): 0 -> 1
Cell (Vanessa_itea,Schisandraceae): 0 -> 1
Cell (Vanessa_itea,Acoraceae): 0 -> 1
Cell (Vanessa_annabella,Nymphaeaceae): 0 -> 1
Cell (Vanessa_annabella,Schisandraceae): 0 -> 1
Cell (Vanessa_annabella,Aristolochiaceae): 0 -> 1
Cell (Vanessa_annabella,Rosaceae): 0 -> 1
Cell (Vanessa_annabella,Cannabaceae): 0 -> 1
Cell (Vanessa_annabella,Urticaceae): 0 -> 1
Cell (Vanessa_annabella,Boraginaceae): 0 -> 1
Cell (Vanessa_hippomene,Chloranthaceae): 0 -> 1
Cell (Vanessa_hippomene,Betulaceae): 0 -> 1
Cell (Vanessa_hippomene,Grossulariaceae): 0 -> 1
Cell (Vanessa_hippomene,Ericaceae): 0 -> 1
Cell (Vanessa_hippomene,Boraginaceae): 0 -> 1
Cell (Vanessa_dimorphica,Chloranthaceae): 0 -> 1
Cell (Vanessa_dimorphica,Ulmaceae): 0 -> 1
Cell (Vanessa_dimorphica,Plantaginaceae): 0 -> 1
Cell (Vanessa_dimorphica,Boraginaceae): 0 -> 1
Cell (Vanessa_kershawi,Acoraceae): 0 -> 1
Cell (Vanessa_kershawi,Grossulariaceae): 0 -> 1
Cell (Vanessa_kershawi,Ericaceae): 0 -> 1
Cell (Vanessa_cardui,Nymphaeaceae): 0 -> 1
Cell (Vanessa_cardui,Schisandraceae): 0 -> 1
Cell (Vanessa_cardui,Potamogetonaceae): 0 -> 1
Cell (Vanessa_cardui,Rosaceae): 0 -> 1
Cell (Vanessa_cardui,Betulaceae): 0 -> 1
Cell (Vanessa_cardui,Ericaceae): 0 -> 1
Cell (Vanessa_virginiensis,Potamogetonaceae): 0 -> 1
Cell (Vanessa_virginiensis,Acoraceae): 0 -> 1
Cell (Vanessa_virginiensis,Rosaceae): 0 -> 1
Cell (Vanessa_abyssinica,Nymphaeaceae): 0 -> 1
Cell (Vanessa_abyssinica,Smilacaceae): 0 -> 1
Cell (Vanessa_abyssinica,Rhamnaceae): 0 -> 1
Cell (Vanessa_abyssinica,Cannabaceae): 0 -> 1
Cell (Vanessa_abyssinica,Salicaceae): 0 -> 1
Cell (Vanessa_abyssinica,Grossulariaceae): 0 -> 1
Cell (Vanessa_atalanta,Amborellaceae): 0 -> 1
Cell (Vanessa_atalanta,Cannabaceae): 0 -> 1
Cell (Vanessa_tameamea,Siparunaceae): 0 -> 1
Cell (Vanessa_tameamea,Aristolochiaceae): 0 -> 1
Cell (Vanessa_indica,Acoraceae): 0 -> 1
Cell (Vanessa_indica,Ceratophyllaceae): 0 -> 1
Cell (Vanessa_indica,Rosaceae): 0 -> 1
Cell (Vanessa_indica,Plantaginaceae): 0 -> 1
Cell (Antanartia_delius,Acoraceae): 0 -> 1
Cell (Aglais_io,Boraginaceae): 0 -> 1
Cell (Aglais_milberti,Siparunaceae): 0 -> 1
Cell (Aglais_milberti,Smilacaceae): 0 -> 1
Cell (Aglais_milberti,Ceratophyllaceae): 0 -> 1
Cell (Aglais_urticae,Salicaceae): 0 -> 1
Cell (Aglais_urticae,Plantaginaceae): 0 -> 1
Cell (Aglais_urticae,Boraginaceae): 0 -> 1
Cell (Kaniska_canace,Siparunaceae): 0 -> 1
Cell (Kaniska_canace,Betulaceae): 0 -> 1
Cell (Kaniska_canace,Salicaceae): 0 -> 1
Cell (Nymphalis_l_album,Schisandraceae): 0 -> 1
Cell (Nymphalis_l_album,Potamogetonaceae): 0 -> 1
Cell (Nymphalis_l_album,Betulaceae): 0 -> 1
Cell (Nymphalis_l_album,Salicaceae): 0 -> 1
Cell (Nymphalis_l_album,Malvaceae): 0 -> 1
Cell (Nymphalis_l_album,Ericaceae): 0 -> 1
Cell (Nymphalis_polychloros,Boraginaceae): 0 -> 1
Cell (Nymphalis_californica,Fabaceae): 0 -> 1
Cell (Nymphalis_xanthomelas,Typhaceae): 0 -> 1
Cell (Nymphalis_xanthomelas,Urticaceae): 0 -> 1
Cell (Nymphalis_xanthomelas,Ericaceae): 0 -> 1
Cell (Nymphalis_antiopa,Amborellaceae): 0 -> 1
Cell (Nymphalis_antiopa,Schisandraceae): 0 -> 1
Cell (Nymphalis_antiopa,Typhaceae): 0 -> 1
Cell (Polygonia_c_aureum,Rhamnaceae): 0 -> 1
Cell (Polygonia_c_aureum,Cannabaceae): 0 -> 1
Cell (Polygonia_egea,Chloranthaceae): 0 -> 1
Cell (Polygonia_egea,Typhaceae): 0 -> 1
Cell (Polygonia_egea,Boraginaceae): 0 -> 1
Cell (Polygonia_faunus,Chloranthaceae): 0 -> 1
Cell (Polygonia_faunus,Typhaceae): 0 -> 1
Cell (Polygonia_faunus,Betulaceae): 0 -> 1
Cell (Polygonia_faunus,Boraginaceae): 0 -> 1
Cell (Polygonia_c_album,Smilacaceae): 0 -> 1
Cell (Polygonia_c_album,Potamogetonaceae): 0 -> 1
Cell (Polygonia_c_album,Fabaceae): 0 -> 1
Cell (Polygonia_c_album,Cannabaceae): 0 -> 1
Cell (Polygonia_c_album,Malvaceae): 0 -> 1
Cell (Polygonia_satyrus,Betulaceae): 0 -> 1
Cell (Polygonia_comma,Siparunaceae): 0 -> 1
Cell (Polygonia_comma,Chloranthaceae): 0 -> 1
Cell (Polygonia_comma,Rosaceae): 0 -> 1
Cell (Polygonia_comma,Betulaceae): 0 -> 1
Cell (Polygonia_oreas,Aristolochiaceae): 0 -> 1
Cell (Polygonia_oreas,Chloranthaceae): 0 -> 1
Cell (Polygonia_oreas,Potamogetonaceae): 0 -> 1
Cell (Polygonia_oreas,Rhamnaceae): 0 -> 1
Cell (Polygonia_progne,Chloranthaceae): 0 -> 1
Cell (Polygonia_progne,Typhaceae): 0 -> 1
Cell (Polygonia_progne,Smilacaceae): 0 -> 1
Cell (Polygonia_progne,Potamogetonaceae): 0 -> 1
Cell (Polygonia_zephyrus,Schisandraceae): 0 -> 1
Cell (Polygonia_gracilis,Ericaceae): 0 -> 1
Cell (Polygonia_gracilis,Boraginaceae): 0 -> 1
Matrix saved as results/9/corrupt100/r010.7_r100.3/flipped_matrix_elbow.png
Elbow Metrics: {'precision': 0.9504950495049505, 'recall': 0.96, 'f1': 0.9552238805970149, 'TP': 96, 'FP': 5, 'FN': 4}
