Matrix saved as results/53/corrupt500/r010.4_r100.4/original_matrix.svg
Matrix saved as results/53/corrupt500/r010.4_r100.4/corrupted.svg
[iter 0] λ=0.5000 → flips=256
[iter 1] λ=0.7500 → flips=859
[iter 2] λ=0.6250 → flips=594
[iter 3] λ=0.5625 → flips=421
[iter 4] λ=0.5938 → flips=536
[iter 5] λ=0.5781 → flips=481
[iter 6] λ=0.5859 → flips=505
[iter 7] λ=0.5820 → flips=498
[iter 8] λ=0.5840 → flips=503
[iter 9] λ=0.5830 → flips=499
[iter 10] λ=0.5835 → flips=502
[iter 11] λ=0.5833 → flips=502
[iter 12] λ=0.5831 → flips=502
[iter 13] λ=0.5831 → flips=502
[iter 14] λ=0.5830 → flips=502
[iter 15] λ=0.5830 → flips=502
[iter 16] λ=0.5830 → flips=502
[iter 17] λ=0.5830 → flips=502
[iter 18] λ=0.5830 → flips=499
[iter 19] λ=0.5830 → flips=502

Best λ=0.5830 → flips=499, correct=330/500
Number of flips performed: 499
Matrix saved as results/53/corrupt500/r010.4_r100.4/flipped_matrix.svg
Metrics: {'precision': 0.6613226452905812, 'recall': 0.66, 'f1': 0.6606606606606606, 'TP': 330, 'FP': 169, 'FN': 170}
[Elbow detection] flip ≈ 865, λ ≈ 0.7551020408163265
Number of flips performed (elbow): 865
Matrix saved as results/53/corrupt500/r010.4_r100.4/flipped_matrix_elbow.svg
Elbow Metrics: {'precision': 0.49248554913294795, 'recall': 0.852, 'f1': 0.6241758241758242, 'TP': 426, 'FP': 439, 'FN': 74}
