Matrix saved as results/53/corrupt10/r010.5_r100.3/original_matrix.png
Matrix saved as results/53/corrupt10/r010.5_r100.3/corrupted.png
[iter 0] λ=0.5000 → flips=23
[iter 1] λ=0.2500 → flips=0
[iter 2] λ=0.3750 → flips=19
[iter 3] λ=0.3125 → flips=0
[iter 4] λ=0.3438 → flips=0
[iter 5] λ=0.3594 → flips=6
[iter 6] λ=0.3672 → flips=15
[iter 7] λ=0.3633 → flips=9
[iter 8] λ=0.3652 → flips=10

Best λ=0.3652 → flips=10, correct=4/10
Number of flips performed: 10
Cell (Nymphalis_californica,Malvaceae): 0 -> 1
Cell (Nymphalis_californica,Plantaginaceae): 0 -> 1
Cell (Polygonia_egea,Urticaceae): 0 -> 1
Cell (Polygonia_c_album,Typhaceae): 0 -> 1
Cell (Polygonia_satyrus,Ulmaceae): 0 -> 1
Cell (Polygonia_interrogationis,Rhamnaceae): 0 -> 1
Cell (Polygonia_interrogationis,Betulaceae): 0 -> 1
Cell (Polygonia_comma,Cannabaceae): 0 -> 1
Cell (Polygonia_progne,Salicaceae): 0 -> 1
Cell (Polygonia_gracilis,Ulmaceae): 0 -> 1
Matrix saved as results/53/corrupt10/r010.5_r100.3/flipped_matrix.png
Metrics: {'precision': 0.4, 'recall': 0.4, 'f1': 0.4000000000000001, 'TP': 4, 'FP': 6, 'FN': 6}
[Elbow detection] flip ≈ 23, λ ≈ 0.44897959183673464
Number of flips performed (elbow): 23
Cell (Nymphalis_l_album,Aristolochiaceae): 0 -> 1
Cell (Nymphalis_l_album,Fabaceae): 0 -> 1
Cell (Nymphalis_californica,Malvaceae): 0 -> 1
Cell (Nymphalis_californica,Plantaginaceae): 0 -> 1
Cell (Nymphalis_xanthomelas,Siparunaceae): 0 -> 1
Cell (Polygonia_c_aureum,Ceratophyllaceae): 0 -> 1
Cell (Polygonia_c_aureum,Salicaceae): 0 -> 1
Cell (Polygonia_c_aureum,Malvaceae): 0 -> 1
Cell (Polygonia_egea,Chloranthaceae): 0 -> 1
Cell (Polygonia_egea,Urticaceae): 0 -> 1
Cell (Polygonia_faunus,Grossulariaceae): 0 -> 1
Cell (Polygonia_c_album,Typhaceae): 0 -> 1
Cell (Polygonia_c_album,Grossulariaceae): 0 -> 1
Cell (Polygonia_satyrus,Chloranthaceae): 0 -> 1
Cell (Polygonia_satyrus,Ulmaceae): 0 -> 1
Cell (Polygonia_interrogationis,Rhamnaceae): 0 -> 1
Cell (Polygonia_interrogationis,Betulaceae): 0 -> 1
Cell (Polygonia_comma,Cannabaceae): 0 -> 1
Cell (Polygonia_oreas,Cannabaceae): 0 -> 1
Cell (Polygonia_progne,Cannabaceae): 0 -> 1
Cell (Polygonia_progne,Salicaceae): 0 -> 1
Cell (Polygonia_zephyrus,Nymphaeaceae): 0 -> 1
Cell (Polygonia_gracilis,Ulmaceae): 0 -> 1
Matrix saved as results/53/corrupt10/r010.5_r100.3/flipped_matrix_elbow.png
Elbow Metrics: {'precision': 0.43478260869565216, 'recall': 1.0, 'f1': 0.6060606060606061, 'TP': 10, 'FP': 13, 'FN': 0}
