Matrix saved as results/31/corrupt1000/r010.7_r100.3/original_matrix.svg
Matrix saved as results/31/corrupt1000/r010.7_r100.3/corrupted.svg
[iter 0] λ=0.5000 → flips=376
[iter 1] λ=0.7500 → flips=2292
[iter 2] λ=0.6250 → flips=1158
[iter 3] λ=0.5625 → flips=610
[iter 4] λ=0.5938 → flips=764
[iter 5] λ=0.6094 → flips=962
[iter 6] λ=0.6172 → flips=989
[iter 7] λ=0.6211 → flips=1110
[iter 8] λ=0.6191 → flips=1029
[iter 9] λ=0.6182 → flips=1017
[iter 10] λ=0.6177 → flips=993
[iter 11] λ=0.6179 → flips=993
[iter 12] λ=0.6180 → flips=993
[iter 13] λ=0.6181 → flips=993
[iter 14] λ=0.6181 → flips=993
[iter 15] λ=0.6181 → flips=1017
[iter 16] λ=0.6181 → flips=993
[iter 17] λ=0.6181 → flips=993
[iter 18] λ=0.6181 → flips=993
[iter 19] λ=0.6181 → flips=993

Best λ=0.6177 → flips=993, correct=739/1000
Number of flips performed: 993
Matrix saved as results/31/corrupt1000/r010.7_r100.3/flipped_matrix.svg
Metrics: {'precision': 0.7442094662638469, 'recall': 0.739, 'f1': 0.7415955845459107, 'TP': 739, 'FP': 254, 'FN': 261}
[Elbow detection] flip ≈ 975, λ ≈ 0.6122448979591836
Number of flips performed (elbow): 975
Matrix saved as results/31/corrupt1000/r010.7_r100.3/flipped_matrix_elbow.svg
Elbow Metrics: {'precision': 0.7487179487179487, 'recall': 0.73, 'f1': 0.739240506329114, 'TP': 730, 'FP': 245, 'FN': 270}
