[iter 0] λ=0.5000 → flips=726
[iter 1] λ=0.2500 → flips=0
[iter 2] λ=0.3750 → flips=186
[iter 3] λ=0.4375 → flips=485
[iter 4] λ=0.4688 → flips=583
[iter 5] λ=0.4531 → flips=532
[iter 6] λ=0.4453 → flips=509
[iter 7] λ=0.4414 → flips=498
[iter 8] λ=0.4434 → flips=506
[iter 9] λ=0.4424 → flips=503
[iter 10] λ=0.4419 → flips=503
[iter 11] λ=0.4417 → flips=499
[iter 12] λ=0.4418 → flips=501
[iter 13] λ=0.4417 → flips=501
[iter 14] λ=0.4417 → flips=499
[iter 15] λ=0.4417 → flips=501
[iter 16] λ=0.4417 → flips=500

Best λ=0.4417 → flips=500, correct=365/500
Number of flips performed: 500
Metrics: {'precision': 0.73, 'recall': 0.73, 'f1': 0.7299999999999999, 'TP': 365, 'FP': 135, 'FN': 135}
[Elbow detection] flip ≈ 2005, λ ≈ 0.7346938775510203
Number of flips performed (elbow): 2005
Elbow Metrics: {'precision': 0.2428927680798005, 'recall': 0.974, 'f1': 0.38882235528942116, 'TP': 487, 'FP': 1518, 'FN': 13}
