[iter 0] λ=0.5000 → flips=1212
[iter 1] λ=0.2500 → flips=0
[iter 2] λ=0.3750 → flips=357
[iter 3] λ=0.4375 → flips=1000
[iter 4] λ=0.4688 → flips=1176
[iter 5] λ=0.4531 → flips=1060
[iter 6] λ=0.4453 → flips=1020
[iter 7] λ=0.4492 → flips=1060
[iter 8] λ=0.4473 → flips=1060
[iter 9] λ=0.4463 → flips=1052
[iter 10] λ=0.4458 → flips=1048
[iter 11] λ=0.4456 → flips=1028
[iter 12] λ=0.4457 → flips=1036
[iter 13] λ=0.4457 → flips=1048
[iter 14] λ=0.4457 → flips=1040
[iter 15] λ=0.4457 → flips=1040
[iter 16] λ=0.4457 → flips=1048
[iter 17] λ=0.4457 → flips=1040
[iter 18] λ=0.4457 → flips=1044
[iter 19] λ=0.4457 → flips=1044

Best λ=0.4458 → flips=1048, correct=937/1047
Number of flips performed: 1048
Cell (virus_11137,host_187011): 0 -> 1
Cell (virus_11137,host_246814): 0 -> 1
Cell (virus_11137,host_412095): 0 -> 1
Cell (virus_11137,host_155035): 0 -> 1
Cell (virus_11137,host_186990): 0 -> 1
Cell (virus_11137,host_170233): 0 -> 1
Cell (virus_11137,host_58067): 0 -> 1
Cell (virus_11137,host_40228): 0 -> 1
Cell (virus_11137,host_258867): 0 -> 1
Cell (virus_1244203,host_59473): 0 -> 1
Cell (virus_1244203,host_155035): 0 -> 1
Cell (virus_1244203,host_608708): 0 -> 1
Cell (virus_1244203,host_77214): 0 -> 1
Cell (virus_1244203,host_9438): 0 -> 1
Cell (virus_3433754,host_59473): 0 -> 1
Cell (virus_3433754,host_155035): 0 -> 1
Cell (virus_3433754,host_608708): 0 -> 1
Cell (virus_3433754,host_77214): 0 -> 1
Cell (virus_3433754,host_9438): 0 -> 1
Cell (virus_3433753,host_196296): 0 -> 1
Cell (virus_3433753,host_430491): 0 -> 1
Cell (virus_3433753,host_58067): 0 -> 1
Cell (virus_3433753,host_58063): 0 -> 1
Cell (virus_3433753,host_208969): 0 -> 1
Cell (virus_3433753,host_9423): 0 -> 1
Cell (virus_3433753,host_9438): 0 -> 1
Cell (virus_3119326,host_59463): 0 -> 1
Cell (virus_3119326,host_155035): 0 -> 1
Cell (virus_3119326,host_177185): 0 -> 1
Cell (virus_3119326,host_302402): 0 -> 1
Cell (virus_3119326,host_2603865): 0 -> 1
Cell (virus_3119326,host_58067): 0 -> 1
Cell (virus_3119326,host_498220): 0 -> 1
Cell (virus_3119326,host_77214): 0 -> 1
Cell (virus_3119326,host_9423): 0 -> 1
Cell (virus_3119326,host_124751): 0 -> 1
Cell (virus_3119326,host_59474): 0 -> 1
Cell (virus_3119326,host_2491053): 0 -> 1
Cell (virus_3119326,host_110938): 0 -> 1
Cell (virus_3433752,host_392318): 0 -> 1
Cell (virus_3433752,host_155035): 0 -> 1
Cell (virus_3433752,host_59453): 0 -> 1
Cell (virus_3433752,host_188570): 0 -> 1
Cell (virus_3433752,host_342862): 0 -> 1
Cell (virus_3433752,host_337453): 0 -> 1
Cell (virus_3433752,host_9402): 0 -> 1
Cell (virus_3433752,host_903567): 0 -> 1
Cell (virus_3433752,host_208969): 0 -> 1
Cell (virus_3433752,host_148094): 0 -> 1
Cell (virus_3433752,host_2218597): 0 -> 1
Cell (virus_3433752,host_909369): 0 -> 1
Cell (virus_3433752,host_59474): 0 -> 1
Cell (virus_3433752,host_2491053): 0 -> 1
Cell (virus_1906673,host_1911917): 0 -> 1
Cell (virus_1906673,host_385037): 0 -> 1
Cell (virus_1906673,host_155035): 0 -> 1
Cell (virus_1906673,host_1207989): 0 -> 1
Cell (virus_1906673,host_77218): 0 -> 1
Cell (virus_1906673,host_77233): 0 -> 1
Cell (virus_1906673,host_9423): 0 -> 1
Cell (virus_1906673,host_221087): 0 -> 1
Cell (virus_1906673,host_2218597): 0 -> 1
Cell (virus_1906673,host_3370289): 0 -> 1
Cell (virus_1906673,host_999964): 0 -> 1
Cell (virus_1906673,host_258952): 0 -> 1
Cell (virus_1906673,host_258889): 0 -> 1
Cell (virus_3433785,host_1911917): 0 -> 1
Cell (virus_3433785,host_385037): 0 -> 1
Cell (virus_3433785,host_155035): 0 -> 1
Cell (virus_3433785,host_1207989): 0 -> 1
Cell (virus_3433785,host_77218): 0 -> 1
Cell (virus_3433785,host_77233): 0 -> 1
Cell (virus_3433785,host_9423): 0 -> 1
Cell (virus_3433785,host_221087): 0 -> 1
Cell (virus_3433785,host_2218597): 0 -> 1
Cell (virus_3433785,host_3370289): 0 -> 1
Cell (virus_3433785,host_999964): 0 -> 1
Cell (virus_3433785,host_258952): 0 -> 1
Cell (virus_3433785,host_258889): 0 -> 1
Cell (virus_2971263,host_109478): 0 -> 1
Cell (virus_2971263,host_109480): 0 -> 1
Cell (virus_2971263,host_519446): 0 -> 1
Cell (virus_2971263,host_187014): 0 -> 1
Cell (virus_2971263,host_258925): 0 -> 1
Cell (virus_2971263,host_188570): 0 -> 1
Cell (virus_2971263,host_430491): 0 -> 1
Cell (virus_2971263,host_1195082): 0 -> 1
Cell (virus_2971263,host_196297): 0 -> 1
Cell (virus_2971263,host_59472): 0 -> 1
Cell (virus_2971263,host_438766): 0 -> 1
Cell (virus_2971263,host_3371014): 0 -> 1
Cell (virus_2971263,host_258889): 0 -> 1
Cell (virus_2971263,host_526822): 0 -> 1
Cell (virus_3433786,host_109478): 0 -> 1
Cell (virus_3433786,host_109480): 0 -> 1
Cell (virus_3433786,host_519446): 0 -> 1
Cell (virus_3433786,host_258925): 0 -> 1
Cell (virus_3433786,host_188570): 0 -> 1
Cell (virus_3433786,host_430491): 0 -> 1
Cell (virus_3433786,host_1195082): 0 -> 1
Cell (virus_3433786,host_196297): 0 -> 1
Cell (virus_3433786,host_58071): 0 -> 1
Cell (virus_3433786,host_3371013): 0 -> 1
Cell (virus_3433786,host_59472): 0 -> 1
Cell (virus_3433786,host_438766): 0 -> 1
Cell (virus_3433786,host_3371014): 0 -> 1
Cell (virus_3433786,host_258889): 0 -> 1
Cell (virus_3433786,host_526822): 0 -> 1
Cell (virus_2989482,host_109478): 0 -> 1
Cell (virus_2989482,host_51298): 0 -> 1
Cell (virus_2989482,host_258925): 0 -> 1
Cell (virus_2989482,host_1207989): 0 -> 1
Cell (virus_2989482,host_59453): 0 -> 1
Cell (virus_2989482,host_476588): 0 -> 1
Cell (virus_2989482,host_58057): 0 -> 1
Cell (virus_2989482,host_187003): 0 -> 1
Cell (virus_2989482,host_40228): 0 -> 1
Cell (virus_2989482,host_3370289): 0 -> 1
Cell (virus_2989482,host_3371014): 0 -> 1
Cell (virus_2989482,host_258889): 0 -> 1
Cell (virus_3433784,host_519446): 0 -> 1
Cell (virus_3433784,host_58069): 0 -> 1
Cell (virus_3433784,host_9402): 0 -> 1
Cell (virus_3433784,host_448084): 0 -> 1
Cell (virus_3433784,host_58071): 0 -> 1
Cell (virus_3433784,host_27642): 0 -> 1
Cell (virus_3433784,host_409031): 0 -> 1
Cell (virus_3433784,host_94961): 0 -> 1
Cell (virus_3433784,host_3371013): 0 -> 1
Cell (virus_3433784,host_258934): 0 -> 1
Cell (virus_2691588,host_3380546): 0 -> 1
Cell (virus_2691588,host_1633875): 0 -> 1
Cell (virus_2691588,host_51298): 0 -> 1
Cell (virus_2691588,host_386774): 0 -> 1
Cell (virus_2691588,host_342862): 0 -> 1
Cell (virus_2691588,host_9402): 0 -> 1
Cell (virus_2691588,host_326151): 0 -> 1
Cell (virus_2691588,host_9417): 0 -> 1
Cell (virus_2691588,host_479723): 0 -> 1
Cell (virus_2691588,host_242384): 0 -> 1
Cell (virus_2691588,host_29078): 0 -> 1
Cell (virus_2691588,host_3371014): 0 -> 1
Cell (virus_2691588,host_526822): 0 -> 1
Cell (virus_3433780,host_3380546): 0 -> 1
Cell (virus_3433780,host_1633875): 0 -> 1
Cell (virus_3433780,host_519446): 0 -> 1
Cell (virus_3433780,host_51298): 0 -> 1
Cell (virus_3433780,host_386774): 0 -> 1
Cell (virus_3433780,host_342862): 0 -> 1
Cell (virus_3433780,host_9402): 0 -> 1
Cell (virus_3433780,host_77231): 0 -> 1
Cell (virus_3433780,host_326151): 0 -> 1
Cell (virus_3433780,host_9417): 0 -> 1
Cell (virus_3433780,host_242384): 0 -> 1
Cell (virus_3433780,host_29078): 0 -> 1
Cell (virus_3433780,host_3371014): 0 -> 1
Cell (virus_3433780,host_526822): 0 -> 1
Cell (virus_694000,host_3380546): 0 -> 1
Cell (virus_694000,host_1633875): 0 -> 1
Cell (virus_694000,host_519446): 0 -> 1
Cell (virus_694000,host_51298): 0 -> 1
Cell (virus_694000,host_386774): 0 -> 1
Cell (virus_694000,host_342862): 0 -> 1
Cell (virus_694000,host_9402): 0 -> 1
Cell (virus_694000,host_77231): 0 -> 1
Cell (virus_694000,host_326151): 0 -> 1
Cell (virus_694000,host_9417): 0 -> 1
Cell (virus_694000,host_242384): 0 -> 1
Cell (virus_694000,host_29078): 0 -> 1
Cell (virus_694000,host_3371014): 0 -> 1
Cell (virus_694000,host_526822): 0 -> 1
Cell (virus_3119327,host_187011): 0 -> 1
Cell (virus_3119327,host_1633875): 0 -> 1
Cell (virus_3119327,host_258925): 0 -> 1
Cell (virus_3119327,host_188569): 0 -> 1
Cell (virus_3119327,host_186990): 0 -> 1
Cell (virus_3119327,host_186991): 0 -> 1
Cell (virus_3119327,host_342862): 0 -> 1
Cell (virus_3119327,host_58083): 0 -> 1
Cell (virus_3119327,host_148094): 0 -> 1
Cell (virus_3119327,host_3041509): 0 -> 1
Cell (virus_3119327,host_153297): 0 -> 1
Cell (virus_3119327,host_249034): 0 -> 1
Cell (virus_3119327,host_249033): 0 -> 1
Cell (virus_3119327,host_258930): 0 -> 1
Cell (virus_2809631,host_187011): 0 -> 1
Cell (virus_2809631,host_1633875): 0 -> 1
Cell (virus_2809631,host_452653): 0 -> 1
Cell (virus_2809631,host_186991): 0 -> 1
Cell (virus_2809631,host_94956): 0 -> 1
Cell (virus_2809631,host_89673): 0 -> 1
Cell (virus_2809631,host_3041509): 0 -> 1
Cell (virus_2809631,host_153297): 0 -> 1
Cell (virus_3433779,host_225400): 0 -> 1
Cell (virus_3433779,host_1898389): 0 -> 1
Cell (virus_3433779,host_58073): 0 -> 1
Cell (virus_3433779,host_298110): 0 -> 1
Cell (virus_3433779,host_94956): 0 -> 1
Cell (virus_3433779,host_40228): 0 -> 1
Cell (virus_3433779,host_3042450): 0 -> 1
Cell (virus_3433779,host_9414): 0 -> 1
Cell (virus_3433779,host_3041509): 0 -> 1
Cell (virus_3433779,host_153297): 0 -> 1
Cell (virus_3433779,host_360967): 0 -> 1
Cell (virus_694001,host_225400): 0 -> 1
Cell (virus_694001,host_1898389): 0 -> 1
Cell (virus_694001,host_58073): 0 -> 1
Cell (virus_694001,host_298110): 0 -> 1
Cell (virus_694001,host_94956): 0 -> 1
Cell (virus_694001,host_40228): 0 -> 1
Cell (virus_694001,host_3042450): 0 -> 1
Cell (virus_694001,host_9414): 0 -> 1
Cell (virus_694001,host_3041509): 0 -> 1
Cell (virus_694001,host_153297): 0 -> 1
Cell (virus_694001,host_360967): 0 -> 1
Cell (virus_3027594,host_375553): 0 -> 1
Cell (virus_3027594,host_1633875): 0 -> 1
Cell (virus_3027594,host_392318): 0 -> 1
Cell (virus_3027594,host_1207989): 0 -> 1
Cell (virus_3027594,host_76834): 0 -> 1
Cell (virus_3027594,host_148094): 0 -> 1
Cell (virus_3027594,host_9423): 0 -> 1
Cell (virus_3027594,host_27622): 0 -> 1
Cell (virus_3027594,host_2969767): 0 -> 1
Cell (virus_3027594,host_360967): 0 -> 1
Cell (virus_3027594,host_999321): 0 -> 1
Cell (virus_3433782,host_258946): 0 -> 1
Cell (virus_3433782,host_1633875): 0 -> 1
Cell (virus_3433782,host_392318): 0 -> 1
Cell (virus_3433782,host_76834): 0 -> 1
Cell (virus_3433782,host_77218): 0 -> 1
Cell (virus_3433782,host_148094): 0 -> 1
Cell (virus_3433782,host_27622): 0 -> 1
Cell (virus_3433782,host_249033): 0 -> 1
Cell (virus_3433782,host_2969767): 0 -> 1
Cell (virus_3433782,host_360967): 0 -> 1
Cell (virus_3027595,host_519446): 0 -> 1
Cell (virus_3027595,host_867892): 0 -> 1
Cell (virus_3027595,host_76834): 0 -> 1
Cell (virus_3027595,host_430492): 0 -> 1
Cell (virus_3027595,host_410852): 0 -> 1
Cell (virus_3027595,host_51012): 0 -> 1
Cell (virus_3027595,host_9423): 0 -> 1
Cell (virus_3027595,host_27622): 0 -> 1
Cell (virus_3027595,host_249033): 0 -> 1
Cell (virus_2917968,host_608659): 0 -> 1
Cell (virus_2917968,host_1898386): 0 -> 1
Cell (virus_2917968,host_326083): 0 -> 1
Cell (virus_2917968,host_2218597): 0 -> 1
Cell (virus_2917968,host_526822): 0 -> 1
Cell (virus_3119328,host_608659): 0 -> 1
Cell (virus_3119328,host_59477): 0 -> 1
Cell (virus_3119328,host_430492): 0 -> 1
Cell (virus_3119328,host_166054): 0 -> 1
Cell (virus_3119328,host_177160): 0 -> 1
Cell (virus_3119328,host_2218597): 0 -> 1
Cell (virus_3119328,host_452595): 0 -> 1
Cell (virus_3119328,host_258909): 0 -> 1
Cell (virus_3119329,host_187011): 0 -> 1
Cell (virus_3119329,host_51298): 0 -> 1
Cell (virus_3119329,host_155035): 0 -> 1
Cell (virus_3119329,host_249024): 0 -> 1
Cell (virus_3119329,host_342862): 0 -> 1
Cell (virus_3119329,host_9403): 0 -> 1
Cell (virus_3119329,host_903567): 0 -> 1
Cell (virus_3119329,host_258952): 0 -> 1
Cell (virus_3119329,host_59485): 0 -> 1
Cell (virus_2991941,host_392318): 0 -> 1
Cell (virus_2991941,host_155035): 0 -> 1
Cell (virus_2991941,host_334201): 0 -> 1
Cell (virus_2991941,host_77218): 0 -> 1
Cell (virus_2991941,host_9403): 0 -> 1
Cell (virus_2991941,host_77231): 0 -> 1
Cell (virus_2991941,host_326081): 0 -> 1
Cell (virus_2991941,host_51012): 0 -> 1
Cell (virus_2991941,host_9423): 0 -> 1
Cell (virus_2993504,host_155035): 0 -> 1
Cell (virus_2993504,host_334201): 0 -> 1
Cell (virus_2993504,host_463808): 0 -> 1
Cell (virus_2993504,host_77218): 0 -> 1
Cell (virus_2993504,host_9403): 0 -> 1
Cell (virus_2993504,host_77231): 0 -> 1
Cell (virus_2993504,host_326081): 0 -> 1
Cell (virus_2993504,host_2218597): 0 -> 1
Cell (virus_2993504,host_258863): 0 -> 1
Cell (virus_2993504,host_249033): 0 -> 1
Cell (virus_1335626,host_2528591): 0 -> 1
Cell (virus_1335626,host_225399): 0 -> 1
Cell (virus_1335626,host_188570): 0 -> 1
Cell (virus_1335626,host_188571): 0 -> 1
Cell (virus_1335626,host_124756): 0 -> 1
Cell (virus_1335626,host_58073): 0 -> 1
Cell (virus_3433633,host_2528591): 0 -> 1
Cell (virus_3433633,host_225399): 0 -> 1
Cell (virus_3433633,host_188570): 0 -> 1
Cell (virus_3433633,host_188571): 0 -> 1
Cell (virus_3433633,host_124756): 0 -> 1
Cell (virus_3433633,host_58073): 0 -> 1
Cell (virus_1508220,host_187011): 0 -> 1
Cell (virus_1508220,host_2528591): 0 -> 1
Cell (virus_1508220,host_98922): 0 -> 1
Cell (virus_1508220,host_608708): 0 -> 1
Cell (virus_1508220,host_430491): 0 -> 1
Cell (virus_1508220,host_188571): 0 -> 1
Cell (virus_1508220,host_77243): 0 -> 1
Cell (virus_1508220,host_187003): 0 -> 1
Cell (virus_1508220,host_452595): 0 -> 1
Cell (virus_1508220,host_360967): 0 -> 1
Cell (virus_3433775,host_187011): 0 -> 1
Cell (virus_3433775,host_2528591): 0 -> 1
Cell (virus_3433775,host_98922): 0 -> 1
Cell (virus_3433775,host_608708): 0 -> 1
Cell (virus_3433775,host_430491): 0 -> 1
Cell (virus_3433775,host_58057): 0 -> 1
Cell (virus_3433775,host_77243): 0 -> 1
Cell (virus_3433775,host_187003): 0 -> 1
Cell (virus_3433775,host_452595): 0 -> 1
Cell (virus_3433775,host_360967): 0 -> 1
Cell (virus_694008,host_187011): 0 -> 1
Cell (virus_694008,host_2528591): 0 -> 1
Cell (virus_694008,host_98922): 0 -> 1
Cell (virus_694008,host_608708): 0 -> 1
Cell (virus_694008,host_430491): 0 -> 1
Cell (virus_694008,host_58057): 0 -> 1
Cell (virus_694008,host_77243): 0 -> 1
Cell (virus_694008,host_187003): 0 -> 1
Cell (virus_694008,host_452595): 0 -> 1
Cell (virus_694008,host_360967): 0 -> 1
Cell (virus_2832974,host_430491): 0 -> 1
Cell (virus_2832974,host_188571): 0 -> 1
Cell (virus_2832974,host_77223): 0 -> 1
Cell (virus_2832974,host_77233): 0 -> 1
Cell (virus_2832974,host_187003): 0 -> 1
Cell (virus_2832974,host_27660): 0 -> 1
Cell (virus_1928434,host_187011): 0 -> 1
Cell (virus_1928434,host_3380546): 0 -> 1
Cell (virus_1928434,host_109481): 0 -> 1
Cell (virus_1928434,host_587652): 0 -> 1
Cell (virus_1928434,host_155035): 0 -> 1
Cell (virus_1928434,host_302402): 0 -> 1
Cell (virus_1928434,host_169756): 0 -> 1
Cell (virus_1928434,host_188570): 0 -> 1
Cell (virus_1928434,host_337453): 0 -> 1
Cell (virus_1928434,host_448084): 0 -> 1
Cell (virus_1928434,host_3370289): 0 -> 1
Cell (virus_1928434,host_2969767): 0 -> 1
Cell (virus_3433757,host_187011): 0 -> 1
Cell (virus_3433757,host_3380546): 0 -> 1
Cell (virus_3433757,host_587652): 0 -> 1
Cell (virus_3433757,host_155035): 0 -> 1
Cell (virus_3433757,host_302402): 0 -> 1
Cell (virus_3433757,host_169756): 0 -> 1
Cell (virus_3433757,host_188570): 0 -> 1
Cell (virus_3433757,host_337453): 0 -> 1
Cell (virus_3433757,host_448084): 0 -> 1
Cell (virus_3433757,host_58071): 0 -> 1
Cell (virus_3433757,host_3370289): 0 -> 1
Cell (virus_3433757,host_2969767): 0 -> 1
Cell (virus_694003,host_187011): 0 -> 1
Cell (virus_694003,host_3380546): 0 -> 1
Cell (virus_694003,host_587652): 0 -> 1
Cell (virus_694003,host_155035): 0 -> 1
Cell (virus_694003,host_302402): 0 -> 1
Cell (virus_694003,host_169756): 0 -> 1
Cell (virus_694003,host_188570): 0 -> 1
Cell (virus_694003,host_337453): 0 -> 1
Cell (virus_694003,host_448084): 0 -> 1
Cell (virus_694003,host_58071): 0 -> 1
Cell (virus_694003,host_3370289): 0 -> 1
Cell (virus_694003,host_2969767): 0 -> 1
Cell (virus_2717680,host_225399): 0 -> 1
Cell (virus_2717680,host_225400): 0 -> 1
Cell (virus_2717680,host_155035): 0 -> 1
Cell (virus_2717680,host_186991): 0 -> 1
Cell (virus_2717680,host_302402): 0 -> 1
Cell (virus_2717680,host_188572): 0 -> 1
Cell (virus_2717680,host_196889): 0 -> 1
Cell (virus_2717680,host_320431): 0 -> 1
Cell (virus_2717680,host_549403): 0 -> 1
Cell (virus_2717680,host_58067): 0 -> 1
Cell (virus_2717680,host_9407): 0 -> 1
Cell (virus_2717680,host_118856): 0 -> 1
Cell (virus_2717680,host_27638): 0 -> 1
Cell (virus_2717680,host_148089): 0 -> 1
Cell (virus_2717680,host_9414): 0 -> 1
Cell (virus_2717680,host_221087): 0 -> 1
Cell (virus_2717680,host_258863): 0 -> 1
Cell (virus_2717680,host_249033): 0 -> 1
Cell (virus_2833022,host_109482): 0 -> 1
Cell (virus_2833022,host_225399): 0 -> 1
Cell (virus_2833022,host_225400): 0 -> 1
Cell (virus_2833022,host_155035): 0 -> 1
Cell (virus_2833022,host_519041): 0 -> 1
Cell (virus_2833022,host_430492): 0 -> 1
Cell (virus_2833022,host_329870): 0 -> 1
Cell (virus_2833022,host_549403): 0 -> 1
Cell (virus_2833022,host_58067): 0 -> 1
Cell (virus_2833022,host_448084): 0 -> 1
Cell (virus_2833022,host_9407): 0 -> 1
Cell (virus_2833022,host_9414): 0 -> 1
Cell (virus_2833022,host_249033): 0 -> 1
Cell (virus_2833022,host_3371014): 0 -> 1
Cell (virus_2833022,host_258959): 0 -> 1
Cell (virus_2833022,host_59485): 0 -> 1
Cell (virus_2913444,host_109482): 0 -> 1
Cell (virus_2913444,host_155035): 0 -> 1
Cell (virus_2913444,host_186991): 0 -> 1
Cell (virus_2913444,host_430492): 0 -> 1
Cell (virus_2913444,host_329870): 0 -> 1
Cell (virus_2913444,host_9402): 0 -> 1
Cell (virus_2913444,host_58067): 0 -> 1
Cell (virus_2913444,host_9407): 0 -> 1
Cell (virus_2913444,host_77233): 0 -> 1
Cell (virus_2913444,host_27642): 0 -> 1
Cell (virus_2913444,host_9414): 0 -> 1
Cell (virus_2913444,host_221087): 0 -> 1
Cell (virus_2913444,host_258863): 0 -> 1
Cell (virus_2913444,host_452595): 0 -> 1
Cell (virus_2913444,host_249033): 0 -> 1
Cell (virus_2913444,host_258959): 0 -> 1
Cell (virus_3418614,host_59473): 0 -> 1
Cell (virus_3418614,host_452653): 0 -> 1
Cell (virus_3418614,host_329870): 0 -> 1
Cell (virus_3418614,host_549403): 0 -> 1
Cell (virus_3418614,host_110938): 0 -> 1
Cell (virus_3418614,host_258959): 0 -> 1
Cell (virus_3418614,host_59485): 0 -> 1
Cell (virus_2913379,host_412095): 0 -> 1
Cell (virus_2913379,host_526407): 0 -> 1
Cell (virus_2913379,host_258925): 0 -> 1
Cell (virus_2913379,host_1207989): 0 -> 1
Cell (virus_2913379,host_2603865): 0 -> 1
Cell (virus_2913379,host_77218): 0 -> 1
Cell (virus_2913379,host_77223): 0 -> 1
Cell (virus_2913379,host_94956): 0 -> 1
Cell (virus_2913379,host_258863): 0 -> 1
Cell (virus_2913379,host_3370289): 0 -> 1
Cell (virus_2913379,host_29078): 0 -> 1
Cell (virus_2913379,host_999321): 0 -> 1
Cell (virus_2913379,host_258959): 0 -> 1
Cell (virus_2913381,host_3380546): 0 -> 1
Cell (virus_2913381,host_412095): 0 -> 1
Cell (virus_2913381,host_77218): 0 -> 1
Cell (virus_2913381,host_9414): 0 -> 1
Cell (virus_2913381,host_258863): 0 -> 1
Cell (virus_2913381,host_258959): 0 -> 1
Cell (virus_3418613,host_187011): 0 -> 1
Cell (virus_3418613,host_246814): 0 -> 1
Cell (virus_3418613,host_412095): 0 -> 1
Cell (virus_3418613,host_58069): 0 -> 1
Cell (virus_3418613,host_476588): 0 -> 1
Cell (virus_3418613,host_76837): 0 -> 1
Cell (virus_3418613,host_89399): 0 -> 1
Cell (virus_3418613,host_77218): 0 -> 1
Cell (virus_3418613,host_329870): 0 -> 1
Cell (virus_3418613,host_77214): 0 -> 1
Cell (virus_3418613,host_177162): 0 -> 1
Cell (virus_3418613,host_2994998): 0 -> 1
Cell (virus_3418613,host_9414): 0 -> 1
Cell (virus_3418613,host_109485): 0 -> 1
Cell (virus_3418613,host_999321): 0 -> 1
Cell (virus_3418613,host_2491053): 0 -> 1
Cell (virus_2913443,host_203696): 0 -> 1
Cell (virus_2913443,host_186990): 0 -> 1
Cell (virus_2913443,host_519041): 0 -> 1
Cell (virus_2913443,host_302408): 0 -> 1
Cell (virus_2913443,host_342862): 0 -> 1
Cell (virus_2913443,host_549403): 0 -> 1
Cell (virus_2913443,host_77223): 0 -> 1
Cell (virus_2913443,host_27663): 0 -> 1
Cell (virus_2913443,host_51012): 0 -> 1
Cell (virus_2913443,host_27638): 0 -> 1
Cell (virus_2913443,host_258863): 0 -> 1
Cell (virus_2913443,host_9438): 0 -> 1
Cell (virus_2913443,host_249033): 0 -> 1
Cell (virus_2913443,host_3371021): 0 -> 1
Cell (virus_2913443,host_360967): 0 -> 1
Cell (virus_2913443,host_143942): 0 -> 1
Cell (virus_2913443,host_110938): 0 -> 1
Cell (virus_2972746,host_386774): 0 -> 1
Cell (virus_2972746,host_203696): 0 -> 1
Cell (virus_2972746,host_169756): 0 -> 1
Cell (virus_2972746,host_519041): 0 -> 1
Cell (virus_2972746,host_302408): 0 -> 1
Cell (virus_2972746,host_342862): 0 -> 1
Cell (virus_2972746,host_549403): 0 -> 1
Cell (virus_2972746,host_77223): 0 -> 1
Cell (virus_2972746,host_9423): 0 -> 1
Cell (virus_2972746,host_2218597): 0 -> 1
Cell (virus_2972746,host_258863): 0 -> 1
Cell (virus_2972746,host_249033): 0 -> 1
Cell (virus_2972746,host_360967): 0 -> 1
Cell (virus_2972746,host_143942): 0 -> 1
Cell (virus_2972746,host_258959): 0 -> 1
Cell (virus_1805463,host_294653): 0 -> 1
Cell (virus_1805463,host_109478): 0 -> 1
Cell (virus_1805463,host_9400): 0 -> 1
Cell (virus_1805463,host_27663): 0 -> 1
Cell (virus_1805463,host_3042450): 0 -> 1
Cell (virus_1805463,host_3041509): 0 -> 1
Cell (virus_1805463,host_3371014): 0 -> 1
Cell (virus_1805463,host_526822): 0 -> 1
Cell (virus_3061635,host_294653): 0 -> 1
Cell (virus_3061635,host_109478): 0 -> 1
Cell (virus_3061635,host_27663): 0 -> 1
Cell (virus_3061635,host_3042450): 0 -> 1
Cell (virus_3061635,host_3371014): 0 -> 1
Cell (virus_3061635,host_526822): 0 -> 1
Cell (virus_3068888,host_294653): 0 -> 1
Cell (virus_3068888,host_109478): 0 -> 1
Cell (virus_3068888,host_160974): 0 -> 1
Cell (virus_3068888,host_1381355): 0 -> 1
Cell (virus_3068888,host_89673): 0 -> 1
Cell (virus_3068888,host_3041509): 0 -> 1
Cell (virus_3068888,host_3371014): 0 -> 1
Cell (virus_3068888,host_526822): 0 -> 1
Cell (virus_2833184,host_196296): 0 -> 1
Cell (virus_2833184,host_166054): 0 -> 1
Cell (virus_2833184,host_9430): 0 -> 1
Cell (virus_2833184,host_249034): 0 -> 1
Cell (virus_2833184,host_61862): 0 -> 1
Cell (virus_2833184,host_526822): 0 -> 1
Cell (virus_864596,host_9435): 0 -> 1
Cell (virus_864596,host_59477): 0 -> 1
Cell (virus_864596,host_89399): 0 -> 1
Cell (virus_864596,host_59479): 0 -> 1
Cell (virus_864596,host_166054): 0 -> 1
Cell (virus_864596,host_907075): 0 -> 1
Cell (virus_864596,host_27663): 0 -> 1
Cell (virus_864596,host_272799): 0 -> 1
Cell (virus_864596,host_3371016): 0 -> 1
Cell (virus_3068538,host_109478): 0 -> 1
Cell (virus_3068538,host_258940): 0 -> 1
Cell (virus_3068538,host_59453): 0 -> 1
Cell (virus_3068538,host_157961): 0 -> 1
Cell (virus_3068538,host_320431): 0 -> 1
Cell (virus_3068538,host_498220): 0 -> 1
Cell (virus_3068538,host_374419): 0 -> 1
Cell (virus_3068538,host_27663): 0 -> 1
Cell (virus_3068538,host_192403): 0 -> 1
Cell (virus_694009,host_109478): 0 -> 1
Cell (virus_694009,host_59453): 0 -> 1
Cell (virus_694009,host_157961): 0 -> 1
Cell (virus_694009,host_76837): 0 -> 1
Cell (virus_694009,host_320431): 0 -> 1
Cell (virus_694009,host_498220): 0 -> 1
Cell (virus_694009,host_374419): 0 -> 1
Cell (virus_694009,host_27663): 0 -> 1
Cell (virus_694009,host_192403): 0 -> 1
Cell (virus_3418604,host_109478): 0 -> 1
Cell (virus_3418604,host_59453): 0 -> 1
Cell (virus_3418604,host_157961): 0 -> 1
Cell (virus_3418604,host_76837): 0 -> 1
Cell (virus_3418604,host_320431): 0 -> 1
Cell (virus_3418604,host_498220): 0 -> 1
Cell (virus_3418604,host_374419): 0 -> 1
Cell (virus_3418604,host_291302): 0 -> 1
Cell (virus_2913380,host_867892): 0 -> 1
Cell (virus_2913380,host_3371112): 0 -> 1
Cell (virus_2913380,host_328804): 0 -> 1
Cell (virus_2913380,host_9423): 0 -> 1
Cell (virus_2913380,host_124751): 0 -> 1
Cell (virus_989337,host_109482): 0 -> 1
Cell (virus_989337,host_584995): 0 -> 1
Cell (virus_989337,host_169756): 0 -> 1
Cell (virus_989337,host_2603866): 0 -> 1
Cell (virus_989337,host_372077): 0 -> 1
Cell (virus_989337,host_1898393): 0 -> 1
Cell (virus_989337,host_148094): 0 -> 1
Cell (virus_989337,host_9423): 0 -> 1
Cell (virus_989337,host_27622): 0 -> 1
Cell (virus_989337,host_909369): 0 -> 1
Cell (virus_989337,host_360967): 0 -> 1
Cell (virus_3433764,host_258946): 0 -> 1
Cell (virus_3433764,host_526407): 0 -> 1
Cell (virus_3433764,host_452654): 0 -> 1
Cell (virus_3433764,host_175524): 0 -> 1
Cell (virus_3433764,host_169756): 0 -> 1
Cell (virus_3433764,host_342862): 0 -> 1
Cell (virus_3433764,host_385575): 0 -> 1
Cell (virus_3433764,host_58065): 0 -> 1
Cell (virus_3433764,host_77233): 0 -> 1
Cell (virus_3433764,host_326151): 0 -> 1
Cell (virus_3433764,host_27622): 0 -> 1
Cell (virus_3433764,host_9438): 0 -> 1
Cell (virus_2115988,host_225400): 0 -> 1
Cell (virus_2115988,host_175524): 0 -> 1
Cell (virus_2115988,host_270698): 0 -> 1
Cell (virus_2115988,host_342862): 0 -> 1
Cell (virus_2115988,host_549403): 0 -> 1
Cell (virus_2115988,host_9403): 0 -> 1
Cell (virus_2115988,host_1898393): 0 -> 1
Cell (virus_2115988,host_2218597): 0 -> 1
Cell (virus_2833151,host_3380546): 0 -> 1
Cell (virus_2833151,host_2528591): 0 -> 1
Cell (virus_2833151,host_526407): 0 -> 1
Cell (virus_2833151,host_225400): 0 -> 1
Cell (virus_2833151,host_385037): 0 -> 1
Cell (virus_2833151,host_188569): 0 -> 1
Cell (virus_2833151,host_175524): 0 -> 1
Cell (virus_2833151,host_270698): 0 -> 1
Cell (virus_2833151,host_342862): 0 -> 1
Cell (virus_2833151,host_549403): 0 -> 1
Cell (virus_2833151,host_9403): 0 -> 1
Cell (virus_2833151,host_409031): 0 -> 1
Cell (virus_2833151,host_452595): 0 -> 1
Cell (virus_2833151,host_143942): 0 -> 1
Cell (virus_3433795,host_392004): 0 -> 1
Cell (virus_3433795,host_225400): 0 -> 1
Cell (virus_3433795,host_270698): 0 -> 1
Cell (virus_3433795,host_476589): 0 -> 1
Cell (virus_3433795,host_342862): 0 -> 1
Cell (virus_3433795,host_549403): 0 -> 1
Cell (virus_3433795,host_9403): 0 -> 1
Cell (virus_3433795,host_1898393): 0 -> 1
Cell (virus_3433795,host_27663): 0 -> 1
Cell (virus_3433795,host_2218597): 0 -> 1
Cell (virus_693998,host_392004): 0 -> 1
Cell (virus_693998,host_225400): 0 -> 1
Cell (virus_693998,host_270698): 0 -> 1
Cell (virus_693998,host_476589): 0 -> 1
Cell (virus_693998,host_342862): 0 -> 1
Cell (virus_693998,host_549403): 0 -> 1
Cell (virus_693998,host_9403): 0 -> 1
Cell (virus_693998,host_1898393): 0 -> 1
Cell (virus_693998,host_27663): 0 -> 1
Cell (virus_693998,host_2218597): 0 -> 1
Cell (virus_2913382,host_294653): 0 -> 1
Cell (virus_2913382,host_412095): 0 -> 1
Cell (virus_2913382,host_385037): 0 -> 1
Cell (virus_2913382,host_58057): 0 -> 1
Cell (virus_2913382,host_1898393): 0 -> 1
Cell (virus_2913382,host_148094): 0 -> 1
Cell (virus_2913382,host_258863): 0 -> 1
Cell (virus_2913382,host_999964): 0 -> 1
Cell (virus_2913382,host_272799): 0 -> 1
Cell (virus_2913382,host_2969767): 0 -> 1
Cell (virus_2913382,host_59485): 0 -> 1
Cell (virus_3433766,host_246814): 0 -> 1
Cell (virus_3433766,host_412095): 0 -> 1
Cell (virus_3433766,host_196889): 0 -> 1
Cell (virus_3433766,host_337452): 0 -> 1
Cell (virus_3433766,host_302408): 0 -> 1
Cell (virus_3433766,host_337453): 0 -> 1
Cell (virus_3433766,host_166054): 0 -> 1
Cell (virus_3433766,host_1898389): 0 -> 1
Cell (virus_3433766,host_9407): 0 -> 1
Cell (virus_3433766,host_148094): 0 -> 1
Cell (virus_3433766,host_61862): 0 -> 1
Cell (virus_694014,host_246814): 0 -> 1
Cell (virus_694014,host_412095): 0 -> 1
Cell (virus_694014,host_196889): 0 -> 1
Cell (virus_694014,host_337452): 0 -> 1
Cell (virus_694014,host_302408): 0 -> 1
Cell (virus_694014,host_337453): 0 -> 1
Cell (virus_694014,host_166054): 0 -> 1
Cell (virus_694014,host_1898389): 0 -> 1
Cell (virus_694014,host_9407): 0 -> 1
Cell (virus_694014,host_148094): 0 -> 1
Cell (virus_694014,host_61862): 0 -> 1
Cell (virus_2917966,host_51300): 0 -> 1
Cell (virus_2917966,host_109478): 0 -> 1
Cell (virus_2917966,host_257882): 0 -> 1
Cell (virus_2917966,host_59463): 0 -> 1
Cell (virus_2917966,host_109480): 0 -> 1
Cell (virus_2917966,host_109481): 0 -> 1
Cell (virus_2917966,host_225399): 0 -> 1
Cell (virus_2917966,host_177185): 0 -> 1
Cell (virus_2917966,host_188570): 0 -> 1
Cell (virus_2917966,host_196296): 0 -> 1
Cell (virus_2917966,host_188571): 0 -> 1
Cell (virus_2917966,host_77218): 0 -> 1
Cell (virus_2917966,host_58057): 0 -> 1
Cell (virus_2917966,host_1410044): 0 -> 1
Cell (virus_2917966,host_2853157): 0 -> 1
Cell (virus_2917966,host_77243): 0 -> 1
Cell (virus_2917966,host_59476): 0 -> 1
Cell (virus_2917966,host_27642): 0 -> 1
Cell (virus_2917966,host_61862): 0 -> 1
Cell (virus_2917966,host_2969767): 0 -> 1
Cell (virus_2917966,host_110938): 0 -> 1
Cell (virus_3158245,host_105273): 0 -> 1
Cell (virus_3158245,host_1207989): 0 -> 1
Cell (virus_3158245,host_59453): 0 -> 1
Cell (virus_3158245,host_584995): 0 -> 1
Cell (virus_3158245,host_302402): 0 -> 1
Cell (virus_3158245,host_169756): 0 -> 1
Cell (virus_3158245,host_132908): 0 -> 1
Cell (virus_3158245,host_249033): 0 -> 1
Cell (virus_3158245,host_258909): 0 -> 1
Cell (virus_693999,host_105273): 0 -> 1
Cell (virus_693999,host_1207989): 0 -> 1
Cell (virus_693999,host_59453): 0 -> 1
Cell (virus_693999,host_584995): 0 -> 1
Cell (virus_693999,host_302402): 0 -> 1
Cell (virus_693999,host_169756): 0 -> 1
Cell (virus_693999,host_132908): 0 -> 1
Cell (virus_693999,host_249033): 0 -> 1
Cell (virus_693999,host_258909): 0 -> 1
Cell (virus_3418615,host_51300): 0 -> 1
Cell (virus_3418615,host_109478): 0 -> 1
Cell (virus_3418615,host_392318): 0 -> 1
Cell (virus_3418615,host_59453): 0 -> 1
Cell (virus_3418615,host_302402): 0 -> 1
Cell (virus_3418615,host_76834): 0 -> 1
Cell (virus_3418615,host_2603865): 0 -> 1
Cell (virus_3418615,host_59478): 0 -> 1
Cell (virus_3418615,host_77223): 0 -> 1
Cell (virus_3418615,host_374419): 0 -> 1
Cell (virus_3418615,host_3042450): 0 -> 1
Cell (virus_3418615,host_9433): 0 -> 1
Cell (virus_3418615,host_187008): 0 -> 1
Cell (virus_3418615,host_3041509): 0 -> 1
Cell (virus_3418615,host_242384): 0 -> 1
Cell (virus_694006,host_51300): 0 -> 1
Cell (virus_694006,host_109478): 0 -> 1
Cell (virus_694006,host_392318): 0 -> 1
Cell (virus_694006,host_59453): 0 -> 1
Cell (virus_694006,host_302402): 0 -> 1
Cell (virus_694006,host_76834): 0 -> 1
Cell (virus_694006,host_2603865): 0 -> 1
Cell (virus_694006,host_59478): 0 -> 1
Cell (virus_694006,host_77223): 0 -> 1
Cell (virus_694006,host_374419): 0 -> 1
Cell (virus_694006,host_3042450): 0 -> 1
Cell (virus_694006,host_9433): 0 -> 1
Cell (virus_694006,host_187008): 0 -> 1
Cell (virus_694006,host_3041509): 0 -> 1
Cell (virus_694006,host_242384): 0 -> 1
Cell (virus_3433776,host_51300): 0 -> 1
Cell (virus_3433776,host_98922): 0 -> 1
Cell (virus_3433776,host_225400): 0 -> 1
Cell (virus_3433776,host_175524): 0 -> 1
Cell (virus_3433776,host_463808): 0 -> 1
Cell (virus_3433776,host_188572): 0 -> 1
Cell (virus_3433776,host_320431): 0 -> 1
Cell (virus_3433776,host_1195082): 0 -> 1
Cell (virus_3433776,host_58057): 0 -> 1
Cell (virus_3433776,host_58065): 0 -> 1
Cell (virus_3433776,host_77214): 0 -> 1
Cell (virus_3433776,host_148094): 0 -> 1
Cell (virus_3433776,host_29078): 0 -> 1
Cell (virus_3433776,host_3371021): 0 -> 1
Cell (virus_3433776,host_867834): 0 -> 1
Cell (virus_3433776,host_258944): 0 -> 1
Cell (virus_694007,host_51300): 0 -> 1
Cell (virus_694007,host_98922): 0 -> 1
Cell (virus_694007,host_225400): 0 -> 1
Cell (virus_694007,host_175524): 0 -> 1
Cell (virus_694007,host_463808): 0 -> 1
Cell (virus_694007,host_188572): 0 -> 1
Cell (virus_694007,host_320431): 0 -> 1
Cell (virus_694007,host_1195082): 0 -> 1
Cell (virus_694007,host_58057): 0 -> 1
Cell (virus_694007,host_58065): 0 -> 1
Cell (virus_694007,host_77214): 0 -> 1
Cell (virus_694007,host_148094): 0 -> 1
Cell (virus_694007,host_29078): 0 -> 1
Cell (virus_694007,host_3371021): 0 -> 1
Cell (virus_694007,host_867834): 0 -> 1
Cell (virus_694007,host_258944): 0 -> 1
Cell (virus_1881051,host_3371112): 0 -> 1
Cell (virus_1881051,host_9403): 0 -> 1
Cell (virus_1881051,host_498220): 0 -> 1
Cell (virus_1881051,host_77233): 0 -> 1
Cell (virus_1881051,host_177162): 0 -> 1
Cell (virus_1881051,host_9433): 0 -> 1
Cell (virus_1881051,host_3370289): 0 -> 1
Cell (virus_1881051,host_3371014): 0 -> 1
Cell (virus_1881051,host_59485): 0 -> 1
Cell (virus_2913387,host_59473): 0 -> 1
Cell (virus_2913387,host_337453): 0 -> 1
Cell (virus_2913387,host_3371112): 0 -> 1
Cell (virus_2913387,host_9403): 0 -> 1
Cell (virus_2913387,host_77233): 0 -> 1
Cell (virus_2913387,host_192403): 0 -> 1
Cell (virus_2913387,host_177162): 0 -> 1
Cell (virus_2913387,host_59472): 0 -> 1
Cell (virus_2913387,host_9433): 0 -> 1
Cell (virus_2913387,host_3370289): 0 -> 1
Cell (virus_2913387,host_3371014): 0 -> 1
Cell (virus_2691592,host_9435): 0 -> 1
Cell (virus_2691592,host_109481): 0 -> 1
Cell (virus_2691592,host_386774): 0 -> 1
Cell (virus_2691592,host_392004): 0 -> 1
Cell (virus_2691592,host_225400): 0 -> 1
Cell (virus_2691592,host_334201): 0 -> 1
Cell (virus_2691592,host_188571): 0 -> 1
Cell (virus_2691592,host_302408): 0 -> 1
Cell (virus_2691592,host_124756): 0 -> 1
Cell (virus_2691592,host_9403): 0 -> 1
Cell (virus_2691592,host_372077): 0 -> 1
Cell (virus_2691592,host_498220): 0 -> 1
Cell (virus_2691592,host_77233): 0 -> 1
Cell (virus_2691592,host_40224): 0 -> 1
Cell (virus_2691592,host_40229): 0 -> 1
Cell (virus_2691592,host_9430): 0 -> 1
Cell (virus_2691592,host_59472): 0 -> 1
Cell (virus_28295,host_188570): 0 -> 1
Cell (virus_28295,host_188572): 0 -> 1
Cell (virus_28295,host_867892): 0 -> 1
Cell (virus_28295,host_132908): 0 -> 1
Cell (virus_28295,host_166054): 0 -> 1
Cell (virus_28295,host_9402): 0 -> 1
Cell (virus_28295,host_448084): 0 -> 1
Cell (virus_28295,host_40233): 0 -> 1
Cell (virus_28295,host_40229): 0 -> 1
Cell (virus_28295,host_153297): 0 -> 1
Cell (virus_28295,host_29078): 0 -> 1
Cell (virus_3433789,host_188570): 0 -> 1
Cell (virus_3433789,host_188572): 0 -> 1
Cell (virus_3433789,host_867892): 0 -> 1
Cell (virus_3433789,host_132908): 0 -> 1
Cell (virus_3433789,host_166054): 0 -> 1
Cell (virus_3433789,host_9402): 0 -> 1
Cell (virus_3433789,host_448084): 0 -> 1
Cell (virus_3433789,host_40233): 0 -> 1
Cell (virus_3433789,host_40229): 0 -> 1
Cell (virus_3433789,host_153297): 0 -> 1
Cell (virus_3433789,host_29078): 0 -> 1
Cell (virus_2913385,host_105295): 0 -> 1
Cell (virus_2913385,host_334201): 0 -> 1
Cell (virus_2913385,host_188570): 0 -> 1
Cell (virus_2913385,host_188572): 0 -> 1
Cell (virus_2913385,host_132908): 0 -> 1
Cell (virus_2913385,host_9403): 0 -> 1
Cell (virus_2913385,host_372077): 0 -> 1
Cell (virus_2913385,host_58060): 0 -> 1
Cell (virus_2913385,host_40233): 0 -> 1
Cell (virus_2913385,host_574064): 0 -> 1
Cell (virus_2913385,host_40229): 0 -> 1
Cell (virus_2913385,host_196700): 0 -> 1
Cell (virus_2913385,host_153297): 0 -> 1
Cell (virus_3077579,host_463808): 0 -> 1
Cell (virus_3077579,host_376555): 0 -> 1
Cell (virus_3077579,host_196889): 0 -> 1
Cell (virus_3077579,host_430491): 0 -> 1
Cell (virus_3077579,host_3371112): 0 -> 1
Cell (virus_3077579,host_27634): 0 -> 1
Cell (virus_3077580,host_463808): 0 -> 1
Cell (virus_3077580,host_376555): 0 -> 1
Cell (virus_3077580,host_196889): 0 -> 1
Cell (virus_3077580,host_430491): 0 -> 1
Cell (virus_3077580,host_3371112): 0 -> 1
Cell (virus_3077580,host_9407): 0 -> 1
Cell (virus_3077580,host_27634): 0 -> 1
Cell (virus_2419667,host_160974): 0 -> 1
Cell (virus_2419667,host_109481): 0 -> 1
Cell (virus_2419667,host_392004): 0 -> 1
Cell (virus_2419667,host_155035): 0 -> 1
Cell (virus_2419667,host_59453): 0 -> 1
Cell (virus_2419667,host_159858): 0 -> 1
Cell (virus_2419667,host_3371112): 0 -> 1
Cell (virus_2419667,host_132908): 0 -> 1
Cell (virus_2419667,host_498220): 0 -> 1
Cell (virus_2419667,host_1381355): 0 -> 1
Cell (virus_2419667,host_907075): 0 -> 1
Cell (virus_2419667,host_27663): 0 -> 1
Cell (virus_2419667,host_410852): 0 -> 1
Cell (virus_2419667,host_27638): 0 -> 1
Cell (virus_3433787,host_160974): 0 -> 1
Cell (virus_3433787,host_109481): 0 -> 1
Cell (virus_3433787,host_392004): 0 -> 1
Cell (virus_3433787,host_155035): 0 -> 1
Cell (virus_3433787,host_59453): 0 -> 1
Cell (virus_3433787,host_159858): 0 -> 1
Cell (virus_3433787,host_3371112): 0 -> 1
Cell (virus_3433787,host_132908): 0 -> 1
Cell (virus_3433787,host_498220): 0 -> 1
Cell (virus_3433787,host_1381355): 0 -> 1
Cell (virus_3433787,host_907075): 0 -> 1
Cell (virus_3433787,host_27663): 0 -> 1
Cell (virus_3433787,host_410852): 0 -> 1
Cell (virus_3433787,host_27638): 0 -> 1
Cell (virus_3027593,host_452653): 0 -> 1
Cell (virus_3027593,host_159330): 0 -> 1
Cell (virus_3027593,host_155035): 0 -> 1
Cell (virus_3027593,host_59453): 0 -> 1
Cell (virus_3027593,host_334201): 0 -> 1
Cell (virus_3027593,host_170233): 0 -> 1
Cell (virus_3027593,host_196889): 0 -> 1
Cell (virus_3027593,host_430492): 0 -> 1
Cell (virus_3027593,host_372077): 0 -> 1
Cell (virus_3027593,host_58067): 0 -> 1
Cell (virus_3027593,host_187007): 0 -> 1
Cell (virus_3027593,host_258959): 0 -> 1
Cell (virus_2991261,host_105273): 0 -> 1
Cell (virus_2991261,host_1633875): 0 -> 1
Cell (virus_2991261,host_186990): 0 -> 1
Cell (virus_2991261,host_430492): 0 -> 1
Cell (virus_2991261,host_94961): 0 -> 1
Cell (virus_2991261,host_1434095): 0 -> 1
Cell (virus_2991261,host_9433): 0 -> 1
Cell (virus_2991261,host_29078): 0 -> 1
Cell (virus_2991261,host_360967): 0 -> 1
Cell (virus_2991261,host_526822): 0 -> 1
Cell (virus_983923,host_105273): 0 -> 1
Cell (virus_983923,host_1633875): 0 -> 1
Cell (virus_983923,host_186990): 0 -> 1
Cell (virus_983923,host_430492): 0 -> 1
Cell (virus_983923,host_94961): 0 -> 1
Cell (virus_983923,host_1434095): 0 -> 1
Cell (virus_983923,host_9433): 0 -> 1
Cell (virus_983923,host_29078): 0 -> 1
Cell (virus_983923,host_360967): 0 -> 1
Cell (virus_3433749,host_258946): 0 -> 1
Cell (virus_3433749,host_109482): 0 -> 1
Cell (virus_3433749,host_98922): 0 -> 1
Cell (virus_3433749,host_155035): 0 -> 1
Cell (virus_3433749,host_59453): 0 -> 1
Cell (virus_3433749,host_196296): 0 -> 1
Cell (virus_3433749,host_188572): 0 -> 1
Cell (virus_3433749,host_320431): 0 -> 1
Cell (virus_3433749,host_166054): 0 -> 1
Cell (virus_3433749,host_1898393): 0 -> 1
Cell (virus_3433749,host_410852): 0 -> 1
Cell (virus_3433749,host_3370289): 0 -> 1
Cell (virus_3433749,host_3371021): 0 -> 1
Cell (virus_1986198,host_526407): 0 -> 1
Cell (virus_1986198,host_155035): 0 -> 1
Cell (virus_1986198,host_59453): 0 -> 1
Cell (virus_1986198,host_177160): 0 -> 1
Cell (virus_1986198,host_221086): 0 -> 1
Cell (virus_1986198,host_258867): 0 -> 1
Cell (virus_1986198,host_909369): 0 -> 1
Cell (virus_3433814,host_105295): 0 -> 1
Cell (virus_3433814,host_160974): 0 -> 1
Cell (virus_3433814,host_155035): 0 -> 1
Cell (virus_3433814,host_59453): 0 -> 1
Cell (virus_3433814,host_175524): 0 -> 1
Cell (virus_3433814,host_188570): 0 -> 1
Cell (virus_3433814,host_196889): 0 -> 1
Cell (virus_3433814,host_608659): 0 -> 1
Cell (virus_3433814,host_430491): 0 -> 1
Cell (virus_3433814,host_372077): 0 -> 1
Cell (virus_3433814,host_448084): 0 -> 1
Cell (virus_3433814,host_1898393): 0 -> 1
Cell (virus_3433814,host_58065): 0 -> 1
Cell (virus_3433814,host_27634): 0 -> 1
Cell (virus_3433814,host_2994998): 0 -> 1
Cell (virus_3433814,host_94961): 0 -> 1
Cell (virus_3433814,host_29078): 0 -> 1
Cell (virus_3433814,host_59474): 0 -> 1
Cell (virus_3433814,host_526822): 0 -> 1
Cell (virus_693997,host_105295): 0 -> 1
Cell (virus_693997,host_160974): 0 -> 1
Cell (virus_693997,host_155035): 0 -> 1
Cell (virus_693997,host_59453): 0 -> 1
Cell (virus_693997,host_175524): 0 -> 1
Cell (virus_693997,host_188570): 0 -> 1
Cell (virus_693997,host_196889): 0 -> 1
Cell (virus_693997,host_608659): 0 -> 1
Cell (virus_693997,host_430491): 0 -> 1
Cell (virus_693997,host_372077): 0 -> 1
Cell (virus_693997,host_448084): 0 -> 1
Cell (virus_693997,host_1898393): 0 -> 1
Cell (virus_693997,host_58065): 0 -> 1
Cell (virus_693997,host_27634): 0 -> 1
Cell (virus_693997,host_2994998): 0 -> 1
Cell (virus_693997,host_94961): 0 -> 1
Cell (virus_693997,host_29078): 0 -> 1
Cell (virus_693997,host_59474): 0 -> 1
Cell (virus_693997,host_526822): 0 -> 1
Cell (virus_2913386,host_258946): 0 -> 1
Cell (virus_2913386,host_294653): 0 -> 1
Cell (virus_2913386,host_109480): 0 -> 1
Cell (virus_2913386,host_109481): 0 -> 1
Cell (virus_2913386,host_109482): 0 -> 1
Cell (virus_2913386,host_51298): 0 -> 1
Cell (virus_2913386,host_155035): 0 -> 1
Cell (virus_2913386,host_258925): 0 -> 1
Cell (virus_2913386,host_170233): 0 -> 1
Cell (virus_2913386,host_59477): 0 -> 1
Cell (virus_2913386,host_342862): 0 -> 1
Cell (virus_2913386,host_328804): 0 -> 1
Cell (virus_2913386,host_9403): 0 -> 1
Cell (virus_2913386,host_58057): 0 -> 1
Cell (virus_2913386,host_118856): 0 -> 1
Cell (virus_2913386,host_148094): 0 -> 1
Cell (virus_2913386,host_59485): 0 -> 1
Cell (virus_2925879,host_258946): 0 -> 1
Cell (virus_2925879,host_294653): 0 -> 1
Cell (virus_2925879,host_59463): 0 -> 1
Cell (virus_2925879,host_109480): 0 -> 1
Cell (virus_2925879,host_109481): 0 -> 1
Cell (virus_2925879,host_51298): 0 -> 1
Cell (virus_2925879,host_138979): 0 -> 1
Cell (virus_2925879,host_155035): 0 -> 1
Cell (virus_2925879,host_258925): 0 -> 1
Cell (virus_2925879,host_186991): 0 -> 1
Cell (virus_2925879,host_170233): 0 -> 1
Cell (virus_2925879,host_342862): 0 -> 1
Cell (virus_2925879,host_1195082): 0 -> 1
Cell (virus_2925879,host_9403): 0 -> 1
Cell (virus_2925879,host_148094): 0 -> 1
Cell (virus_2925879,host_27638): 0 -> 1
Cell (virus_2925879,host_124751): 0 -> 1
Cell (virus_2925879,host_3371021): 0 -> 1
Cell (virus_2993505,host_258946): 0 -> 1
Cell (virus_2993505,host_59463): 0 -> 1
Cell (virus_2993505,host_109480): 0 -> 1
Cell (virus_2993505,host_109481): 0 -> 1
Cell (virus_2993505,host_51298): 0 -> 1
Cell (virus_2993505,host_155035): 0 -> 1
Cell (virus_2993505,host_258925): 0 -> 1
Cell (virus_2993505,host_157961): 0 -> 1
Cell (virus_2993505,host_519041): 0 -> 1
Cell (virus_2993505,host_302408): 0 -> 1
Cell (virus_2993505,host_1195082): 0 -> 1
Cell (virus_2993505,host_9403): 0 -> 1
Cell (virus_2993505,host_58071): 0 -> 1
Cell (virus_2993505,host_148094): 0 -> 1
Cell (virus_2993505,host_258867): 0 -> 1
Cell (virus_2993505,host_9438): 0 -> 1
Cell (virus_2993505,host_3371016): 0 -> 1
Cell (virus_3433731,host_138979): 0 -> 1
Cell (virus_3433731,host_186991): 0 -> 1
Cell (virus_3433731,host_476589): 0 -> 1
Cell (virus_3433731,host_188571): 0 -> 1
Cell (virus_3433731,host_196700): 0 -> 1
Cell (virus_3433731,host_9430): 0 -> 1
Cell (virus_3433731,host_9433): 0 -> 1
Cell (virus_3433731,host_2218597): 0 -> 1
Cell (virus_3433731,host_249033): 0 -> 1
Cell (virus_3433810,host_225399): 0 -> 1
Cell (virus_3433810,host_188569): 0 -> 1
Cell (virus_3433810,host_166054): 0 -> 1
Cell (virus_3433810,host_58067): 0 -> 1
Cell (virus_3433810,host_94956): 0 -> 1
Cell (virus_3433810,host_177160): 0 -> 1
Cell (virus_3433810,host_61862): 0 -> 1
Cell (virus_3433810,host_3371021): 0 -> 1
Cell (virus_2913388,host_51300): 0 -> 1
Cell (virus_2913388,host_476589): 0 -> 1
Cell (virus_2913388,host_2603865): 0 -> 1
Cell (virus_2913388,host_58067): 0 -> 1
Cell (virus_2913388,host_258867): 0 -> 1
Cell (virus_2913388,host_59474): 0 -> 1
Cell (virus_2913388,host_143942): 0 -> 1
Cell (virus_3433756,host_187011): 0 -> 1
Cell (virus_3433756,host_246814): 0 -> 1
Cell (virus_3433756,host_412095): 0 -> 1
Cell (virus_3433756,host_155035): 0 -> 1
Cell (virus_3433756,host_186990): 0 -> 1
Cell (virus_3433756,host_170233): 0 -> 1
Cell (virus_3433756,host_58067): 0 -> 1
Cell (virus_3433756,host_40228): 0 -> 1
Cell (virus_3433756,host_258867): 0 -> 1
Metrics: {'precision': 0.8940839694656488, 'recall': 0.894937917860554, 'f1': 0.894510739856802, 'TP': 937, 'FP': 111, 'FN': 110}
[Elbow detection] flip ≈ 1060, λ ≈ 0.44897959183673464
Number of flips performed (elbow): 1060
Cell (virus_11137,host_187011): 0 -> 1
Cell (virus_11137,host_246814): 0 -> 1
Cell (virus_11137,host_412095): 0 -> 1
Cell (virus_11137,host_155035): 0 -> 1
Cell (virus_11137,host_186990): 0 -> 1
Cell (virus_11137,host_170233): 0 -> 1
Cell (virus_11137,host_58067): 0 -> 1
Cell (virus_11137,host_40228): 0 -> 1
Cell (virus_11137,host_258867): 0 -> 1
Cell (virus_1244203,host_59473): 0 -> 1
Cell (virus_1244203,host_155035): 0 -> 1
Cell (virus_1244203,host_608708): 0 -> 1
Cell (virus_1244203,host_77214): 0 -> 1
Cell (virus_1244203,host_9438): 0 -> 1
Cell (virus_3433754,host_59473): 0 -> 1
Cell (virus_3433754,host_155035): 0 -> 1
Cell (virus_3433754,host_608708): 0 -> 1
Cell (virus_3433754,host_77214): 0 -> 1
Cell (virus_3433754,host_9438): 0 -> 1
Cell (virus_3433753,host_196296): 0 -> 1
Cell (virus_3433753,host_430491): 0 -> 1
Cell (virus_3433753,host_58067): 0 -> 1
Cell (virus_3433753,host_58063): 0 -> 1
Cell (virus_3433753,host_208969): 0 -> 1
Cell (virus_3433753,host_9423): 0 -> 1
Cell (virus_3433753,host_9438): 0 -> 1
Cell (virus_3119326,host_59463): 0 -> 1
Cell (virus_3119326,host_155035): 0 -> 1
Cell (virus_3119326,host_177185): 0 -> 1
Cell (virus_3119326,host_302402): 0 -> 1
Cell (virus_3119326,host_2603865): 0 -> 1
Cell (virus_3119326,host_58067): 0 -> 1
Cell (virus_3119326,host_498220): 0 -> 1
Cell (virus_3119326,host_77214): 0 -> 1
Cell (virus_3119326,host_9423): 0 -> 1
Cell (virus_3119326,host_124751): 0 -> 1
Cell (virus_3119326,host_59474): 0 -> 1
Cell (virus_3119326,host_2491053): 0 -> 1
Cell (virus_3119326,host_110938): 0 -> 1
Cell (virus_3433752,host_392318): 0 -> 1
Cell (virus_3433752,host_155035): 0 -> 1
Cell (virus_3433752,host_59453): 0 -> 1
Cell (virus_3433752,host_188570): 0 -> 1
Cell (virus_3433752,host_342862): 0 -> 1
Cell (virus_3433752,host_337453): 0 -> 1
Cell (virus_3433752,host_9402): 0 -> 1
Cell (virus_3433752,host_903567): 0 -> 1
Cell (virus_3433752,host_208969): 0 -> 1
Cell (virus_3433752,host_148094): 0 -> 1
Cell (virus_3433752,host_2218597): 0 -> 1
Cell (virus_3433752,host_909369): 0 -> 1
Cell (virus_3433752,host_59474): 0 -> 1
Cell (virus_3433752,host_2491053): 0 -> 1
Cell (virus_1906673,host_1911917): 0 -> 1
Cell (virus_1906673,host_385037): 0 -> 1
Cell (virus_1906673,host_155035): 0 -> 1
Cell (virus_1906673,host_1207989): 0 -> 1
Cell (virus_1906673,host_77218): 0 -> 1
Cell (virus_1906673,host_77233): 0 -> 1
Cell (virus_1906673,host_9423): 0 -> 1
Cell (virus_1906673,host_221087): 0 -> 1
Cell (virus_1906673,host_2218597): 0 -> 1
Cell (virus_1906673,host_3370289): 0 -> 1
Cell (virus_1906673,host_999964): 0 -> 1
Cell (virus_1906673,host_258952): 0 -> 1
Cell (virus_1906673,host_258889): 0 -> 1
Cell (virus_3433785,host_1911917): 0 -> 1
Cell (virus_3433785,host_385037): 0 -> 1
Cell (virus_3433785,host_155035): 0 -> 1
Cell (virus_3433785,host_1207989): 0 -> 1
Cell (virus_3433785,host_77218): 0 -> 1
Cell (virus_3433785,host_77233): 0 -> 1
Cell (virus_3433785,host_9423): 0 -> 1
Cell (virus_3433785,host_221087): 0 -> 1
Cell (virus_3433785,host_2218597): 0 -> 1
Cell (virus_3433785,host_3370289): 0 -> 1
Cell (virus_3433785,host_999964): 0 -> 1
Cell (virus_3433785,host_258952): 0 -> 1
Cell (virus_3433785,host_258889): 0 -> 1
Cell (virus_2971263,host_109478): 0 -> 1
Cell (virus_2971263,host_109480): 0 -> 1
Cell (virus_2971263,host_519446): 0 -> 1
Cell (virus_2971263,host_187014): 0 -> 1
Cell (virus_2971263,host_258925): 0 -> 1
Cell (virus_2971263,host_188570): 0 -> 1
Cell (virus_2971263,host_430491): 0 -> 1
Cell (virus_2971263,host_1195082): 0 -> 1
Cell (virus_2971263,host_196297): 0 -> 1
Cell (virus_2971263,host_59472): 0 -> 1
Cell (virus_2971263,host_438766): 0 -> 1
Cell (virus_2971263,host_3371014): 0 -> 1
Cell (virus_2971263,host_258889): 0 -> 1
Cell (virus_2971263,host_526822): 0 -> 1
Cell (virus_3433786,host_109478): 0 -> 1
Cell (virus_3433786,host_109480): 0 -> 1
Cell (virus_3433786,host_519446): 0 -> 1
Cell (virus_3433786,host_258925): 0 -> 1
Cell (virus_3433786,host_188570): 0 -> 1
Cell (virus_3433786,host_430491): 0 -> 1
Cell (virus_3433786,host_1195082): 0 -> 1
Cell (virus_3433786,host_196297): 0 -> 1
Cell (virus_3433786,host_58071): 0 -> 1
Cell (virus_3433786,host_3371013): 0 -> 1
Cell (virus_3433786,host_59472): 0 -> 1
Cell (virus_3433786,host_438766): 0 -> 1
Cell (virus_3433786,host_3371014): 0 -> 1
Cell (virus_3433786,host_258889): 0 -> 1
Cell (virus_3433786,host_526822): 0 -> 1
Cell (virus_2989482,host_109478): 0 -> 1
Cell (virus_2989482,host_51298): 0 -> 1
Cell (virus_2989482,host_258925): 0 -> 1
Cell (virus_2989482,host_1207989): 0 -> 1
Cell (virus_2989482,host_59453): 0 -> 1
Cell (virus_2989482,host_476588): 0 -> 1
Cell (virus_2989482,host_58057): 0 -> 1
Cell (virus_2989482,host_187003): 0 -> 1
Cell (virus_2989482,host_40228): 0 -> 1
Cell (virus_2989482,host_3370289): 0 -> 1
Cell (virus_2989482,host_3371014): 0 -> 1
Cell (virus_2989482,host_258889): 0 -> 1
Cell (virus_3433784,host_519446): 0 -> 1
Cell (virus_3433784,host_58069): 0 -> 1
Cell (virus_3433784,host_9402): 0 -> 1
Cell (virus_3433784,host_448084): 0 -> 1
Cell (virus_3433784,host_58071): 0 -> 1
Cell (virus_3433784,host_27642): 0 -> 1
Cell (virus_3433784,host_409031): 0 -> 1
Cell (virus_3433784,host_94961): 0 -> 1
Cell (virus_3433784,host_3371013): 0 -> 1
Cell (virus_3433784,host_258934): 0 -> 1
Cell (virus_2691588,host_3380546): 0 -> 1
Cell (virus_2691588,host_1633875): 0 -> 1
Cell (virus_2691588,host_51298): 0 -> 1
Cell (virus_2691588,host_386774): 0 -> 1
Cell (virus_2691588,host_342862): 0 -> 1
Cell (virus_2691588,host_9402): 0 -> 1
Cell (virus_2691588,host_326151): 0 -> 1
Cell (virus_2691588,host_9417): 0 -> 1
Cell (virus_2691588,host_9414): 0 -> 1
Cell (virus_2691588,host_479723): 0 -> 1
Cell (virus_2691588,host_242384): 0 -> 1
Cell (virus_2691588,host_29078): 0 -> 1
Cell (virus_2691588,host_3371014): 0 -> 1
Cell (virus_2691588,host_526822): 0 -> 1
Cell (virus_3433780,host_3380546): 0 -> 1
Cell (virus_3433780,host_1633875): 0 -> 1
Cell (virus_3433780,host_519446): 0 -> 1
Cell (virus_3433780,host_51298): 0 -> 1
Cell (virus_3433780,host_386774): 0 -> 1
Cell (virus_3433780,host_342862): 0 -> 1
Cell (virus_3433780,host_9402): 0 -> 1
Cell (virus_3433780,host_77231): 0 -> 1
Cell (virus_3433780,host_326151): 0 -> 1
Cell (virus_3433780,host_9417): 0 -> 1
Cell (virus_3433780,host_9414): 0 -> 1
Cell (virus_3433780,host_242384): 0 -> 1
Cell (virus_3433780,host_29078): 0 -> 1
Cell (virus_3433780,host_3371014): 0 -> 1
Cell (virus_3433780,host_526822): 0 -> 1
Cell (virus_694000,host_3380546): 0 -> 1
Cell (virus_694000,host_1633875): 0 -> 1
Cell (virus_694000,host_519446): 0 -> 1
Cell (virus_694000,host_51298): 0 -> 1
Cell (virus_694000,host_386774): 0 -> 1
Cell (virus_694000,host_342862): 0 -> 1
Cell (virus_694000,host_9402): 0 -> 1
Cell (virus_694000,host_77231): 0 -> 1
Cell (virus_694000,host_326151): 0 -> 1
Cell (virus_694000,host_9417): 0 -> 1
Cell (virus_694000,host_9414): 0 -> 1
Cell (virus_694000,host_242384): 0 -> 1
Cell (virus_694000,host_29078): 0 -> 1
Cell (virus_694000,host_3371014): 0 -> 1
Cell (virus_694000,host_526822): 0 -> 1
Cell (virus_3119327,host_187011): 0 -> 1
Cell (virus_3119327,host_1633875): 0 -> 1
Cell (virus_3119327,host_258925): 0 -> 1
Cell (virus_3119327,host_188569): 0 -> 1
Cell (virus_3119327,host_186990): 0 -> 1
Cell (virus_3119327,host_186991): 0 -> 1
Cell (virus_3119327,host_342862): 0 -> 1
Cell (virus_3119327,host_58083): 0 -> 1
Cell (virus_3119327,host_148094): 0 -> 1
Cell (virus_3119327,host_9414): 0 -> 1
Cell (virus_3119327,host_3041509): 0 -> 1
Cell (virus_3119327,host_153297): 0 -> 1
Cell (virus_3119327,host_249034): 0 -> 1
Cell (virus_3119327,host_249033): 0 -> 1
Cell (virus_3119327,host_258930): 0 -> 1
Cell (virus_2809631,host_187011): 0 -> 1
Cell (virus_2809631,host_1633875): 0 -> 1
Cell (virus_2809631,host_452653): 0 -> 1
Cell (virus_2809631,host_186991): 0 -> 1
Cell (virus_2809631,host_94956): 0 -> 1
Cell (virus_2809631,host_89673): 0 -> 1
Cell (virus_2809631,host_3041509): 0 -> 1
Cell (virus_2809631,host_153297): 0 -> 1
Cell (virus_3433779,host_225400): 0 -> 1
Cell (virus_3433779,host_1898389): 0 -> 1
Cell (virus_3433779,host_58073): 0 -> 1
Cell (virus_3433779,host_298110): 0 -> 1
Cell (virus_3433779,host_94956): 0 -> 1
Cell (virus_3433779,host_40228): 0 -> 1
Cell (virus_3433779,host_3042450): 0 -> 1
Cell (virus_3433779,host_9414): 0 -> 1
Cell (virus_3433779,host_3041509): 0 -> 1
Cell (virus_3433779,host_153297): 0 -> 1
Cell (virus_3433779,host_360967): 0 -> 1
Cell (virus_694001,host_225400): 0 -> 1
Cell (virus_694001,host_1898389): 0 -> 1
Cell (virus_694001,host_58073): 0 -> 1
Cell (virus_694001,host_298110): 0 -> 1
Cell (virus_694001,host_94956): 0 -> 1
Cell (virus_694001,host_40228): 0 -> 1
Cell (virus_694001,host_3042450): 0 -> 1
Cell (virus_694001,host_9414): 0 -> 1
Cell (virus_694001,host_3041509): 0 -> 1
Cell (virus_694001,host_153297): 0 -> 1
Cell (virus_694001,host_360967): 0 -> 1
Cell (virus_3027594,host_375553): 0 -> 1
Cell (virus_3027594,host_1633875): 0 -> 1
Cell (virus_3027594,host_392318): 0 -> 1
Cell (virus_3027594,host_1207989): 0 -> 1
Cell (virus_3027594,host_76834): 0 -> 1
Cell (virus_3027594,host_148094): 0 -> 1
Cell (virus_3027594,host_9423): 0 -> 1
Cell (virus_3027594,host_27622): 0 -> 1
Cell (virus_3027594,host_2969767): 0 -> 1
Cell (virus_3027594,host_360967): 0 -> 1
Cell (virus_3027594,host_999321): 0 -> 1
Cell (virus_3433782,host_258946): 0 -> 1
Cell (virus_3433782,host_1633875): 0 -> 1
Cell (virus_3433782,host_392318): 0 -> 1
Cell (virus_3433782,host_76834): 0 -> 1
Cell (virus_3433782,host_77218): 0 -> 1
Cell (virus_3433782,host_148094): 0 -> 1
Cell (virus_3433782,host_27622): 0 -> 1
Cell (virus_3433782,host_249033): 0 -> 1
Cell (virus_3433782,host_2969767): 0 -> 1
Cell (virus_3433782,host_360967): 0 -> 1
Cell (virus_3027595,host_519446): 0 -> 1
Cell (virus_3027595,host_867892): 0 -> 1
Cell (virus_3027595,host_76834): 0 -> 1
Cell (virus_3027595,host_430492): 0 -> 1
Cell (virus_3027595,host_410852): 0 -> 1
Cell (virus_3027595,host_51012): 0 -> 1
Cell (virus_3027595,host_9423): 0 -> 1
Cell (virus_3027595,host_27622): 0 -> 1
Cell (virus_3027595,host_249033): 0 -> 1
Cell (virus_2917968,host_608659): 0 -> 1
Cell (virus_2917968,host_1898386): 0 -> 1
Cell (virus_2917968,host_326083): 0 -> 1
Cell (virus_2917968,host_2218597): 0 -> 1
Cell (virus_2917968,host_526822): 0 -> 1
Cell (virus_3119328,host_608659): 0 -> 1
Cell (virus_3119328,host_59477): 0 -> 1
Cell (virus_3119328,host_430492): 0 -> 1
Cell (virus_3119328,host_166054): 0 -> 1
Cell (virus_3119328,host_177160): 0 -> 1
Cell (virus_3119328,host_2218597): 0 -> 1
Cell (virus_3119328,host_452595): 0 -> 1
Cell (virus_3119328,host_258909): 0 -> 1
Cell (virus_3119329,host_187011): 0 -> 1
Cell (virus_3119329,host_51298): 0 -> 1
Cell (virus_3119329,host_155035): 0 -> 1
Cell (virus_3119329,host_249024): 0 -> 1
Cell (virus_3119329,host_342862): 0 -> 1
Cell (virus_3119329,host_9403): 0 -> 1
Cell (virus_3119329,host_903567): 0 -> 1
Cell (virus_3119329,host_258952): 0 -> 1
Cell (virus_3119329,host_59485): 0 -> 1
Cell (virus_2991941,host_392318): 0 -> 1
Cell (virus_2991941,host_155035): 0 -> 1
Cell (virus_2991941,host_334201): 0 -> 1
Cell (virus_2991941,host_77218): 0 -> 1
Cell (virus_2991941,host_9403): 0 -> 1
Cell (virus_2991941,host_77231): 0 -> 1
Cell (virus_2991941,host_326081): 0 -> 1
Cell (virus_2991941,host_51012): 0 -> 1
Cell (virus_2991941,host_9423): 0 -> 1
Cell (virus_2993504,host_155035): 0 -> 1
Cell (virus_2993504,host_334201): 0 -> 1
Cell (virus_2993504,host_463808): 0 -> 1
Cell (virus_2993504,host_77218): 0 -> 1
Cell (virus_2993504,host_9403): 0 -> 1
Cell (virus_2993504,host_77231): 0 -> 1
Cell (virus_2993504,host_326081): 0 -> 1
Cell (virus_2993504,host_2218597): 0 -> 1
Cell (virus_2993504,host_258863): 0 -> 1
Cell (virus_2993504,host_249033): 0 -> 1
Cell (virus_1335626,host_2528591): 0 -> 1
Cell (virus_1335626,host_225399): 0 -> 1
Cell (virus_1335626,host_188570): 0 -> 1
Cell (virus_1335626,host_188571): 0 -> 1
Cell (virus_1335626,host_124756): 0 -> 1
Cell (virus_1335626,host_58073): 0 -> 1
Cell (virus_3433633,host_2528591): 0 -> 1
Cell (virus_3433633,host_225399): 0 -> 1
Cell (virus_3433633,host_188570): 0 -> 1
Cell (virus_3433633,host_188571): 0 -> 1
Cell (virus_3433633,host_124756): 0 -> 1
Cell (virus_3433633,host_58073): 0 -> 1
Cell (virus_1508220,host_187011): 0 -> 1
Cell (virus_1508220,host_2528591): 0 -> 1
Cell (virus_1508220,host_98922): 0 -> 1
Cell (virus_1508220,host_608708): 0 -> 1
Cell (virus_1508220,host_430491): 0 -> 1
Cell (virus_1508220,host_188571): 0 -> 1
Cell (virus_1508220,host_77243): 0 -> 1
Cell (virus_1508220,host_187003): 0 -> 1
Cell (virus_1508220,host_452595): 0 -> 1
Cell (virus_1508220,host_360967): 0 -> 1
Cell (virus_3433775,host_187011): 0 -> 1
Cell (virus_3433775,host_2528591): 0 -> 1
Cell (virus_3433775,host_98922): 0 -> 1
Cell (virus_3433775,host_608708): 0 -> 1
Cell (virus_3433775,host_430491): 0 -> 1
Cell (virus_3433775,host_58057): 0 -> 1
Cell (virus_3433775,host_77243): 0 -> 1
Cell (virus_3433775,host_187003): 0 -> 1
Cell (virus_3433775,host_452595): 0 -> 1
Cell (virus_3433775,host_360967): 0 -> 1
Cell (virus_694008,host_187011): 0 -> 1
Cell (virus_694008,host_2528591): 0 -> 1
Cell (virus_694008,host_98922): 0 -> 1
Cell (virus_694008,host_608708): 0 -> 1
Cell (virus_694008,host_430491): 0 -> 1
Cell (virus_694008,host_58057): 0 -> 1
Cell (virus_694008,host_77243): 0 -> 1
Cell (virus_694008,host_187003): 0 -> 1
Cell (virus_694008,host_452595): 0 -> 1
Cell (virus_694008,host_360967): 0 -> 1
Cell (virus_2832974,host_430491): 0 -> 1
Cell (virus_2832974,host_188571): 0 -> 1
Cell (virus_2832974,host_77223): 0 -> 1
Cell (virus_2832974,host_77233): 0 -> 1
Cell (virus_2832974,host_187003): 0 -> 1
Cell (virus_2832974,host_27660): 0 -> 1
Cell (virus_1928434,host_187011): 0 -> 1
Cell (virus_1928434,host_3380546): 0 -> 1
Cell (virus_1928434,host_109481): 0 -> 1
Cell (virus_1928434,host_587652): 0 -> 1
Cell (virus_1928434,host_155035): 0 -> 1
Cell (virus_1928434,host_302402): 0 -> 1
Cell (virus_1928434,host_169756): 0 -> 1
Cell (virus_1928434,host_188570): 0 -> 1
Cell (virus_1928434,host_337453): 0 -> 1
Cell (virus_1928434,host_448084): 0 -> 1
Cell (virus_1928434,host_3370289): 0 -> 1
Cell (virus_1928434,host_2969767): 0 -> 1
Cell (virus_3433757,host_187011): 0 -> 1
Cell (virus_3433757,host_3380546): 0 -> 1
Cell (virus_3433757,host_587652): 0 -> 1
Cell (virus_3433757,host_155035): 0 -> 1
Cell (virus_3433757,host_302402): 0 -> 1
Cell (virus_3433757,host_169756): 0 -> 1
Cell (virus_3433757,host_188570): 0 -> 1
Cell (virus_3433757,host_337453): 0 -> 1
Cell (virus_3433757,host_448084): 0 -> 1
Cell (virus_3433757,host_58071): 0 -> 1
Cell (virus_3433757,host_3370289): 0 -> 1
Cell (virus_3433757,host_2969767): 0 -> 1
Cell (virus_694003,host_187011): 0 -> 1
Cell (virus_694003,host_3380546): 0 -> 1
Cell (virus_694003,host_587652): 0 -> 1
Cell (virus_694003,host_155035): 0 -> 1
Cell (virus_694003,host_302402): 0 -> 1
Cell (virus_694003,host_169756): 0 -> 1
Cell (virus_694003,host_188570): 0 -> 1
Cell (virus_694003,host_337453): 0 -> 1
Cell (virus_694003,host_448084): 0 -> 1
Cell (virus_694003,host_58071): 0 -> 1
Cell (virus_694003,host_3370289): 0 -> 1
Cell (virus_694003,host_2969767): 0 -> 1
Cell (virus_2717680,host_225399): 0 -> 1
Cell (virus_2717680,host_225400): 0 -> 1
Cell (virus_2717680,host_155035): 0 -> 1
Cell (virus_2717680,host_186991): 0 -> 1
Cell (virus_2717680,host_302402): 0 -> 1
Cell (virus_2717680,host_188572): 0 -> 1
Cell (virus_2717680,host_196889): 0 -> 1
Cell (virus_2717680,host_320431): 0 -> 1
Cell (virus_2717680,host_549403): 0 -> 1
Cell (virus_2717680,host_58067): 0 -> 1
Cell (virus_2717680,host_9407): 0 -> 1
Cell (virus_2717680,host_118856): 0 -> 1
Cell (virus_2717680,host_27638): 0 -> 1
Cell (virus_2717680,host_148089): 0 -> 1
Cell (virus_2717680,host_9414): 0 -> 1
Cell (virus_2717680,host_221087): 0 -> 1
Cell (virus_2717680,host_258863): 0 -> 1
Cell (virus_2717680,host_249033): 0 -> 1
Cell (virus_2833022,host_109482): 0 -> 1
Cell (virus_2833022,host_225399): 0 -> 1
Cell (virus_2833022,host_225400): 0 -> 1
Cell (virus_2833022,host_155035): 0 -> 1
Cell (virus_2833022,host_519041): 0 -> 1
Cell (virus_2833022,host_430492): 0 -> 1
Cell (virus_2833022,host_329870): 0 -> 1
Cell (virus_2833022,host_549403): 0 -> 1
Cell (virus_2833022,host_58067): 0 -> 1
Cell (virus_2833022,host_448084): 0 -> 1
Cell (virus_2833022,host_9407): 0 -> 1
Cell (virus_2833022,host_9414): 0 -> 1
Cell (virus_2833022,host_249033): 0 -> 1
Cell (virus_2833022,host_3371014): 0 -> 1
Cell (virus_2833022,host_258959): 0 -> 1
Cell (virus_2833022,host_59485): 0 -> 1
Cell (virus_2913444,host_109482): 0 -> 1
Cell (virus_2913444,host_155035): 0 -> 1
Cell (virus_2913444,host_186991): 0 -> 1
Cell (virus_2913444,host_430492): 0 -> 1
Cell (virus_2913444,host_329870): 0 -> 1
Cell (virus_2913444,host_9402): 0 -> 1
Cell (virus_2913444,host_58067): 0 -> 1
Cell (virus_2913444,host_9407): 0 -> 1
Cell (virus_2913444,host_77233): 0 -> 1
Cell (virus_2913444,host_27642): 0 -> 1
Cell (virus_2913444,host_9414): 0 -> 1
Cell (virus_2913444,host_221087): 0 -> 1
Cell (virus_2913444,host_258863): 0 -> 1
Cell (virus_2913444,host_452595): 0 -> 1
Cell (virus_2913444,host_249033): 0 -> 1
Cell (virus_2913444,host_258959): 0 -> 1
Cell (virus_3418614,host_59473): 0 -> 1
Cell (virus_3418614,host_452653): 0 -> 1
Cell (virus_3418614,host_329870): 0 -> 1
Cell (virus_3418614,host_549403): 0 -> 1
Cell (virus_3418614,host_110938): 0 -> 1
Cell (virus_3418614,host_258959): 0 -> 1
Cell (virus_3418614,host_59485): 0 -> 1
Cell (virus_2913379,host_412095): 0 -> 1
Cell (virus_2913379,host_526407): 0 -> 1
Cell (virus_2913379,host_258925): 0 -> 1
Cell (virus_2913379,host_1207989): 0 -> 1
Cell (virus_2913379,host_2603865): 0 -> 1
Cell (virus_2913379,host_77218): 0 -> 1
Cell (virus_2913379,host_77223): 0 -> 1
Cell (virus_2913379,host_94956): 0 -> 1
Cell (virus_2913379,host_258863): 0 -> 1
Cell (virus_2913379,host_3370289): 0 -> 1
Cell (virus_2913379,host_29078): 0 -> 1
Cell (virus_2913379,host_999321): 0 -> 1
Cell (virus_2913379,host_258959): 0 -> 1
Cell (virus_2913381,host_3380546): 0 -> 1
Cell (virus_2913381,host_412095): 0 -> 1
Cell (virus_2913381,host_77218): 0 -> 1
Cell (virus_2913381,host_9414): 0 -> 1
Cell (virus_2913381,host_258863): 0 -> 1
Cell (virus_2913381,host_258959): 0 -> 1
Cell (virus_3418613,host_187011): 0 -> 1
Cell (virus_3418613,host_246814): 0 -> 1
Cell (virus_3418613,host_412095): 0 -> 1
Cell (virus_3418613,host_58069): 0 -> 1
Cell (virus_3418613,host_476588): 0 -> 1
Cell (virus_3418613,host_76837): 0 -> 1
Cell (virus_3418613,host_89399): 0 -> 1
Cell (virus_3418613,host_77218): 0 -> 1
Cell (virus_3418613,host_329870): 0 -> 1
Cell (virus_3418613,host_77214): 0 -> 1
Cell (virus_3418613,host_177162): 0 -> 1
Cell (virus_3418613,host_2994998): 0 -> 1
Cell (virus_3418613,host_9414): 0 -> 1
Cell (virus_3418613,host_109485): 0 -> 1
Cell (virus_3418613,host_999321): 0 -> 1
Cell (virus_3418613,host_2491053): 0 -> 1
Cell (virus_2913443,host_203696): 0 -> 1
Cell (virus_2913443,host_186990): 0 -> 1
Cell (virus_2913443,host_519041): 0 -> 1
Cell (virus_2913443,host_302408): 0 -> 1
Cell (virus_2913443,host_342862): 0 -> 1
Cell (virus_2913443,host_549403): 0 -> 1
Cell (virus_2913443,host_77223): 0 -> 1
Cell (virus_2913443,host_27663): 0 -> 1
Cell (virus_2913443,host_51012): 0 -> 1
Cell (virus_2913443,host_27638): 0 -> 1
Cell (virus_2913443,host_258863): 0 -> 1
Cell (virus_2913443,host_9438): 0 -> 1
Cell (virus_2913443,host_249033): 0 -> 1
Cell (virus_2913443,host_3371021): 0 -> 1
Cell (virus_2913443,host_360967): 0 -> 1
Cell (virus_2913443,host_143942): 0 -> 1
Cell (virus_2913443,host_110938): 0 -> 1
Cell (virus_2972746,host_386774): 0 -> 1
Cell (virus_2972746,host_203696): 0 -> 1
Cell (virus_2972746,host_169756): 0 -> 1
Cell (virus_2972746,host_519041): 0 -> 1
Cell (virus_2972746,host_302408): 0 -> 1
Cell (virus_2972746,host_342862): 0 -> 1
Cell (virus_2972746,host_549403): 0 -> 1
Cell (virus_2972746,host_77223): 0 -> 1
Cell (virus_2972746,host_9423): 0 -> 1
Cell (virus_2972746,host_2218597): 0 -> 1
Cell (virus_2972746,host_258863): 0 -> 1
Cell (virus_2972746,host_249033): 0 -> 1
Cell (virus_2972746,host_360967): 0 -> 1
Cell (virus_2972746,host_143942): 0 -> 1
Cell (virus_2972746,host_258959): 0 -> 1
Cell (virus_1805463,host_294653): 0 -> 1
Cell (virus_1805463,host_109478): 0 -> 1
Cell (virus_1805463,host_9400): 0 -> 1
Cell (virus_1805463,host_27663): 0 -> 1
Cell (virus_1805463,host_3042450): 0 -> 1
Cell (virus_1805463,host_3041509): 0 -> 1
Cell (virus_1805463,host_3371014): 0 -> 1
Cell (virus_1805463,host_526822): 0 -> 1
Cell (virus_3061635,host_294653): 0 -> 1
Cell (virus_3061635,host_109478): 0 -> 1
Cell (virus_3061635,host_27663): 0 -> 1
Cell (virus_3061635,host_3042450): 0 -> 1
Cell (virus_3061635,host_3371014): 0 -> 1
Cell (virus_3061635,host_526822): 0 -> 1
Cell (virus_3068888,host_294653): 0 -> 1
Cell (virus_3068888,host_109478): 0 -> 1
Cell (virus_3068888,host_160974): 0 -> 1
Cell (virus_3068888,host_1381355): 0 -> 1
Cell (virus_3068888,host_89673): 0 -> 1
Cell (virus_3068888,host_3041509): 0 -> 1
Cell (virus_3068888,host_3371014): 0 -> 1
Cell (virus_3068888,host_526822): 0 -> 1
Cell (virus_2833184,host_196296): 0 -> 1
Cell (virus_2833184,host_166054): 0 -> 1
Cell (virus_2833184,host_9430): 0 -> 1
Cell (virus_2833184,host_249034): 0 -> 1
Cell (virus_2833184,host_61862): 0 -> 1
Cell (virus_2833184,host_526822): 0 -> 1
Cell (virus_864596,host_9435): 0 -> 1
Cell (virus_864596,host_59477): 0 -> 1
Cell (virus_864596,host_89399): 0 -> 1
Cell (virus_864596,host_59479): 0 -> 1
Cell (virus_864596,host_166054): 0 -> 1
Cell (virus_864596,host_907075): 0 -> 1
Cell (virus_864596,host_27663): 0 -> 1
Cell (virus_864596,host_272799): 0 -> 1
Cell (virus_864596,host_3371016): 0 -> 1
Cell (virus_3068538,host_109478): 0 -> 1
Cell (virus_3068538,host_258940): 0 -> 1
Cell (virus_3068538,host_59453): 0 -> 1
Cell (virus_3068538,host_157961): 0 -> 1
Cell (virus_3068538,host_320431): 0 -> 1
Cell (virus_3068538,host_498220): 0 -> 1
Cell (virus_3068538,host_374419): 0 -> 1
Cell (virus_3068538,host_27663): 0 -> 1
Cell (virus_3068538,host_192403): 0 -> 1
Cell (virus_694009,host_109478): 0 -> 1
Cell (virus_694009,host_59453): 0 -> 1
Cell (virus_694009,host_157961): 0 -> 1
Cell (virus_694009,host_76837): 0 -> 1
Cell (virus_694009,host_320431): 0 -> 1
Cell (virus_694009,host_498220): 0 -> 1
Cell (virus_694009,host_374419): 0 -> 1
Cell (virus_694009,host_27663): 0 -> 1
Cell (virus_694009,host_192403): 0 -> 1
Cell (virus_3418604,host_109478): 0 -> 1
Cell (virus_3418604,host_59453): 0 -> 1
Cell (virus_3418604,host_157961): 0 -> 1
Cell (virus_3418604,host_76837): 0 -> 1
Cell (virus_3418604,host_320431): 0 -> 1
Cell (virus_3418604,host_498220): 0 -> 1
Cell (virus_3418604,host_374419): 0 -> 1
Cell (virus_3418604,host_291302): 0 -> 1
Cell (virus_2913380,host_867892): 0 -> 1
Cell (virus_2913380,host_3371112): 0 -> 1
Cell (virus_2913380,host_328804): 0 -> 1
Cell (virus_2913380,host_9423): 0 -> 1
Cell (virus_2913380,host_124751): 0 -> 1
Cell (virus_989337,host_109482): 0 -> 1
Cell (virus_989337,host_584995): 0 -> 1
Cell (virus_989337,host_169756): 0 -> 1
Cell (virus_989337,host_2603866): 0 -> 1
Cell (virus_989337,host_372077): 0 -> 1
Cell (virus_989337,host_1898393): 0 -> 1
Cell (virus_989337,host_148094): 0 -> 1
Cell (virus_989337,host_9423): 0 -> 1
Cell (virus_989337,host_27622): 0 -> 1
Cell (virus_989337,host_909369): 0 -> 1
Cell (virus_989337,host_360967): 0 -> 1
Cell (virus_3433764,host_258946): 0 -> 1
Cell (virus_3433764,host_526407): 0 -> 1
Cell (virus_3433764,host_452654): 0 -> 1
Cell (virus_3433764,host_175524): 0 -> 1
Cell (virus_3433764,host_169756): 0 -> 1
Cell (virus_3433764,host_342862): 0 -> 1
Cell (virus_3433764,host_385575): 0 -> 1
Cell (virus_3433764,host_58065): 0 -> 1
Cell (virus_3433764,host_77233): 0 -> 1
Cell (virus_3433764,host_326151): 0 -> 1
Cell (virus_3433764,host_27622): 0 -> 1
Cell (virus_3433764,host_9438): 0 -> 1
Cell (virus_2115988,host_386774): 0 -> 1
Cell (virus_2115988,host_225400): 0 -> 1
Cell (virus_2115988,host_175524): 0 -> 1
Cell (virus_2115988,host_270698): 0 -> 1
Cell (virus_2115988,host_342862): 0 -> 1
Cell (virus_2115988,host_549403): 0 -> 1
Cell (virus_2115988,host_9403): 0 -> 1
Cell (virus_2115988,host_1898393): 0 -> 1
Cell (virus_2115988,host_2218597): 0 -> 1
Cell (virus_2833151,host_3380546): 0 -> 1
Cell (virus_2833151,host_2528591): 0 -> 1
Cell (virus_2833151,host_386774): 0 -> 1
Cell (virus_2833151,host_526407): 0 -> 1
Cell (virus_2833151,host_225400): 0 -> 1
Cell (virus_2833151,host_385037): 0 -> 1
Cell (virus_2833151,host_188569): 0 -> 1
Cell (virus_2833151,host_175524): 0 -> 1
Cell (virus_2833151,host_270698): 0 -> 1
Cell (virus_2833151,host_342862): 0 -> 1
Cell (virus_2833151,host_549403): 0 -> 1
Cell (virus_2833151,host_9403): 0 -> 1
Cell (virus_2833151,host_409031): 0 -> 1
Cell (virus_2833151,host_452595): 0 -> 1
Cell (virus_2833151,host_143942): 0 -> 1
Cell (virus_3433795,host_386774): 0 -> 1
Cell (virus_3433795,host_392004): 0 -> 1
Cell (virus_3433795,host_225400): 0 -> 1
Cell (virus_3433795,host_270698): 0 -> 1
Cell (virus_3433795,host_476589): 0 -> 1
Cell (virus_3433795,host_342862): 0 -> 1
Cell (virus_3433795,host_549403): 0 -> 1
Cell (virus_3433795,host_9403): 0 -> 1
Cell (virus_3433795,host_1898393): 0 -> 1
Cell (virus_3433795,host_27663): 0 -> 1
Cell (virus_3433795,host_2218597): 0 -> 1
Cell (virus_693998,host_386774): 0 -> 1
Cell (virus_693998,host_392004): 0 -> 1
Cell (virus_693998,host_225400): 0 -> 1
Cell (virus_693998,host_270698): 0 -> 1
Cell (virus_693998,host_476589): 0 -> 1
Cell (virus_693998,host_342862): 0 -> 1
Cell (virus_693998,host_549403): 0 -> 1
Cell (virus_693998,host_9403): 0 -> 1
Cell (virus_693998,host_1898393): 0 -> 1
Cell (virus_693998,host_27663): 0 -> 1
Cell (virus_693998,host_2218597): 0 -> 1
Cell (virus_2913382,host_294653): 0 -> 1
Cell (virus_2913382,host_412095): 0 -> 1
Cell (virus_2913382,host_385037): 0 -> 1
Cell (virus_2913382,host_58057): 0 -> 1
Cell (virus_2913382,host_1898393): 0 -> 1
Cell (virus_2913382,host_148094): 0 -> 1
Cell (virus_2913382,host_258863): 0 -> 1
Cell (virus_2913382,host_999964): 0 -> 1
Cell (virus_2913382,host_272799): 0 -> 1
Cell (virus_2913382,host_2969767): 0 -> 1
Cell (virus_2913382,host_59485): 0 -> 1
Cell (virus_3433766,host_246814): 0 -> 1
Cell (virus_3433766,host_412095): 0 -> 1
Cell (virus_3433766,host_196889): 0 -> 1
Cell (virus_3433766,host_337452): 0 -> 1
Cell (virus_3433766,host_302408): 0 -> 1
Cell (virus_3433766,host_337453): 0 -> 1
Cell (virus_3433766,host_166054): 0 -> 1
Cell (virus_3433766,host_1898389): 0 -> 1
Cell (virus_3433766,host_9407): 0 -> 1
Cell (virus_3433766,host_148094): 0 -> 1
Cell (virus_3433766,host_61862): 0 -> 1
Cell (virus_694014,host_246814): 0 -> 1
Cell (virus_694014,host_412095): 0 -> 1
Cell (virus_694014,host_196889): 0 -> 1
Cell (virus_694014,host_337452): 0 -> 1
Cell (virus_694014,host_302408): 0 -> 1
Cell (virus_694014,host_337453): 0 -> 1
Cell (virus_694014,host_166054): 0 -> 1
Cell (virus_694014,host_1898389): 0 -> 1
Cell (virus_694014,host_9407): 0 -> 1
Cell (virus_694014,host_148094): 0 -> 1
Cell (virus_694014,host_61862): 0 -> 1
Cell (virus_2917966,host_51300): 0 -> 1
Cell (virus_2917966,host_109478): 0 -> 1
Cell (virus_2917966,host_257882): 0 -> 1
Cell (virus_2917966,host_59463): 0 -> 1
Cell (virus_2917966,host_109480): 0 -> 1
Cell (virus_2917966,host_109481): 0 -> 1
Cell (virus_2917966,host_225399): 0 -> 1
Cell (virus_2917966,host_177185): 0 -> 1
Cell (virus_2917966,host_188570): 0 -> 1
Cell (virus_2917966,host_196296): 0 -> 1
Cell (virus_2917966,host_188571): 0 -> 1
Cell (virus_2917966,host_77218): 0 -> 1
Cell (virus_2917966,host_58057): 0 -> 1
Cell (virus_2917966,host_1410044): 0 -> 1
Cell (virus_2917966,host_2853157): 0 -> 1
Cell (virus_2917966,host_77243): 0 -> 1
Cell (virus_2917966,host_59476): 0 -> 1
Cell (virus_2917966,host_27642): 0 -> 1
Cell (virus_2917966,host_61862): 0 -> 1
Cell (virus_2917966,host_2969767): 0 -> 1
Cell (virus_2917966,host_110938): 0 -> 1
Cell (virus_3158245,host_105273): 0 -> 1
Cell (virus_3158245,host_1207989): 0 -> 1
Cell (virus_3158245,host_59453): 0 -> 1
Cell (virus_3158245,host_584995): 0 -> 1
Cell (virus_3158245,host_302402): 0 -> 1
Cell (virus_3158245,host_169756): 0 -> 1
Cell (virus_3158245,host_132908): 0 -> 1
Cell (virus_3158245,host_249033): 0 -> 1
Cell (virus_3158245,host_258909): 0 -> 1
Cell (virus_693999,host_105273): 0 -> 1
Cell (virus_693999,host_1207989): 0 -> 1
Cell (virus_693999,host_59453): 0 -> 1
Cell (virus_693999,host_584995): 0 -> 1
Cell (virus_693999,host_302402): 0 -> 1
Cell (virus_693999,host_169756): 0 -> 1
Cell (virus_693999,host_132908): 0 -> 1
Cell (virus_693999,host_249033): 0 -> 1
Cell (virus_693999,host_258909): 0 -> 1
Cell (virus_3418615,host_51300): 0 -> 1
Cell (virus_3418615,host_109478): 0 -> 1
Cell (virus_3418615,host_392318): 0 -> 1
Cell (virus_3418615,host_59453): 0 -> 1
Cell (virus_3418615,host_302402): 0 -> 1
Cell (virus_3418615,host_76834): 0 -> 1
Cell (virus_3418615,host_2603865): 0 -> 1
Cell (virus_3418615,host_59478): 0 -> 1
Cell (virus_3418615,host_77223): 0 -> 1
Cell (virus_3418615,host_374419): 0 -> 1
Cell (virus_3418615,host_3042450): 0 -> 1
Cell (virus_3418615,host_9433): 0 -> 1
Cell (virus_3418615,host_187008): 0 -> 1
Cell (virus_3418615,host_3041509): 0 -> 1
Cell (virus_3418615,host_242384): 0 -> 1
Cell (virus_694006,host_51300): 0 -> 1
Cell (virus_694006,host_109478): 0 -> 1
Cell (virus_694006,host_392318): 0 -> 1
Cell (virus_694006,host_59453): 0 -> 1
Cell (virus_694006,host_302402): 0 -> 1
Cell (virus_694006,host_76834): 0 -> 1
Cell (virus_694006,host_2603865): 0 -> 1
Cell (virus_694006,host_59478): 0 -> 1
Cell (virus_694006,host_77223): 0 -> 1
Cell (virus_694006,host_374419): 0 -> 1
Cell (virus_694006,host_3042450): 0 -> 1
Cell (virus_694006,host_9433): 0 -> 1
Cell (virus_694006,host_187008): 0 -> 1
Cell (virus_694006,host_3041509): 0 -> 1
Cell (virus_694006,host_242384): 0 -> 1
Cell (virus_3433776,host_51300): 0 -> 1
Cell (virus_3433776,host_98922): 0 -> 1
Cell (virus_3433776,host_225400): 0 -> 1
Cell (virus_3433776,host_175524): 0 -> 1
Cell (virus_3433776,host_463808): 0 -> 1
Cell (virus_3433776,host_188572): 0 -> 1
Cell (virus_3433776,host_320431): 0 -> 1
Cell (virus_3433776,host_1195082): 0 -> 1
Cell (virus_3433776,host_58057): 0 -> 1
Cell (virus_3433776,host_58065): 0 -> 1
Cell (virus_3433776,host_77214): 0 -> 1
Cell (virus_3433776,host_148094): 0 -> 1
Cell (virus_3433776,host_29078): 0 -> 1
Cell (virus_3433776,host_3371021): 0 -> 1
Cell (virus_3433776,host_867834): 0 -> 1
Cell (virus_3433776,host_258944): 0 -> 1
Cell (virus_694007,host_51300): 0 -> 1
Cell (virus_694007,host_98922): 0 -> 1
Cell (virus_694007,host_225400): 0 -> 1
Cell (virus_694007,host_175524): 0 -> 1
Cell (virus_694007,host_463808): 0 -> 1
Cell (virus_694007,host_188572): 0 -> 1
Cell (virus_694007,host_320431): 0 -> 1
Cell (virus_694007,host_1195082): 0 -> 1
Cell (virus_694007,host_58057): 0 -> 1
Cell (virus_694007,host_58065): 0 -> 1
Cell (virus_694007,host_77214): 0 -> 1
Cell (virus_694007,host_148094): 0 -> 1
Cell (virus_694007,host_29078): 0 -> 1
Cell (virus_694007,host_3371021): 0 -> 1
Cell (virus_694007,host_867834): 0 -> 1
Cell (virus_694007,host_258944): 0 -> 1
Cell (virus_1881051,host_58069): 0 -> 1
Cell (virus_1881051,host_3371112): 0 -> 1
Cell (virus_1881051,host_9403): 0 -> 1
Cell (virus_1881051,host_498220): 0 -> 1
Cell (virus_1881051,host_77233): 0 -> 1
Cell (virus_1881051,host_177162): 0 -> 1
Cell (virus_1881051,host_9433): 0 -> 1
Cell (virus_1881051,host_3370289): 0 -> 1
Cell (virus_1881051,host_3371014): 0 -> 1
Cell (virus_1881051,host_59485): 0 -> 1
Cell (virus_2913387,host_59473): 0 -> 1
Cell (virus_2913387,host_58069): 0 -> 1
Cell (virus_2913387,host_337453): 0 -> 1
Cell (virus_2913387,host_3371112): 0 -> 1
Cell (virus_2913387,host_9403): 0 -> 1
Cell (virus_2913387,host_77233): 0 -> 1
Cell (virus_2913387,host_192403): 0 -> 1
Cell (virus_2913387,host_177162): 0 -> 1
Cell (virus_2913387,host_59472): 0 -> 1
Cell (virus_2913387,host_9433): 0 -> 1
Cell (virus_2913387,host_3370289): 0 -> 1
Cell (virus_2913387,host_3371014): 0 -> 1
Cell (virus_2691592,host_9435): 0 -> 1
Cell (virus_2691592,host_109481): 0 -> 1
Cell (virus_2691592,host_386774): 0 -> 1
Cell (virus_2691592,host_392004): 0 -> 1
Cell (virus_2691592,host_225400): 0 -> 1
Cell (virus_2691592,host_334201): 0 -> 1
Cell (virus_2691592,host_188571): 0 -> 1
Cell (virus_2691592,host_302408): 0 -> 1
Cell (virus_2691592,host_124756): 0 -> 1
Cell (virus_2691592,host_9403): 0 -> 1
Cell (virus_2691592,host_372077): 0 -> 1
Cell (virus_2691592,host_498220): 0 -> 1
Cell (virus_2691592,host_77233): 0 -> 1
Cell (virus_2691592,host_40224): 0 -> 1
Cell (virus_2691592,host_40229): 0 -> 1
Cell (virus_2691592,host_9430): 0 -> 1
Cell (virus_2691592,host_59472): 0 -> 1
Cell (virus_28295,host_188570): 0 -> 1
Cell (virus_28295,host_188572): 0 -> 1
Cell (virus_28295,host_867892): 0 -> 1
Cell (virus_28295,host_132908): 0 -> 1
Cell (virus_28295,host_166054): 0 -> 1
Cell (virus_28295,host_9402): 0 -> 1
Cell (virus_28295,host_448084): 0 -> 1
Cell (virus_28295,host_40233): 0 -> 1
Cell (virus_28295,host_40229): 0 -> 1
Cell (virus_28295,host_153297): 0 -> 1
Cell (virus_28295,host_29078): 0 -> 1
Cell (virus_3433789,host_188570): 0 -> 1
Cell (virus_3433789,host_188572): 0 -> 1
Cell (virus_3433789,host_867892): 0 -> 1
Cell (virus_3433789,host_132908): 0 -> 1
Cell (virus_3433789,host_166054): 0 -> 1
Cell (virus_3433789,host_9402): 0 -> 1
Cell (virus_3433789,host_448084): 0 -> 1
Cell (virus_3433789,host_40233): 0 -> 1
Cell (virus_3433789,host_40229): 0 -> 1
Cell (virus_3433789,host_153297): 0 -> 1
Cell (virus_3433789,host_29078): 0 -> 1
Cell (virus_2913385,host_105295): 0 -> 1
Cell (virus_2913385,host_334201): 0 -> 1
Cell (virus_2913385,host_188570): 0 -> 1
Cell (virus_2913385,host_188572): 0 -> 1
Cell (virus_2913385,host_132908): 0 -> 1
Cell (virus_2913385,host_9403): 0 -> 1
Cell (virus_2913385,host_372077): 0 -> 1
Cell (virus_2913385,host_58060): 0 -> 1
Cell (virus_2913385,host_40233): 0 -> 1
Cell (virus_2913385,host_574064): 0 -> 1
Cell (virus_2913385,host_40229): 0 -> 1
Cell (virus_2913385,host_196700): 0 -> 1
Cell (virus_2913385,host_153297): 0 -> 1
Cell (virus_3077579,host_463808): 0 -> 1
Cell (virus_3077579,host_376555): 0 -> 1
Cell (virus_3077579,host_196889): 0 -> 1
Cell (virus_3077579,host_430491): 0 -> 1
Cell (virus_3077579,host_3371112): 0 -> 1
Cell (virus_3077579,host_27634): 0 -> 1
Cell (virus_3077580,host_463808): 0 -> 1
Cell (virus_3077580,host_376555): 0 -> 1
Cell (virus_3077580,host_196889): 0 -> 1
Cell (virus_3077580,host_430491): 0 -> 1
Cell (virus_3077580,host_3371112): 0 -> 1
Cell (virus_3077580,host_9407): 0 -> 1
Cell (virus_3077580,host_27634): 0 -> 1
Cell (virus_2419667,host_160974): 0 -> 1
Cell (virus_2419667,host_109481): 0 -> 1
Cell (virus_2419667,host_392004): 0 -> 1
Cell (virus_2419667,host_155035): 0 -> 1
Cell (virus_2419667,host_59453): 0 -> 1
Cell (virus_2419667,host_58069): 0 -> 1
Cell (virus_2419667,host_159858): 0 -> 1
Cell (virus_2419667,host_3371112): 0 -> 1
Cell (virus_2419667,host_132908): 0 -> 1
Cell (virus_2419667,host_498220): 0 -> 1
Cell (virus_2419667,host_1381355): 0 -> 1
Cell (virus_2419667,host_907075): 0 -> 1
Cell (virus_2419667,host_27663): 0 -> 1
Cell (virus_2419667,host_410852): 0 -> 1
Cell (virus_2419667,host_27638): 0 -> 1
Cell (virus_3433787,host_160974): 0 -> 1
Cell (virus_3433787,host_109481): 0 -> 1
Cell (virus_3433787,host_392004): 0 -> 1
Cell (virus_3433787,host_155035): 0 -> 1
Cell (virus_3433787,host_59453): 0 -> 1
Cell (virus_3433787,host_58069): 0 -> 1
Cell (virus_3433787,host_159858): 0 -> 1
Cell (virus_3433787,host_3371112): 0 -> 1
Cell (virus_3433787,host_132908): 0 -> 1
Cell (virus_3433787,host_498220): 0 -> 1
Cell (virus_3433787,host_1381355): 0 -> 1
Cell (virus_3433787,host_907075): 0 -> 1
Cell (virus_3433787,host_27663): 0 -> 1
Cell (virus_3433787,host_410852): 0 -> 1
Cell (virus_3433787,host_27638): 0 -> 1
Cell (virus_3027593,host_452653): 0 -> 1
Cell (virus_3027593,host_159330): 0 -> 1
Cell (virus_3027593,host_155035): 0 -> 1
Cell (virus_3027593,host_59453): 0 -> 1
Cell (virus_3027593,host_334201): 0 -> 1
Cell (virus_3027593,host_170233): 0 -> 1
Cell (virus_3027593,host_196889): 0 -> 1
Cell (virus_3027593,host_430492): 0 -> 1
Cell (virus_3027593,host_372077): 0 -> 1
Cell (virus_3027593,host_58067): 0 -> 1
Cell (virus_3027593,host_187007): 0 -> 1
Cell (virus_3027593,host_258959): 0 -> 1
Cell (virus_2991261,host_105273): 0 -> 1
Cell (virus_2991261,host_1633875): 0 -> 1
Cell (virus_2991261,host_186990): 0 -> 1
Cell (virus_2991261,host_430492): 0 -> 1
Cell (virus_2991261,host_94961): 0 -> 1
Cell (virus_2991261,host_1434095): 0 -> 1
Cell (virus_2991261,host_9433): 0 -> 1
Cell (virus_2991261,host_29078): 0 -> 1
Cell (virus_2991261,host_360967): 0 -> 1
Cell (virus_2991261,host_526822): 0 -> 1
Cell (virus_983923,host_105273): 0 -> 1
Cell (virus_983923,host_1633875): 0 -> 1
Cell (virus_983923,host_186990): 0 -> 1
Cell (virus_983923,host_430492): 0 -> 1
Cell (virus_983923,host_94961): 0 -> 1
Cell (virus_983923,host_1434095): 0 -> 1
Cell (virus_983923,host_9433): 0 -> 1
Cell (virus_983923,host_29078): 0 -> 1
Cell (virus_983923,host_360967): 0 -> 1
Cell (virus_3433749,host_258946): 0 -> 1
Cell (virus_3433749,host_109482): 0 -> 1
Cell (virus_3433749,host_98922): 0 -> 1
Cell (virus_3433749,host_155035): 0 -> 1
Cell (virus_3433749,host_59453): 0 -> 1
Cell (virus_3433749,host_196296): 0 -> 1
Cell (virus_3433749,host_188572): 0 -> 1
Cell (virus_3433749,host_320431): 0 -> 1
Cell (virus_3433749,host_166054): 0 -> 1
Cell (virus_3433749,host_1898393): 0 -> 1
Cell (virus_3433749,host_410852): 0 -> 1
Cell (virus_3433749,host_3370289): 0 -> 1
Cell (virus_3433749,host_3371021): 0 -> 1
Cell (virus_1986198,host_526407): 0 -> 1
Cell (virus_1986198,host_155035): 0 -> 1
Cell (virus_1986198,host_59453): 0 -> 1
Cell (virus_1986198,host_177160): 0 -> 1
Cell (virus_1986198,host_221086): 0 -> 1
Cell (virus_1986198,host_258867): 0 -> 1
Cell (virus_1986198,host_909369): 0 -> 1
Cell (virus_3433814,host_105295): 0 -> 1
Cell (virus_3433814,host_160974): 0 -> 1
Cell (virus_3433814,host_155035): 0 -> 1
Cell (virus_3433814,host_59453): 0 -> 1
Cell (virus_3433814,host_175524): 0 -> 1
Cell (virus_3433814,host_188570): 0 -> 1
Cell (virus_3433814,host_196889): 0 -> 1
Cell (virus_3433814,host_608659): 0 -> 1
Cell (virus_3433814,host_430491): 0 -> 1
Cell (virus_3433814,host_372077): 0 -> 1
Cell (virus_3433814,host_448084): 0 -> 1
Cell (virus_3433814,host_1898393): 0 -> 1
Cell (virus_3433814,host_58065): 0 -> 1
Cell (virus_3433814,host_27634): 0 -> 1
Cell (virus_3433814,host_2994998): 0 -> 1
Cell (virus_3433814,host_94961): 0 -> 1
Cell (virus_3433814,host_29078): 0 -> 1
Cell (virus_3433814,host_59474): 0 -> 1
Cell (virus_3433814,host_526822): 0 -> 1
Cell (virus_693997,host_105295): 0 -> 1
Cell (virus_693997,host_160974): 0 -> 1
Cell (virus_693997,host_155035): 0 -> 1
Cell (virus_693997,host_59453): 0 -> 1
Cell (virus_693997,host_175524): 0 -> 1
Cell (virus_693997,host_188570): 0 -> 1
Cell (virus_693997,host_196889): 0 -> 1
Cell (virus_693997,host_608659): 0 -> 1
Cell (virus_693997,host_430491): 0 -> 1
Cell (virus_693997,host_372077): 0 -> 1
Cell (virus_693997,host_448084): 0 -> 1
Cell (virus_693997,host_1898393): 0 -> 1
Cell (virus_693997,host_58065): 0 -> 1
Cell (virus_693997,host_27634): 0 -> 1
Cell (virus_693997,host_2994998): 0 -> 1
Cell (virus_693997,host_94961): 0 -> 1
Cell (virus_693997,host_29078): 0 -> 1
Cell (virus_693997,host_59474): 0 -> 1
Cell (virus_693997,host_526822): 0 -> 1
Cell (virus_2913386,host_258946): 0 -> 1
Cell (virus_2913386,host_294653): 0 -> 1
Cell (virus_2913386,host_109480): 0 -> 1
Cell (virus_2913386,host_109481): 0 -> 1
Cell (virus_2913386,host_109482): 0 -> 1
Cell (virus_2913386,host_51298): 0 -> 1
Cell (virus_2913386,host_155035): 0 -> 1
Cell (virus_2913386,host_258925): 0 -> 1
Cell (virus_2913386,host_170233): 0 -> 1
Cell (virus_2913386,host_59477): 0 -> 1
Cell (virus_2913386,host_342862): 0 -> 1
Cell (virus_2913386,host_328804): 0 -> 1
Cell (virus_2913386,host_9403): 0 -> 1
Cell (virus_2913386,host_58057): 0 -> 1
Cell (virus_2913386,host_118856): 0 -> 1
Cell (virus_2913386,host_148094): 0 -> 1
Cell (virus_2913386,host_59485): 0 -> 1
Cell (virus_2925879,host_258946): 0 -> 1
Cell (virus_2925879,host_294653): 0 -> 1
Cell (virus_2925879,host_59463): 0 -> 1
Cell (virus_2925879,host_109480): 0 -> 1
Cell (virus_2925879,host_109481): 0 -> 1
Cell (virus_2925879,host_51298): 0 -> 1
Cell (virus_2925879,host_138979): 0 -> 1
Cell (virus_2925879,host_155035): 0 -> 1
Cell (virus_2925879,host_258925): 0 -> 1
Cell (virus_2925879,host_186991): 0 -> 1
Cell (virus_2925879,host_170233): 0 -> 1
Cell (virus_2925879,host_342862): 0 -> 1
Cell (virus_2925879,host_1195082): 0 -> 1
Cell (virus_2925879,host_9403): 0 -> 1
Cell (virus_2925879,host_148094): 0 -> 1
Cell (virus_2925879,host_27638): 0 -> 1
Cell (virus_2925879,host_124751): 0 -> 1
Cell (virus_2925879,host_3371021): 0 -> 1
Cell (virus_2993505,host_258946): 0 -> 1
Cell (virus_2993505,host_59463): 0 -> 1
Cell (virus_2993505,host_109480): 0 -> 1
Cell (virus_2993505,host_109481): 0 -> 1
Cell (virus_2993505,host_51298): 0 -> 1
Cell (virus_2993505,host_155035): 0 -> 1
Cell (virus_2993505,host_258925): 0 -> 1
Cell (virus_2993505,host_157961): 0 -> 1
Cell (virus_2993505,host_519041): 0 -> 1
Cell (virus_2993505,host_302408): 0 -> 1
Cell (virus_2993505,host_1195082): 0 -> 1
Cell (virus_2993505,host_9403): 0 -> 1
Cell (virus_2993505,host_58071): 0 -> 1
Cell (virus_2993505,host_148094): 0 -> 1
Cell (virus_2993505,host_258867): 0 -> 1
Cell (virus_2993505,host_9438): 0 -> 1
Cell (virus_2993505,host_3371016): 0 -> 1
Cell (virus_3433731,host_138979): 0 -> 1
Cell (virus_3433731,host_186991): 0 -> 1
Cell (virus_3433731,host_476589): 0 -> 1
Cell (virus_3433731,host_188571): 0 -> 1
Cell (virus_3433731,host_196700): 0 -> 1
Cell (virus_3433731,host_9430): 0 -> 1
Cell (virus_3433731,host_9433): 0 -> 1
Cell (virus_3433731,host_2218597): 0 -> 1
Cell (virus_3433731,host_249033): 0 -> 1
Cell (virus_3433810,host_225399): 0 -> 1
Cell (virus_3433810,host_188569): 0 -> 1
Cell (virus_3433810,host_166054): 0 -> 1
Cell (virus_3433810,host_58067): 0 -> 1
Cell (virus_3433810,host_94956): 0 -> 1
Cell (virus_3433810,host_177160): 0 -> 1
Cell (virus_3433810,host_61862): 0 -> 1
Cell (virus_3433810,host_3371021): 0 -> 1
Cell (virus_2913388,host_51300): 0 -> 1
Cell (virus_2913388,host_476589): 0 -> 1
Cell (virus_2913388,host_2603865): 0 -> 1
Cell (virus_2913388,host_58067): 0 -> 1
Cell (virus_2913388,host_258867): 0 -> 1
Cell (virus_2913388,host_59474): 0 -> 1
Cell (virus_2913388,host_143942): 0 -> 1
Cell (virus_3433756,host_187011): 0 -> 1
Cell (virus_3433756,host_246814): 0 -> 1
Cell (virus_3433756,host_412095): 0 -> 1
Cell (virus_3433756,host_155035): 0 -> 1
Cell (virus_3433756,host_186990): 0 -> 1
Cell (virus_3433756,host_170233): 0 -> 1
Cell (virus_3433756,host_58067): 0 -> 1
Cell (virus_3433756,host_40228): 0 -> 1
Cell (virus_3433756,host_258867): 0 -> 1
Elbow Metrics: {'precision': 0.8952830188679245, 'recall': 0.9063992359121299, 'f1': 0.9008068343616515, 'TP': 949, 'FP': 111, 'FN': 98}
