Matrix saved as results/braga/86/b4_c0.5/original_matrix.png
Matrix saved as results/braga/86/b4_c0.5/corrupted.png
[iter 0] λ=0.5000 → flips=143
[iter 1] λ=0.2500 → flips=0
[iter 2] λ=0.3750 → flips=36
[iter 3] λ=0.4375 → flips=91
[iter 4] λ=0.4688 → flips=131
[iter 5] λ=0.4531 → flips=105
[iter 6] λ=0.4609 → flips=123
[iter 7] λ=0.4570 → flips=111
[iter 8] λ=0.4590 → flips=113
[iter 9] λ=0.4580 → flips=111
[iter 10] λ=0.4585 → flips=113
[iter 11] λ=0.4583 → flips=113
[iter 12] λ=0.4581 → flips=111
[iter 13] λ=0.4582 → flips=111
[iter 14] λ=0.4582 → flips=113
[iter 15] λ=0.4582 → flips=113
[iter 16] λ=0.4582 → flips=113
[iter 17] λ=0.4582 → flips=111
[iter 18] λ=0.4582 → flips=111
[iter 19] λ=0.4582 → flips=111

Best λ=0.4570 → flips=111, correct=77/112
Number of flips performed: 111
Cell (Hypanartia_lethe,Rosaceae): 0 -> 1
Cell (Hypanartia_lethe,Urticaceae): 0 -> 1
Cell (Hypanartia_bella,Aristolochiaceae): 0 -> 1
Cell (Hypanartia_bella,Urticaceae): 0 -> 1
Cell (Hypanartia_bella,Plantaginaceae): 0 -> 1
Cell (Vanessa_itea,Amborellaceae): 0 -> 1
Cell (Vanessa_itea,Nymphaeaceae): 0 -> 1
Cell (Vanessa_itea,Typhaceae): 0 -> 1
Cell (Vanessa_itea,Urticaceae): 0 -> 1
Cell (Vanessa_itea,Boraginaceae): 0 -> 1
Cell (Vanessa_annabella,Amborellaceae): 0 -> 1
Cell (Vanessa_annabella,Acoraceae): 0 -> 1
Cell (Vanessa_hippomene,Siparunaceae): 0 -> 1
Cell (Vanessa_hippomene,Ulmaceae): 0 -> 1
Cell (Vanessa_hippomene,Cannabaceae): 0 -> 1
Cell (Vanessa_hippomene,Ericaceae): 0 -> 1
Cell (Vanessa_hippomene,Plantaginaceae): 0 -> 1
Cell (Vanessa_dimorphica,Aristolochiaceae): 0 -> 1
Cell (Vanessa_dimorphica,Cannabaceae): 0 -> 1
Cell (Vanessa_dimorphica,Ericaceae): 0 -> 1
Cell (Vanessa_kershawi,Rhamnaceae): 0 -> 1
Cell (Vanessa_kershawi,Asteraceae): 0 -> 1
Cell (Vanessa_cardui,Ulmaceae): 0 -> 1
Cell (Vanessa_cardui,Ericaceae): 0 -> 1
Cell (Vanessa_cardui,Asteraceae): 0 -> 1
Cell (Vanessa_virginiensis,Potamogetonaceae): 0 -> 1
Cell (Vanessa_virginiensis,Fabaceae): 0 -> 1
Cell (Vanessa_virginiensis,Ulmaceae): 0 -> 1
Cell (Vanessa_abyssinica,Potamogetonaceae): 0 -> 1
Cell (Vanessa_abyssinica,Fabaceae): 0 -> 1
Cell (Vanessa_abyssinica,Rosaceae): 0 -> 1
Cell (Vanessa_abyssinica,Urticaceae): 0 -> 1
Cell (Vanessa_abyssinica,Malvaceae): 0 -> 1
Cell (Vanessa_abyssinica,Ericaceae): 0 -> 1
Cell (Vanessa_atalanta,Amborellaceae): 0 -> 1
Cell (Vanessa_atalanta,Siparunaceae): 0 -> 1
Cell (Vanessa_atalanta,Ulmaceae): 0 -> 1
Cell (Vanessa_atalanta,Urticaceae): 0 -> 1
Cell (Vanessa_atalanta,Boraginaceae): 0 -> 1
Cell (Vanessa_tameamea,Chloranthaceae): 0 -> 1
Cell (Vanessa_tameamea,Betulaceae): 0 -> 1
Cell (Vanessa_tameamea,Malvaceae): 0 -> 1
Cell (Vanessa_indica,Acoraceae): 0 -> 1
Cell (Vanessa_indica,Betulaceae): 0 -> 1
Cell (Vanessa_indica,Malvaceae): 0 -> 1
Cell (Vanessa_indica,Ericaceae): 0 -> 1
Cell (Vanessa_indica,Asteraceae): 0 -> 1
Cell (Antanartia_delius,Nymphaeaceae): 0 -> 1
Cell (Antanartia_delius,Schisandraceae): 0 -> 1
Cell (Antanartia_delius,Rhamnaceae): 0 -> 1
Cell (Antanartia_delius,Betulaceae): 0 -> 1
Cell (Aglais_io,Chloranthaceae): 0 -> 1
Cell (Aglais_io,Ceratophyllaceae): 0 -> 1
Cell (Aglais_io,Urticaceae): 0 -> 1
Cell (Aglais_milberti,Schisandraceae): 0 -> 1
Cell (Aglais_milberti,Chloranthaceae): 0 -> 1
Cell (Aglais_milberti,Ulmaceae): 0 -> 1
Cell (Aglais_milberti,Salicaceae): 0 -> 1
Cell (Aglais_milberti,Grossulariaceae): 0 -> 1
Cell (Aglais_urticae,Smilacaceae): 0 -> 1
Cell (Aglais_urticae,Acoraceae): 0 -> 1
Cell (Aglais_urticae,Ceratophyllaceae): 0 -> 1
Cell (Aglais_urticae,Ulmaceae): 0 -> 1
Cell (Aglais_urticae,Urticaceae): 0 -> 1
Cell (Aglais_urticae,Malvaceae): 0 -> 1
Cell (Kaniska_canace,Ulmaceae): 0 -> 1
Cell (Kaniska_canace,Betulaceae): 0 -> 1
Cell (Nymphalis_l_album,Siparunaceae): 0 -> 1
Cell (Nymphalis_l_album,Ericaceae): 0 -> 1
Cell (Nymphalis_polychloros,Nymphaeaceae): 0 -> 1
Cell (Nymphalis_polychloros,Siparunaceae): 0 -> 1
Cell (Nymphalis_polychloros,Aristolochiaceae): 0 -> 1
Cell (Nymphalis_polychloros,Fabaceae): 0 -> 1
Cell (Nymphalis_polychloros,Rosaceae): 0 -> 1
Cell (Nymphalis_polychloros,Salicaceae): 0 -> 1
Cell (Nymphalis_californica,Siparunaceae): 0 -> 1
Cell (Nymphalis_californica,Fabaceae): 0 -> 1
Cell (Nymphalis_xanthomelas,Schisandraceae): 0 -> 1
Cell (Nymphalis_xanthomelas,Fabaceae): 0 -> 1
Cell (Nymphalis_antiopa,Malvaceae): 0 -> 1
Cell (Polygonia_c_aureum,Siparunaceae): 0 -> 1
Cell (Polygonia_c_aureum,Ulmaceae): 0 -> 1
Cell (Polygonia_egea,Siparunaceae): 0 -> 1
Cell (Polygonia_egea,Smilacaceae): 0 -> 1
Cell (Polygonia_faunus,Siparunaceae): 0 -> 1
Cell (Polygonia_faunus,Smilacaceae): 0 -> 1
Cell (Polygonia_faunus,Rosaceae): 0 -> 1
Cell (Polygonia_faunus,Urticaceae): 0 -> 1
Cell (Polygonia_faunus,Ericaceae): 0 -> 1
Cell (Polygonia_c_album,Aristolochiaceae): 0 -> 1
Cell (Polygonia_c_album,Ericaceae): 0 -> 1
Cell (Polygonia_satyrus,Siparunaceae): 0 -> 1
Cell (Polygonia_satyrus,Smilacaceae): 0 -> 1
Cell (Polygonia_interrogationis,Siparunaceae): 0 -> 1
Cell (Polygonia_interrogationis,Chloranthaceae): 0 -> 1
Cell (Polygonia_interrogationis,Typhaceae): 0 -> 1
Cell (Polygonia_interrogationis,Salicaceae): 0 -> 1
Cell (Polygonia_interrogationis,Malvaceae): 0 -> 1
Cell (Polygonia_comma,Nymphaeaceae): 0 -> 1
Cell (Polygonia_comma,Typhaceae): 0 -> 1
Cell (Polygonia_comma,Smilacaceae): 0 -> 1
Cell (Polygonia_comma,Salicaceae): 0 -> 1
Cell (Polygonia_comma,Asteraceae): 0 -> 1
Cell (Polygonia_progne,Malvaceae): 0 -> 1
Cell (Polygonia_zephyrus,Schisandraceae): 0 -> 1
Cell (Polygonia_zephyrus,Smilacaceae): 0 -> 1
Cell (Polygonia_zephyrus,Acoraceae): 0 -> 1
Cell (Polygonia_zephyrus,Malvaceae): 0 -> 1
Cell (Polygonia_gracilis,Fabaceae): 0 -> 1
Cell (Polygonia_gracilis,Rosaceae): 0 -> 1
Cell (Polygonia_gracilis,Malvaceae): 0 -> 1
Matrix saved as results/braga/86/b4_c0.5/flipped_matrix.png
Metrics: {'precision': 0.6936936936936937, 'recall': 0.6875, 'f1': 0.6905829596412556, 'TP': 77, 'FP': 34, 'FN': 35}
[Elbow detection] flip ≈ 85, λ ≈ 0.42857142857142855
Number of flips performed (elbow): 85
Cell (Hypanartia_lethe,Rosaceae): 0 -> 1
Cell (Hypanartia_bella,Aristolochiaceae): 0 -> 1
Cell (Hypanartia_bella,Plantaginaceae): 0 -> 1
Cell (Vanessa_itea,Amborellaceae): 0 -> 1
Cell (Vanessa_itea,Nymphaeaceae): 0 -> 1
Cell (Vanessa_itea,Typhaceae): 0 -> 1
Cell (Vanessa_itea,Urticaceae): 0 -> 1
Cell (Vanessa_itea,Boraginaceae): 0 -> 1
Cell (Vanessa_annabella,Amborellaceae): 0 -> 1
Cell (Vanessa_annabella,Acoraceae): 0 -> 1
Cell (Vanessa_hippomene,Siparunaceae): 0 -> 1
Cell (Vanessa_hippomene,Ulmaceae): 0 -> 1
Cell (Vanessa_hippomene,Plantaginaceae): 0 -> 1
Cell (Vanessa_dimorphica,Aristolochiaceae): 0 -> 1
Cell (Vanessa_kershawi,Rhamnaceae): 0 -> 1
Cell (Vanessa_cardui,Ulmaceae): 0 -> 1
Cell (Vanessa_cardui,Ericaceae): 0 -> 1
Cell (Vanessa_virginiensis,Potamogetonaceae): 0 -> 1
Cell (Vanessa_virginiensis,Fabaceae): 0 -> 1
Cell (Vanessa_virginiensis,Ulmaceae): 0 -> 1
Cell (Vanessa_abyssinica,Potamogetonaceae): 0 -> 1
Cell (Vanessa_abyssinica,Fabaceae): 0 -> 1
Cell (Vanessa_abyssinica,Rosaceae): 0 -> 1
Cell (Vanessa_abyssinica,Urticaceae): 0 -> 1
Cell (Vanessa_abyssinica,Malvaceae): 0 -> 1
Cell (Vanessa_abyssinica,Ericaceae): 0 -> 1
Cell (Vanessa_atalanta,Siparunaceae): 0 -> 1
Cell (Vanessa_atalanta,Ulmaceae): 0 -> 1
Cell (Vanessa_atalanta,Urticaceae): 0 -> 1
Cell (Vanessa_atalanta,Boraginaceae): 0 -> 1
Cell (Vanessa_tameamea,Chloranthaceae): 0 -> 1
Cell (Vanessa_tameamea,Betulaceae): 0 -> 1
Cell (Vanessa_tameamea,Malvaceae): 0 -> 1
Cell (Vanessa_indica,Acoraceae): 0 -> 1
Cell (Vanessa_indica,Betulaceae): 0 -> 1
Cell (Vanessa_indica,Malvaceae): 0 -> 1
Cell (Vanessa_indica,Ericaceae): 0 -> 1
Cell (Vanessa_indica,Asteraceae): 0 -> 1
Cell (Antanartia_delius,Nymphaeaceae): 0 -> 1
Cell (Antanartia_delius,Schisandraceae): 0 -> 1
Cell (Antanartia_delius,Rhamnaceae): 0 -> 1
Cell (Antanartia_delius,Betulaceae): 0 -> 1
Cell (Aglais_io,Chloranthaceae): 0 -> 1
Cell (Aglais_io,Ceratophyllaceae): 0 -> 1
Cell (Aglais_io,Urticaceae): 0 -> 1
Cell (Aglais_milberti,Schisandraceae): 0 -> 1
Cell (Aglais_milberti,Chloranthaceae): 0 -> 1
Cell (Aglais_milberti,Salicaceae): 0 -> 1
Cell (Aglais_milberti,Grossulariaceae): 0 -> 1
Cell (Aglais_urticae,Smilacaceae): 0 -> 1
Cell (Aglais_urticae,Acoraceae): 0 -> 1
Cell (Aglais_urticae,Ceratophyllaceae): 0 -> 1
Cell (Aglais_urticae,Urticaceae): 0 -> 1
Cell (Aglais_urticae,Malvaceae): 0 -> 1
Cell (Kaniska_canace,Ulmaceae): 0 -> 1
Cell (Kaniska_canace,Betulaceae): 0 -> 1
Cell (Nymphalis_l_album,Ericaceae): 0 -> 1
Cell (Nymphalis_polychloros,Nymphaeaceae): 0 -> 1
Cell (Nymphalis_polychloros,Fabaceae): 0 -> 1
Cell (Nymphalis_polychloros,Rosaceae): 0 -> 1
Cell (Nymphalis_polychloros,Salicaceae): 0 -> 1
Cell (Nymphalis_californica,Fabaceae): 0 -> 1
Cell (Nymphalis_xanthomelas,Schisandraceae): 0 -> 1
Cell (Nymphalis_xanthomelas,Fabaceae): 0 -> 1
Cell (Nymphalis_antiopa,Malvaceae): 0 -> 1
Cell (Polygonia_c_aureum,Siparunaceae): 0 -> 1
Cell (Polygonia_c_aureum,Ulmaceae): 0 -> 1
Cell (Polygonia_egea,Siparunaceae): 0 -> 1
Cell (Polygonia_egea,Smilacaceae): 0 -> 1
Cell (Polygonia_faunus,Siparunaceae): 0 -> 1
Cell (Polygonia_faunus,Smilacaceae): 0 -> 1
Cell (Polygonia_faunus,Rosaceae): 0 -> 1
Cell (Polygonia_faunus,Urticaceae): 0 -> 1
Cell (Polygonia_c_album,Aristolochiaceae): 0 -> 1
Cell (Polygonia_satyrus,Siparunaceae): 0 -> 1
Cell (Polygonia_satyrus,Smilacaceae): 0 -> 1
Cell (Polygonia_interrogationis,Siparunaceae): 0 -> 1
Cell (Polygonia_interrogationis,Chloranthaceae): 0 -> 1
Cell (Polygonia_interrogationis,Malvaceae): 0 -> 1
Cell (Polygonia_comma,Nymphaeaceae): 0 -> 1
Cell (Polygonia_comma,Asteraceae): 0 -> 1
Cell (Polygonia_progne,Malvaceae): 0 -> 1
Cell (Polygonia_zephyrus,Schisandraceae): 0 -> 1
Cell (Polygonia_zephyrus,Smilacaceae): 0 -> 1
Cell (Polygonia_zephyrus,Acoraceae): 0 -> 1
Matrix saved as results/braga/86/b4_c0.5/flipped_matrix_elbow.png
Elbow Metrics: {'precision': 0.7411764705882353, 'recall': 0.5625, 'f1': 0.6395939086294417, 'TP': 63, 'FP': 22, 'FN': 49}
