Matrix saved as results/97/corrupt10/r010.5_r100.4/original_matrix.png
Matrix saved as results/97/corrupt10/r010.5_r100.4/corrupted.png
[iter 0] λ=0.5000 → flips=15
[iter 1] λ=0.2500 → flips=0
[iter 2] λ=0.3750 → flips=10

Best λ=0.3750 → flips=10, correct=4/10
Number of flips performed: 10
Cell (Nymphalis_polychloros,Siparunaceae): 0 -> 1
Cell (Nymphalis_californica,Aristolochiaceae): 0 -> 1
Cell (Nymphalis_californica,Ceratophyllaceae): 0 -> 1
Cell (Nymphalis_californica,Rhamnaceae): 0 -> 1
Cell (Nymphalis_californica,Urticaceae): 0 -> 1
Cell (Nymphalis_xanthomelas,Amborellaceae): 0 -> 1
Cell (Nymphalis_xanthomelas,Siparunaceae): 0 -> 1
Cell (Nymphalis_xanthomelas,Rhamnaceae): 0 -> 1
Cell (Nymphalis_antiopa,Acoraceae): 0 -> 1
Cell (Nymphalis_antiopa,Cannabaceae): 0 -> 1
Matrix saved as results/97/corrupt10/r010.5_r100.4/flipped_matrix.png
Metrics: {'precision': 0.4, 'recall': 0.4, 'f1': 0.4000000000000001, 'TP': 4, 'FP': 6, 'FN': 6}
[Elbow detection] flip ≈ 18, λ ≈ 0.5714285714285714
Number of flips performed (elbow): 18
Cell (Kaniska_canace,Ericaceae): 0 -> 1
Cell (Kaniska_canace,Asteraceae): 0 -> 1
Cell (Nymphalis_l_album,Smilacaceae): 0 -> 1
Cell (Nymphalis_l_album,Ericaceae): 0 -> 1
Cell (Nymphalis_polychloros,Siparunaceae): 0 -> 1
Cell (Nymphalis_californica,Aristolochiaceae): 0 -> 1
Cell (Nymphalis_californica,Ceratophyllaceae): 0 -> 1
Cell (Nymphalis_californica,Rhamnaceae): 0 -> 1
Cell (Nymphalis_californica,Urticaceae): 0 -> 1
Cell (Nymphalis_californica,Ericaceae): 0 -> 1
Cell (Nymphalis_xanthomelas,Amborellaceae): 0 -> 1
Cell (Nymphalis_xanthomelas,Siparunaceae): 0 -> 1
Cell (Nymphalis_xanthomelas,Rosaceae): 0 -> 1
Cell (Nymphalis_xanthomelas,Rhamnaceae): 0 -> 1
Cell (Nymphalis_xanthomelas,Ericaceae): 0 -> 1
Cell (Nymphalis_antiopa,Acoraceae): 0 -> 1
Cell (Nymphalis_antiopa,Rosaceae): 0 -> 1
Cell (Nymphalis_antiopa,Cannabaceae): 0 -> 1
Matrix saved as results/97/corrupt10/r010.5_r100.4/flipped_matrix_elbow.png
Elbow Metrics: {'precision': 0.3333333333333333, 'recall': 0.6, 'f1': 0.42857142857142855, 'TP': 6, 'FP': 12, 'FN': 4}
