Matrix saved as results/163/corrupt10/r010.3_r100.5/original_matrix.png
Matrix saved as results/163/corrupt10/r010.3_r100.5/corrupted.png
[iter 0] λ=0.5000 → flips=33
[iter 1] λ=0.2500 → flips=0
[iter 2] λ=0.3750 → flips=29
[iter 3] λ=0.3125 → flips=0
[iter 4] λ=0.3438 → flips=0
[iter 5] λ=0.3594 → flips=4
[iter 6] λ=0.3672 → flips=15
[iter 7] λ=0.3633 → flips=12
[iter 8] λ=0.3613 → flips=6
[iter 9] λ=0.3623 → flips=9
[iter 10] λ=0.3628 → flips=10

Best λ=0.3628 → flips=10, correct=3/10
Number of flips performed: 10
Cell (Hypanartia_bella,Rhamnaceae): 0 -> 1
Cell (Vanessa_cardui,Rhamnaceae): 0 -> 1
Cell (Aglais_io,Ulmaceae): 0 -> 1
Cell (Nymphalis_antiopa,Betulaceae): 0 -> 1
Cell (Nymphalis_antiopa,Asteraceae): 0 -> 1
Cell (Polygonia_c_aureum,Rhamnaceae): 0 -> 1
Cell (Polygonia_c_album,Typhaceae): 0 -> 1
Cell (Polygonia_c_album,Rhamnaceae): 0 -> 1
Cell (Polygonia_interrogationis,Cannabaceae): 0 -> 1
Cell (Polygonia_oreas,Malvaceae): 0 -> 1
Matrix saved as results/163/corrupt10/r010.3_r100.5/flipped_matrix.png
Metrics: {'precision': 0.3, 'recall': 0.3, 'f1': 0.3, 'TP': 3, 'FP': 7, 'FN': 7}
[Elbow detection] flip ≈ 33, λ ≈ 0.3877551020408163
Number of flips performed (elbow): 33
Cell (Hypanartia_lethe,Acoraceae): 0 -> 1
Cell (Hypanartia_bella,Nymphaeaceae): 0 -> 1
Cell (Hypanartia_bella,Rhamnaceae): 0 -> 1
Cell (Hypanartia_bella,Boraginaceae): 0 -> 1
Cell (Vanessa_itea,Typhaceae): 0 -> 1
Cell (Vanessa_itea,Ericaceae): 0 -> 1
Cell (Vanessa_itea,Asteraceae): 0 -> 1
Cell (Vanessa_annabella,Potamogetonaceae): 0 -> 1
Cell (Vanessa_annabella,Acoraceae): 0 -> 1
Cell (Vanessa_annabella,Salicaceae): 0 -> 1
Cell (Vanessa_kershawi,Chloranthaceae): 0 -> 1
Cell (Vanessa_cardui,Rhamnaceae): 0 -> 1
Cell (Vanessa_virginiensis,Ericaceae): 0 -> 1
Cell (Vanessa_abyssinica,Smilacaceae): 0 -> 1
Cell (Vanessa_indica,Schisandraceae): 0 -> 1
Cell (Vanessa_indica,Smilacaceae): 0 -> 1
Cell (Antanartia_delius,Aristolochiaceae): 0 -> 1
Cell (Antanartia_delius,Smilacaceae): 0 -> 1
Cell (Aglais_io,Siparunaceae): 0 -> 1
Cell (Aglais_io,Ulmaceae): 0 -> 1
Cell (Aglais_milberti,Nymphaeaceae): 0 -> 1
Cell (Kaniska_canace,Acoraceae): 0 -> 1
Cell (Nymphalis_polychloros,Ceratophyllaceae): 0 -> 1
Cell (Nymphalis_californica,Ericaceae): 0 -> 1
Cell (Nymphalis_antiopa,Betulaceae): 0 -> 1
Cell (Nymphalis_antiopa,Asteraceae): 0 -> 1
Cell (Polygonia_c_aureum,Rhamnaceae): 0 -> 1
Cell (Polygonia_egea,Betulaceae): 0 -> 1
Cell (Polygonia_egea,Ericaceae): 0 -> 1
Cell (Polygonia_c_album,Typhaceae): 0 -> 1
Cell (Polygonia_c_album,Rhamnaceae): 0 -> 1
Cell (Polygonia_interrogationis,Cannabaceae): 0 -> 1
Cell (Polygonia_oreas,Malvaceae): 0 -> 1
Matrix saved as results/163/corrupt10/r010.3_r100.5/flipped_matrix_elbow.png
Elbow Metrics: {'precision': 0.30303030303030304, 'recall': 1.0, 'f1': 0.4651162790697675, 'TP': 10, 'FP': 23, 'FN': 0}
