[iter 0] λ=0.5000 → flips=1006
[iter 1] λ=0.7500 → flips=2539
[iter 2] λ=0.6250 → flips=1742
[iter 3] λ=0.6875 → flips=2113
[iter 4] λ=0.6562 → flips=1893
[iter 5] λ=0.6719 → flips=2045
[iter 6] λ=0.6641 → flips=1915
[iter 7] λ=0.6680 → flips=2011
[iter 8] λ=0.6660 → flips=1933
[iter 9] λ=0.6670 → flips=1979
[iter 10] λ=0.6675 → flips=1979
[iter 11] λ=0.6677 → flips=1986
[iter 12] λ=0.6678 → flips=2011
[iter 13] λ=0.6678 → flips=1986
[iter 14] λ=0.6678 → flips=2011
[iter 15] λ=0.6678 → flips=1986
[iter 16] λ=0.6678 → flips=2011
[iter 17] λ=0.6678 → flips=2011
[iter 18] λ=0.6678 → flips=2011
[iter 19] λ=0.6678 → flips=1986

Best λ=0.6680 → flips=2011, correct=1590/2000
Number of flips performed: 2011
Metrics: {'precision': 0.7906514172053705, 'recall': 0.795, 'f1': 0.7928197456993268, 'TP': 1590, 'FP': 421, 'FN': 410}
[Elbow detection] flip ≈ 4374, λ ≈ 0.836734693877551
Number of flips performed (elbow): 4374
Elbow Metrics: {'precision': 0.428212162780064, 'recall': 0.9365, 'f1': 0.587700031377471, 'TP': 1873, 'FP': 2501, 'FN': 127}
