Matrix saved as results/97/corrupt500/r010.6_r100.6/original_matrix.svg
Matrix saved as results/97/corrupt500/r010.6_r100.6/corrupted.svg
[iter 0] λ=0.5000 → flips=100
[iter 1] λ=0.7500 → flips=1370
[iter 2] λ=0.6250 → flips=293
[iter 3] λ=0.6875 → flips=613
[iter 4] λ=0.6562 → flips=323
[iter 5] λ=0.6719 → flips=439
[iter 6] λ=0.6797 → flips=554
[iter 7] λ=0.6758 → flips=454
[iter 8] λ=0.6777 → flips=520
[iter 9] λ=0.6768 → flips=454
[iter 10] λ=0.6772 → flips=455
[iter 11] λ=0.6775 → flips=520
[iter 12] λ=0.6774 → flips=520
[iter 13] λ=0.6773 → flips=520
[iter 14] λ=0.6773 → flips=455
[iter 15] λ=0.6773 → flips=520
[iter 16] λ=0.6773 → flips=520
[iter 17] λ=0.6773 → flips=520
[iter 18] λ=0.6773 → flips=520
[iter 19] λ=0.6773 → flips=520

Best λ=0.6777 → flips=520, correct=279/500
Number of flips performed: 520
Matrix saved as results/97/corrupt500/r010.6_r100.6/flipped_matrix.svg
Metrics: {'precision': 0.5365384615384615, 'recall': 0.558, 'f1': 0.5470588235294117, 'TP': 279, 'FP': 241, 'FN': 221}
[Elbow detection] flip ≈ 1306, λ ≈ 0.7346938775510203
Number of flips performed (elbow): 1306
Matrix saved as results/97/corrupt500/r010.6_r100.6/flipped_matrix_elbow.svg
Elbow Metrics: {'precision': 0.30781010719754975, 'recall': 0.804, 'f1': 0.4451827242524917, 'TP': 402, 'FP': 904, 'FN': 98}
