Matrix saved as results/130/corrupt100/r010.6_r100.7/original_matrix.svg
Matrix saved as results/130/corrupt100/r010.6_r100.7/corrupted.svg
[iter 0] λ=0.5000 → flips=43
[iter 1] λ=0.7500 → flips=1009
[iter 2] λ=0.6250 → flips=159
[iter 3] λ=0.5625 → flips=63
[iter 4] λ=0.5938 → flips=87
[iter 5] λ=0.6094 → flips=117
[iter 6] λ=0.6016 → flips=99
[iter 7] λ=0.6055 → flips=116
[iter 8] λ=0.6035 → flips=115
[iter 9] λ=0.6025 → flips=115
[iter 10] λ=0.6021 → flips=115
[iter 11] λ=0.6018 → flips=115
[iter 12] λ=0.6017 → flips=99
[iter 13] λ=0.6017 → flips=115
[iter 14] λ=0.6017 → flips=115
[iter 15] λ=0.6017 → flips=115
[iter 16] λ=0.6017 → flips=115
[iter 17] λ=0.6017 → flips=115
[iter 18] λ=0.6017 → flips=99
[iter 19] λ=0.6017 → flips=99

Best λ=0.6016 → flips=99, correct=35/100
Number of flips performed: 99
Matrix saved as results/130/corrupt100/r010.6_r100.7/flipped_matrix.svg
Metrics: {'precision': 0.35353535353535354, 'recall': 0.35, 'f1': 0.35175879396984927, 'TP': 35, 'FP': 64, 'FN': 65}
[Elbow detection] flip ≈ 1432, λ ≈ 0.7551020408163265
Number of flips performed (elbow): 1432
Matrix saved as results/130/corrupt100/r010.6_r100.7/flipped_matrix_elbow.svg
Elbow Metrics: {'precision': 0.05865921787709497, 'recall': 0.84, 'f1': 0.10966057441253264, 'TP': 84, 'FP': 1348, 'FN': 16}
