Matrix saved as results/20/corrupt100/r010.6_r100.7/original_matrix.svg
Matrix saved as results/20/corrupt100/r010.6_r100.7/corrupted.svg
[iter 0] λ=0.5000 → flips=46
[iter 1] λ=0.7500 → flips=1099
[iter 2] λ=0.6250 → flips=145
[iter 3] λ=0.5625 → flips=87
[iter 4] λ=0.5938 → flips=107
[iter 5] λ=0.5781 → flips=103
[iter 6] λ=0.5703 → flips=95
[iter 7] λ=0.5742 → flips=97
[iter 8] λ=0.5762 → flips=101
[iter 9] λ=0.5752 → flips=101
[iter 10] λ=0.5747 → flips=101
[iter 11] λ=0.5745 → flips=101
[iter 12] λ=0.5743 → flips=97
[iter 13] λ=0.5744 → flips=101
[iter 14] λ=0.5744 → flips=97
[iter 15] λ=0.5744 → flips=97
[iter 16] λ=0.5744 → flips=101
[iter 17] λ=0.5744 → flips=101
[iter 18] λ=0.5744 → flips=97
[iter 19] λ=0.5744 → flips=97

Best λ=0.5762 → flips=101, correct=45/100
Number of flips performed: 101
Matrix saved as results/20/corrupt100/r010.6_r100.7/flipped_matrix.svg
Metrics: {'precision': 0.44554455445544555, 'recall': 0.45, 'f1': 0.44776119402985076, 'TP': 45, 'FP': 56, 'FN': 55}
[Elbow detection] flip ≈ 633, λ ≈ 0.7346938775510203
Number of flips performed (elbow): 633
Matrix saved as results/20/corrupt100/r010.6_r100.7/flipped_matrix_elbow.svg
Elbow Metrics: {'precision': 0.1263823064770932, 'recall': 0.8, 'f1': 0.21828103683492495, 'TP': 80, 'FP': 553, 'FN': 20}
