Matrix saved as results/31/corrupt500/r010.7_r100.7/original_matrix.svg
Matrix saved as results/31/corrupt500/r010.7_r100.7/corrupted.svg
[iter 0] λ=0.5000 → flips=75
[iter 1] λ=0.7500 → flips=1142
[iter 2] λ=0.6250 → flips=192
[iter 3] λ=0.6875 → flips=369
[iter 4] λ=0.7188 → flips=467
[iter 5] λ=0.7344 → flips=753
[iter 6] λ=0.7266 → flips=632
[iter 7] λ=0.7227 → flips=610
[iter 8] λ=0.7207 → flips=469
[iter 9] λ=0.7217 → flips=562
[iter 10] λ=0.7212 → flips=469
[iter 11] λ=0.7214 → flips=469
[iter 12] λ=0.7216 → flips=469
[iter 13] λ=0.7216 → flips=562
[iter 14] λ=0.7216 → flips=562
[iter 15] λ=0.7216 → flips=469
[iter 16] λ=0.7216 → flips=469
[iter 17] λ=0.7216 → flips=469
[iter 18] λ=0.7216 → flips=562
[iter 19] λ=0.7216 → flips=562

Best λ=0.7207 → flips=469, correct=255/500
Number of flips performed: 469
Matrix saved as results/31/corrupt500/r010.7_r100.7/flipped_matrix.svg
Metrics: {'precision': 0.5437100213219617, 'recall': 0.51, 'f1': 0.5263157894736843, 'TP': 255, 'FP': 214, 'FN': 245}
[Elbow detection] flip ≈ 1297, λ ≈ 0.7755102040816326
Number of flips performed (elbow): 1297
Matrix saved as results/31/corrupt500/r010.7_r100.7/flipped_matrix_elbow.svg
Elbow Metrics: {'precision': 0.31765612952968386, 'recall': 0.824, 'f1': 0.4585420144685587, 'TP': 412, 'FP': 885, 'FN': 88}
