Matrix saved as results/119/corrupt50/r010.6_r100.5/original_matrix.png
Matrix saved as results/119/corrupt50/r010.6_r100.5/corrupted.png
[iter 0] λ=0.5000 → flips=65
[iter 1] λ=0.2500 → flips=0
[iter 2] λ=0.3750 → flips=25
[iter 3] λ=0.4375 → flips=65
[iter 4] λ=0.4062 → flips=63
[iter 5] λ=0.3906 → flips=58
[iter 6] λ=0.3828 → flips=48
[iter 7] λ=0.3867 → flips=53
[iter 8] λ=0.3848 → flips=49
[iter 9] λ=0.3857 → flips=51
[iter 10] λ=0.3853 → flips=50

Best λ=0.3853 → flips=50, correct=44/50
Number of flips performed: 50
Cell (Hypanartia_lethe,Ulmaceae): 0 -> 1
Cell (Hypanartia_lethe,Urticaceae): 0 -> 1
Cell (Hypanartia_lethe,Asteraceae): 0 -> 1
Cell (Vanessa_itea,Cannabaceae): 0 -> 1
Cell (Vanessa_dimorphica,Rhamnaceae): 0 -> 1
Cell (Vanessa_cardui,Rosaceae): 0 -> 1
Cell (Vanessa_cardui,Ulmaceae): 0 -> 1
Cell (Vanessa_virginiensis,Smilacaceae): 0 -> 1
Cell (Vanessa_virginiensis,Malvaceae): 0 -> 1
Cell (Vanessa_virginiensis,Ericaceae): 0 -> 1
Cell (Vanessa_virginiensis,Plantaginaceae): 0 -> 1
Cell (Vanessa_abyssinica,Plantaginaceae): 0 -> 1
Cell (Vanessa_atalanta,Typhaceae): 0 -> 1
Cell (Vanessa_atalanta,Urticaceae): 0 -> 1
Cell (Vanessa_atalanta,Malvaceae): 0 -> 1
Cell (Vanessa_tameamea,Betulaceae): 0 -> 1
Cell (Vanessa_tameamea,Boraginaceae): 0 -> 1
Cell (Aglais_io,Typhaceae): 0 -> 1
Cell (Aglais_milberti,Grossulariaceae): 0 -> 1
Cell (Aglais_urticae,Schisandraceae): 0 -> 1
Cell (Kaniska_canace,Rosaceae): 0 -> 1
Cell (Kaniska_canace,Boraginaceae): 0 -> 1
Cell (Nymphalis_l_album,Aristolochiaceae): 0 -> 1
Cell (Nymphalis_l_album,Smilacaceae): 0 -> 1
Cell (Nymphalis_polychloros,Acoraceae): 0 -> 1
Cell (Nymphalis_polychloros,Malvaceae): 0 -> 1
Cell (Nymphalis_polychloros,Ericaceae): 0 -> 1
Cell (Nymphalis_californica,Typhaceae): 0 -> 1
Cell (Nymphalis_californica,Urticaceae): 0 -> 1
Cell (Nymphalis_xanthomelas,Schisandraceae): 0 -> 1
Cell (Nymphalis_xanthomelas,Malvaceae): 0 -> 1
Cell (Nymphalis_xanthomelas,Grossulariaceae): 0 -> 1
Cell (Nymphalis_antiopa,Ulmaceae): 0 -> 1
Cell (Polygonia_c_aureum,Chloranthaceae): 0 -> 1
Cell (Polygonia_egea,Fabaceae): 0 -> 1
Cell (Polygonia_c_album,Acoraceae): 0 -> 1
Cell (Polygonia_satyrus,Schisandraceae): 0 -> 1
Cell (Polygonia_satyrus,Ulmaceae): 0 -> 1
Cell (Polygonia_satyrus,Ericaceae): 0 -> 1
Cell (Polygonia_interrogationis,Acoraceae): 0 -> 1
Cell (Polygonia_comma,Rosaceae): 0 -> 1
Cell (Polygonia_oreas,Potamogetonaceae): 0 -> 1
Cell (Polygonia_oreas,Ulmaceae): 0 -> 1
Cell (Polygonia_oreas,Ericaceae): 0 -> 1
Cell (Polygonia_progne,Smilacaceae): 0 -> 1
Cell (Polygonia_progne,Rosaceae): 0 -> 1
Cell (Polygonia_progne,Rhamnaceae): 0 -> 1
Cell (Polygonia_zephyrus,Betulaceae): 0 -> 1
Cell (Polygonia_gracilis,Salicaceae): 0 -> 1
Cell (Polygonia_gracilis,Grossulariaceae): 0 -> 1
Matrix saved as results/119/corrupt50/r010.6_r100.5/flipped_matrix.png
Metrics: {'precision': 0.88, 'recall': 0.88, 'f1': 0.88, 'TP': 44, 'FP': 6, 'FN': 6}
[Elbow detection] flip ≈ None, λ ≈ 1.0
Number of flips performed (elbow): 65
Cell (Hypanartia_lethe,Amborellaceae): 0 -> 1
Cell (Hypanartia_lethe,Schisandraceae): 0 -> 1
Cell (Hypanartia_lethe,Ulmaceae): 0 -> 1
Cell (Hypanartia_lethe,Urticaceae): 0 -> 1
Cell (Hypanartia_lethe,Asteraceae): 0 -> 1
Cell (Vanessa_itea,Amborellaceae): 0 -> 1
Cell (Vanessa_itea,Cannabaceae): 0 -> 1
Cell (Vanessa_annabella,Amborellaceae): 0 -> 1
Cell (Vanessa_annabella,Ceratophyllaceae): 0 -> 1
Cell (Vanessa_annabella,Ericaceae): 0 -> 1
Cell (Vanessa_hippomene,Cannabaceae): 0 -> 1
Cell (Vanessa_hippomene,Urticaceae): 0 -> 1
Cell (Vanessa_dimorphica,Rhamnaceae): 0 -> 1
Cell (Vanessa_cardui,Rosaceae): 0 -> 1
Cell (Vanessa_cardui,Ulmaceae): 0 -> 1
Cell (Vanessa_virginiensis,Smilacaceae): 0 -> 1
Cell (Vanessa_virginiensis,Malvaceae): 0 -> 1
Cell (Vanessa_virginiensis,Ericaceae): 0 -> 1
Cell (Vanessa_virginiensis,Plantaginaceae): 0 -> 1
Cell (Vanessa_abyssinica,Chloranthaceae): 0 -> 1
Cell (Vanessa_abyssinica,Plantaginaceae): 0 -> 1
Cell (Vanessa_atalanta,Typhaceae): 0 -> 1
Cell (Vanessa_atalanta,Urticaceae): 0 -> 1
Cell (Vanessa_atalanta,Malvaceae): 0 -> 1
Cell (Vanessa_tameamea,Betulaceae): 0 -> 1
Cell (Vanessa_tameamea,Boraginaceae): 0 -> 1
Cell (Antanartia_delius,Schisandraceae): 0 -> 1
Cell (Antanartia_delius,Grossulariaceae): 0 -> 1
Cell (Aglais_io,Typhaceae): 0 -> 1
Cell (Aglais_io,Acoraceae): 0 -> 1
Cell (Aglais_milberti,Grossulariaceae): 0 -> 1
Cell (Aglais_urticae,Schisandraceae): 0 -> 1
Cell (Kaniska_canace,Nymphaeaceae): 0 -> 1
Cell (Kaniska_canace,Rosaceae): 0 -> 1
Cell (Kaniska_canace,Boraginaceae): 0 -> 1
Cell (Nymphalis_l_album,Nymphaeaceae): 0 -> 1
Cell (Nymphalis_l_album,Aristolochiaceae): 0 -> 1
Cell (Nymphalis_l_album,Smilacaceae): 0 -> 1
Cell (Nymphalis_polychloros,Acoraceae): 0 -> 1
Cell (Nymphalis_polychloros,Malvaceae): 0 -> 1
Cell (Nymphalis_polychloros,Ericaceae): 0 -> 1
Cell (Nymphalis_californica,Typhaceae): 0 -> 1
Cell (Nymphalis_californica,Urticaceae): 0 -> 1
Cell (Nymphalis_xanthomelas,Schisandraceae): 0 -> 1
Cell (Nymphalis_xanthomelas,Malvaceae): 0 -> 1
Cell (Nymphalis_xanthomelas,Grossulariaceae): 0 -> 1
Cell (Nymphalis_antiopa,Ulmaceae): 0 -> 1
Cell (Polygonia_c_aureum,Schisandraceae): 0 -> 1
Cell (Polygonia_c_aureum,Chloranthaceae): 0 -> 1
Cell (Polygonia_egea,Fabaceae): 0 -> 1
Cell (Polygonia_c_album,Acoraceae): 0 -> 1
Cell (Polygonia_satyrus,Schisandraceae): 0 -> 1
Cell (Polygonia_satyrus,Ulmaceae): 0 -> 1
Cell (Polygonia_satyrus,Ericaceae): 0 -> 1
Cell (Polygonia_interrogationis,Acoraceae): 0 -> 1
Cell (Polygonia_comma,Rosaceae): 0 -> 1
Cell (Polygonia_oreas,Potamogetonaceae): 0 -> 1
Cell (Polygonia_oreas,Ulmaceae): 0 -> 1
Cell (Polygonia_oreas,Ericaceae): 0 -> 1
Cell (Polygonia_progne,Smilacaceae): 0 -> 1
Cell (Polygonia_progne,Rosaceae): 0 -> 1
Cell (Polygonia_progne,Rhamnaceae): 0 -> 1
Cell (Polygonia_zephyrus,Betulaceae): 0 -> 1
Cell (Polygonia_gracilis,Salicaceae): 0 -> 1
Cell (Polygonia_gracilis,Grossulariaceae): 0 -> 1
Matrix saved as results/119/corrupt50/r010.6_r100.5/flipped_matrix_elbow.png
Elbow Metrics: {'precision': 0.7692307692307693, 'recall': 1.0, 'f1': 0.8695652173913044, 'TP': 50, 'FP': 15, 'FN': 0}
