[iter 0] λ=0.5000 → flips=1338
[iter 1] λ=0.2500 → flips=0
[iter 2] λ=0.3750 → flips=442
[iter 3] λ=0.4375 → flips=1089
[iter 4] λ=0.4062 → flips=847
[iter 5] λ=0.4219 → flips=1012
[iter 6] λ=0.4141 → flips=948
[iter 7] λ=0.4180 → flips=985
[iter 8] λ=0.4199 → flips=996
[iter 9] λ=0.4209 → flips=1004
[iter 10] λ=0.4204 → flips=998
[iter 11] λ=0.4207 → flips=998
[iter 12] λ=0.4208 → flips=998
[iter 13] λ=0.4208 → flips=1000

Best λ=0.4208 → flips=1000, correct=786/1000
Number of flips performed: 1000
Metrics: {'precision': 0.786, 'recall': 0.786, 'f1': 0.786, 'TP': 786, 'FP': 214, 'FN': 214}
[Elbow detection] flip ≈ 1631, λ ≈ 0.6122448979591836
Number of flips performed (elbow): 1631
Elbow Metrics: {'precision': 0.592274678111588, 'recall': 0.966, 'f1': 0.7343215507411631, 'TP': 966, 'FP': 665, 'FN': 34}
