[iter 0] λ=0.5000 → flips=1249
[iter 1] λ=0.7500 → flips=11756
[iter 2] λ=0.6250 → flips=8600
[iter 3] λ=0.6875 → flips=10502
[iter 4] λ=0.6562 → flips=9452
[iter 5] λ=0.6719 → flips=9874
[iter 6] λ=0.6797 → flips=10170
[iter 7] λ=0.6758 → flips=10020
[iter 8] λ=0.6738 → flips=9941
[iter 9] λ=0.6748 → flips=9956
[iter 10] λ=0.6753 → flips=10018
[iter 11] λ=0.6750 → flips=10018
[iter 12] λ=0.6749 → flips=10018
[iter 13] λ=0.6749 → flips=10018
[iter 14] λ=0.6748 → flips=9999
[iter 15] λ=0.6749 → flips=10018
[iter 16] λ=0.6748 → flips=10018
[iter 17] λ=0.6748 → flips=9999
[iter 18] λ=0.6748 → flips=9999
[iter 19] λ=0.6748 → flips=9999

Best λ=0.6748 → flips=9999, correct=9206/10000
Number of flips performed: 9999
Metrics: {'precision': 0.9206920692069207, 'recall': 0.9206, 'f1': 0.920646032301615, 'TP': 9206, 'FP': 793, 'FN': 794}
[Elbow detection] flip ≈ 0, λ ≈ 0.0
Number of flips performed (elbow): 0
Elbow Metrics: {'precision': 0, 'recall': 0.0, 'f1': 0, 'TP': 0, 'FP': 0, 'FN': 10000}
