[iter 0] λ=0.5000 → flips=2131
[iter 1] λ=0.2500 → flips=0
[iter 2] λ=0.3750 → flips=1590
[iter 3] λ=0.4375 → flips=1964
[iter 4] λ=0.4688 → flips=2071
[iter 5] λ=0.4531 → flips=2038
[iter 6] λ=0.4453 → flips=2006
[iter 7] λ=0.4414 → flips=1981
[iter 8] λ=0.4434 → flips=1984
[iter 9] λ=0.4443 → flips=1991
[iter 10] λ=0.4448 → flips=1995
[iter 11] λ=0.4451 → flips=2001
[iter 12] λ=0.4449 → flips=2001
[iter 13] λ=0.4449 → flips=2000

Best λ=0.4449 → flips=2000, correct=1927/2000
Number of flips performed: 2000
Metrics: {'precision': 0.9635, 'recall': 0.9635, 'f1': 0.9635, 'TP': 1927, 'FP': 73, 'FN': 73}
[Elbow detection] flip ≈ 1769, λ ≈ 0.3877551020408163
Number of flips performed (elbow): 1769
Elbow Metrics: {'precision': 0.971735443753533, 'recall': 0.8595, 'f1': 0.9121782966304061, 'TP': 1719, 'FP': 50, 'FN': 281}
