[iter 0] λ=0.5000 → flips=661
[iter 1] λ=0.2500 → flips=0
[iter 2] λ=0.3750 → flips=107
[iter 3] λ=0.4375 → flips=456
[iter 4] λ=0.4688 → flips=574
[iter 5] λ=0.4531 → flips=537
[iter 6] λ=0.4453 → flips=508
[iter 7] λ=0.4414 → flips=486
[iter 8] λ=0.4434 → flips=503
[iter 9] λ=0.4424 → flips=494
[iter 10] λ=0.4429 → flips=497
[iter 11] λ=0.4431 → flips=498
[iter 12] λ=0.4432 → flips=499
[iter 13] λ=0.4433 → flips=500

Best λ=0.4433 → flips=500, correct=328/500
Number of flips performed: 500
Metrics: {'precision': 0.656, 'recall': 0.656, 'f1': 0.656, 'TP': 328, 'FP': 172, 'FN': 172}
[Elbow detection] flip ≈ 4043, λ ≈ 0.8163265306122448
Number of flips performed (elbow): 4043
Elbow Metrics: {'precision': 0.12119713084343309, 'recall': 0.98, 'f1': 0.21571648690292758, 'TP': 490, 'FP': 3553, 'FN': 10}
