Matrix saved as results/141/corrupt1000/r010.3_r100.3/original_matrix.svg
Matrix saved as results/141/corrupt1000/r010.3_r100.3/corrupted.svg
[iter 0] λ=0.5000 → flips=172
[iter 1] λ=0.7500 → flips=2146
[iter 2] λ=0.6250 → flips=661
[iter 3] λ=0.6875 → flips=1048
[iter 4] λ=0.6562 → flips=796
[iter 5] λ=0.6719 → flips=947
[iter 6] λ=0.6797 → flips=1005
[iter 7] λ=0.6758 → flips=967
[iter 8] λ=0.6777 → flips=967
[iter 9] λ=0.6787 → flips=1005
[iter 10] λ=0.6782 → flips=1001
[iter 11] λ=0.6780 → flips=1001
[iter 12] λ=0.6779 → flips=1016
[iter 13] λ=0.6778 → flips=1001
[iter 14] λ=0.6778 → flips=1001
[iter 15] λ=0.6777 → flips=982
[iter 16] λ=0.6778 → flips=1016
[iter 17] λ=0.6778 → flips=967
[iter 18] λ=0.6778 → flips=967
[iter 19] λ=0.6778 → flips=1001

Best λ=0.6782 → flips=1001, correct=707/1000
Number of flips performed: 1001
Matrix saved as results/141/corrupt1000/r010.3_r100.3/flipped_matrix.svg
Metrics: {'precision': 0.7062937062937062, 'recall': 0.707, 'f1': 0.7066466766616691, 'TP': 707, 'FP': 294, 'FN': 293}
[Elbow detection] flip ≈ 1086, λ ≈ 0.6938775510204082
Number of flips performed (elbow): 1086
Matrix saved as results/141/corrupt1000/r010.3_r100.3/flipped_matrix_elbow.svg
Elbow Metrics: {'precision': 0.6896869244935543, 'recall': 0.749, 'f1': 0.7181208053691275, 'TP': 749, 'FP': 337, 'FN': 251}
